<testsuites id="" name="" tests="558" failures="507" skipped="0" errors="0" time="1410.304949">
<testsuite name="accessibility/accessibility.spec.ts" timestamp="2025-11-07T02:55:58.284Z" hostname="chromium" tests="10" failures="5" skipped="0" time="115.124" errors="0">
<testcase name="Accessibility Tests › homepage has no accessibility violations" classname="accessibility/accessibility.spec.ts" time="30.839">
<failure message="accessibility.spec.ts:10:3 homepage has no accessibility violations" type="FAILURE">
<![CDATA[  [chromium] › accessibility/accessibility.spec.ts:10:3 › Accessibility Tests › homepage has no accessibility violations 

    Test timeout of 30000ms exceeded.

    Error: page.waitForSelector: Test timeout of 30000ms exceeded.
    Call log:
      - waiting for locator('[data-testid="app-layout"]') to be visible


      10 |   test('homepage has no accessibility violations', async ({ page }) => {
      11 |     await page.goto('/');
    > 12 |     await page.waitForSelector('[data-testid="app-layout"]');
         |                ^
      13 |     
      14 |     const accessibilityScanResults = await new AxeBuilder({ page })
      15 |       .withTags(['wcag2a', 'wcag2aa', 'wcag21a', 'wcag21aa'])
        at /Users/ghogue/Library/CloudStorage/OneDrive-InsightfulOutcomes,LLC/IS-LTD/APPS/CaliberVaultII/src/test/accessibility/accessibility.spec.ts:12:16

    attachment #1: screenshot (image/png) ──────────────────────────────────────────────────────────
    ../../test-results/accessibility-accessibilit-24b69-no-accessibility-violations-chromium/test-failed-1.png
    ────────────────────────────────────────────────────────────────────────────────────────────────

    attachment #2: video (video/webm) ──────────────────────────────────────────────────────────────
    ../../test-results/accessibility-accessibilit-24b69-no-accessibility-violations-chromium/video.webm
    ────────────────────────────────────────────────────────────────────────────────────────────────
]]>
</failure>
<system-out>
<![CDATA[
[[ATTACHMENT|accessibility-accessibilit-24b69-no-accessibility-violations-chromium/test-failed-1.png]]

[[ATTACHMENT|accessibility-accessibilit-24b69-no-accessibility-violations-chromium/video.webm]]
]]>
</system-out>
</testcase>
<testcase name="Accessibility Tests › inventory dashboard is accessible" classname="accessibility/accessibility.spec.ts" time="4.181">
<failure message="accessibility.spec.ts:21:3 inventory dashboard is accessible" type="FAILURE">
<![CDATA[  [chromium] › accessibility/accessibility.spec.ts:21:3 › Accessibility Tests › inventory dashboard is accessible 

    Error: frame.evaluate: Error: No elements found for include in page Context
        at validateContext (eval at evaluate (:290:30), <anonymous>:18905:15)
        at new Context (eval at evaluate (:290:30), <anonymous>:18886:7)
        at Object._getFrameContexts (eval at evaluate (:290:30), <anonymous>:18927:22)
        at eval (eval at evaluate (:290:30), <anonymous>:4:27)
        at UtilityScript.evaluate (<anonymous>:292:16)
        at UtilityScript.<anonymous> (<anonymous>:1:44)
        at validateContext (eval at evaluate (:290:30), <anonymous>:18905:15)
        at Context (eval at evaluate (:290:30), <anonymous>:18886:7)
        at Object._getFrameContexts (eval at evaluate (:290:30), <anonymous>:18927:22)
        at eval (eval at evaluate (:290:30), <anonymous>:4:27)
        at UtilityScript.evaluate (<anonymous>:292:16)
        at UtilityScript.<anonymous> (<anonymous>:1:44)
        at AxeBuilder.runPartialRecursive (/Users/ghogue/Library/CloudStorage/OneDrive-InsightfulOutcomes,LLC/IS-LTD/APPS/CaliberVaultII/node_modules/@axe-core/playwright/dist/index.mjs:280:39)
        at AxeBuilder.analyze (/Users/ghogue/Library/CloudStorage/OneDrive-InsightfulOutcomes,LLC/IS-LTD/APPS/CaliberVaultII/node_modules/@axe-core/playwright/dist/index.mjs:210:39)
        at /Users/ghogue/Library/CloudStorage/OneDrive-InsightfulOutcomes,LLC/IS-LTD/APPS/CaliberVaultII/src/test/accessibility/accessibility.spec.ts:24:21

    attachment #1: screenshot (image/png) ──────────────────────────────────────────────────────────
    ../../test-results/accessibility-accessibilit-33d59-ory-dashboard-is-accessible-chromium/test-failed-1.png
    ────────────────────────────────────────────────────────────────────────────────────────────────

    attachment #2: video (video/webm) ──────────────────────────────────────────────────────────────
    ../../test-results/accessibility-accessibilit-33d59-ory-dashboard-is-accessible-chromium/video.webm
    ────────────────────────────────────────────────────────────────────────────────────────────────
]]>
</failure>
<system-out>
<![CDATA[
[[ATTACHMENT|accessibility-accessibilit-33d59-ory-dashboard-is-accessible-chromium/test-failed-1.png]]

[[ATTACHMENT|accessibility-accessibilit-33d59-ory-dashboard-is-accessible-chromium/video.webm]]
]]>
</system-out>
</testcase>
<testcase name="Accessibility Tests › add item modal is accessible" classname="accessibility/accessibility.spec.ts" time="30.834">
<failure message="accessibility.spec.ts:31:3 add item modal is accessible" type="FAILURE">
<![CDATA[  [chromium] › accessibility/accessibility.spec.ts:31:3 › Accessibility Tests › add item modal is accessible 

    Test timeout of 30000ms exceeded.

    Error: page.click: Test timeout of 30000ms exceeded.
    Call log:
      - waiting for locator('button:has-text("Add Item")')


      31 |   test('add item modal is accessible', async ({ page }) => {
      32 |     await page.goto('/');
    > 33 |     await page.click('button:has-text("Add Item")');
         |                ^
      34 |     await page.waitForSelector('[role="dialog"]');
      35 |     
      36 |     const results = await new AxeBuilder({ page })
        at /Users/ghogue/Library/CloudStorage/OneDrive-InsightfulOutcomes,LLC/IS-LTD/APPS/CaliberVaultII/src/test/accessibility/accessibility.spec.ts:33:16

    attachment #1: screenshot (image/png) ──────────────────────────────────────────────────────────
    ../../test-results/accessibility-accessibilit-a6bdb-dd-item-modal-is-accessible-chromium/test-failed-1.png
    ────────────────────────────────────────────────────────────────────────────────────────────────

    attachment #2: video (video/webm) ──────────────────────────────────────────────────────────────
    ../../test-results/accessibility-accessibilit-a6bdb-dd-item-modal-is-accessible-chromium/video.webm
    ────────────────────────────────────────────────────────────────────────────────────────────────
]]>
</failure>
<system-out>
<![CDATA[
[[ATTACHMENT|accessibility-accessibilit-a6bdb-dd-item-modal-is-accessible-chromium/test-failed-1.png]]

[[ATTACHMENT|accessibility-accessibilit-a6bdb-dd-item-modal-is-accessible-chromium/video.webm]]
]]>
</system-out>
</testcase>
<testcase name="Accessibility Tests › keyboard navigation works correctly" classname="accessibility/accessibility.spec.ts" time="4.36">
<failure message="accessibility.spec.ts:43:3 keyboard navigation works correctly" type="FAILURE">
<![CDATA[  [chromium] › accessibility/accessibility.spec.ts:43:3 › Accessibility Tests › keyboard navigation works correctly 

    Error: expect(received).toContain(expected) // indexOf

    Expected value: "BODY"
    Received array: ["BUTTON", "A", "INPUT"]

      47 |     await page.keyboard.press('Tab');
      48 |     let focusedElement = await page.evaluate(() => document.activeElement?.tagName);
    > 49 |     expect(['BUTTON', 'A', 'INPUT']).toContain(focusedElement);
         |                                      ^
      50 |     
      51 |     // Continue tabbing
      52 |     await page.keyboard.press('Tab');
        at /Users/ghogue/Library/CloudStorage/OneDrive-InsightfulOutcomes,LLC/IS-LTD/APPS/CaliberVaultII/src/test/accessibility/accessibility.spec.ts:49:38

    attachment #1: screenshot (image/png) ──────────────────────────────────────────────────────────
    ../../test-results/accessibility-accessibilit-6a8f5--navigation-works-correctly-chromium/test-failed-1.png
    ────────────────────────────────────────────────────────────────────────────────────────────────

    attachment #2: video (video/webm) ──────────────────────────────────────────────────────────────
    ../../test-results/accessibility-accessibilit-6a8f5--navigation-works-correctly-chromium/video.webm
    ────────────────────────────────────────────────────────────────────────────────────────────────
]]>
</failure>
<system-out>
<![CDATA[
[[ATTACHMENT|accessibility-accessibilit-6a8f5--navigation-works-correctly-chromium/test-failed-1.png]]

[[ATTACHMENT|accessibility-accessibilit-6a8f5--navigation-works-correctly-chromium/video.webm]]
]]>
</system-out>
</testcase>
<testcase name="Accessibility Tests › all images have alt text" classname="accessibility/accessibility.spec.ts" time="4.227">
</testcase>
<testcase name="Accessibility Tests › form inputs have labels" classname="accessibility/accessibility.spec.ts" time="30.839">
<failure message="accessibility.spec.ts:65:3 form inputs have labels" type="FAILURE">
<![CDATA[  [chromium] › accessibility/accessibility.spec.ts:65:3 › Accessibility Tests › form inputs have labels 

    Test timeout of 30000ms exceeded.

    Error: page.click: Test timeout of 30000ms exceeded.
    Call log:
      - waiting for locator('button:has-text("Add Item")')


      65 |   test('form inputs have labels', async ({ page }) => {
      66 |     await page.goto('/');
    > 67 |     await page.click('button:has-text("Add Item")');
         |                ^
      68 |     await page.waitForSelector('[role="dialog"]');
      69 |     
      70 |     const results = await new AxeBuilder({ page })
        at /Users/ghogue/Library/CloudStorage/OneDrive-InsightfulOutcomes,LLC/IS-LTD/APPS/CaliberVaultII/src/test/accessibility/accessibility.spec.ts:67:16

    attachment #1: screenshot (image/png) ──────────────────────────────────────────────────────────
    ../../test-results/accessibility-accessibilit-622f2-sts-form-inputs-have-labels-chromium/test-failed-1.png
    ────────────────────────────────────────────────────────────────────────────────────────────────

    attachment #2: video (video/webm) ──────────────────────────────────────────────────────────────
    ../../test-results/accessibility-accessibilit-622f2-sts-form-inputs-have-labels-chromium/video.webm
    ────────────────────────────────────────────────────────────────────────────────────────────────
]]>
</failure>
<system-out>
<![CDATA[
[[ATTACHMENT|accessibility-accessibilit-622f2-sts-form-inputs-have-labels-chromium/test-failed-1.png]]

[[ATTACHMENT|accessibility-accessibilit-622f2-sts-form-inputs-have-labels-chromium/video.webm]]
]]>
</system-out>
</testcase>
<testcase name="Accessibility Tests › color contrast meets WCAG AA standards" classname="accessibility/accessibility.spec.ts" time="4.347">
</testcase>
<testcase name="Accessibility Tests › buttons have accessible names" classname="accessibility/accessibility.spec.ts" time="4.675">
</testcase>
<testcase name="Accessibility Tests › headings are in correct order" classname="accessibility/accessibility.spec.ts" time="0.413">
</testcase>
<testcase name="Accessibility Tests › ARIA attributes are valid" classname="accessibility/accessibility.spec.ts" time="0.409">
</testcase>
</testsuite>
<testsuite name="e2e/addItem.spec.ts" timestamp="2025-11-07T02:55:58.284Z" hostname="chromium" tests="2" failures="2" skipped="0" time="61.702" errors="0">
<testcase name="Add Item Flow › should add a new firearm item" classname="e2e/addItem.spec.ts" time="30.845">
<failure message="addItem.spec.ts:10:3 should add a new firearm item" type="FAILURE">
<![CDATA[  [chromium] › e2e/addItem.spec.ts:10:3 › Add Item Flow › should add a new firearm item ────────────

    Test timeout of 30000ms exceeded.

    Error: page.click: Test timeout of 30000ms exceeded.
    Call log:
      - waiting for locator('button:has-text("Add Item")')


      10 |   test('should add a new firearm item', async ({ page }) => {
      11 |     // Click add item button
    > 12 |     await page.click('button:has-text("Add Item")');
         |                ^
      13 |     
      14 |     // Fill form
      15 |     await page.fill('input[name="name"]', 'Test AR-15');
        at /Users/ghogue/Library/CloudStorage/OneDrive-InsightfulOutcomes,LLC/IS-LTD/APPS/CaliberVaultII/src/test/e2e/addItem.spec.ts:12:16

    attachment #1: screenshot (image/png) ──────────────────────────────────────────────────────────
    ../../test-results/e2e-addItem-Add-Item-Flow-should-add-a-new-firearm-item-chromium/test-failed-1.png
    ────────────────────────────────────────────────────────────────────────────────────────────────

    attachment #2: video (video/webm) ──────────────────────────────────────────────────────────────
    ../../test-results/e2e-addItem-Add-Item-Flow-should-add-a-new-firearm-item-chromium/video.webm
    ────────────────────────────────────────────────────────────────────────────────────────────────
]]>
</failure>
<system-out>
<![CDATA[
[[ATTACHMENT|e2e-addItem-Add-Item-Flow-should-add-a-new-firearm-item-chromium/test-failed-1.png]]

[[ATTACHMENT|e2e-addItem-Add-Item-Flow-should-add-a-new-firearm-item-chromium/video.webm]]
]]>
</system-out>
</testcase>
<testcase name="Add Item Flow › should show validation errors" classname="e2e/addItem.spec.ts" time="30.857">
<failure message="addItem.spec.ts:31:3 should show validation errors" type="FAILURE">
<![CDATA[  [chromium] › e2e/addItem.spec.ts:31:3 › Add Item Flow › should show validation errors ────────────

    Test timeout of 30000ms exceeded.

    Error: page.click: Test timeout of 30000ms exceeded.
    Call log:
      - waiting for locator('button:has-text("Add Item")')


      30 |
      31 |   test('should show validation errors', async ({ page }) => {
    > 32 |     await page.click('button:has-text("Add Item")');
         |                ^
      33 |     await page.click('button[type="submit"]');
      34 |     
      35 |     await expect(page.locator('text=Name is required')).toBeVisible();
        at /Users/ghogue/Library/CloudStorage/OneDrive-InsightfulOutcomes,LLC/IS-LTD/APPS/CaliberVaultII/src/test/e2e/addItem.spec.ts:32:16

    attachment #1: screenshot (image/png) ──────────────────────────────────────────────────────────
    ../../test-results/e2e-addItem-Add-Item-Flow-should-show-validation-errors-chromium/test-failed-1.png
    ────────────────────────────────────────────────────────────────────────────────────────────────

    attachment #2: video (video/webm) ──────────────────────────────────────────────────────────────
    ../../test-results/e2e-addItem-Add-Item-Flow-should-show-validation-errors-chromium/video.webm
    ────────────────────────────────────────────────────────────────────────────────────────────────
]]>
</failure>
<system-out>
<![CDATA[
[[ATTACHMENT|e2e-addItem-Add-Item-Flow-should-show-validation-errors-chromium/test-failed-1.png]]

[[ATTACHMENT|e2e-addItem-Add-Item-Flow-should-show-validation-errors-chromium/video.webm]]
]]>
</system-out>
</testcase>
</testsuite>
<testsuite name="e2e/aiValuation.spec.ts" timestamp="2025-11-07T02:55:58.284Z" hostname="chromium" tests="2" failures="2" skipped="0" time="61.686" errors="0">
<testcase name="AI Valuation Flow › should get AI valuation for an item" classname="e2e/aiValuation.spec.ts" time="30.845">
<failure message="aiValuation.spec.ts:9:3 should get AI valuation for an item" type="FAILURE">
<![CDATA[  [chromium] › e2e/aiValuation.spec.ts:9:3 › AI Valuation Flow › should get AI valuation for an item 

    Test timeout of 30000ms exceeded.

    Error: page.click: Test timeout of 30000ms exceeded.
    Call log:
      - waiting for locator('.item-card:first-child')


       9 |   test('should get AI valuation for an item', async ({ page }) => {
      10 |     // Open item details
    > 11 |     await page.click('.item-card:first-child');
         |                ^
      12 |     
      13 |     // Click valuation tab
      14 |     await page.click('button:has-text("Financial")');
        at /Users/ghogue/Library/CloudStorage/OneDrive-InsightfulOutcomes,LLC/IS-LTD/APPS/CaliberVaultII/src/test/e2e/aiValuation.spec.ts:11:16

    attachment #1: screenshot (image/png) ──────────────────────────────────────────────────────────
    ../../test-results/e2e-aiValuation-AI-Valuati-582ea-et-AI-valuation-for-an-item-chromium/test-failed-1.png
    ────────────────────────────────────────────────────────────────────────────────────────────────

    attachment #2: video (video/webm) ──────────────────────────────────────────────────────────────
    ../../test-results/e2e-aiValuation-AI-Valuati-582ea-et-AI-valuation-for-an-item-chromium/video.webm
    ────────────────────────────────────────────────────────────────────────────────────────────────
]]>
</failure>
<system-out>
<![CDATA[
[[ATTACHMENT|e2e-aiValuation-AI-Valuati-582ea-et-AI-valuation-for-an-item-chromium/test-failed-1.png]]

[[ATTACHMENT|e2e-aiValuation-AI-Valuati-582ea-et-AI-valuation-for-an-item-chromium/video.webm]]
]]>
</system-out>
</testcase>
<testcase name="AI Valuation Flow › should perform batch valuation" classname="e2e/aiValuation.spec.ts" time="30.841">
<failure message="aiValuation.spec.ts:26:3 should perform batch valuation" type="FAILURE">
<![CDATA[  [chromium] › e2e/aiValuation.spec.ts:26:3 › AI Valuation Flow › should perform batch valuation ───

    Test timeout of 30000ms exceeded.

    Error: page.click: Test timeout of 30000ms exceeded.
    Call log:
      - waiting for locator('.item-card:first-child input[type="checkbox"]')


      26 |   test('should perform batch valuation', async ({ page }) => {
      27 |     // Select multiple items
    > 28 |     await page.click('.item-card:first-child input[type="checkbox"]');
         |                ^
      29 |     await page.click('.item-card:nth-child(2) input[type="checkbox"]');
      30 |     
      31 |     // Click batch valuation
        at /Users/ghogue/Library/CloudStorage/OneDrive-InsightfulOutcomes,LLC/IS-LTD/APPS/CaliberVaultII/src/test/e2e/aiValuation.spec.ts:28:16

    attachment #1: screenshot (image/png) ──────────────────────────────────────────────────────────
    ../../test-results/e2e-aiValuation-AI-Valuati-64099-uld-perform-batch-valuation-chromium/test-failed-1.png
    ────────────────────────────────────────────────────────────────────────────────────────────────

    attachment #2: video (video/webm) ──────────────────────────────────────────────────────────────
    ../../test-results/e2e-aiValuation-AI-Valuati-64099-uld-perform-batch-valuation-chromium/video.webm
    ────────────────────────────────────────────────────────────────────────────────────────────────
]]>
</failure>
<system-out>
<![CDATA[
[[ATTACHMENT|e2e-aiValuation-AI-Valuati-64099-uld-perform-batch-valuation-chromium/test-failed-1.png]]

[[ATTACHMENT|e2e-aiValuation-AI-Valuati-64099-uld-perform-batch-valuation-chromium/video.webm]]
]]>
</system-out>
</testcase>
</testsuite>
<testsuite name="e2e/all-11-categories-complete.spec.ts" timestamp="2025-11-07T02:55:58.284Z" hostname="chromium" tests="11" failures="11" skipped="0" time="339.378" errors="0">
<testcase name="All 11 Categories CRUD Operations › should add, edit, and delete Firearms" classname="e2e/all-11-categories-complete.spec.ts" time="30.862">
<failure message="all-11-categories-complete.spec.ts:10:3 should add, edit, and delete Firearms" type="FAILURE">
<![CDATA[  [chromium] › e2e/all-11-categories-complete.spec.ts:10:3 › All 11 Categories CRUD Operations › should add, edit, and delete Firearms 

    Test timeout of 30000ms exceeded.

    Error: page.click: Test timeout of 30000ms exceeded.
    Call log:
      - waiting for locator('text=Add Item')


       9 |
      10 |   test('should add, edit, and delete Firearms', async ({ page }) => {
    > 11 |     await page.click('text=Add Item');
         |                ^
      12 |     await page.selectOption('select[name="category"]', 'firearms');
      13 |     await page.fill('input[name="manufacturer"]', 'Glock');
      14 |     await page.fill('input[name="model"]', '19');
        at /Users/ghogue/Library/CloudStorage/OneDrive-InsightfulOutcomes,LLC/IS-LTD/APPS/CaliberVaultII/src/test/e2e/all-11-categories-complete.spec.ts:11:16

    attachment #1: screenshot (image/png) ──────────────────────────────────────────────────────────
    ../../test-results/e2e-all-11-categories-comp-dd1da-dd-edit-and-delete-Firearms-chromium/test-failed-1.png
    ────────────────────────────────────────────────────────────────────────────────────────────────

    attachment #2: video (video/webm) ──────────────────────────────────────────────────────────────
    ../../test-results/e2e-all-11-categories-comp-dd1da-dd-edit-and-delete-Firearms-chromium/video.webm
    ────────────────────────────────────────────────────────────────────────────────────────────────
]]>
</failure>
<system-out>
<![CDATA[
[[ATTACHMENT|e2e-all-11-categories-comp-dd1da-dd-edit-and-delete-Firearms-chromium/test-failed-1.png]]

[[ATTACHMENT|e2e-all-11-categories-comp-dd1da-dd-edit-and-delete-Firearms-chromium/video.webm]]
]]>
</system-out>
</testcase>
<testcase name="All 11 Categories CRUD Operations › should add, edit, and delete Optics" classname="e2e/all-11-categories-complete.spec.ts" time="30.854">
<failure message="all-11-categories-complete.spec.ts:20:3 should add, edit, and delete Optics" type="FAILURE">
<![CDATA[  [chromium] › e2e/all-11-categories-complete.spec.ts:20:3 › All 11 Categories CRUD Operations › should add, edit, and delete Optics 

    Test timeout of 30000ms exceeded.

    Error: page.click: Test timeout of 30000ms exceeded.
    Call log:
      - waiting for locator('text=Add Item')


      19 |
      20 |   test('should add, edit, and delete Optics', async ({ page }) => {
    > 21 |     await page.click('text=Add Item');
         |                ^
      22 |     await page.selectOption('select[name="category"]', 'optics');
      23 |     await page.fill('input[name="manufacturer"]', 'Vortex');
      24 |     await page.fill('input[name="model"]', 'Strike Eagle');
        at /Users/ghogue/Library/CloudStorage/OneDrive-InsightfulOutcomes,LLC/IS-LTD/APPS/CaliberVaultII/src/test/e2e/all-11-categories-complete.spec.ts:21:16

    attachment #1: screenshot (image/png) ──────────────────────────────────────────────────────────
    ../../test-results/e2e-all-11-categories-comp-0eeee--add-edit-and-delete-Optics-chromium/test-failed-1.png
    ────────────────────────────────────────────────────────────────────────────────────────────────

    attachment #2: video (video/webm) ──────────────────────────────────────────────────────────────
    ../../test-results/e2e-all-11-categories-comp-0eeee--add-edit-and-delete-Optics-chromium/video.webm
    ────────────────────────────────────────────────────────────────────────────────────────────────
]]>
</failure>
<system-out>
<![CDATA[
[[ATTACHMENT|e2e-all-11-categories-comp-0eeee--add-edit-and-delete-Optics-chromium/test-failed-1.png]]

[[ATTACHMENT|e2e-all-11-categories-comp-0eeee--add-edit-and-delete-Optics-chromium/video.webm]]
]]>
</system-out>
</testcase>
<testcase name="All 11 Categories CRUD Operations › should add, edit, and delete Ammunition" classname="e2e/all-11-categories-complete.spec.ts" time="30.855">
<failure message="all-11-categories-complete.spec.ts:29:3 should add, edit, and delete Ammunition" type="FAILURE">
<![CDATA[  [chromium] › e2e/all-11-categories-complete.spec.ts:29:3 › All 11 Categories CRUD Operations › should add, edit, and delete Ammunition 

    Test timeout of 30000ms exceeded.

    Error: page.click: Test timeout of 30000ms exceeded.
    Call log:
      - waiting for locator('text=Add Item')


      28 |
      29 |   test('should add, edit, and delete Ammunition', async ({ page }) => {
    > 30 |     await page.click('text=Add Item');
         |                ^
      31 |     await page.selectOption('select[name="category"]', 'ammunition');
      32 |     await page.fill('input[name="manufacturer"]', 'Federal');
      33 |     await page.fill('input[name="model"]', 'HST');
        at /Users/ghogue/Library/CloudStorage/OneDrive-InsightfulOutcomes,LLC/IS-LTD/APPS/CaliberVaultII/src/test/e2e/all-11-categories-complete.spec.ts:30:16

    attachment #1: screenshot (image/png) ──────────────────────────────────────────────────────────
    ../../test-results/e2e-all-11-categories-comp-eaef0--edit-and-delete-Ammunition-chromium/test-failed-1.png
    ────────────────────────────────────────────────────────────────────────────────────────────────

    attachment #2: video (video/webm) ──────────────────────────────────────────────────────────────
    ../../test-results/e2e-all-11-categories-comp-eaef0--edit-and-delete-Ammunition-chromium/video.webm
    ────────────────────────────────────────────────────────────────────────────────────────────────
]]>
</failure>
<system-out>
<![CDATA[
[[ATTACHMENT|e2e-all-11-categories-comp-eaef0--edit-and-delete-Ammunition-chromium/test-failed-1.png]]

[[ATTACHMENT|e2e-all-11-categories-comp-eaef0--edit-and-delete-Ammunition-chromium/video.webm]]
]]>
</system-out>
</testcase>
<testcase name="All 11 Categories CRUD Operations › should add, edit, and delete Suppressors" classname="e2e/all-11-categories-complete.spec.ts" time="30.854">
<failure message="all-11-categories-complete.spec.ts:39:3 should add, edit, and delete Suppressors" type="FAILURE">
<![CDATA[  [chromium] › e2e/all-11-categories-complete.spec.ts:39:3 › All 11 Categories CRUD Operations › should add, edit, and delete Suppressors 

    Test timeout of 30000ms exceeded.

    Error: page.click: Test timeout of 30000ms exceeded.
    Call log:
      - waiting for locator('text=Add Item')


      38 |
      39 |   test('should add, edit, and delete Suppressors', async ({ page }) => {
    > 40 |     await page.click('text=Add Item');
         |                ^
      41 |     await page.selectOption('select[name="category"]', 'suppressors');
      42 |     await page.fill('input[name="manufacturer"]', 'SilencerCo');
      43 |     await page.fill('input[name="model"]', 'Omega 9K');
        at /Users/ghogue/Library/CloudStorage/OneDrive-InsightfulOutcomes,LLC/IS-LTD/APPS/CaliberVaultII/src/test/e2e/all-11-categories-complete.spec.ts:40:16

    attachment #1: screenshot (image/png) ──────────────────────────────────────────────────────────
    ../../test-results/e2e-all-11-categories-comp-99900-edit-and-delete-Suppressors-chromium/test-failed-1.png
    ────────────────────────────────────────────────────────────────────────────────────────────────

    attachment #2: video (video/webm) ──────────────────────────────────────────────────────────────
    ../../test-results/e2e-all-11-categories-comp-99900-edit-and-delete-Suppressors-chromium/video.webm
    ────────────────────────────────────────────────────────────────────────────────────────────────
]]>
</failure>
<system-out>
<![CDATA[
[[ATTACHMENT|e2e-all-11-categories-comp-99900-edit-and-delete-Suppressors-chromium/test-failed-1.png]]

[[ATTACHMENT|e2e-all-11-categories-comp-99900-edit-and-delete-Suppressors-chromium/video.webm]]
]]>
</system-out>
</testcase>
<testcase name="All 11 Categories CRUD Operations › should add, edit, and delete Magazines" classname="e2e/all-11-categories-complete.spec.ts" time="30.848">
<failure message="all-11-categories-complete.spec.ts:48:3 should add, edit, and delete Magazines" type="FAILURE">
<![CDATA[  [chromium] › e2e/all-11-categories-complete.spec.ts:48:3 › All 11 Categories CRUD Operations › should add, edit, and delete Magazines 

    Test timeout of 30000ms exceeded.

    Error: page.click: Test timeout of 30000ms exceeded.
    Call log:
      - waiting for locator('text=Add Item')


      47 |
      48 |   test('should add, edit, and delete Magazines', async ({ page }) => {
    > 49 |     await page.click('text=Add Item');
         |                ^
      50 |     await page.selectOption('select[name="category"]', 'magazines');
      51 |     await page.fill('input[name="manufacturer"]', 'Magpul');
      52 |     await page.fill('input[name="model"]', 'PMAG');
        at /Users/ghogue/Library/CloudStorage/OneDrive-InsightfulOutcomes,LLC/IS-LTD/APPS/CaliberVaultII/src/test/e2e/all-11-categories-complete.spec.ts:49:16

    attachment #1: screenshot (image/png) ──────────────────────────────────────────────────────────
    ../../test-results/e2e-all-11-categories-comp-9f2ec-d-edit-and-delete-Magazines-chromium/test-failed-1.png
    ────────────────────────────────────────────────────────────────────────────────────────────────

    attachment #2: video (video/webm) ──────────────────────────────────────────────────────────────
    ../../test-results/e2e-all-11-categories-comp-9f2ec-d-edit-and-delete-Magazines-chromium/video.webm
    ────────────────────────────────────────────────────────────────────────────────────────────────
]]>
</failure>
<system-out>
<![CDATA[
[[ATTACHMENT|e2e-all-11-categories-comp-9f2ec-d-edit-and-delete-Magazines-chromium/test-failed-1.png]]

[[ATTACHMENT|e2e-all-11-categories-comp-9f2ec-d-edit-and-delete-Magazines-chromium/video.webm]]
]]>
</system-out>
</testcase>
<testcase name="All 11 Categories CRUD Operations › should add, edit, and delete Accessories" classname="e2e/all-11-categories-complete.spec.ts" time="30.854">
<failure message="all-11-categories-complete.spec.ts:57:3 should add, edit, and delete Accessories" type="FAILURE">
<![CDATA[  [chromium] › e2e/all-11-categories-complete.spec.ts:57:3 › All 11 Categories CRUD Operations › should add, edit, and delete Accessories 

    Test timeout of 30000ms exceeded.

    Error: page.click: Test timeout of 30000ms exceeded.
    Call log:
      - waiting for locator('text=Add Item')


      56 |
      57 |   test('should add, edit, and delete Accessories', async ({ page }) => {
    > 58 |     await page.click('text=Add Item');
         |                ^
      59 |     await page.selectOption('select[name="category"]', 'accessories');
      60 |     await page.fill('input[name="manufacturer"]', 'Streamlight');
      61 |     await page.fill('input[name="model"]', 'TLR-1');
        at /Users/ghogue/Library/CloudStorage/OneDrive-InsightfulOutcomes,LLC/IS-LTD/APPS/CaliberVaultII/src/test/e2e/all-11-categories-complete.spec.ts:58:16

    attachment #1: screenshot (image/png) ──────────────────────────────────────────────────────────
    ../../test-results/e2e-all-11-categories-comp-f4435-edit-and-delete-Accessories-chromium/test-failed-1.png
    ────────────────────────────────────────────────────────────────────────────────────────────────

    attachment #2: video (video/webm) ──────────────────────────────────────────────────────────────
    ../../test-results/e2e-all-11-categories-comp-f4435-edit-and-delete-Accessories-chromium/video.webm
    ────────────────────────────────────────────────────────────────────────────────────────────────
]]>
</failure>
<system-out>
<![CDATA[
[[ATTACHMENT|e2e-all-11-categories-comp-f4435-edit-and-delete-Accessories-chromium/test-failed-1.png]]

[[ATTACHMENT|e2e-all-11-categories-comp-f4435-edit-and-delete-Accessories-chromium/video.webm]]
]]>
</system-out>
</testcase>
<testcase name="All 11 Categories CRUD Operations › should add, edit, and delete Reloading Components" classname="e2e/all-11-categories-complete.spec.ts" time="30.859">
<failure message="all-11-categories-complete.spec.ts:66:3 should add, edit, and delete Reloading Components" type="FAILURE">
<![CDATA[  [chromium] › e2e/all-11-categories-complete.spec.ts:66:3 › All 11 Categories CRUD Operations › should add, edit, and delete Reloading Components 

    Test timeout of 30000ms exceeded.

    Error: page.click: Test timeout of 30000ms exceeded.
    Call log:
      - waiting for locator('text=Add Item')


      65 |
      66 |   test('should add, edit, and delete Reloading Components', async ({ page }) => {
    > 67 |     await page.click('text=Add Item');
         |                ^
      68 |     await page.selectOption('select[name="category"]', 'reloading');
      69 |     await page.fill('input[name="manufacturer"]', 'RCBS');
      70 |     await page.fill('input[name="model"]', 'Rock Chucker');
        at /Users/ghogue/Library/CloudStorage/OneDrive-InsightfulOutcomes,LLC/IS-LTD/APPS/CaliberVaultII/src/test/e2e/all-11-categories-complete.spec.ts:67:16

    attachment #1: screenshot (image/png) ──────────────────────────────────────────────────────────
    ../../test-results/e2e-all-11-categories-comp-68e9b-delete-Reloading-Components-chromium/test-failed-1.png
    ────────────────────────────────────────────────────────────────────────────────────────────────

    attachment #2: video (video/webm) ──────────────────────────────────────────────────────────────
    ../../test-results/e2e-all-11-categories-comp-68e9b-delete-Reloading-Components-chromium/video.webm
    ────────────────────────────────────────────────────────────────────────────────────────────────
]]>
</failure>
<system-out>
<![CDATA[
[[ATTACHMENT|e2e-all-11-categories-comp-68e9b-delete-Reloading-Components-chromium/test-failed-1.png]]

[[ATTACHMENT|e2e-all-11-categories-comp-68e9b-delete-Reloading-Components-chromium/video.webm]]
]]>
</system-out>
</testcase>
<testcase name="All 11 Categories CRUD Operations › should add, edit, and delete Bullets" classname="e2e/all-11-categories-complete.spec.ts" time="30.837">
<failure message="all-11-categories-complete.spec.ts:75:3 should add, edit, and delete Bullets" type="FAILURE">
<![CDATA[  [chromium] › e2e/all-11-categories-complete.spec.ts:75:3 › All 11 Categories CRUD Operations › should add, edit, and delete Bullets 

    Test timeout of 30000ms exceeded.

    Error: page.click: Test timeout of 30000ms exceeded.
    Call log:
      - waiting for locator('text=Add Item')


      74 |
      75 |   test('should add, edit, and delete Bullets', async ({ page }) => {
    > 76 |     await page.click('text=Add Item');
         |                ^
      77 |     await page.selectOption('select[name="category"]', 'bullets');
      78 |     await page.fill('input[name="manufacturer"]', 'Hornady');
      79 |     await page.fill('input[name="model"]', 'ELD-X');
        at /Users/ghogue/Library/CloudStorage/OneDrive-InsightfulOutcomes,LLC/IS-LTD/APPS/CaliberVaultII/src/test/e2e/all-11-categories-complete.spec.ts:76:16

    attachment #1: screenshot (image/png) ──────────────────────────────────────────────────────────
    ../../test-results/e2e-all-11-categories-comp-46174-add-edit-and-delete-Bullets-chromium/test-failed-1.png
    ────────────────────────────────────────────────────────────────────────────────────────────────

    attachment #2: video (video/webm) ──────────────────────────────────────────────────────────────
    ../../test-results/e2e-all-11-categories-comp-46174-add-edit-and-delete-Bullets-chromium/video.webm
    ────────────────────────────────────────────────────────────────────────────────────────────────
]]>
</failure>
<system-out>
<![CDATA[
[[ATTACHMENT|e2e-all-11-categories-comp-46174-add-edit-and-delete-Bullets-chromium/test-failed-1.png]]

[[ATTACHMENT|e2e-all-11-categories-comp-46174-add-edit-and-delete-Bullets-chromium/video.webm]]
]]>
</system-out>
</testcase>
<testcase name="All 11 Categories CRUD Operations › should add, edit, and delete Cases" classname="e2e/all-11-categories-complete.spec.ts" time="30.884">
<failure message="all-11-categories-complete.spec.ts:84:3 should add, edit, and delete Cases" type="FAILURE">
<![CDATA[  [chromium] › e2e/all-11-categories-complete.spec.ts:84:3 › All 11 Categories CRUD Operations › should add, edit, and delete Cases 

    Test timeout of 30000ms exceeded.

    Error: page.click: Test timeout of 30000ms exceeded.
    Call log:
      - waiting for locator('text=Add Item')


      83 |
      84 |   test('should add, edit, and delete Cases', async ({ page }) => {
    > 85 |     await page.click('text=Add Item');
         |                ^
      86 |     await page.selectOption('select[name="category"]', 'cases');
      87 |     await page.fill('input[name="manufacturer"]', 'Lapua');
      88 |     await page.fill('input[name="model"]', '308 Brass');
        at /Users/ghogue/Library/CloudStorage/OneDrive-InsightfulOutcomes,LLC/IS-LTD/APPS/CaliberVaultII/src/test/e2e/all-11-categories-complete.spec.ts:85:16

    attachment #1: screenshot (image/png) ──────────────────────────────────────────────────────────
    ../../test-results/e2e-all-11-categories-comp-bb016-d-add-edit-and-delete-Cases-chromium/test-failed-1.png
    ────────────────────────────────────────────────────────────────────────────────────────────────

    attachment #2: video (video/webm) ──────────────────────────────────────────────────────────────
    ../../test-results/e2e-all-11-categories-comp-bb016-d-add-edit-and-delete-Cases-chromium/video.webm
    ────────────────────────────────────────────────────────────────────────────────────────────────
]]>
</failure>
<system-out>
<![CDATA[
[[ATTACHMENT|e2e-all-11-categories-comp-bb016-d-add-edit-and-delete-Cases-chromium/test-failed-1.png]]

[[ATTACHMENT|e2e-all-11-categories-comp-bb016-d-add-edit-and-delete-Cases-chromium/video.webm]]
]]>
</system-out>
</testcase>
<testcase name="All 11 Categories CRUD Operations › should add, edit, and delete Primers" classname="e2e/all-11-categories-complete.spec.ts" time="30.829">
<failure message="all-11-categories-complete.spec.ts:93:3 should add, edit, and delete Primers" type="FAILURE">
<![CDATA[  [chromium] › e2e/all-11-categories-complete.spec.ts:93:3 › All 11 Categories CRUD Operations › should add, edit, and delete Primers 

    Test timeout of 30000ms exceeded.

    Error: page.click: Test timeout of 30000ms exceeded.
    Call log:
      - waiting for locator('text=Add Item')


      92 |
      93 |   test('should add, edit, and delete Primers', async ({ page }) => {
    > 94 |     await page.click('text=Add Item');
         |                ^
      95 |     await page.selectOption('select[name="category"]', 'primers');
      96 |     await page.fill('input[name="manufacturer"]', 'CCI');
      97 |     await page.fill('input[name="model"]', 'BR2');
        at /Users/ghogue/Library/CloudStorage/OneDrive-InsightfulOutcomes,LLC/IS-LTD/APPS/CaliberVaultII/src/test/e2e/all-11-categories-complete.spec.ts:94:16

    attachment #1: screenshot (image/png) ──────────────────────────────────────────────────────────
    ../../test-results/e2e-all-11-categories-comp-736d3-add-edit-and-delete-Primers-chromium/test-failed-1.png
    ────────────────────────────────────────────────────────────────────────────────────────────────

    attachment #2: video (video/webm) ──────────────────────────────────────────────────────────────
    ../../test-results/e2e-all-11-categories-comp-736d3-add-edit-and-delete-Primers-chromium/video.webm
    ────────────────────────────────────────────────────────────────────────────────────────────────
]]>
</failure>
<system-out>
<![CDATA[
[[ATTACHMENT|e2e-all-11-categories-comp-736d3-add-edit-and-delete-Primers-chromium/test-failed-1.png]]

[[ATTACHMENT|e2e-all-11-categories-comp-736d3-add-edit-and-delete-Primers-chromium/video.webm]]
]]>
</system-out>
</testcase>
<testcase name="All 11 Categories CRUD Operations › should add, edit, and delete Powder" classname="e2e/all-11-categories-complete.spec.ts" time="30.842">
<failure message="all-11-categories-complete.spec.ts:102:3 should add, edit, and delete Powder" type="FAILURE">
<![CDATA[  [chromium] › e2e/all-11-categories-complete.spec.ts:102:3 › All 11 Categories CRUD Operations › should add, edit, and delete Powder 

    Test timeout of 30000ms exceeded.

    Error: page.click: Test timeout of 30000ms exceeded.
    Call log:
      - waiting for locator('text=Add Item')


      101 |
      102 |   test('should add, edit, and delete Powder', async ({ page }) => {
    > 103 |     await page.click('text=Add Item');
          |                ^
      104 |     await page.selectOption('select[name="category"]', 'powder');
      105 |     await page.fill('input[name="manufacturer"]', 'Hodgdon');
      106 |     await page.fill('input[name="model"]', 'H4350');
        at /Users/ghogue/Library/CloudStorage/OneDrive-InsightfulOutcomes,LLC/IS-LTD/APPS/CaliberVaultII/src/test/e2e/all-11-categories-complete.spec.ts:103:16

    attachment #1: screenshot (image/png) ──────────────────────────────────────────────────────────
    ../../test-results/e2e-all-11-categories-comp-cd09a--add-edit-and-delete-Powder-chromium/test-failed-1.png
    ────────────────────────────────────────────────────────────────────────────────────────────────

    attachment #2: video (video/webm) ──────────────────────────────────────────────────────────────
    ../../test-results/e2e-all-11-categories-comp-cd09a--add-edit-and-delete-Powder-chromium/video.webm
    ────────────────────────────────────────────────────────────────────────────────────────────────
]]>
</failure>
<system-out>
<![CDATA[
[[ATTACHMENT|e2e-all-11-categories-comp-cd09a--add-edit-and-delete-Powder-chromium/test-failed-1.png]]

[[ATTACHMENT|e2e-all-11-categories-comp-cd09a--add-edit-and-delete-Powder-chromium/video.webm]]
]]>
</system-out>
</testcase>
</testsuite>
<testsuite name="e2e/all-categories.spec.ts" timestamp="2025-11-07T02:55:58.284Z" hostname="chromium" tests="12" failures="12" skipped="0" time="126.026" errors="0">
<testcase name="All Categories CRUD Operations › Firearms: Create, Read, Update, Delete" classname="e2e/all-categories.spec.ts" time="10.505">
<failure message="all-categories.spec.ts:26:5 Firearms: Create, Read, Update, Delete" type="FAILURE">
<![CDATA[  [chromium] › e2e/all-categories.spec.ts:26:5 › All Categories CRUD Operations › Firearms: Create, Read, Update, Delete 

    TimeoutError: page.waitForSelector: Timeout 10000ms exceeded.
    Call log:
      - waiting for locator('[data-testid="inventory-dashboard"]') to be visible


       5 |     await page.goto('/');
       6 |     // Wait for app to load
    >  7 |     await page.waitForSelector('[data-testid="inventory-dashboard"]', { timeout: 10000 });
         |                ^
       8 |   });
       9 |
      10 |   const categories = [
        at /Users/ghogue/Library/CloudStorage/OneDrive-InsightfulOutcomes,LLC/IS-LTD/APPS/CaliberVaultII/src/test/e2e/all-categories.spec.ts:7:16

    attachment #1: screenshot (image/png) ──────────────────────────────────────────────────────────
    ../../test-results/e2e-all-categories-All-Cat-27fde-s-Create-Read-Update-Delete-chromium/test-failed-1.png
    ────────────────────────────────────────────────────────────────────────────────────────────────

    attachment #2: video (video/webm) ──────────────────────────────────────────────────────────────
    ../../test-results/e2e-all-categories-All-Cat-27fde-s-Create-Read-Update-Delete-chromium/video.webm
    ────────────────────────────────────────────────────────────────────────────────────────────────
]]>
</failure>
<system-out>
<![CDATA[
[[ATTACHMENT|e2e-all-categories-All-Cat-27fde-s-Create-Read-Update-Delete-chromium/test-failed-1.png]]

[[ATTACHMENT|e2e-all-categories-All-Cat-27fde-s-Create-Read-Update-Delete-chromium/video.webm]]
]]>
</system-out>
</testcase>
<testcase name="All Categories CRUD Operations › Optics: Create, Read, Update, Delete" classname="e2e/all-categories.spec.ts" time="10.544">
<failure message="all-categories.spec.ts:26:5 Optics: Create, Read, Update, Delete" type="FAILURE">
<![CDATA[  [chromium] › e2e/all-categories.spec.ts:26:5 › All Categories CRUD Operations › Optics: Create, Read, Update, Delete 

    TimeoutError: page.waitForSelector: Timeout 10000ms exceeded.
    Call log:
      - waiting for locator('[data-testid="inventory-dashboard"]') to be visible


       5 |     await page.goto('/');
       6 |     // Wait for app to load
    >  7 |     await page.waitForSelector('[data-testid="inventory-dashboard"]', { timeout: 10000 });
         |                ^
       8 |   });
       9 |
      10 |   const categories = [
        at /Users/ghogue/Library/CloudStorage/OneDrive-InsightfulOutcomes,LLC/IS-LTD/APPS/CaliberVaultII/src/test/e2e/all-categories.spec.ts:7:16

    attachment #1: screenshot (image/png) ──────────────────────────────────────────────────────────
    ../../test-results/e2e-all-categories-All-Cat-bf962-s-Create-Read-Update-Delete-chromium/test-failed-1.png
    ────────────────────────────────────────────────────────────────────────────────────────────────

    attachment #2: video (video/webm) ──────────────────────────────────────────────────────────────
    ../../test-results/e2e-all-categories-All-Cat-bf962-s-Create-Read-Update-Delete-chromium/video.webm
    ────────────────────────────────────────────────────────────────────────────────────────────────
]]>
</failure>
<system-out>
<![CDATA[
[[ATTACHMENT|e2e-all-categories-All-Cat-bf962-s-Create-Read-Update-Delete-chromium/test-failed-1.png]]

[[ATTACHMENT|e2e-all-categories-All-Cat-bf962-s-Create-Read-Update-Delete-chromium/video.webm]]
]]>
</system-out>
</testcase>
<testcase name="All Categories CRUD Operations › Ammunition: Create, Read, Update, Delete" classname="e2e/all-categories.spec.ts" time="10.491">
<failure message="all-categories.spec.ts:26:5 Ammunition: Create, Read, Update, Delete" type="FAILURE">
<![CDATA[  [chromium] › e2e/all-categories.spec.ts:26:5 › All Categories CRUD Operations › Ammunition: Create, Read, Update, Delete 

    TimeoutError: page.waitForSelector: Timeout 10000ms exceeded.
    Call log:
      - waiting for locator('[data-testid="inventory-dashboard"]') to be visible


       5 |     await page.goto('/');
       6 |     // Wait for app to load
    >  7 |     await page.waitForSelector('[data-testid="inventory-dashboard"]', { timeout: 10000 });
         |                ^
       8 |   });
       9 |
      10 |   const categories = [
        at /Users/ghogue/Library/CloudStorage/OneDrive-InsightfulOutcomes,LLC/IS-LTD/APPS/CaliberVaultII/src/test/e2e/all-categories.spec.ts:7:16

    attachment #1: screenshot (image/png) ──────────────────────────────────────────────────────────
    ../../test-results/e2e-all-categories-All-Cat-b6d6a-n-Create-Read-Update-Delete-chromium/test-failed-1.png
    ────────────────────────────────────────────────────────────────────────────────────────────────

    attachment #2: video (video/webm) ──────────────────────────────────────────────────────────────
    ../../test-results/e2e-all-categories-All-Cat-b6d6a-n-Create-Read-Update-Delete-chromium/video.webm
    ────────────────────────────────────────────────────────────────────────────────────────────────
]]>
</failure>
<system-out>
<![CDATA[
[[ATTACHMENT|e2e-all-categories-All-Cat-b6d6a-n-Create-Read-Update-Delete-chromium/test-failed-1.png]]

[[ATTACHMENT|e2e-all-categories-All-Cat-b6d6a-n-Create-Read-Update-Delete-chromium/video.webm]]
]]>
</system-out>
</testcase>
<testcase name="All Categories CRUD Operations › Suppressors: Create, Read, Update, Delete" classname="e2e/all-categories.spec.ts" time="10.461">
<failure message="all-categories.spec.ts:26:5 Suppressors: Create, Read, Update, Delete" type="FAILURE">
<![CDATA[  [chromium] › e2e/all-categories.spec.ts:26:5 › All Categories CRUD Operations › Suppressors: Create, Read, Update, Delete 

    TimeoutError: page.waitForSelector: Timeout 10000ms exceeded.
    Call log:
      - waiting for locator('[data-testid="inventory-dashboard"]') to be visible


       5 |     await page.goto('/');
       6 |     // Wait for app to load
    >  7 |     await page.waitForSelector('[data-testid="inventory-dashboard"]', { timeout: 10000 });
         |                ^
       8 |   });
       9 |
      10 |   const categories = [
        at /Users/ghogue/Library/CloudStorage/OneDrive-InsightfulOutcomes,LLC/IS-LTD/APPS/CaliberVaultII/src/test/e2e/all-categories.spec.ts:7:16

    attachment #1: screenshot (image/png) ──────────────────────────────────────────────────────────
    ../../test-results/e2e-all-categories-All-Cat-d1131-s-Create-Read-Update-Delete-chromium/test-failed-1.png
    ────────────────────────────────────────────────────────────────────────────────────────────────

    attachment #2: video (video/webm) ──────────────────────────────────────────────────────────────
    ../../test-results/e2e-all-categories-All-Cat-d1131-s-Create-Read-Update-Delete-chromium/video.webm
    ────────────────────────────────────────────────────────────────────────────────────────────────
]]>
</failure>
<system-out>
<![CDATA[
[[ATTACHMENT|e2e-all-categories-All-Cat-d1131-s-Create-Read-Update-Delete-chromium/test-failed-1.png]]

[[ATTACHMENT|e2e-all-categories-All-Cat-d1131-s-Create-Read-Update-Delete-chromium/video.webm]]
]]>
</system-out>
</testcase>
<testcase name="All Categories CRUD Operations › Bullets: Create, Read, Update, Delete" classname="e2e/all-categories.spec.ts" time="10.567">
<failure message="all-categories.spec.ts:26:5 Bullets: Create, Read, Update, Delete" type="FAILURE">
<![CDATA[  [chromium] › e2e/all-categories.spec.ts:26:5 › All Categories CRUD Operations › Bullets: Create, Read, Update, Delete 

    TimeoutError: page.waitForSelector: Timeout 10000ms exceeded.
    Call log:
      - waiting for locator('[data-testid="inventory-dashboard"]') to be visible


       5 |     await page.goto('/');
       6 |     // Wait for app to load
    >  7 |     await page.waitForSelector('[data-testid="inventory-dashboard"]', { timeout: 10000 });
         |                ^
       8 |   });
       9 |
      10 |   const categories = [
        at /Users/ghogue/Library/CloudStorage/OneDrive-InsightfulOutcomes,LLC/IS-LTD/APPS/CaliberVaultII/src/test/e2e/all-categories.spec.ts:7:16

    attachment #1: screenshot (image/png) ──────────────────────────────────────────────────────────
    ../../test-results/e2e-all-categories-All-Cat-688f4-s-Create-Read-Update-Delete-chromium/test-failed-1.png
    ────────────────────────────────────────────────────────────────────────────────────────────────

    attachment #2: video (video/webm) ──────────────────────────────────────────────────────────────
    ../../test-results/e2e-all-categories-All-Cat-688f4-s-Create-Read-Update-Delete-chromium/video.webm
    ────────────────────────────────────────────────────────────────────────────────────────────────
]]>
</failure>
<system-out>
<![CDATA[
[[ATTACHMENT|e2e-all-categories-All-Cat-688f4-s-Create-Read-Update-Delete-chromium/test-failed-1.png]]

[[ATTACHMENT|e2e-all-categories-All-Cat-688f4-s-Create-Read-Update-Delete-chromium/video.webm]]
]]>
</system-out>
</testcase>
<testcase name="All Categories CRUD Operations › Magazines: Create, Read, Update, Delete" classname="e2e/all-categories.spec.ts" time="10.437">
<failure message="all-categories.spec.ts:26:5 Magazines: Create, Read, Update, Delete" type="FAILURE">
<![CDATA[  [chromium] › e2e/all-categories.spec.ts:26:5 › All Categories CRUD Operations › Magazines: Create, Read, Update, Delete 

    TimeoutError: page.waitForSelector: Timeout 10000ms exceeded.
    Call log:
      - waiting for locator('[data-testid="inventory-dashboard"]') to be visible


       5 |     await page.goto('/');
       6 |     // Wait for app to load
    >  7 |     await page.waitForSelector('[data-testid="inventory-dashboard"]', { timeout: 10000 });
         |                ^
       8 |   });
       9 |
      10 |   const categories = [
        at /Users/ghogue/Library/CloudStorage/OneDrive-InsightfulOutcomes,LLC/IS-LTD/APPS/CaliberVaultII/src/test/e2e/all-categories.spec.ts:7:16

    attachment #1: screenshot (image/png) ──────────────────────────────────────────────────────────
    ../../test-results/e2e-all-categories-All-Cat-18a6d-s-Create-Read-Update-Delete-chromium/test-failed-1.png
    ────────────────────────────────────────────────────────────────────────────────────────────────

    attachment #2: video (video/webm) ──────────────────────────────────────────────────────────────
    ../../test-results/e2e-all-categories-All-Cat-18a6d-s-Create-Read-Update-Delete-chromium/video.webm
    ────────────────────────────────────────────────────────────────────────────────────────────────
]]>
</failure>
<system-out>
<![CDATA[
[[ATTACHMENT|e2e-all-categories-All-Cat-18a6d-s-Create-Read-Update-Delete-chromium/test-failed-1.png]]

[[ATTACHMENT|e2e-all-categories-All-Cat-18a6d-s-Create-Read-Update-Delete-chromium/video.webm]]
]]>
</system-out>
</testcase>
<testcase name="All Categories CRUD Operations › Accessories: Create, Read, Update, Delete" classname="e2e/all-categories.spec.ts" time="10.445">
<failure message="all-categories.spec.ts:26:5 Accessories: Create, Read, Update, Delete" type="FAILURE">
<![CDATA[  [chromium] › e2e/all-categories.spec.ts:26:5 › All Categories CRUD Operations › Accessories: Create, Read, Update, Delete 

    TimeoutError: page.waitForSelector: Timeout 10000ms exceeded.
    Call log:
      - waiting for locator('[data-testid="inventory-dashboard"]') to be visible


       5 |     await page.goto('/');
       6 |     // Wait for app to load
    >  7 |     await page.waitForSelector('[data-testid="inventory-dashboard"]', { timeout: 10000 });
         |                ^
       8 |   });
       9 |
      10 |   const categories = [
        at /Users/ghogue/Library/CloudStorage/OneDrive-InsightfulOutcomes,LLC/IS-LTD/APPS/CaliberVaultII/src/test/e2e/all-categories.spec.ts:7:16

    attachment #1: screenshot (image/png) ──────────────────────────────────────────────────────────
    ../../test-results/e2e-all-categories-All-Cat-02660-s-Create-Read-Update-Delete-chromium/test-failed-1.png
    ────────────────────────────────────────────────────────────────────────────────────────────────

    attachment #2: video (video/webm) ──────────────────────────────────────────────────────────────
    ../../test-results/e2e-all-categories-All-Cat-02660-s-Create-Read-Update-Delete-chromium/video.webm
    ────────────────────────────────────────────────────────────────────────────────────────────────
]]>
</failure>
<system-out>
<![CDATA[
[[ATTACHMENT|e2e-all-categories-All-Cat-02660-s-Create-Read-Update-Delete-chromium/test-failed-1.png]]

[[ATTACHMENT|e2e-all-categories-All-Cat-02660-s-Create-Read-Update-Delete-chromium/video.webm]]
]]>
</system-out>
</testcase>
<testcase name="All Categories CRUD Operations › Powder: Create, Read, Update, Delete" classname="e2e/all-categories.spec.ts" time="10.581">
<failure message="all-categories.spec.ts:26:5 Powder: Create, Read, Update, Delete" type="FAILURE">
<![CDATA[  [chromium] › e2e/all-categories.spec.ts:26:5 › All Categories CRUD Operations › Powder: Create, Read, Update, Delete 

    TimeoutError: page.waitForSelector: Timeout 10000ms exceeded.
    Call log:
      - waiting for locator('[data-testid="inventory-dashboard"]') to be visible


       5 |     await page.goto('/');
       6 |     // Wait for app to load
    >  7 |     await page.waitForSelector('[data-testid="inventory-dashboard"]', { timeout: 10000 });
         |                ^
       8 |   });
       9 |
      10 |   const categories = [
        at /Users/ghogue/Library/CloudStorage/OneDrive-InsightfulOutcomes,LLC/IS-LTD/APPS/CaliberVaultII/src/test/e2e/all-categories.spec.ts:7:16

    attachment #1: screenshot (image/png) ──────────────────────────────────────────────────────────
    ../../test-results/e2e-all-categories-All-Cat-13a27-r-Create-Read-Update-Delete-chromium/test-failed-1.png
    ────────────────────────────────────────────────────────────────────────────────────────────────

    attachment #2: video (video/webm) ──────────────────────────────────────────────────────────────
    ../../test-results/e2e-all-categories-All-Cat-13a27-r-Create-Read-Update-Delete-chromium/video.webm
    ────────────────────────────────────────────────────────────────────────────────────────────────
]]>
</failure>
<system-out>
<![CDATA[
[[ATTACHMENT|e2e-all-categories-All-Cat-13a27-r-Create-Read-Update-Delete-chromium/test-failed-1.png]]

[[ATTACHMENT|e2e-all-categories-All-Cat-13a27-r-Create-Read-Update-Delete-chromium/video.webm]]
]]>
</system-out>
</testcase>
<testcase name="All Categories CRUD Operations › Primers: Create, Read, Update, Delete" classname="e2e/all-categories.spec.ts" time="10.461">
<failure message="all-categories.spec.ts:26:5 Primers: Create, Read, Update, Delete" type="FAILURE">
<![CDATA[  [chromium] › e2e/all-categories.spec.ts:26:5 › All Categories CRUD Operations › Primers: Create, Read, Update, Delete 

    TimeoutError: page.waitForSelector: Timeout 10000ms exceeded.
    Call log:
      - waiting for locator('[data-testid="inventory-dashboard"]') to be visible


       5 |     await page.goto('/');
       6 |     // Wait for app to load
    >  7 |     await page.waitForSelector('[data-testid="inventory-dashboard"]', { timeout: 10000 });
         |                ^
       8 |   });
       9 |
      10 |   const categories = [
        at /Users/ghogue/Library/CloudStorage/OneDrive-InsightfulOutcomes,LLC/IS-LTD/APPS/CaliberVaultII/src/test/e2e/all-categories.spec.ts:7:16

    attachment #1: screenshot (image/png) ──────────────────────────────────────────────────────────
    ../../test-results/e2e-all-categories-All-Cat-b69a5-s-Create-Read-Update-Delete-chromium/test-failed-1.png
    ────────────────────────────────────────────────────────────────────────────────────────────────

    attachment #2: video (video/webm) ──────────────────────────────────────────────────────────────
    ../../test-results/e2e-all-categories-All-Cat-b69a5-s-Create-Read-Update-Delete-chromium/video.webm
    ────────────────────────────────────────────────────────────────────────────────────────────────
]]>
</failure>
<system-out>
<![CDATA[
[[ATTACHMENT|e2e-all-categories-All-Cat-b69a5-s-Create-Read-Update-Delete-chromium/test-failed-1.png]]

[[ATTACHMENT|e2e-all-categories-All-Cat-b69a5-s-Create-Read-Update-Delete-chromium/video.webm]]
]]>
</system-out>
</testcase>
<testcase name="All Categories CRUD Operations › Brass: Create, Read, Update, Delete" classname="e2e/all-categories.spec.ts" time="10.518">
<failure message="all-categories.spec.ts:26:5 Brass: Create, Read, Update, Delete" type="FAILURE">
<![CDATA[  [chromium] › e2e/all-categories.spec.ts:26:5 › All Categories CRUD Operations › Brass: Create, Read, Update, Delete 

    TimeoutError: page.waitForSelector: Timeout 10000ms exceeded.
    Call log:
      - waiting for locator('[data-testid="inventory-dashboard"]') to be visible


       5 |     await page.goto('/');
       6 |     // Wait for app to load
    >  7 |     await page.waitForSelector('[data-testid="inventory-dashboard"]', { timeout: 10000 });
         |                ^
       8 |   });
       9 |
      10 |   const categories = [
        at /Users/ghogue/Library/CloudStorage/OneDrive-InsightfulOutcomes,LLC/IS-LTD/APPS/CaliberVaultII/src/test/e2e/all-categories.spec.ts:7:16

    attachment #1: screenshot (image/png) ──────────────────────────────────────────────────────────
    ../../test-results/e2e-all-categories-All-Cat-106b8-s-Create-Read-Update-Delete-chromium/test-failed-1.png
    ────────────────────────────────────────────────────────────────────────────────────────────────

    attachment #2: video (video/webm) ──────────────────────────────────────────────────────────────
    ../../test-results/e2e-all-categories-All-Cat-106b8-s-Create-Read-Update-Delete-chromium/video.webm
    ────────────────────────────────────────────────────────────────────────────────────────────────
]]>
</failure>
<system-out>
<![CDATA[
[[ATTACHMENT|e2e-all-categories-All-Cat-106b8-s-Create-Read-Update-Delete-chromium/test-failed-1.png]]

[[ATTACHMENT|e2e-all-categories-All-Cat-106b8-s-Create-Read-Update-Delete-chromium/video.webm]]
]]>
</system-out>
</testcase>
<testcase name="All Categories CRUD Operations › Dies: Create, Read, Update, Delete" classname="e2e/all-categories.spec.ts" time="10.543">
<failure message="all-categories.spec.ts:26:5 Dies: Create, Read, Update, Delete" type="FAILURE">
<![CDATA[  [chromium] › e2e/all-categories.spec.ts:26:5 › All Categories CRUD Operations › Dies: Create, Read, Update, Delete 

    TimeoutError: page.waitForSelector: Timeout 10000ms exceeded.
    Call log:
      - waiting for locator('[data-testid="inventory-dashboard"]') to be visible


       5 |     await page.goto('/');
       6 |     // Wait for app to load
    >  7 |     await page.waitForSelector('[data-testid="inventory-dashboard"]', { timeout: 10000 });
         |                ^
       8 |   });
       9 |
      10 |   const categories = [
        at /Users/ghogue/Library/CloudStorage/OneDrive-InsightfulOutcomes,LLC/IS-LTD/APPS/CaliberVaultII/src/test/e2e/all-categories.spec.ts:7:16

    attachment #1: screenshot (image/png) ──────────────────────────────────────────────────────────
    ../../test-results/e2e-all-categories-All-Cat-116da-s-Create-Read-Update-Delete-chromium/test-failed-1.png
    ────────────────────────────────────────────────────────────────────────────────────────────────

    attachment #2: video (video/webm) ──────────────────────────────────────────────────────────────
    ../../test-results/e2e-all-categories-All-Cat-116da-s-Create-Read-Update-Delete-chromium/video.webm
    ────────────────────────────────────────────────────────────────────────────────────────────────
]]>
</failure>
<system-out>
<![CDATA[
[[ATTACHMENT|e2e-all-categories-All-Cat-116da-s-Create-Read-Update-Delete-chromium/test-failed-1.png]]

[[ATTACHMENT|e2e-all-categories-All-Cat-116da-s-Create-Read-Update-Delete-chromium/video.webm]]
]]>
</system-out>
</testcase>
<testcase name="All Categories CRUD Operations › Tools: Create, Read, Update, Delete" classname="e2e/all-categories.spec.ts" time="10.473">
<failure message="all-categories.spec.ts:26:5 Tools: Create, Read, Update, Delete" type="FAILURE">
<![CDATA[  [chromium] › e2e/all-categories.spec.ts:26:5 › All Categories CRUD Operations › Tools: Create, Read, Update, Delete 

    TimeoutError: page.waitForSelector: Timeout 10000ms exceeded.
    Call log:
      - waiting for locator('[data-testid="inventory-dashboard"]') to be visible


       5 |     await page.goto('/');
       6 |     // Wait for app to load
    >  7 |     await page.waitForSelector('[data-testid="inventory-dashboard"]', { timeout: 10000 });
         |                ^
       8 |   });
       9 |
      10 |   const categories = [
        at /Users/ghogue/Library/CloudStorage/OneDrive-InsightfulOutcomes,LLC/IS-LTD/APPS/CaliberVaultII/src/test/e2e/all-categories.spec.ts:7:16

    attachment #1: screenshot (image/png) ──────────────────────────────────────────────────────────
    ../../test-results/e2e-all-categories-All-Cat-ac045-s-Create-Read-Update-Delete-chromium/test-failed-1.png
    ────────────────────────────────────────────────────────────────────────────────────────────────

    attachment #2: video (video/webm) ──────────────────────────────────────────────────────────────
    ../../test-results/e2e-all-categories-All-Cat-ac045-s-Create-Read-Update-Delete-chromium/video.webm
    ────────────────────────────────────────────────────────────────────────────────────────────────
]]>
</failure>
<system-out>
<![CDATA[
[[ATTACHMENT|e2e-all-categories-All-Cat-ac045-s-Create-Read-Update-Delete-chromium/test-failed-1.png]]

[[ATTACHMENT|e2e-all-categories-All-Cat-ac045-s-Create-Read-Update-Delete-chromium/video.webm]]
]]>
</system-out>
</testcase>
</testsuite>
<testsuite name="e2e/auth.spec.ts" timestamp="2025-11-07T02:55:58.284Z" hostname="chromium" tests="4" failures="4" skipped="0" time="97.826" errors="0">
<testcase name="Authentication Flow › should display login modal" classname="e2e/auth.spec.ts" time="5.289">
<failure message="auth.spec.ts:8:3 should display login modal" type="FAILURE">
<![CDATA[  [chromium] › e2e/auth.spec.ts:8:3 › Authentication Flow › should display login modal ─────────────

    Error: expect(locator).toBeVisible() failed

    Locator: getByRole('button', { name: /sign in/i })
    Expected: visible
    Timeout: 5000ms
    Error: element(s) not found

    Call log:
      - Expect "toBeVisible" with timeout 5000ms
      - waiting for getByRole('button', { name: /sign in/i })


       8 |   test('should display login modal', async ({ page }) => {
       9 |     const loginButton = page.getByRole('button', { name: /sign in/i });
    > 10 |     await expect(loginButton).toBeVisible();
         |                               ^
      11 |   });
      12 |
      13 |   test('should show validation errors for empty fields', async ({ page }) => {
        at /Users/ghogue/Library/CloudStorage/OneDrive-InsightfulOutcomes,LLC/IS-LTD/APPS/CaliberVaultII/src/test/e2e/auth.spec.ts:10:31

    attachment #1: screenshot (image/png) ──────────────────────────────────────────────────────────
    ../../test-results/e2e-auth-Authentication-Flow-should-display-login-modal-chromium/test-failed-1.png
    ────────────────────────────────────────────────────────────────────────────────────────────────

    attachment #2: video (video/webm) ──────────────────────────────────────────────────────────────
    ../../test-results/e2e-auth-Authentication-Flow-should-display-login-modal-chromium/video.webm
    ────────────────────────────────────────────────────────────────────────────────────────────────
]]>
</failure>
<system-out>
<![CDATA[
[[ATTACHMENT|e2e-auth-Authentication-Flow-should-display-login-modal-chromium/test-failed-1.png]]

[[ATTACHMENT|e2e-auth-Authentication-Flow-should-display-login-modal-chromium/video.webm]]
]]>
</system-out>
</testcase>
<testcase name="Authentication Flow › should show validation errors for empty fields" classname="e2e/auth.spec.ts" time="30.851">
<failure message="auth.spec.ts:13:3 should show validation errors for empty fields" type="FAILURE">
<![CDATA[  [chromium] › e2e/auth.spec.ts:13:3 › Authentication Flow › should show validation errors for empty fields 

    Test timeout of 30000ms exceeded.

    Error: page.click: Test timeout of 30000ms exceeded.
    Call log:
      - waiting for locator('button:has-text("Sign In")')


      12 |
      13 |   test('should show validation errors for empty fields', async ({ page }) => {
    > 14 |     await page.click('button:has-text("Sign In")');
         |                ^
      15 |     await page.fill('input[type="email"]', '');
      16 |     await page.fill('input[type="password"]', '');
      17 |     await page.click('button[type="submit"]');
        at /Users/ghogue/Library/CloudStorage/OneDrive-InsightfulOutcomes,LLC/IS-LTD/APPS/CaliberVaultII/src/test/e2e/auth.spec.ts:14:16

    attachment #1: screenshot (image/png) ──────────────────────────────────────────────────────────
    ../../test-results/e2e-auth-Authentication-Fl-9394c-ion-errors-for-empty-fields-chromium/test-failed-1.png
    ────────────────────────────────────────────────────────────────────────────────────────────────

    attachment #2: video (video/webm) ──────────────────────────────────────────────────────────────
    ../../test-results/e2e-auth-Authentication-Fl-9394c-ion-errors-for-empty-fields-chromium/video.webm
    ────────────────────────────────────────────────────────────────────────────────────────────────
]]>
</failure>
<system-out>
<![CDATA[
[[ATTACHMENT|e2e-auth-Authentication-Fl-9394c-ion-errors-for-empty-fields-chromium/test-failed-1.png]]

[[ATTACHMENT|e2e-auth-Authentication-Fl-9394c-ion-errors-for-empty-fields-chromium/video.webm]]
]]>
</system-out>
</testcase>
<testcase name="Authentication Flow › should handle invalid credentials" classname="e2e/auth.spec.ts" time="30.841">
<failure message="auth.spec.ts:23:3 should handle invalid credentials" type="FAILURE">
<![CDATA[  [chromium] › e2e/auth.spec.ts:23:3 › Authentication Flow › should handle invalid credentials ─────

    Test timeout of 30000ms exceeded.

    Error: page.click: Test timeout of 30000ms exceeded.
    Call log:
      - waiting for locator('button:has-text("Sign In")')


      22 |
      23 |   test('should handle invalid credentials', async ({ page }) => {
    > 24 |     await page.click('button:has-text("Sign In")');
         |                ^
      25 |     await page.fill('input[type="email"]', 'invalid@example.com');
      26 |     await page.fill('input[type="password"]', 'wrongpassword');
      27 |     await page.click('button[type="submit"]');
        at /Users/ghogue/Library/CloudStorage/OneDrive-InsightfulOutcomes,LLC/IS-LTD/APPS/CaliberVaultII/src/test/e2e/auth.spec.ts:24:16

    attachment #1: screenshot (image/png) ──────────────────────────────────────────────────────────
    ../../test-results/e2e-auth-Authentication-Fl-f7095--handle-invalid-credentials-chromium/test-failed-1.png
    ────────────────────────────────────────────────────────────────────────────────────────────────

    attachment #2: video (video/webm) ──────────────────────────────────────────────────────────────
    ../../test-results/e2e-auth-Authentication-Fl-f7095--handle-invalid-credentials-chromium/video.webm
    ────────────────────────────────────────────────────────────────────────────────────────────────
]]>
</failure>
<system-out>
<![CDATA[
[[ATTACHMENT|e2e-auth-Authentication-Fl-f7095--handle-invalid-credentials-chromium/test-failed-1.png]]

[[ATTACHMENT|e2e-auth-Authentication-Fl-f7095--handle-invalid-credentials-chromium/video.webm]]
]]>
</system-out>
</testcase>
<testcase name="Authentication Flow › should navigate to signup form" classname="e2e/auth.spec.ts" time="30.845">
<failure message="auth.spec.ts:33:3 should navigate to signup form" type="FAILURE">
<![CDATA[  [chromium] › e2e/auth.spec.ts:33:3 › Authentication Flow › should navigate to signup form ────────

    Test timeout of 30000ms exceeded.

    Error: page.click: Test timeout of 30000ms exceeded.
    Call log:
      - waiting for locator('button:has-text("Sign In")')


      32 |
      33 |   test('should navigate to signup form', async ({ page }) => {
    > 34 |     await page.click('button:has-text("Sign In")');
         |                ^
      35 |     await page.click('text=/sign up|create account/i');
      36 |     
      37 |     const signupForm = page.locator('form:has(input[type="email"])');
        at /Users/ghogue/Library/CloudStorage/OneDrive-InsightfulOutcomes,LLC/IS-LTD/APPS/CaliberVaultII/src/test/e2e/auth.spec.ts:34:16

    attachment #1: screenshot (image/png) ──────────────────────────────────────────────────────────
    ../../test-results/e2e-auth-Authentication-Flow-should-navigate-to-signup-form-chromium/test-failed-1.png
    ────────────────────────────────────────────────────────────────────────────────────────────────

    attachment #2: video (video/webm) ──────────────────────────────────────────────────────────────
    ../../test-results/e2e-auth-Authentication-Flow-should-navigate-to-signup-form-chromium/video.webm
    ────────────────────────────────────────────────────────────────────────────────────────────────
]]>
</failure>
<system-out>
<![CDATA[
[[ATTACHMENT|e2e-auth-Authentication-Flow-should-navigate-to-signup-form-chromium/test-failed-1.png]]

[[ATTACHMENT|e2e-auth-Authentication-Flow-should-navigate-to-signup-form-chromium/video.webm]]
]]>
</system-out>
</testcase>
</testsuite>
<testsuite name="e2e/authentication.spec.ts" timestamp="2025-11-07T02:55:58.284Z" hostname="chromium" tests="5" failures="5" skipped="0" time="154.418" errors="0">
<testcase name="Authentication Flows › user can sign up" classname="e2e/authentication.spec.ts" time="30.849">
<failure message="authentication.spec.ts:8:3 user can sign up" type="FAILURE">
<![CDATA[  [chromium] › e2e/authentication.spec.ts:8:3 › Authentication Flows › user can sign up ────────────

    Test timeout of 30000ms exceeded.

    Error: page.click: Test timeout of 30000ms exceeded.
    Call log:
      - waiting for locator('text=Sign Up')


       7 |
       8 |   test('user can sign up', async ({ page }) => {
    >  9 |     await page.click('text=Sign Up');
         |                ^
      10 |     
      11 |     await page.fill('input[name="email"]', 'newuser@example.com');
      12 |     await page.fill('input[name="password"]', 'SecurePass123!');
        at /Users/ghogue/Library/CloudStorage/OneDrive-InsightfulOutcomes,LLC/IS-LTD/APPS/CaliberVaultII/src/test/e2e/authentication.spec.ts:9:16

    attachment #1: screenshot (image/png) ──────────────────────────────────────────────────────────
    ../../test-results/e2e-authentication-Authentication-Flows-user-can-sign-up-chromium/test-failed-1.png
    ────────────────────────────────────────────────────────────────────────────────────────────────

    attachment #2: video (video/webm) ──────────────────────────────────────────────────────────────
    ../../test-results/e2e-authentication-Authentication-Flows-user-can-sign-up-chromium/video.webm
    ────────────────────────────────────────────────────────────────────────────────────────────────
]]>
</failure>
<system-out>
<![CDATA[
[[ATTACHMENT|e2e-authentication-Authentication-Flows-user-can-sign-up-chromium/test-failed-1.png]]

[[ATTACHMENT|e2e-authentication-Authentication-Flows-user-can-sign-up-chromium/video.webm]]
]]>
</system-out>
</testcase>
<testcase name="Authentication Flows › user can login" classname="e2e/authentication.spec.ts" time="30.853">
<failure message="authentication.spec.ts:20:3 user can login" type="FAILURE">
<![CDATA[  [chromium] › e2e/authentication.spec.ts:20:3 › Authentication Flows › user can login ─────────────

    Test timeout of 30000ms exceeded.

    Error: page.click: Test timeout of 30000ms exceeded.
    Call log:
      - waiting for locator('text=Login')


      19 |
      20 |   test('user can login', async ({ page }) => {
    > 21 |     await page.click('text=Login');
         |                ^
      22 |     
      23 |     await page.fill('input[type="email"]', 'test@example.com');
      24 |     await page.fill('input[type="password"]', 'password123');
        at /Users/ghogue/Library/CloudStorage/OneDrive-InsightfulOutcomes,LLC/IS-LTD/APPS/CaliberVaultII/src/test/e2e/authentication.spec.ts:21:16

    attachment #1: screenshot (image/png) ──────────────────────────────────────────────────────────
    ../../test-results/e2e-authentication-Authentication-Flows-user-can-login-chromium/test-failed-1.png
    ────────────────────────────────────────────────────────────────────────────────────────────────

    attachment #2: video (video/webm) ──────────────────────────────────────────────────────────────
    ../../test-results/e2e-authentication-Authentication-Flows-user-can-login-chromium/video.webm
    ────────────────────────────────────────────────────────────────────────────────────────────────
]]>
</failure>
<system-out>
<![CDATA[
[[ATTACHMENT|e2e-authentication-Authentication-Flows-user-can-login-chromium/test-failed-1.png]]

[[ATTACHMENT|e2e-authentication-Authentication-Flows-user-can-login-chromium/video.webm]]
]]>
</system-out>
</testcase>
<testcase name="Authentication Flows › user can logout" classname="e2e/authentication.spec.ts" time="30.884">
<failure message="authentication.spec.ts:31:3 user can logout" type="FAILURE">
<![CDATA[  [chromium] › e2e/authentication.spec.ts:31:3 › Authentication Flows › user can logout ────────────

    Test timeout of 30000ms exceeded.

    Error: page.click: Test timeout of 30000ms exceeded.
    Call log:
      - waiting for locator('text=Login')


      31 |   test('user can logout', async ({ page }) => {
      32 |     // Login first
    > 33 |     await page.click('text=Login');
         |                ^
      34 |     await page.fill('input[type="email"]', 'test@example.com');
      35 |     await page.fill('input[type="password"]', 'password123');
      36 |     await page.click('button[type="submit"]');
        at /Users/ghogue/Library/CloudStorage/OneDrive-InsightfulOutcomes,LLC/IS-LTD/APPS/CaliberVaultII/src/test/e2e/authentication.spec.ts:33:16

    attachment #1: screenshot (image/png) ──────────────────────────────────────────────────────────
    ../../test-results/e2e-authentication-Authentication-Flows-user-can-logout-chromium/test-failed-1.png
    ────────────────────────────────────────────────────────────────────────────────────────────────

    attachment #2: video (video/webm) ──────────────────────────────────────────────────────────────
    ../../test-results/e2e-authentication-Authentication-Flows-user-can-logout-chromium/video.webm
    ────────────────────────────────────────────────────────────────────────────────────────────────
]]>
</failure>
<system-out>
<![CDATA[
[[ATTACHMENT|e2e-authentication-Authentication-Flows-user-can-logout-chromium/test-failed-1.png]]

[[ATTACHMENT|e2e-authentication-Authentication-Flows-user-can-logout-chromium/video.webm]]
]]>
</system-out>
</testcase>
<testcase name="Authentication Flows › shows error for invalid credentials" classname="e2e/authentication.spec.ts" time="30.916">
<failure message="authentication.spec.ts:47:3 shows error for invalid credentials" type="FAILURE">
<![CDATA[  [chromium] › e2e/authentication.spec.ts:47:3 › Authentication Flows › shows error for invalid credentials 

    Test timeout of 30000ms exceeded.

    Error: page.click: Test timeout of 30000ms exceeded.
    Call log:
      - waiting for locator('text=Login')


      46 |
      47 |   test('shows error for invalid credentials', async ({ page }) => {
    > 48 |     await page.click('text=Login');
         |                ^
      49 |     
      50 |     await page.fill('input[type="email"]', 'wrong@example.com');
      51 |     await page.fill('input[type="password"]', 'wrongpassword');
        at /Users/ghogue/Library/CloudStorage/OneDrive-InsightfulOutcomes,LLC/IS-LTD/APPS/CaliberVaultII/src/test/e2e/authentication.spec.ts:48:16

    attachment #1: screenshot (image/png) ──────────────────────────────────────────────────────────
    ../../test-results/e2e-authentication-Authent-4b3b9-ror-for-invalid-credentials-chromium/test-failed-1.png
    ────────────────────────────────────────────────────────────────────────────────────────────────

    attachment #2: video (video/webm) ──────────────────────────────────────────────────────────────
    ../../test-results/e2e-authentication-Authent-4b3b9-ror-for-invalid-credentials-chromium/video.webm
    ────────────────────────────────────────────────────────────────────────────────────────────────
]]>
</failure>
<system-out>
<![CDATA[
[[ATTACHMENT|e2e-authentication-Authent-4b3b9-ror-for-invalid-credentials-chromium/test-failed-1.png]]

[[ATTACHMENT|e2e-authentication-Authent-4b3b9-ror-for-invalid-credentials-chromium/video.webm]]
]]>
</system-out>
</testcase>
<testcase name="Authentication Flows › password reset flow" classname="e2e/authentication.spec.ts" time="30.916">
<failure message="authentication.spec.ts:58:3 password reset flow" type="FAILURE">
<![CDATA[  [chromium] › e2e/authentication.spec.ts:58:3 › Authentication Flows › password reset flow ────────

    Test timeout of 30000ms exceeded.

    Error: page.click: Test timeout of 30000ms exceeded.
    Call log:
      - waiting for locator('text=Login')


      57 |
      58 |   test('password reset flow', async ({ page }) => {
    > 59 |     await page.click('text=Login');
         |                ^
      60 |     await page.click('text=Forgot Password');
      61 |     
      62 |     await page.fill('input[type="email"]', 'test@example.com');
        at /Users/ghogue/Library/CloudStorage/OneDrive-InsightfulOutcomes,LLC/IS-LTD/APPS/CaliberVaultII/src/test/e2e/authentication.spec.ts:59:16

    attachment #1: screenshot (image/png) ──────────────────────────────────────────────────────────
    ../../test-results/e2e-authentication-Authentication-Flows-password-reset-flow-chromium/test-failed-1.png
    ────────────────────────────────────────────────────────────────────────────────────────────────

    attachment #2: video (video/webm) ──────────────────────────────────────────────────────────────
    ../../test-results/e2e-authentication-Authentication-Flows-password-reset-flow-chromium/video.webm
    ────────────────────────────────────────────────────────────────────────────────────────────────
]]>
</failure>
<system-out>
<![CDATA[
[[ATTACHMENT|e2e-authentication-Authentication-Flows-password-reset-flow-chromium/test-failed-1.png]]

[[ATTACHMENT|e2e-authentication-Authentication-Flows-password-reset-flow-chromium/video.webm]]
]]>
</system-out>
</testcase>
</testsuite>
<testsuite name="e2e/barcode-scanning.spec.ts" timestamp="2025-11-07T02:55:58.284Z" hostname="chromium" tests="6" failures="6" skipped="0" time="185.216" errors="0">
<testcase name="Barcode Scanning E2E Tests › opens barcode scanner" classname="e2e/barcode-scanning.spec.ts" time="30.878">
<failure message="barcode-scanning.spec.ts:14:3 opens barcode scanner" type="FAILURE">
<![CDATA[  [chromium] › e2e/barcode-scanning.spec.ts:14:3 › Barcode Scanning E2E Tests › opens barcode scanner 

    Test timeout of 30000ms exceeded while running "beforeEach" hook.

      2 |
      3 | test.describe('Barcode Scanning E2E Tests', () => {
    > 4 |   test.beforeEach(async ({ page }) => {
        |        ^
      5 |     await page.goto('/');
      6 |     // Login
      7 |     await page.click('text=Login');
        at /Users/ghogue/Library/CloudStorage/OneDrive-InsightfulOutcomes,LLC/IS-LTD/APPS/CaliberVaultII/src/test/e2e/barcode-scanning.spec.ts:4:8

    Error: page.click: Test timeout of 30000ms exceeded.
    Call log:
      - waiting for locator('text=Login')


       5 |     await page.goto('/');
       6 |     // Login
    >  7 |     await page.click('text=Login');
         |                ^
       8 |     await page.fill('input[type="email"]', 'test@example.com');
       9 |     await page.fill('input[type="password"]', 'password123');
      10 |     await page.click('button[type="submit"]');
        at /Users/ghogue/Library/CloudStorage/OneDrive-InsightfulOutcomes,LLC/IS-LTD/APPS/CaliberVaultII/src/test/e2e/barcode-scanning.spec.ts:7:16

    attachment #1: screenshot (image/png) ──────────────────────────────────────────────────────────
    ../../test-results/e2e-barcode-scanning-Barco-480f8-Tests-opens-barcode-scanner-chromium/test-failed-1.png
    ────────────────────────────────────────────────────────────────────────────────────────────────

    attachment #2: video (video/webm) ──────────────────────────────────────────────────────────────
    ../../test-results/e2e-barcode-scanning-Barco-480f8-Tests-opens-barcode-scanner-chromium/video.webm
    ────────────────────────────────────────────────────────────────────────────────────────────────
]]>
</failure>
<system-out>
<![CDATA[
[[ATTACHMENT|e2e-barcode-scanning-Barco-480f8-Tests-opens-barcode-scanner-chromium/test-failed-1.png]]

[[ATTACHMENT|e2e-barcode-scanning-Barco-480f8-Tests-opens-barcode-scanner-chromium/video.webm]]
]]>
</system-out>
</testcase>
<testcase name="Barcode Scanning E2E Tests › displays camera permission prompt" classname="e2e/barcode-scanning.spec.ts" time="30.856">
<failure message="barcode-scanning.spec.ts:19:3 displays camera permission prompt" type="FAILURE">
<![CDATA[  [chromium] › e2e/barcode-scanning.spec.ts:19:3 › Barcode Scanning E2E Tests › displays camera permission prompt 

    Test timeout of 30000ms exceeded while running "beforeEach" hook.

      2 |
      3 | test.describe('Barcode Scanning E2E Tests', () => {
    > 4 |   test.beforeEach(async ({ page }) => {
        |        ^
      5 |     await page.goto('/');
      6 |     // Login
      7 |     await page.click('text=Login');
        at /Users/ghogue/Library/CloudStorage/OneDrive-InsightfulOutcomes,LLC/IS-LTD/APPS/CaliberVaultII/src/test/e2e/barcode-scanning.spec.ts:4:8

    Error: page.click: Test timeout of 30000ms exceeded.
    Call log:
      - waiting for locator('text=Login')


       5 |     await page.goto('/');
       6 |     // Login
    >  7 |     await page.click('text=Login');
         |                ^
       8 |     await page.fill('input[type="email"]', 'test@example.com');
       9 |     await page.fill('input[type="password"]', 'password123');
      10 |     await page.click('button[type="submit"]');
        at /Users/ghogue/Library/CloudStorage/OneDrive-InsightfulOutcomes,LLC/IS-LTD/APPS/CaliberVaultII/src/test/e2e/barcode-scanning.spec.ts:7:16

    attachment #1: screenshot (image/png) ──────────────────────────────────────────────────────────
    ../../test-results/e2e-barcode-scanning-Barco-9ec99-ys-camera-permission-prompt-chromium/test-failed-1.png
    ────────────────────────────────────────────────────────────────────────────────────────────────

    attachment #2: video (video/webm) ──────────────────────────────────────────────────────────────
    ../../test-results/e2e-barcode-scanning-Barco-9ec99-ys-camera-permission-prompt-chromium/video.webm
    ────────────────────────────────────────────────────────────────────────────────────────────────
]]>
</failure>
<system-out>
<![CDATA[
[[ATTACHMENT|e2e-barcode-scanning-Barco-9ec99-ys-camera-permission-prompt-chromium/test-failed-1.png]]

[[ATTACHMENT|e2e-barcode-scanning-Barco-9ec99-ys-camera-permission-prompt-chromium/video.webm]]
]]>
</system-out>
</testcase>
<testcase name="Barcode Scanning E2E Tests › handles camera permission denial" classname="e2e/barcode-scanning.spec.ts" time="30.857">
<failure message="barcode-scanning.spec.ts:27:3 handles camera permission denial" type="FAILURE">
<![CDATA[  [chromium] › e2e/barcode-scanning.spec.ts:27:3 › Barcode Scanning E2E Tests › handles camera permission denial 

    Test timeout of 30000ms exceeded while running "beforeEach" hook.

      2 |
      3 | test.describe('Barcode Scanning E2E Tests', () => {
    > 4 |   test.beforeEach(async ({ page }) => {
        |        ^
      5 |     await page.goto('/');
      6 |     // Login
      7 |     await page.click('text=Login');
        at /Users/ghogue/Library/CloudStorage/OneDrive-InsightfulOutcomes,LLC/IS-LTD/APPS/CaliberVaultII/src/test/e2e/barcode-scanning.spec.ts:4:8

    Error: page.click: Test timeout of 30000ms exceeded.
    Call log:
      - waiting for locator('text=Login')


       5 |     await page.goto('/');
       6 |     // Login
    >  7 |     await page.click('text=Login');
         |                ^
       8 |     await page.fill('input[type="email"]', 'test@example.com');
       9 |     await page.fill('input[type="password"]', 'password123');
      10 |     await page.click('button[type="submit"]');
        at /Users/ghogue/Library/CloudStorage/OneDrive-InsightfulOutcomes,LLC/IS-LTD/APPS/CaliberVaultII/src/test/e2e/barcode-scanning.spec.ts:7:16

    attachment #1: screenshot (image/png) ──────────────────────────────────────────────────────────
    ../../test-results/e2e-barcode-scanning-Barco-3a78e-es-camera-permission-denial-chromium/test-failed-1.png
    ────────────────────────────────────────────────────────────────────────────────────────────────

    attachment #2: video (video/webm) ──────────────────────────────────────────────────────────────
    ../../test-results/e2e-barcode-scanning-Barco-3a78e-es-camera-permission-denial-chromium/video.webm
    ────────────────────────────────────────────────────────────────────────────────────────────────
]]>
</failure>
<system-out>
<![CDATA[
[[ATTACHMENT|e2e-barcode-scanning-Barco-3a78e-es-camera-permission-denial-chromium/test-failed-1.png]]

[[ATTACHMENT|e2e-barcode-scanning-Barco-3a78e-es-camera-permission-denial-chromium/video.webm]]
]]>
</system-out>
</testcase>
<testcase name="Barcode Scanning E2E Tests › batch scanning workflow" classname="e2e/barcode-scanning.spec.ts" time="30.874">
<failure message="barcode-scanning.spec.ts:35:3 batch scanning workflow" type="FAILURE">
<![CDATA[  [chromium] › e2e/barcode-scanning.spec.ts:35:3 › Barcode Scanning E2E Tests › batch scanning workflow 

    Test timeout of 30000ms exceeded while running "beforeEach" hook.

      2 |
      3 | test.describe('Barcode Scanning E2E Tests', () => {
    > 4 |   test.beforeEach(async ({ page }) => {
        |        ^
      5 |     await page.goto('/');
      6 |     // Login
      7 |     await page.click('text=Login');
        at /Users/ghogue/Library/CloudStorage/OneDrive-InsightfulOutcomes,LLC/IS-LTD/APPS/CaliberVaultII/src/test/e2e/barcode-scanning.spec.ts:4:8

    Error: page.click: Test timeout of 30000ms exceeded.
    Call log:
      - waiting for locator('text=Login')


       5 |     await page.goto('/');
       6 |     // Login
    >  7 |     await page.click('text=Login');
         |                ^
       8 |     await page.fill('input[type="email"]', 'test@example.com');
       9 |     await page.fill('input[type="password"]', 'password123');
      10 |     await page.click('button[type="submit"]');
        at /Users/ghogue/Library/CloudStorage/OneDrive-InsightfulOutcomes,LLC/IS-LTD/APPS/CaliberVaultII/src/test/e2e/barcode-scanning.spec.ts:7:16

    attachment #1: screenshot (image/png) ──────────────────────────────────────────────────────────
    ../../test-results/e2e-barcode-scanning-Barco-0af77-sts-batch-scanning-workflow-chromium/test-failed-1.png
    ────────────────────────────────────────────────────────────────────────────────────────────────

    attachment #2: video (video/webm) ──────────────────────────────────────────────────────────────
    ../../test-results/e2e-barcode-scanning-Barco-0af77-sts-batch-scanning-workflow-chromium/video.webm
    ────────────────────────────────────────────────────────────────────────────────────────────────
]]>
</failure>
<system-out>
<![CDATA[
[[ATTACHMENT|e2e-barcode-scanning-Barco-0af77-sts-batch-scanning-workflow-chromium/test-failed-1.png]]

[[ATTACHMENT|e2e-barcode-scanning-Barco-0af77-sts-batch-scanning-workflow-chromium/video.webm]]
]]>
</system-out>
</testcase>
<testcase name="Barcode Scanning E2E Tests › barcode cache management" classname="e2e/barcode-scanning.spec.ts" time="30.864">
<failure message="barcode-scanning.spec.ts:40:3 barcode cache management" type="FAILURE">
<![CDATA[  [chromium] › e2e/barcode-scanning.spec.ts:40:3 › Barcode Scanning E2E Tests › barcode cache management 

    Test timeout of 30000ms exceeded while running "beforeEach" hook.

      2 |
      3 | test.describe('Barcode Scanning E2E Tests', () => {
    > 4 |   test.beforeEach(async ({ page }) => {
        |        ^
      5 |     await page.goto('/');
      6 |     // Login
      7 |     await page.click('text=Login');
        at /Users/ghogue/Library/CloudStorage/OneDrive-InsightfulOutcomes,LLC/IS-LTD/APPS/CaliberVaultII/src/test/e2e/barcode-scanning.spec.ts:4:8

    Error: page.click: Test timeout of 30000ms exceeded.
    Call log:
      - waiting for locator('text=Login')


       5 |     await page.goto('/');
       6 |     // Login
    >  7 |     await page.click('text=Login');
         |                ^
       8 |     await page.fill('input[type="email"]', 'test@example.com');
       9 |     await page.fill('input[type="password"]', 'password123');
      10 |     await page.click('button[type="submit"]');
        at /Users/ghogue/Library/CloudStorage/OneDrive-InsightfulOutcomes,LLC/IS-LTD/APPS/CaliberVaultII/src/test/e2e/barcode-scanning.spec.ts:7:16

    attachment #1: screenshot (image/png) ──────────────────────────────────────────────────────────
    ../../test-results/e2e-barcode-scanning-Barco-478d7-ts-barcode-cache-management-chromium/test-failed-1.png
    ────────────────────────────────────────────────────────────────────────────────────────────────

    attachment #2: video (video/webm) ──────────────────────────────────────────────────────────────
    ../../test-results/e2e-barcode-scanning-Barco-478d7-ts-barcode-cache-management-chromium/video.webm
    ────────────────────────────────────────────────────────────────────────────────────────────────
]]>
</failure>
<system-out>
<![CDATA[
[[ATTACHMENT|e2e-barcode-scanning-Barco-478d7-ts-barcode-cache-management-chromium/test-failed-1.png]]

[[ATTACHMENT|e2e-barcode-scanning-Barco-478d7-ts-barcode-cache-management-chromium/video.webm]]
]]>
</system-out>
</testcase>
<testcase name="Barcode Scanning E2E Tests › offline barcode lookup" classname="e2e/barcode-scanning.spec.ts" time="30.887">
<failure message="barcode-scanning.spec.ts:46:3 offline barcode lookup" type="FAILURE">
<![CDATA[  [chromium] › e2e/barcode-scanning.spec.ts:46:3 › Barcode Scanning E2E Tests › offline barcode lookup 

    Test timeout of 30000ms exceeded while running "beforeEach" hook.

      2 |
      3 | test.describe('Barcode Scanning E2E Tests', () => {
    > 4 |   test.beforeEach(async ({ page }) => {
        |        ^
      5 |     await page.goto('/');
      6 |     // Login
      7 |     await page.click('text=Login');
        at /Users/ghogue/Library/CloudStorage/OneDrive-InsightfulOutcomes,LLC/IS-LTD/APPS/CaliberVaultII/src/test/e2e/barcode-scanning.spec.ts:4:8

    Error: page.click: Test timeout of 30000ms exceeded.
    Call log:
      - waiting for locator('text=Login')


       5 |     await page.goto('/');
       6 |     // Login
    >  7 |     await page.click('text=Login');
         |                ^
       8 |     await page.fill('input[type="email"]', 'test@example.com');
       9 |     await page.fill('input[type="password"]', 'password123');
      10 |     await page.click('button[type="submit"]');
        at /Users/ghogue/Library/CloudStorage/OneDrive-InsightfulOutcomes,LLC/IS-LTD/APPS/CaliberVaultII/src/test/e2e/barcode-scanning.spec.ts:7:16

    attachment #1: screenshot (image/png) ──────────────────────────────────────────────────────────
    ../../test-results/e2e-barcode-scanning-Barco-f36e8-ests-offline-barcode-lookup-chromium/test-failed-1.png
    ────────────────────────────────────────────────────────────────────────────────────────────────

    attachment #2: video (video/webm) ──────────────────────────────────────────────────────────────
    ../../test-results/e2e-barcode-scanning-Barco-f36e8-ests-offline-barcode-lookup-chromium/video.webm
    ────────────────────────────────────────────────────────────────────────────────────────────────
]]>
</failure>
<system-out>
<![CDATA[
[[ATTACHMENT|e2e-barcode-scanning-Barco-f36e8-ests-offline-barcode-lookup-chromium/test-failed-1.png]]

[[ATTACHMENT|e2e-barcode-scanning-Barco-f36e8-ests-offline-barcode-lookup-chromium/video.webm]]
]]>
</system-out>
</testcase>
</testsuite>
<testsuite name="e2e/bulkImport.spec.ts" timestamp="2025-11-07T02:55:58.284Z" hostname="chromium" tests="4" failures="4" skipped="0" time="123.371" errors="0">
<testcase name="Bulk Import Flow › should open bulk import modal" classname="e2e/bulkImport.spec.ts" time="30.843">
<failure message="bulkImport.spec.ts:8:3 should open bulk import modal" type="FAILURE">
<![CDATA[  [chromium] › e2e/bulkImport.spec.ts:8:3 › Bulk Import Flow › should open bulk import modal ───────

    Test timeout of 30000ms exceeded.

    Error: page.click: Test timeout of 30000ms exceeded.
    Call log:
      - waiting for locator('button:has-text("Import CSV")')


       7 |
       8 |   test('should open bulk import modal', async ({ page }) => {
    >  9 |     await page.click('button:has-text("Import CSV")');
         |                ^
      10 |     await expect(page.locator('text=Enhanced Bulk Import System')).toBeVisible();
      11 |   });
      12 |
        at /Users/ghogue/Library/CloudStorage/OneDrive-InsightfulOutcomes,LLC/IS-LTD/APPS/CaliberVaultII/src/test/e2e/bulkImport.spec.ts:9:16

    attachment #1: screenshot (image/png) ──────────────────────────────────────────────────────────
    ../../test-results/e2e-bulkImport-Bulk-Import-75373-ould-open-bulk-import-modal-chromium/test-failed-1.png
    ────────────────────────────────────────────────────────────────────────────────────────────────

    attachment #2: video (video/webm) ──────────────────────────────────────────────────────────────
    ../../test-results/e2e-bulkImport-Bulk-Import-75373-ould-open-bulk-import-modal-chromium/video.webm
    ────────────────────────────────────────────────────────────────────────────────────────────────
]]>
</failure>
<system-out>
<![CDATA[
[[ATTACHMENT|e2e-bulkImport-Bulk-Import-75373-ould-open-bulk-import-modal-chromium/test-failed-1.png]]

[[ATTACHMENT|e2e-bulkImport-Bulk-Import-75373-ould-open-bulk-import-modal-chromium/video.webm]]
]]>
</system-out>
</testcase>
<testcase name="Bulk Import Flow › should download CSV template" classname="e2e/bulkImport.spec.ts" time="30.846">
<failure message="bulkImport.spec.ts:13:3 should download CSV template" type="FAILURE">
<![CDATA[  [chromium] › e2e/bulkImport.spec.ts:13:3 › Bulk Import Flow › should download CSV template ───────

    Test timeout of 30000ms exceeded.

    Error: page.click: Test timeout of 30000ms exceeded.
    Call log:
      - waiting for locator('button:has-text("Import CSV")')


      12 |
      13 |   test('should download CSV template', async ({ page }) => {
    > 14 |     await page.click('button:has-text("Import CSV")');
         |                ^
      15 |     const downloadPromise = page.waitForEvent('download');
      16 |     await page.click('button:has-text("Download CSV Template")');
      17 |     const download = await downloadPromise;
        at /Users/ghogue/Library/CloudStorage/OneDrive-InsightfulOutcomes,LLC/IS-LTD/APPS/CaliberVaultII/src/test/e2e/bulkImport.spec.ts:14:16

    attachment #1: screenshot (image/png) ──────────────────────────────────────────────────────────
    ../../test-results/e2e-bulkImport-Bulk-Import-Flow-should-download-CSV-template-chromium/test-failed-1.png
    ────────────────────────────────────────────────────────────────────────────────────────────────

    attachment #2: video (video/webm) ──────────────────────────────────────────────────────────────
    ../../test-results/e2e-bulkImport-Bulk-Import-Flow-should-download-CSV-template-chromium/video.webm
    ────────────────────────────────────────────────────────────────────────────────────────────────
]]>
</failure>
<system-out>
<![CDATA[
[[ATTACHMENT|e2e-bulkImport-Bulk-Import-Flow-should-download-CSV-template-chromium/test-failed-1.png]]

[[ATTACHMENT|e2e-bulkImport-Bulk-Import-Flow-should-download-CSV-template-chromium/video.webm]]
]]>
</system-out>
</testcase>
<testcase name="Bulk Import Flow › should show file upload area" classname="e2e/bulkImport.spec.ts" time="30.833">
<failure message="bulkImport.spec.ts:21:3 should show file upload area" type="FAILURE">
<![CDATA[  [chromium] › e2e/bulkImport.spec.ts:21:3 › Bulk Import Flow › should show file upload area ───────

    Test timeout of 30000ms exceeded.

    Error: page.click: Test timeout of 30000ms exceeded.
    Call log:
      - waiting for locator('button:has-text("Import CSV")')


      20 |
      21 |   test('should show file upload area', async ({ page }) => {
    > 22 |     await page.click('button:has-text("Import CSV")');
         |                ^
      23 |     await expect(page.locator('text=/drag.*drop/i')).toBeVisible();
      24 |   });
      25 |
        at /Users/ghogue/Library/CloudStorage/OneDrive-InsightfulOutcomes,LLC/IS-LTD/APPS/CaliberVaultII/src/test/e2e/bulkImport.spec.ts:22:16

    attachment #1: screenshot (image/png) ──────────────────────────────────────────────────────────
    ../../test-results/e2e-bulkImport-Bulk-Import-Flow-should-show-file-upload-area-chromium/test-failed-1.png
    ────────────────────────────────────────────────────────────────────────────────────────────────

    attachment #2: video (video/webm) ──────────────────────────────────────────────────────────────
    ../../test-results/e2e-bulkImport-Bulk-Import-Flow-should-show-file-upload-area-chromium/video.webm
    ────────────────────────────────────────────────────────────────────────────────────────────────
]]>
</failure>
<system-out>
<![CDATA[
[[ATTACHMENT|e2e-bulkImport-Bulk-Import-Flow-should-show-file-upload-area-chromium/test-failed-1.png]]

[[ATTACHMENT|e2e-bulkImport-Bulk-Import-Flow-should-show-file-upload-area-chromium/video.webm]]
]]>
</system-out>
</testcase>
<testcase name="Bulk Import Flow › should validate CSV format" classname="e2e/bulkImport.spec.ts" time="30.849">
<failure message="bulkImport.spec.ts:26:3 should validate CSV format" type="FAILURE">
<![CDATA[  [chromium] › e2e/bulkImport.spec.ts:26:3 › Bulk Import Flow › should validate CSV format ─────────

    Test timeout of 30000ms exceeded.

    Error: page.click: Test timeout of 30000ms exceeded.
    Call log:
      - waiting for locator('button:has-text("Import CSV")')


      25 |
      26 |   test('should validate CSV format', async ({ page }) => {
    > 27 |     await page.click('button:has-text("Import CSV")');
         |                ^
      28 |     // Test would upload invalid CSV and check for error messages
      29 |     await expect(page.locator('input[type="file"]')).toBeVisible();
      30 |   });
        at /Users/ghogue/Library/CloudStorage/OneDrive-InsightfulOutcomes,LLC/IS-LTD/APPS/CaliberVaultII/src/test/e2e/bulkImport.spec.ts:27:16

    attachment #1: screenshot (image/png) ──────────────────────────────────────────────────────────
    ../../test-results/e2e-bulkImport-Bulk-Import-Flow-should-validate-CSV-format-chromium/test-failed-1.png
    ────────────────────────────────────────────────────────────────────────────────────────────────

    attachment #2: video (video/webm) ──────────────────────────────────────────────────────────────
    ../../test-results/e2e-bulkImport-Bulk-Import-Flow-should-validate-CSV-format-chromium/video.webm
    ────────────────────────────────────────────────────────────────────────────────────────────────
]]>
</failure>
<system-out>
<![CDATA[
[[ATTACHMENT|e2e-bulkImport-Bulk-Import-Flow-should-validate-CSV-format-chromium/test-failed-1.png]]

[[ATTACHMENT|e2e-bulkImport-Bulk-Import-Flow-should-validate-CSV-format-chromium/video.webm]]
]]>
</system-out>
</testcase>
</testsuite>
<testsuite name="e2e/category-filters.spec.ts" timestamp="2025-11-07T02:55:58.284Z" hostname="chromium" tests="3" failures="3" skipped="0" time="31.562" errors="0">
<testcase name="Category Filter Verification › All 12 categories appear in filter dropdown" classname="e2e/category-filters.spec.ts" time="10.577">
<failure message="category-filters.spec.ts:9:3 All 12 categories appear in filter dropdown" type="FAILURE">
<![CDATA[  [chromium] › e2e/category-filters.spec.ts:9:3 › Category Filter Verification › All 12 categories appear in filter dropdown 

    TimeoutError: page.waitForSelector: Timeout 10000ms exceeded.
    Call log:
      - waiting for locator('[data-testid="inventory-dashboard"]') to be visible


      4 |   test.beforeEach(async ({ page }) => {
      5 |     await page.goto('/');
    > 6 |     await page.waitForSelector('[data-testid="inventory-dashboard"]', { timeout: 10000 });
        |                ^
      7 |   });
      8 |
      9 |   test('All 12 categories appear in filter dropdown', async ({ page }) => {
        at /Users/ghogue/Library/CloudStorage/OneDrive-InsightfulOutcomes,LLC/IS-LTD/APPS/CaliberVaultII/src/test/e2e/category-filters.spec.ts:6:16

    attachment #1: screenshot (image/png) ──────────────────────────────────────────────────────────
    ../../test-results/e2e-category-filters-Categ-f79cc-s-appear-in-filter-dropdown-chromium/test-failed-1.png
    ────────────────────────────────────────────────────────────────────────────────────────────────

    attachment #2: video (video/webm) ──────────────────────────────────────────────────────────────
    ../../test-results/e2e-category-filters-Categ-f79cc-s-appear-in-filter-dropdown-chromium/video.webm
    ────────────────────────────────────────────────────────────────────────────────────────────────
]]>
</failure>
<system-out>
<![CDATA[
[[ATTACHMENT|e2e-category-filters-Categ-f79cc-s-appear-in-filter-dropdown-chromium/test-failed-1.png]]

[[ATTACHMENT|e2e-category-filters-Categ-f79cc-s-appear-in-filter-dropdown-chromium/video.webm]]
]]>
</system-out>
</testcase>
<testcase name="Category Filter Verification › Filtering by each category shows correct items" classname="e2e/category-filters.spec.ts" time="10.545">
<failure message="category-filters.spec.ts:24:3 Filtering by each category shows correct items" type="FAILURE">
<![CDATA[  [chromium] › e2e/category-filters.spec.ts:24:3 › Category Filter Verification › Filtering by each category shows correct items 

    TimeoutError: page.waitForSelector: Timeout 10000ms exceeded.
    Call log:
      - waiting for locator('[data-testid="inventory-dashboard"]') to be visible


      4 |   test.beforeEach(async ({ page }) => {
      5 |     await page.goto('/');
    > 6 |     await page.waitForSelector('[data-testid="inventory-dashboard"]', { timeout: 10000 });
        |                ^
      7 |   });
      8 |
      9 |   test('All 12 categories appear in filter dropdown', async ({ page }) => {
        at /Users/ghogue/Library/CloudStorage/OneDrive-InsightfulOutcomes,LLC/IS-LTD/APPS/CaliberVaultII/src/test/e2e/category-filters.spec.ts:6:16

    attachment #1: screenshot (image/png) ──────────────────────────────────────────────────────────
    ../../test-results/e2e-category-filters-Categ-a8751-ategory-shows-correct-items-chromium/test-failed-1.png
    ────────────────────────────────────────────────────────────────────────────────────────────────

    attachment #2: video (video/webm) ──────────────────────────────────────────────────────────────
    ../../test-results/e2e-category-filters-Categ-a8751-ategory-shows-correct-items-chromium/video.webm
    ────────────────────────────────────────────────────────────────────────────────────────────────
]]>
</failure>
<system-out>
<![CDATA[
[[ATTACHMENT|e2e-category-filters-Categ-a8751-ategory-shows-correct-items-chromium/test-failed-1.png]]

[[ATTACHMENT|e2e-category-filters-Categ-a8751-ategory-shows-correct-items-chromium/video.webm]]
]]>
</system-out>
</testcase>
<testcase name="Category Filter Verification › Category count badges are accurate" classname="e2e/category-filters.spec.ts" time="10.44">
<failure message="category-filters.spec.ts:47:3 Category count badges are accurate" type="FAILURE">
<![CDATA[  [chromium] › e2e/category-filters.spec.ts:47:3 › Category Filter Verification › Category count badges are accurate 

    TimeoutError: page.waitForSelector: Timeout 10000ms exceeded.
    Call log:
      - waiting for locator('[data-testid="inventory-dashboard"]') to be visible


      4 |   test.beforeEach(async ({ page }) => {
      5 |     await page.goto('/');
    > 6 |     await page.waitForSelector('[data-testid="inventory-dashboard"]', { timeout: 10000 });
        |                ^
      7 |   });
      8 |
      9 |   test('All 12 categories appear in filter dropdown', async ({ page }) => {
        at /Users/ghogue/Library/CloudStorage/OneDrive-InsightfulOutcomes,LLC/IS-LTD/APPS/CaliberVaultII/src/test/e2e/category-filters.spec.ts:6:16

    attachment #1: screenshot (image/png) ──────────────────────────────────────────────────────────
    ../../test-results/e2e-category-filters-Categ-77b37-y-count-badges-are-accurate-chromium/test-failed-1.png
    ────────────────────────────────────────────────────────────────────────────────────────────────

    attachment #2: video (video/webm) ──────────────────────────────────────────────────────────────
    ../../test-results/e2e-category-filters-Categ-77b37-y-count-badges-are-accurate-chromium/video.webm
    ────────────────────────────────────────────────────────────────────────────────────────────────
]]>
</failure>
<system-out>
<![CDATA[
[[ATTACHMENT|e2e-category-filters-Categ-77b37-y-count-badges-are-accurate-chromium/test-failed-1.png]]

[[ATTACHMENT|e2e-category-filters-Categ-77b37-y-count-badges-are-accurate-chromium/video.webm]]
]]>
</system-out>
</testcase>
</testsuite>
<testsuite name="e2e/comprehensive-categories.spec.ts" timestamp="2025-11-07T02:55:58.284Z" hostname="chromium" tests="7" failures="7" skipped="0" time="73.269" errors="0">
<testcase name="Comprehensive Category Testing › Firearms: Full CRUD Lifecycle" classname="e2e/comprehensive-categories.spec.ts" time="10.477">
<failure message="comprehensive-categories.spec.ts:49:5 Firearms: Full CRUD Lifecycle" type="FAILURE">
<![CDATA[  [chromium] › e2e/comprehensive-categories.spec.ts:49:5 › Comprehensive Category Testing › Firearms: Full CRUD Lifecycle 

    TimeoutError: page.waitForSelector: Timeout 10000ms exceeded.
    Call log:
      - waiting for locator('[data-testid="inventory-dashboard"]') to be visible


      4 |   test.beforeEach(async ({ page }) => {
      5 |     await page.goto('/');
    > 6 |     await page.waitForSelector('[data-testid="inventory-dashboard"]', { timeout: 10000 });
        |                ^
      7 |   });
      8 |
      9 |   const categories = [
        at /Users/ghogue/Library/CloudStorage/OneDrive-InsightfulOutcomes,LLC/IS-LTD/APPS/CaliberVaultII/src/test/e2e/comprehensive-categories.spec.ts:6:16

    attachment #1: screenshot (image/png) ──────────────────────────────────────────────────────────
    ../../test-results/e2e-comprehensive-categori-f7362-irearms-Full-CRUD-Lifecycle-chromium/test-failed-1.png
    ────────────────────────────────────────────────────────────────────────────────────────────────

    attachment #2: video (video/webm) ──────────────────────────────────────────────────────────────
    ../../test-results/e2e-comprehensive-categori-f7362-irearms-Full-CRUD-Lifecycle-chromium/video.webm
    ────────────────────────────────────────────────────────────────────────────────────────────────
]]>
</failure>
<system-out>
<![CDATA[
[[ATTACHMENT|e2e-comprehensive-categori-f7362-irearms-Full-CRUD-Lifecycle-chromium/test-failed-1.png]]

[[ATTACHMENT|e2e-comprehensive-categori-f7362-irearms-Full-CRUD-Lifecycle-chromium/video.webm]]
]]>
</system-out>
</testcase>
<testcase name="Comprehensive Category Testing › Optics: Full CRUD Lifecycle" classname="e2e/comprehensive-categories.spec.ts" time="10.463">
<failure message="comprehensive-categories.spec.ts:49:5 Optics: Full CRUD Lifecycle" type="FAILURE">
<![CDATA[  [chromium] › e2e/comprehensive-categories.spec.ts:49:5 › Comprehensive Category Testing › Optics: Full CRUD Lifecycle 

    TimeoutError: page.waitForSelector: Timeout 10000ms exceeded.
    Call log:
      - waiting for locator('[data-testid="inventory-dashboard"]') to be visible


      4 |   test.beforeEach(async ({ page }) => {
      5 |     await page.goto('/');
    > 6 |     await page.waitForSelector('[data-testid="inventory-dashboard"]', { timeout: 10000 });
        |                ^
      7 |   });
      8 |
      9 |   const categories = [
        at /Users/ghogue/Library/CloudStorage/OneDrive-InsightfulOutcomes,LLC/IS-LTD/APPS/CaliberVaultII/src/test/e2e/comprehensive-categories.spec.ts:6:16

    attachment #1: screenshot (image/png) ──────────────────────────────────────────────────────────
    ../../test-results/e2e-comprehensive-categori-f3791--Optics-Full-CRUD-Lifecycle-chromium/test-failed-1.png
    ────────────────────────────────────────────────────────────────────────────────────────────────

    attachment #2: video (video/webm) ──────────────────────────────────────────────────────────────
    ../../test-results/e2e-comprehensive-categori-f3791--Optics-Full-CRUD-Lifecycle-chromium/video.webm
    ────────────────────────────────────────────────────────────────────────────────────────────────
]]>
</failure>
<system-out>
<![CDATA[
[[ATTACHMENT|e2e-comprehensive-categori-f3791--Optics-Full-CRUD-Lifecycle-chromium/test-failed-1.png]]

[[ATTACHMENT|e2e-comprehensive-categori-f3791--Optics-Full-CRUD-Lifecycle-chromium/video.webm]]
]]>
</system-out>
</testcase>
<testcase name="Comprehensive Category Testing › Ammunition: Full CRUD Lifecycle" classname="e2e/comprehensive-categories.spec.ts" time="10.458">
<failure message="comprehensive-categories.spec.ts:49:5 Ammunition: Full CRUD Lifecycle" type="FAILURE">
<![CDATA[  [chromium] › e2e/comprehensive-categories.spec.ts:49:5 › Comprehensive Category Testing › Ammunition: Full CRUD Lifecycle 

    TimeoutError: page.waitForSelector: Timeout 10000ms exceeded.
    Call log:
      - waiting for locator('[data-testid="inventory-dashboard"]') to be visible


      4 |   test.beforeEach(async ({ page }) => {
      5 |     await page.goto('/');
    > 6 |     await page.waitForSelector('[data-testid="inventory-dashboard"]', { timeout: 10000 });
        |                ^
      7 |   });
      8 |
      9 |   const categories = [
        at /Users/ghogue/Library/CloudStorage/OneDrive-InsightfulOutcomes,LLC/IS-LTD/APPS/CaliberVaultII/src/test/e2e/comprehensive-categories.spec.ts:6:16

    attachment #1: screenshot (image/png) ──────────────────────────────────────────────────────────
    ../../test-results/e2e-comprehensive-categori-935a8-unition-Full-CRUD-Lifecycle-chromium/test-failed-1.png
    ────────────────────────────────────────────────────────────────────────────────────────────────

    attachment #2: video (video/webm) ──────────────────────────────────────────────────────────────
    ../../test-results/e2e-comprehensive-categori-935a8-unition-Full-CRUD-Lifecycle-chromium/video.webm
    ────────────────────────────────────────────────────────────────────────────────────────────────
]]>
</failure>
<system-out>
<![CDATA[
[[ATTACHMENT|e2e-comprehensive-categori-935a8-unition-Full-CRUD-Lifecycle-chromium/test-failed-1.png]]

[[ATTACHMENT|e2e-comprehensive-categori-935a8-unition-Full-CRUD-Lifecycle-chromium/video.webm]]
]]>
</system-out>
</testcase>
<testcase name="Comprehensive Category Testing › Suppressors: Full CRUD Lifecycle" classname="e2e/comprehensive-categories.spec.ts" time="10.448">
<failure message="comprehensive-categories.spec.ts:49:5 Suppressors: Full CRUD Lifecycle" type="FAILURE">
<![CDATA[  [chromium] › e2e/comprehensive-categories.spec.ts:49:5 › Comprehensive Category Testing › Suppressors: Full CRUD Lifecycle 

    TimeoutError: page.waitForSelector: Timeout 10000ms exceeded.
    Call log:
      - waiting for locator('[data-testid="inventory-dashboard"]') to be visible


      4 |   test.beforeEach(async ({ page }) => {
      5 |     await page.goto('/');
    > 6 |     await page.waitForSelector('[data-testid="inventory-dashboard"]', { timeout: 10000 });
        |                ^
      7 |   });
      8 |
      9 |   const categories = [
        at /Users/ghogue/Library/CloudStorage/OneDrive-InsightfulOutcomes,LLC/IS-LTD/APPS/CaliberVaultII/src/test/e2e/comprehensive-categories.spec.ts:6:16

    attachment #1: screenshot (image/png) ──────────────────────────────────────────────────────────
    ../../test-results/e2e-comprehensive-categori-f0aea-ressors-Full-CRUD-Lifecycle-chromium/test-failed-1.png
    ────────────────────────────────────────────────────────────────────────────────────────────────

    attachment #2: video (video/webm) ──────────────────────────────────────────────────────────────
    ../../test-results/e2e-comprehensive-categori-f0aea-ressors-Full-CRUD-Lifecycle-chromium/video.webm
    ────────────────────────────────────────────────────────────────────────────────────────────────
]]>
</failure>
<system-out>
<![CDATA[
[[ATTACHMENT|e2e-comprehensive-categori-f0aea-ressors-Full-CRUD-Lifecycle-chromium/test-failed-1.png]]

[[ATTACHMENT|e2e-comprehensive-categori-f0aea-ressors-Full-CRUD-Lifecycle-chromium/video.webm]]
]]>
</system-out>
</testcase>
<testcase name="Comprehensive Category Testing › Magazines: Full CRUD Lifecycle" classname="e2e/comprehensive-categories.spec.ts" time="10.482">
<failure message="comprehensive-categories.spec.ts:49:5 Magazines: Full CRUD Lifecycle" type="FAILURE">
<![CDATA[  [chromium] › e2e/comprehensive-categories.spec.ts:49:5 › Comprehensive Category Testing › Magazines: Full CRUD Lifecycle 

    TimeoutError: page.waitForSelector: Timeout 10000ms exceeded.
    Call log:
      - waiting for locator('[data-testid="inventory-dashboard"]') to be visible


      4 |   test.beforeEach(async ({ page }) => {
      5 |     await page.goto('/');
    > 6 |     await page.waitForSelector('[data-testid="inventory-dashboard"]', { timeout: 10000 });
        |                ^
      7 |   });
      8 |
      9 |   const categories = [
        at /Users/ghogue/Library/CloudStorage/OneDrive-InsightfulOutcomes,LLC/IS-LTD/APPS/CaliberVaultII/src/test/e2e/comprehensive-categories.spec.ts:6:16

    attachment #1: screenshot (image/png) ──────────────────────────────────────────────────────────
    ../../test-results/e2e-comprehensive-categori-0030e-gazines-Full-CRUD-Lifecycle-chromium/test-failed-1.png
    ────────────────────────────────────────────────────────────────────────────────────────────────

    attachment #2: video (video/webm) ──────────────────────────────────────────────────────────────
    ../../test-results/e2e-comprehensive-categori-0030e-gazines-Full-CRUD-Lifecycle-chromium/video.webm
    ────────────────────────────────────────────────────────────────────────────────────────────────
]]>
</failure>
<system-out>
<![CDATA[
[[ATTACHMENT|e2e-comprehensive-categori-0030e-gazines-Full-CRUD-Lifecycle-chromium/test-failed-1.png]]

[[ATTACHMENT|e2e-comprehensive-categori-0030e-gazines-Full-CRUD-Lifecycle-chromium/video.webm]]
]]>
</system-out>
</testcase>
<testcase name="Comprehensive Category Testing › Accessories: Full CRUD Lifecycle" classname="e2e/comprehensive-categories.spec.ts" time="10.496">
<failure message="comprehensive-categories.spec.ts:49:5 Accessories: Full CRUD Lifecycle" type="FAILURE">
<![CDATA[  [chromium] › e2e/comprehensive-categories.spec.ts:49:5 › Comprehensive Category Testing › Accessories: Full CRUD Lifecycle 

    TimeoutError: page.waitForSelector: Timeout 10000ms exceeded.
    Call log:
      - waiting for locator('[data-testid="inventory-dashboard"]') to be visible


      4 |   test.beforeEach(async ({ page }) => {
      5 |     await page.goto('/');
    > 6 |     await page.waitForSelector('[data-testid="inventory-dashboard"]', { timeout: 10000 });
        |                ^
      7 |   });
      8 |
      9 |   const categories = [
        at /Users/ghogue/Library/CloudStorage/OneDrive-InsightfulOutcomes,LLC/IS-LTD/APPS/CaliberVaultII/src/test/e2e/comprehensive-categories.spec.ts:6:16

    attachment #1: screenshot (image/png) ──────────────────────────────────────────────────────────
    ../../test-results/e2e-comprehensive-categori-c7e32-ssories-Full-CRUD-Lifecycle-chromium/test-failed-1.png
    ────────────────────────────────────────────────────────────────────────────────────────────────

    attachment #2: video (video/webm) ──────────────────────────────────────────────────────────────
    ../../test-results/e2e-comprehensive-categori-c7e32-ssories-Full-CRUD-Lifecycle-chromium/video.webm
    ────────────────────────────────────────────────────────────────────────────────────────────────
]]>
</failure>
<system-out>
<![CDATA[
[[ATTACHMENT|e2e-comprehensive-categori-c7e32-ssories-Full-CRUD-Lifecycle-chromium/test-failed-1.png]]

[[ATTACHMENT|e2e-comprehensive-categori-c7e32-ssories-Full-CRUD-Lifecycle-chromium/video.webm]]
]]>
</system-out>
</testcase>
<testcase name="Comprehensive Category Testing › Reloading: Full CRUD Lifecycle" classname="e2e/comprehensive-categories.spec.ts" time="10.445">
<failure message="comprehensive-categories.spec.ts:49:5 Reloading: Full CRUD Lifecycle" type="FAILURE">
<![CDATA[  [chromium] › e2e/comprehensive-categories.spec.ts:49:5 › Comprehensive Category Testing › Reloading: Full CRUD Lifecycle 

    TimeoutError: page.waitForSelector: Timeout 10000ms exceeded.
    Call log:
      - waiting for locator('[data-testid="inventory-dashboard"]') to be visible


      4 |   test.beforeEach(async ({ page }) => {
      5 |     await page.goto('/');
    > 6 |     await page.waitForSelector('[data-testid="inventory-dashboard"]', { timeout: 10000 });
        |                ^
      7 |   });
      8 |
      9 |   const categories = [
        at /Users/ghogue/Library/CloudStorage/OneDrive-InsightfulOutcomes,LLC/IS-LTD/APPS/CaliberVaultII/src/test/e2e/comprehensive-categories.spec.ts:6:16

    attachment #1: screenshot (image/png) ──────────────────────────────────────────────────────────
    ../../test-results/e2e-comprehensive-categori-6d0c0-loading-Full-CRUD-Lifecycle-chromium/test-failed-1.png
    ────────────────────────────────────────────────────────────────────────────────────────────────

    attachment #2: video (video/webm) ──────────────────────────────────────────────────────────────
    ../../test-results/e2e-comprehensive-categori-6d0c0-loading-Full-CRUD-Lifecycle-chromium/video.webm
    ────────────────────────────────────────────────────────────────────────────────────────────────
]]>
</failure>
<system-out>
<![CDATA[
[[ATTACHMENT|e2e-comprehensive-categori-6d0c0-loading-Full-CRUD-Lifecycle-chromium/test-failed-1.png]]

[[ATTACHMENT|e2e-comprehensive-categori-6d0c0-loading-Full-CRUD-Lifecycle-chromium/video.webm]]
]]>
</system-out>
</testcase>
</testsuite>
<testsuite name="e2e/comprehensive-crud-all-categories.spec.ts" timestamp="2025-11-07T02:55:58.284Z" hostname="chromium" tests="42" failures="42" skipped="0" time="683.54" errors="0">
<testcase name="Comprehensive CRUD Tests - All Categories › Firearms › should create Firearms item" classname="e2e/comprehensive-crud-all-categories.spec.ts" time="30.841">
<failure message="comprehensive-crud-all-categories.spec.ts:24:7 should create Firearms item" type="FAILURE">
<![CDATA[  [chromium] › e2e/comprehensive-crud-all-categories.spec.ts:24:7 › Comprehensive CRUD Tests - All Categories › Firearms › should create Firearms item 

    Test timeout of 30000ms exceeded.

    Error: page.click: Test timeout of 30000ms exceeded.
    Call log:
      - waiting for locator('button:has-text("Add Item")')


      24 |       test(`should create ${category.name} item`, async ({ page }) => {
      25 |         // Click Add Item button
    > 26 |         await page.click('button:has-text("Add Item")');
         |                    ^
      27 |         
      28 |         // Select category
      29 |         await page.click(`text=${category.name}`);
        at /Users/ghogue/Library/CloudStorage/OneDrive-InsightfulOutcomes,LLC/IS-LTD/APPS/CaliberVaultII/src/test/e2e/comprehensive-crud-all-categories.spec.ts:26:20

    attachment #1: screenshot (image/png) ──────────────────────────────────────────────────────────
    ../../test-results/e2e-comprehensive-crud-all-666d1-should-create-Firearms-item-chromium/test-failed-1.png
    ────────────────────────────────────────────────────────────────────────────────────────────────

    attachment #2: video (video/webm) ──────────────────────────────────────────────────────────────
    ../../test-results/e2e-comprehensive-crud-all-666d1-should-create-Firearms-item-chromium/video.webm
    ────────────────────────────────────────────────────────────────────────────────────────────────
]]>
</failure>
<system-out>
<![CDATA[
[[ATTACHMENT|e2e-comprehensive-crud-all-666d1-should-create-Firearms-item-chromium/test-failed-1.png]]

[[ATTACHMENT|e2e-comprehensive-crud-all-666d1-should-create-Firearms-item-chromium/video.webm]]
]]>
</system-out>
</testcase>
<testcase name="Comprehensive CRUD Tests - All Categories › Firearms › should read Firearms item" classname="e2e/comprehensive-crud-all-categories.spec.ts" time="30.845">
<failure message="comprehensive-crud-all-categories.spec.ts:44:7 should read Firearms item" type="FAILURE">
<![CDATA[  [chromium] › e2e/comprehensive-crud-all-categories.spec.ts:44:7 › Comprehensive CRUD Tests - All Categories › Firearms › should read Firearms item 

    Test timeout of 30000ms exceeded.

    Error: page.click: Test timeout of 30000ms exceeded.
    Call log:
      - waiting for locator('button:has-text("Filter")')


      44 |       test(`should read ${category.name} item`, async ({ page }) => {
      45 |         // Filter by category
    > 46 |         await page.click('button:has-text("Filter")');
         |                    ^
      47 |         await page.click(`text=${category.name}`);
      48 |         
      49 |         // Verify items are displayed
        at /Users/ghogue/Library/CloudStorage/OneDrive-InsightfulOutcomes,LLC/IS-LTD/APPS/CaliberVaultII/src/test/e2e/comprehensive-crud-all-categories.spec.ts:46:20

    attachment #1: screenshot (image/png) ──────────────────────────────────────────────────────────
    ../../test-results/e2e-comprehensive-crud-all-02e86-s-should-read-Firearms-item-chromium/test-failed-1.png
    ────────────────────────────────────────────────────────────────────────────────────────────────

    attachment #2: video (video/webm) ──────────────────────────────────────────────────────────────
    ../../test-results/e2e-comprehensive-crud-all-02e86-s-should-read-Firearms-item-chromium/video.webm
    ────────────────────────────────────────────────────────────────────────────────────────────────
]]>
</failure>
<system-out>
<![CDATA[
[[ATTACHMENT|e2e-comprehensive-crud-all-02e86-s-should-read-Firearms-item-chromium/test-failed-1.png]]

[[ATTACHMENT|e2e-comprehensive-crud-all-02e86-s-should-read-Firearms-item-chromium/video.webm]]
]]>
</system-out>
</testcase>
<testcase name="Comprehensive CRUD Tests - All Categories › Firearms › should update Firearms item" classname="e2e/comprehensive-crud-all-categories.spec.ts" time="0.224">
<failure message="comprehensive-crud-all-categories.spec.ts:53:7 should update Firearms item" type="FAILURE">
<![CDATA[  [chromium] › e2e/comprehensive-crud-all-categories.spec.ts:53:7 › Comprehensive CRUD Tests - All Categories › Firearms › should update Firearms item 

    TypeError: page.click(...).first is not a function

      53 |       test(`should update ${category.name} item`, async ({ page }) => {
      54 |         // Click on first item
    > 55 |         await page.click('[data-testid="item-card"]').first();
         |                                                       ^
      56 |         
      57 |         // Click edit button
      58 |         await page.click('button:has-text("Edit")');
        at /Users/ghogue/Library/CloudStorage/OneDrive-InsightfulOutcomes,LLC/IS-LTD/APPS/CaliberVaultII/src/test/e2e/comprehensive-crud-all-categories.spec.ts:55:55

    Error: page.click: Test ended.
    Call log:
      - waiting for locator('[data-testid="item-card"]')


      53 |       test(`should update ${category.name} item`, async ({ page }) => {
      54 |         // Click on first item
    > 55 |         await page.click('[data-testid="item-card"]').first();
         |                    ^
      56 |         
      57 |         // Click edit button
      58 |         await page.click('button:has-text("Edit")');
        at /Users/ghogue/Library/CloudStorage/OneDrive-InsightfulOutcomes,LLC/IS-LTD/APPS/CaliberVaultII/src/test/e2e/comprehensive-crud-all-categories.spec.ts:55:20

    attachment #1: screenshot (image/png) ──────────────────────────────────────────────────────────
    ../../test-results/e2e-comprehensive-crud-all-c0418-should-update-Firearms-item-chromium/test-failed-1.png
    ────────────────────────────────────────────────────────────────────────────────────────────────
]]>
</failure>
<system-out>
<![CDATA[
[[ATTACHMENT|e2e-comprehensive-crud-all-c0418-should-update-Firearms-item-chromium/test-failed-1.png]]
]]>
</system-out>
</testcase>
<testcase name="Comprehensive CRUD Tests - All Categories › Firearms › should delete Firearms item" classname="e2e/comprehensive-crud-all-categories.spec.ts" time="0.174">
<failure message="comprehensive-crud-all-categories.spec.ts:72:7 should delete Firearms item" type="FAILURE">
<![CDATA[  [chromium] › e2e/comprehensive-crud-all-categories.spec.ts:72:7 › Comprehensive CRUD Tests - All Categories › Firearms › should delete Firearms item 

    TypeError: page.click(...).first is not a function

      72 |       test(`should delete ${category.name} item`, async ({ page }) => {
      73 |         // Click on first item
    > 74 |         await page.click('[data-testid="item-card"]').first();
         |                                                       ^
      75 |         
      76 |         // Click delete button
      77 |         await page.click('button:has-text("Delete")');
        at /Users/ghogue/Library/CloudStorage/OneDrive-InsightfulOutcomes,LLC/IS-LTD/APPS/CaliberVaultII/src/test/e2e/comprehensive-crud-all-categories.spec.ts:74:55

    Error: page.click: Test ended.
    Call log:
      - waiting for locator('[data-testid="item-card"]')


      72 |       test(`should delete ${category.name} item`, async ({ page }) => {
      73 |         // Click on first item
    > 74 |         await page.click('[data-testid="item-card"]').first();
         |                    ^
      75 |         
      76 |         // Click delete button
      77 |         await page.click('button:has-text("Delete")');
        at /Users/ghogue/Library/CloudStorage/OneDrive-InsightfulOutcomes,LLC/IS-LTD/APPS/CaliberVaultII/src/test/e2e/comprehensive-crud-all-categories.spec.ts:74:20

    attachment #1: screenshot (image/png) ──────────────────────────────────────────────────────────
    ../../test-results/e2e-comprehensive-crud-all-4449d-should-delete-Firearms-item-chromium/test-failed-1.png
    ────────────────────────────────────────────────────────────────────────────────────────────────
]]>
</failure>
<system-out>
<![CDATA[
[[ATTACHMENT|e2e-comprehensive-crud-all-4449d-should-delete-Firearms-item-chromium/test-failed-1.png]]
]]>
</system-out>
</testcase>
<testcase name="Comprehensive CRUD Tests - All Categories › Ammunition › should create Ammunition item" classname="e2e/comprehensive-crud-all-categories.spec.ts" time="30.86">
<failure message="comprehensive-crud-all-categories.spec.ts:24:7 should create Ammunition item" type="FAILURE">
<![CDATA[  [chromium] › e2e/comprehensive-crud-all-categories.spec.ts:24:7 › Comprehensive CRUD Tests - All Categories › Ammunition › should create Ammunition item 

    Test timeout of 30000ms exceeded.

    Error: page.click: Test timeout of 30000ms exceeded.
    Call log:
      - waiting for locator('button:has-text("Add Item")')


      24 |       test(`should create ${category.name} item`, async ({ page }) => {
      25 |         // Click Add Item button
    > 26 |         await page.click('button:has-text("Add Item")');
         |                    ^
      27 |         
      28 |         // Select category
      29 |         await page.click(`text=${category.name}`);
        at /Users/ghogue/Library/CloudStorage/OneDrive-InsightfulOutcomes,LLC/IS-LTD/APPS/CaliberVaultII/src/test/e2e/comprehensive-crud-all-categories.spec.ts:26:20

    attachment #1: screenshot (image/png) ──────────────────────────────────────────────────────────
    ../../test-results/e2e-comprehensive-crud-all-57a4a-ould-create-Ammunition-item-chromium/test-failed-1.png
    ────────────────────────────────────────────────────────────────────────────────────────────────

    attachment #2: video (video/webm) ──────────────────────────────────────────────────────────────
    ../../test-results/e2e-comprehensive-crud-all-57a4a-ould-create-Ammunition-item-chromium/video.webm
    ────────────────────────────────────────────────────────────────────────────────────────────────
]]>
</failure>
<system-out>
<![CDATA[
[[ATTACHMENT|e2e-comprehensive-crud-all-57a4a-ould-create-Ammunition-item-chromium/test-failed-1.png]]

[[ATTACHMENT|e2e-comprehensive-crud-all-57a4a-ould-create-Ammunition-item-chromium/video.webm]]
]]>
</system-out>
</testcase>
<testcase name="Comprehensive CRUD Tests - All Categories › Ammunition › should read Ammunition item" classname="e2e/comprehensive-crud-all-categories.spec.ts" time="30.878">
<failure message="comprehensive-crud-all-categories.spec.ts:44:7 should read Ammunition item" type="FAILURE">
<![CDATA[  [chromium] › e2e/comprehensive-crud-all-categories.spec.ts:44:7 › Comprehensive CRUD Tests - All Categories › Ammunition › should read Ammunition item 

    Test timeout of 30000ms exceeded.

    Error: page.click: Test timeout of 30000ms exceeded.
    Call log:
      - waiting for locator('button:has-text("Filter")')


      44 |       test(`should read ${category.name} item`, async ({ page }) => {
      45 |         // Filter by category
    > 46 |         await page.click('button:has-text("Filter")');
         |                    ^
      47 |         await page.click(`text=${category.name}`);
      48 |         
      49 |         // Verify items are displayed
        at /Users/ghogue/Library/CloudStorage/OneDrive-InsightfulOutcomes,LLC/IS-LTD/APPS/CaliberVaultII/src/test/e2e/comprehensive-crud-all-categories.spec.ts:46:20

    attachment #1: screenshot (image/png) ──────────────────────────────────────────────────────────
    ../../test-results/e2e-comprehensive-crud-all-09f37-should-read-Ammunition-item-chromium/test-failed-1.png
    ────────────────────────────────────────────────────────────────────────────────────────────────

    attachment #2: video (video/webm) ──────────────────────────────────────────────────────────────
    ../../test-results/e2e-comprehensive-crud-all-09f37-should-read-Ammunition-item-chromium/video.webm
    ────────────────────────────────────────────────────────────────────────────────────────────────
]]>
</failure>
<system-out>
<![CDATA[
[[ATTACHMENT|e2e-comprehensive-crud-all-09f37-should-read-Ammunition-item-chromium/test-failed-1.png]]

[[ATTACHMENT|e2e-comprehensive-crud-all-09f37-should-read-Ammunition-item-chromium/video.webm]]
]]>
</system-out>
</testcase>
<testcase name="Comprehensive CRUD Tests - All Categories › Ammunition › should update Ammunition item" classname="e2e/comprehensive-crud-all-categories.spec.ts" time="0.173">
<failure message="comprehensive-crud-all-categories.spec.ts:53:7 should update Ammunition item" type="FAILURE">
<![CDATA[  [chromium] › e2e/comprehensive-crud-all-categories.spec.ts:53:7 › Comprehensive CRUD Tests - All Categories › Ammunition › should update Ammunition item 

    TypeError: page.click(...).first is not a function

      53 |       test(`should update ${category.name} item`, async ({ page }) => {
      54 |         // Click on first item
    > 55 |         await page.click('[data-testid="item-card"]').first();
         |                                                       ^
      56 |         
      57 |         // Click edit button
      58 |         await page.click('button:has-text("Edit")');
        at /Users/ghogue/Library/CloudStorage/OneDrive-InsightfulOutcomes,LLC/IS-LTD/APPS/CaliberVaultII/src/test/e2e/comprehensive-crud-all-categories.spec.ts:55:55

    Error: page.click: Test ended.
    Call log:
      - waiting for locator('[data-testid="item-card"]')


      53 |       test(`should update ${category.name} item`, async ({ page }) => {
      54 |         // Click on first item
    > 55 |         await page.click('[data-testid="item-card"]').first();
         |                    ^
      56 |         
      57 |         // Click edit button
      58 |         await page.click('button:has-text("Edit")');
        at /Users/ghogue/Library/CloudStorage/OneDrive-InsightfulOutcomes,LLC/IS-LTD/APPS/CaliberVaultII/src/test/e2e/comprehensive-crud-all-categories.spec.ts:55:20

    attachment #1: screenshot (image/png) ──────────────────────────────────────────────────────────
    ../../test-results/e2e-comprehensive-crud-all-0b99f-ould-update-Ammunition-item-chromium/test-failed-1.png
    ────────────────────────────────────────────────────────────────────────────────────────────────

    attachment #2: video (video/webm) ──────────────────────────────────────────────────────────────
    ../../test-results/e2e-comprehensive-crud-all-0b99f-ould-update-Ammunition-item-chromium/video.webm
    ────────────────────────────────────────────────────────────────────────────────────────────────
]]>
</failure>
<system-out>
<![CDATA[
[[ATTACHMENT|e2e-comprehensive-crud-all-0b99f-ould-update-Ammunition-item-chromium/test-failed-1.png]]

[[ATTACHMENT|e2e-comprehensive-crud-all-0b99f-ould-update-Ammunition-item-chromium/video.webm]]
]]>
</system-out>
</testcase>
<testcase name="Comprehensive CRUD Tests - All Categories › Ammunition › should delete Ammunition item" classname="e2e/comprehensive-crud-all-categories.spec.ts" time="0.178">
<failure message="comprehensive-crud-all-categories.spec.ts:72:7 should delete Ammunition item" type="FAILURE">
<![CDATA[  [chromium] › e2e/comprehensive-crud-all-categories.spec.ts:72:7 › Comprehensive CRUD Tests - All Categories › Ammunition › should delete Ammunition item 

    TypeError: page.click(...).first is not a function

      72 |       test(`should delete ${category.name} item`, async ({ page }) => {
      73 |         // Click on first item
    > 74 |         await page.click('[data-testid="item-card"]').first();
         |                                                       ^
      75 |         
      76 |         // Click delete button
      77 |         await page.click('button:has-text("Delete")');
        at /Users/ghogue/Library/CloudStorage/OneDrive-InsightfulOutcomes,LLC/IS-LTD/APPS/CaliberVaultII/src/test/e2e/comprehensive-crud-all-categories.spec.ts:74:55

    Error: page.click: Test ended.
    Call log:
      - waiting for locator('[data-testid="item-card"]')


      72 |       test(`should delete ${category.name} item`, async ({ page }) => {
      73 |         // Click on first item
    > 74 |         await page.click('[data-testid="item-card"]').first();
         |                    ^
      75 |         
      76 |         // Click delete button
      77 |         await page.click('button:has-text("Delete")');
        at /Users/ghogue/Library/CloudStorage/OneDrive-InsightfulOutcomes,LLC/IS-LTD/APPS/CaliberVaultII/src/test/e2e/comprehensive-crud-all-categories.spec.ts:74:20

    attachment #1: screenshot (image/png) ──────────────────────────────────────────────────────────
    ../../test-results/e2e-comprehensive-crud-all-16a84-ould-delete-Ammunition-item-chromium/test-failed-1.png
    ────────────────────────────────────────────────────────────────────────────────────────────────
]]>
</failure>
<system-out>
<![CDATA[
[[ATTACHMENT|e2e-comprehensive-crud-all-16a84-ould-delete-Ammunition-item-chromium/test-failed-1.png]]
]]>
</system-out>
</testcase>
<testcase name="Comprehensive CRUD Tests - All Categories › Optics › should create Optics item" classname="e2e/comprehensive-crud-all-categories.spec.ts" time="30.853">
<failure message="comprehensive-crud-all-categories.spec.ts:24:7 should create Optics item" type="FAILURE">
<![CDATA[  [chromium] › e2e/comprehensive-crud-all-categories.spec.ts:24:7 › Comprehensive CRUD Tests - All Categories › Optics › should create Optics item 

    Test timeout of 30000ms exceeded.

    Error: page.click: Test timeout of 30000ms exceeded.
    Call log:
      - waiting for locator('button:has-text("Add Item")')


      24 |       test(`should create ${category.name} item`, async ({ page }) => {
      25 |         // Click Add Item button
    > 26 |         await page.click('button:has-text("Add Item")');
         |                    ^
      27 |         
      28 |         // Select category
      29 |         await page.click(`text=${category.name}`);
        at /Users/ghogue/Library/CloudStorage/OneDrive-InsightfulOutcomes,LLC/IS-LTD/APPS/CaliberVaultII/src/test/e2e/comprehensive-crud-all-categories.spec.ts:26:20

    attachment #1: screenshot (image/png) ──────────────────────────────────────────────────────────
    ../../test-results/e2e-comprehensive-crud-all-04dce-s-should-create-Optics-item-chromium/test-failed-1.png
    ────────────────────────────────────────────────────────────────────────────────────────────────

    attachment #2: video (video/webm) ──────────────────────────────────────────────────────────────
    ../../test-results/e2e-comprehensive-crud-all-04dce-s-should-create-Optics-item-chromium/video.webm
    ────────────────────────────────────────────────────────────────────────────────────────────────
]]>
</failure>
<system-out>
<![CDATA[
[[ATTACHMENT|e2e-comprehensive-crud-all-04dce-s-should-create-Optics-item-chromium/test-failed-1.png]]

[[ATTACHMENT|e2e-comprehensive-crud-all-04dce-s-should-create-Optics-item-chromium/video.webm]]
]]>
</system-out>
</testcase>
<testcase name="Comprehensive CRUD Tests - All Categories › Optics › should read Optics item" classname="e2e/comprehensive-crud-all-categories.spec.ts" time="30.858">
<failure message="comprehensive-crud-all-categories.spec.ts:44:7 should read Optics item" type="FAILURE">
<![CDATA[  [chromium] › e2e/comprehensive-crud-all-categories.spec.ts:44:7 › Comprehensive CRUD Tests - All Categories › Optics › should read Optics item 

    Test timeout of 30000ms exceeded.

    Error: page.click: Test timeout of 30000ms exceeded.
    Call log:
      - waiting for locator('button:has-text("Filter")')


      44 |       test(`should read ${category.name} item`, async ({ page }) => {
      45 |         // Filter by category
    > 46 |         await page.click('button:has-text("Filter")');
         |                    ^
      47 |         await page.click(`text=${category.name}`);
      48 |         
      49 |         // Verify items are displayed
        at /Users/ghogue/Library/CloudStorage/OneDrive-InsightfulOutcomes,LLC/IS-LTD/APPS/CaliberVaultII/src/test/e2e/comprehensive-crud-all-categories.spec.ts:46:20

    attachment #1: screenshot (image/png) ──────────────────────────────────────────────────────────
    ../../test-results/e2e-comprehensive-crud-all-c4d05-ics-should-read-Optics-item-chromium/test-failed-1.png
    ────────────────────────────────────────────────────────────────────────────────────────────────

    attachment #2: video (video/webm) ──────────────────────────────────────────────────────────────
    ../../test-results/e2e-comprehensive-crud-all-c4d05-ics-should-read-Optics-item-chromium/video.webm
    ────────────────────────────────────────────────────────────────────────────────────────────────
]]>
</failure>
<system-out>
<![CDATA[
[[ATTACHMENT|e2e-comprehensive-crud-all-c4d05-ics-should-read-Optics-item-chromium/test-failed-1.png]]

[[ATTACHMENT|e2e-comprehensive-crud-all-c4d05-ics-should-read-Optics-item-chromium/video.webm]]
]]>
</system-out>
</testcase>
<testcase name="Comprehensive CRUD Tests - All Categories › Optics › should update Optics item" classname="e2e/comprehensive-crud-all-categories.spec.ts" time="0.174">
<failure message="comprehensive-crud-all-categories.spec.ts:53:7 should update Optics item" type="FAILURE">
<![CDATA[  [chromium] › e2e/comprehensive-crud-all-categories.spec.ts:53:7 › Comprehensive CRUD Tests - All Categories › Optics › should update Optics item 

    TypeError: page.click(...).first is not a function

      53 |       test(`should update ${category.name} item`, async ({ page }) => {
      54 |         // Click on first item
    > 55 |         await page.click('[data-testid="item-card"]').first();
         |                                                       ^
      56 |         
      57 |         // Click edit button
      58 |         await page.click('button:has-text("Edit")');
        at /Users/ghogue/Library/CloudStorage/OneDrive-InsightfulOutcomes,LLC/IS-LTD/APPS/CaliberVaultII/src/test/e2e/comprehensive-crud-all-categories.spec.ts:55:55

    Error: page.click: Test ended.
    Call log:
      - waiting for locator('[data-testid="item-card"]')


      53 |       test(`should update ${category.name} item`, async ({ page }) => {
      54 |         // Click on first item
    > 55 |         await page.click('[data-testid="item-card"]').first();
         |                    ^
      56 |         
      57 |         // Click edit button
      58 |         await page.click('button:has-text("Edit")');
        at /Users/ghogue/Library/CloudStorage/OneDrive-InsightfulOutcomes,LLC/IS-LTD/APPS/CaliberVaultII/src/test/e2e/comprehensive-crud-all-categories.spec.ts:55:20

    attachment #1: screenshot (image/png) ──────────────────────────────────────────────────────────
    ../../test-results/e2e-comprehensive-crud-all-23546-s-should-update-Optics-item-chromium/test-failed-1.png
    ────────────────────────────────────────────────────────────────────────────────────────────────
]]>
</failure>
<system-out>
<![CDATA[
[[ATTACHMENT|e2e-comprehensive-crud-all-23546-s-should-update-Optics-item-chromium/test-failed-1.png]]
]]>
</system-out>
</testcase>
<testcase name="Comprehensive CRUD Tests - All Categories › Optics › should delete Optics item" classname="e2e/comprehensive-crud-all-categories.spec.ts" time="0.205">
<failure message="comprehensive-crud-all-categories.spec.ts:72:7 should delete Optics item" type="FAILURE">
<![CDATA[  [chromium] › e2e/comprehensive-crud-all-categories.spec.ts:72:7 › Comprehensive CRUD Tests - All Categories › Optics › should delete Optics item 

    TypeError: page.click(...).first is not a function

      72 |       test(`should delete ${category.name} item`, async ({ page }) => {
      73 |         // Click on first item
    > 74 |         await page.click('[data-testid="item-card"]').first();
         |                                                       ^
      75 |         
      76 |         // Click delete button
      77 |         await page.click('button:has-text("Delete")');
        at /Users/ghogue/Library/CloudStorage/OneDrive-InsightfulOutcomes,LLC/IS-LTD/APPS/CaliberVaultII/src/test/e2e/comprehensive-crud-all-categories.spec.ts:74:55

    Error: page.click: Test ended.
    Call log:
      - waiting for locator('[data-testid="item-card"]')


      72 |       test(`should delete ${category.name} item`, async ({ page }) => {
      73 |         // Click on first item
    > 74 |         await page.click('[data-testid="item-card"]').first();
         |                    ^
      75 |         
      76 |         // Click delete button
      77 |         await page.click('button:has-text("Delete")');
        at /Users/ghogue/Library/CloudStorage/OneDrive-InsightfulOutcomes,LLC/IS-LTD/APPS/CaliberVaultII/src/test/e2e/comprehensive-crud-all-categories.spec.ts:74:20

    attachment #1: screenshot (image/png) ──────────────────────────────────────────────────────────
    ../../test-results/e2e-comprehensive-crud-all-acf36-s-should-delete-Optics-item-chromium/test-failed-1.png
    ────────────────────────────────────────────────────────────────────────────────────────────────
]]>
</failure>
<system-out>
<![CDATA[
[[ATTACHMENT|e2e-comprehensive-crud-all-acf36-s-should-delete-Optics-item-chromium/test-failed-1.png]]
]]>
</system-out>
</testcase>
<testcase name="Comprehensive CRUD Tests - All Categories › Magazines › should create Magazines item" classname="e2e/comprehensive-crud-all-categories.spec.ts" time="30.851">
<failure message="comprehensive-crud-all-categories.spec.ts:24:7 should create Magazines item" type="FAILURE">
<![CDATA[  [chromium] › e2e/comprehensive-crud-all-categories.spec.ts:24:7 › Comprehensive CRUD Tests - All Categories › Magazines › should create Magazines item 

    Test timeout of 30000ms exceeded.

    Error: page.click: Test timeout of 30000ms exceeded.
    Call log:
      - waiting for locator('button:has-text("Add Item")')


      24 |       test(`should create ${category.name} item`, async ({ page }) => {
      25 |         // Click Add Item button
    > 26 |         await page.click('button:has-text("Add Item")');
         |                    ^
      27 |         
      28 |         // Select category
      29 |         await page.click(`text=${category.name}`);
        at /Users/ghogue/Library/CloudStorage/OneDrive-InsightfulOutcomes,LLC/IS-LTD/APPS/CaliberVaultII/src/test/e2e/comprehensive-crud-all-categories.spec.ts:26:20

    attachment #1: screenshot (image/png) ──────────────────────────────────────────────────────────
    ../../test-results/e2e-comprehensive-crud-all-11669-hould-create-Magazines-item-chromium/test-failed-1.png
    ────────────────────────────────────────────────────────────────────────────────────────────────

    attachment #2: video (video/webm) ──────────────────────────────────────────────────────────────
    ../../test-results/e2e-comprehensive-crud-all-11669-hould-create-Magazines-item-chromium/video.webm
    ────────────────────────────────────────────────────────────────────────────────────────────────
]]>
</failure>
<system-out>
<![CDATA[
[[ATTACHMENT|e2e-comprehensive-crud-all-11669-hould-create-Magazines-item-chromium/test-failed-1.png]]

[[ATTACHMENT|e2e-comprehensive-crud-all-11669-hould-create-Magazines-item-chromium/video.webm]]
]]>
</system-out>
</testcase>
<testcase name="Comprehensive CRUD Tests - All Categories › Magazines › should read Magazines item" classname="e2e/comprehensive-crud-all-categories.spec.ts" time="30.851">
<failure message="comprehensive-crud-all-categories.spec.ts:44:7 should read Magazines item" type="FAILURE">
<![CDATA[  [chromium] › e2e/comprehensive-crud-all-categories.spec.ts:44:7 › Comprehensive CRUD Tests - All Categories › Magazines › should read Magazines item 

    Test timeout of 30000ms exceeded.

    Error: page.click: Test timeout of 30000ms exceeded.
    Call log:
      - waiting for locator('button:has-text("Filter")')


      44 |       test(`should read ${category.name} item`, async ({ page }) => {
      45 |         // Filter by category
    > 46 |         await page.click('button:has-text("Filter")');
         |                    ^
      47 |         await page.click(`text=${category.name}`);
      48 |         
      49 |         // Verify items are displayed
        at /Users/ghogue/Library/CloudStorage/OneDrive-InsightfulOutcomes,LLC/IS-LTD/APPS/CaliberVaultII/src/test/e2e/comprehensive-crud-all-categories.spec.ts:46:20

    attachment #1: screenshot (image/png) ──────────────────────────────────────────────────────────
    ../../test-results/e2e-comprehensive-crud-all-2b1c4--should-read-Magazines-item-chromium/test-failed-1.png
    ────────────────────────────────────────────────────────────────────────────────────────────────

    attachment #2: video (video/webm) ──────────────────────────────────────────────────────────────
    ../../test-results/e2e-comprehensive-crud-all-2b1c4--should-read-Magazines-item-chromium/video.webm
    ────────────────────────────────────────────────────────────────────────────────────────────────
]]>
</failure>
<system-out>
<![CDATA[
[[ATTACHMENT|e2e-comprehensive-crud-all-2b1c4--should-read-Magazines-item-chromium/test-failed-1.png]]

[[ATTACHMENT|e2e-comprehensive-crud-all-2b1c4--should-read-Magazines-item-chromium/video.webm]]
]]>
</system-out>
</testcase>
<testcase name="Comprehensive CRUD Tests - All Categories › Magazines › should update Magazines item" classname="e2e/comprehensive-crud-all-categories.spec.ts" time="0.196">
<failure message="comprehensive-crud-all-categories.spec.ts:53:7 should update Magazines item" type="FAILURE">
<![CDATA[  [chromium] › e2e/comprehensive-crud-all-categories.spec.ts:53:7 › Comprehensive CRUD Tests - All Categories › Magazines › should update Magazines item 

    TypeError: page.click(...).first is not a function

      53 |       test(`should update ${category.name} item`, async ({ page }) => {
      54 |         // Click on first item
    > 55 |         await page.click('[data-testid="item-card"]').first();
         |                                                       ^
      56 |         
      57 |         // Click edit button
      58 |         await page.click('button:has-text("Edit")');
        at /Users/ghogue/Library/CloudStorage/OneDrive-InsightfulOutcomes,LLC/IS-LTD/APPS/CaliberVaultII/src/test/e2e/comprehensive-crud-all-categories.spec.ts:55:55

    Error: page.click: Test ended.
    Call log:
      - waiting for locator('[data-testid="item-card"]')


      53 |       test(`should update ${category.name} item`, async ({ page }) => {
      54 |         // Click on first item
    > 55 |         await page.click('[data-testid="item-card"]').first();
         |                    ^
      56 |         
      57 |         // Click edit button
      58 |         await page.click('button:has-text("Edit")');
        at /Users/ghogue/Library/CloudStorage/OneDrive-InsightfulOutcomes,LLC/IS-LTD/APPS/CaliberVaultII/src/test/e2e/comprehensive-crud-all-categories.spec.ts:55:20

    attachment #1: screenshot (image/png) ──────────────────────────────────────────────────────────
    ../../test-results/e2e-comprehensive-crud-all-fb515-hould-update-Magazines-item-chromium/test-failed-1.png
    ────────────────────────────────────────────────────────────────────────────────────────────────
]]>
</failure>
<system-out>
<![CDATA[
[[ATTACHMENT|e2e-comprehensive-crud-all-fb515-hould-update-Magazines-item-chromium/test-failed-1.png]]
]]>
</system-out>
</testcase>
<testcase name="Comprehensive CRUD Tests - All Categories › Magazines › should delete Magazines item" classname="e2e/comprehensive-crud-all-categories.spec.ts" time="0.173">
<failure message="comprehensive-crud-all-categories.spec.ts:72:7 should delete Magazines item" type="FAILURE">
<![CDATA[  [chromium] › e2e/comprehensive-crud-all-categories.spec.ts:72:7 › Comprehensive CRUD Tests - All Categories › Magazines › should delete Magazines item 

    TypeError: page.click(...).first is not a function

      72 |       test(`should delete ${category.name} item`, async ({ page }) => {
      73 |         // Click on first item
    > 74 |         await page.click('[data-testid="item-card"]').first();
         |                                                       ^
      75 |         
      76 |         // Click delete button
      77 |         await page.click('button:has-text("Delete")');
        at /Users/ghogue/Library/CloudStorage/OneDrive-InsightfulOutcomes,LLC/IS-LTD/APPS/CaliberVaultII/src/test/e2e/comprehensive-crud-all-categories.spec.ts:74:55

    Error: page.click: Test ended.
    Call log:
      - waiting for locator('[data-testid="item-card"]')


      72 |       test(`should delete ${category.name} item`, async ({ page }) => {
      73 |         // Click on first item
    > 74 |         await page.click('[data-testid="item-card"]').first();
         |                    ^
      75 |         
      76 |         // Click delete button
      77 |         await page.click('button:has-text("Delete")');
        at /Users/ghogue/Library/CloudStorage/OneDrive-InsightfulOutcomes,LLC/IS-LTD/APPS/CaliberVaultII/src/test/e2e/comprehensive-crud-all-categories.spec.ts:74:20

    attachment #1: screenshot (image/png) ──────────────────────────────────────────────────────────
    ../../test-results/e2e-comprehensive-crud-all-71bbd-hould-delete-Magazines-item-chromium/test-failed-1.png
    ────────────────────────────────────────────────────────────────────────────────────────────────
]]>
</failure>
<system-out>
<![CDATA[
[[ATTACHMENT|e2e-comprehensive-crud-all-71bbd-hould-delete-Magazines-item-chromium/test-failed-1.png]]
]]>
</system-out>
</testcase>
<testcase name="Comprehensive CRUD Tests - All Categories › Accessories › should create Accessories item" classname="e2e/comprehensive-crud-all-categories.spec.ts" time="30.912">
<failure message="comprehensive-crud-all-categories.spec.ts:24:7 should create Accessories item" type="FAILURE">
<![CDATA[  [chromium] › e2e/comprehensive-crud-all-categories.spec.ts:24:7 › Comprehensive CRUD Tests - All Categories › Accessories › should create Accessories item 

    Test timeout of 30000ms exceeded.

    Error: page.click: Test timeout of 30000ms exceeded.
    Call log:
      - waiting for locator('button:has-text("Add Item")')


      24 |       test(`should create ${category.name} item`, async ({ page }) => {
      25 |         // Click Add Item button
    > 26 |         await page.click('button:has-text("Add Item")');
         |                    ^
      27 |         
      28 |         // Select category
      29 |         await page.click(`text=${category.name}`);
        at /Users/ghogue/Library/CloudStorage/OneDrive-InsightfulOutcomes,LLC/IS-LTD/APPS/CaliberVaultII/src/test/e2e/comprehensive-crud-all-categories.spec.ts:26:20

    attachment #1: screenshot (image/png) ──────────────────────────────────────────────────────────
    ../../test-results/e2e-comprehensive-crud-all-598d0-uld-create-Accessories-item-chromium/test-failed-1.png
    ────────────────────────────────────────────────────────────────────────────────────────────────

    attachment #2: video (video/webm) ──────────────────────────────────────────────────────────────
    ../../test-results/e2e-comprehensive-crud-all-598d0-uld-create-Accessories-item-chromium/video.webm
    ────────────────────────────────────────────────────────────────────────────────────────────────
]]>
</failure>
<system-out>
<![CDATA[
[[ATTACHMENT|e2e-comprehensive-crud-all-598d0-uld-create-Accessories-item-chromium/test-failed-1.png]]

[[ATTACHMENT|e2e-comprehensive-crud-all-598d0-uld-create-Accessories-item-chromium/video.webm]]
]]>
</system-out>
</testcase>
<testcase name="Comprehensive CRUD Tests - All Categories › Accessories › should read Accessories item" classname="e2e/comprehensive-crud-all-categories.spec.ts" time="30.89">
<failure message="comprehensive-crud-all-categories.spec.ts:44:7 should read Accessories item" type="FAILURE">
<![CDATA[  [chromium] › e2e/comprehensive-crud-all-categories.spec.ts:44:7 › Comprehensive CRUD Tests - All Categories › Accessories › should read Accessories item 

    Test timeout of 30000ms exceeded.

    Error: page.click: Test timeout of 30000ms exceeded.
    Call log:
      - waiting for locator('button:has-text("Filter")')


      44 |       test(`should read ${category.name} item`, async ({ page }) => {
      45 |         // Filter by category
    > 46 |         await page.click('button:has-text("Filter")');
         |                    ^
      47 |         await page.click(`text=${category.name}`);
      48 |         
      49 |         // Verify items are displayed
        at /Users/ghogue/Library/CloudStorage/OneDrive-InsightfulOutcomes,LLC/IS-LTD/APPS/CaliberVaultII/src/test/e2e/comprehensive-crud-all-categories.spec.ts:46:20

    attachment #1: screenshot (image/png) ──────────────────────────────────────────────────────────
    ../../test-results/e2e-comprehensive-crud-all-67c34-hould-read-Accessories-item-chromium/test-failed-1.png
    ────────────────────────────────────────────────────────────────────────────────────────────────

    attachment #2: video (video/webm) ──────────────────────────────────────────────────────────────
    ../../test-results/e2e-comprehensive-crud-all-67c34-hould-read-Accessories-item-chromium/video.webm
    ────────────────────────────────────────────────────────────────────────────────────────────────
]]>
</failure>
<system-out>
<![CDATA[
[[ATTACHMENT|e2e-comprehensive-crud-all-67c34-hould-read-Accessories-item-chromium/test-failed-1.png]]

[[ATTACHMENT|e2e-comprehensive-crud-all-67c34-hould-read-Accessories-item-chromium/video.webm]]
]]>
</system-out>
</testcase>
<testcase name="Comprehensive CRUD Tests - All Categories › Accessories › should update Accessories item" classname="e2e/comprehensive-crud-all-categories.spec.ts" time="0.21">
<failure message="comprehensive-crud-all-categories.spec.ts:53:7 should update Accessories item" type="FAILURE">
<![CDATA[  [chromium] › e2e/comprehensive-crud-all-categories.spec.ts:53:7 › Comprehensive CRUD Tests - All Categories › Accessories › should update Accessories item 

    TypeError: page.click(...).first is not a function

      53 |       test(`should update ${category.name} item`, async ({ page }) => {
      54 |         // Click on first item
    > 55 |         await page.click('[data-testid="item-card"]').first();
         |                                                       ^
      56 |         
      57 |         // Click edit button
      58 |         await page.click('button:has-text("Edit")');
        at /Users/ghogue/Library/CloudStorage/OneDrive-InsightfulOutcomes,LLC/IS-LTD/APPS/CaliberVaultII/src/test/e2e/comprehensive-crud-all-categories.spec.ts:55:55

    Error: page.click: Test ended.
    Call log:
      - waiting for locator('[data-testid="item-card"]')


      53 |       test(`should update ${category.name} item`, async ({ page }) => {
      54 |         // Click on first item
    > 55 |         await page.click('[data-testid="item-card"]').first();
         |                    ^
      56 |         
      57 |         // Click edit button
      58 |         await page.click('button:has-text("Edit")');
        at /Users/ghogue/Library/CloudStorage/OneDrive-InsightfulOutcomes,LLC/IS-LTD/APPS/CaliberVaultII/src/test/e2e/comprehensive-crud-all-categories.spec.ts:55:20

    attachment #1: screenshot (image/png) ──────────────────────────────────────────────────────────
    ../../test-results/e2e-comprehensive-crud-all-18004-uld-update-Accessories-item-chromium/test-failed-1.png
    ────────────────────────────────────────────────────────────────────────────────────────────────
]]>
</failure>
<system-out>
<![CDATA[
[[ATTACHMENT|e2e-comprehensive-crud-all-18004-uld-update-Accessories-item-chromium/test-failed-1.png]]
]]>
</system-out>
</testcase>
<testcase name="Comprehensive CRUD Tests - All Categories › Accessories › should delete Accessories item" classname="e2e/comprehensive-crud-all-categories.spec.ts" time="0.177">
<failure message="comprehensive-crud-all-categories.spec.ts:72:7 should delete Accessories item" type="FAILURE">
<![CDATA[  [chromium] › e2e/comprehensive-crud-all-categories.spec.ts:72:7 › Comprehensive CRUD Tests - All Categories › Accessories › should delete Accessories item 

    TypeError: page.click(...).first is not a function

      72 |       test(`should delete ${category.name} item`, async ({ page }) => {
      73 |         // Click on first item
    > 74 |         await page.click('[data-testid="item-card"]').first();
         |                                                       ^
      75 |         
      76 |         // Click delete button
      77 |         await page.click('button:has-text("Delete")');
        at /Users/ghogue/Library/CloudStorage/OneDrive-InsightfulOutcomes,LLC/IS-LTD/APPS/CaliberVaultII/src/test/e2e/comprehensive-crud-all-categories.spec.ts:74:55

    Error: page.click: Test ended.
    Call log:
      - waiting for locator('[data-testid="item-card"]')


      72 |       test(`should delete ${category.name} item`, async ({ page }) => {
      73 |         // Click on first item
    > 74 |         await page.click('[data-testid="item-card"]').first();
         |                    ^
      75 |         
      76 |         // Click delete button
      77 |         await page.click('button:has-text("Delete")');
        at /Users/ghogue/Library/CloudStorage/OneDrive-InsightfulOutcomes,LLC/IS-LTD/APPS/CaliberVaultII/src/test/e2e/comprehensive-crud-all-categories.spec.ts:74:20

    attachment #1: screenshot (image/png) ──────────────────────────────────────────────────────────
    ../../test-results/e2e-comprehensive-crud-all-bd5d8-uld-delete-Accessories-item-chromium/test-failed-1.png
    ────────────────────────────────────────────────────────────────────────────────────────────────
]]>
</failure>
<system-out>
<![CDATA[
[[ATTACHMENT|e2e-comprehensive-crud-all-bd5d8-uld-delete-Accessories-item-chromium/test-failed-1.png]]
]]>
</system-out>
</testcase>
<testcase name="Comprehensive CRUD Tests - All Categories › Suppressors › should create Suppressors item" classname="e2e/comprehensive-crud-all-categories.spec.ts" time="30.871">
<failure message="comprehensive-crud-all-categories.spec.ts:24:7 should create Suppressors item" type="FAILURE">
<![CDATA[  [chromium] › e2e/comprehensive-crud-all-categories.spec.ts:24:7 › Comprehensive CRUD Tests - All Categories › Suppressors › should create Suppressors item 

    Test timeout of 30000ms exceeded.

    Error: page.click: Test timeout of 30000ms exceeded.
    Call log:
      - waiting for locator('button:has-text("Add Item")')


      24 |       test(`should create ${category.name} item`, async ({ page }) => {
      25 |         // Click Add Item button
    > 26 |         await page.click('button:has-text("Add Item")');
         |                    ^
      27 |         
      28 |         // Select category
      29 |         await page.click(`text=${category.name}`);
        at /Users/ghogue/Library/CloudStorage/OneDrive-InsightfulOutcomes,LLC/IS-LTD/APPS/CaliberVaultII/src/test/e2e/comprehensive-crud-all-categories.spec.ts:26:20

    attachment #1: screenshot (image/png) ──────────────────────────────────────────────────────────
    ../../test-results/e2e-comprehensive-crud-all-3e084-uld-create-Suppressors-item-chromium/test-failed-1.png
    ────────────────────────────────────────────────────────────────────────────────────────────────

    attachment #2: video (video/webm) ──────────────────────────────────────────────────────────────
    ../../test-results/e2e-comprehensive-crud-all-3e084-uld-create-Suppressors-item-chromium/video.webm
    ────────────────────────────────────────────────────────────────────────────────────────────────
]]>
</failure>
<system-out>
<![CDATA[
[[ATTACHMENT|e2e-comprehensive-crud-all-3e084-uld-create-Suppressors-item-chromium/test-failed-1.png]]

[[ATTACHMENT|e2e-comprehensive-crud-all-3e084-uld-create-Suppressors-item-chromium/video.webm]]
]]>
</system-out>
</testcase>
<testcase name="Comprehensive CRUD Tests - All Categories › Suppressors › should read Suppressors item" classname="e2e/comprehensive-crud-all-categories.spec.ts" time="30.85">
<failure message="comprehensive-crud-all-categories.spec.ts:44:7 should read Suppressors item" type="FAILURE">
<![CDATA[  [chromium] › e2e/comprehensive-crud-all-categories.spec.ts:44:7 › Comprehensive CRUD Tests - All Categories › Suppressors › should read Suppressors item 

    Test timeout of 30000ms exceeded.

    Error: page.click: Test timeout of 30000ms exceeded.
    Call log:
      - waiting for locator('button:has-text("Filter")')


      44 |       test(`should read ${category.name} item`, async ({ page }) => {
      45 |         // Filter by category
    > 46 |         await page.click('button:has-text("Filter")');
         |                    ^
      47 |         await page.click(`text=${category.name}`);
      48 |         
      49 |         // Verify items are displayed
        at /Users/ghogue/Library/CloudStorage/OneDrive-InsightfulOutcomes,LLC/IS-LTD/APPS/CaliberVaultII/src/test/e2e/comprehensive-crud-all-categories.spec.ts:46:20

    attachment #1: screenshot (image/png) ──────────────────────────────────────────────────────────
    ../../test-results/e2e-comprehensive-crud-all-4bb10-hould-read-Suppressors-item-chromium/test-failed-1.png
    ────────────────────────────────────────────────────────────────────────────────────────────────

    attachment #2: video (video/webm) ──────────────────────────────────────────────────────────────
    ../../test-results/e2e-comprehensive-crud-all-4bb10-hould-read-Suppressors-item-chromium/video.webm
    ────────────────────────────────────────────────────────────────────────────────────────────────
]]>
</failure>
<system-out>
<![CDATA[
[[ATTACHMENT|e2e-comprehensive-crud-all-4bb10-hould-read-Suppressors-item-chromium/test-failed-1.png]]

[[ATTACHMENT|e2e-comprehensive-crud-all-4bb10-hould-read-Suppressors-item-chromium/video.webm]]
]]>
</system-out>
</testcase>
<testcase name="Comprehensive CRUD Tests - All Categories › Suppressors › should update Suppressors item" classname="e2e/comprehensive-crud-all-categories.spec.ts" time="0.229">
<failure message="comprehensive-crud-all-categories.spec.ts:53:7 should update Suppressors item" type="FAILURE">
<![CDATA[  [chromium] › e2e/comprehensive-crud-all-categories.spec.ts:53:7 › Comprehensive CRUD Tests - All Categories › Suppressors › should update Suppressors item 

    TypeError: page.click(...).first is not a function

      53 |       test(`should update ${category.name} item`, async ({ page }) => {
      54 |         // Click on first item
    > 55 |         await page.click('[data-testid="item-card"]').first();
         |                                                       ^
      56 |         
      57 |         // Click edit button
      58 |         await page.click('button:has-text("Edit")');
        at /Users/ghogue/Library/CloudStorage/OneDrive-InsightfulOutcomes,LLC/IS-LTD/APPS/CaliberVaultII/src/test/e2e/comprehensive-crud-all-categories.spec.ts:55:55

    Error: page.click: Test ended.
    Call log:
      - waiting for locator('[data-testid="item-card"]')


      53 |       test(`should update ${category.name} item`, async ({ page }) => {
      54 |         // Click on first item
    > 55 |         await page.click('[data-testid="item-card"]').first();
         |                    ^
      56 |         
      57 |         // Click edit button
      58 |         await page.click('button:has-text("Edit")');
        at /Users/ghogue/Library/CloudStorage/OneDrive-InsightfulOutcomes,LLC/IS-LTD/APPS/CaliberVaultII/src/test/e2e/comprehensive-crud-all-categories.spec.ts:55:20

    attachment #1: screenshot (image/png) ──────────────────────────────────────────────────────────
    ../../test-results/e2e-comprehensive-crud-all-3735d-uld-update-Suppressors-item-chromium/test-failed-1.png
    ────────────────────────────────────────────────────────────────────────────────────────────────
]]>
</failure>
<system-out>
<![CDATA[
[[ATTACHMENT|e2e-comprehensive-crud-all-3735d-uld-update-Suppressors-item-chromium/test-failed-1.png]]
]]>
</system-out>
</testcase>
<testcase name="Comprehensive CRUD Tests - All Categories › Suppressors › should delete Suppressors item" classname="e2e/comprehensive-crud-all-categories.spec.ts" time="0.183">
<failure message="comprehensive-crud-all-categories.spec.ts:72:7 should delete Suppressors item" type="FAILURE">
<![CDATA[  [chromium] › e2e/comprehensive-crud-all-categories.spec.ts:72:7 › Comprehensive CRUD Tests - All Categories › Suppressors › should delete Suppressors item 

    TypeError: page.click(...).first is not a function

      72 |       test(`should delete ${category.name} item`, async ({ page }) => {
      73 |         // Click on first item
    > 74 |         await page.click('[data-testid="item-card"]').first();
         |                                                       ^
      75 |         
      76 |         // Click delete button
      77 |         await page.click('button:has-text("Delete")');
        at /Users/ghogue/Library/CloudStorage/OneDrive-InsightfulOutcomes,LLC/IS-LTD/APPS/CaliberVaultII/src/test/e2e/comprehensive-crud-all-categories.spec.ts:74:55

    Error: page.click: Test ended.
    Call log:
      - waiting for locator('[data-testid="item-card"]')


      72 |       test(`should delete ${category.name} item`, async ({ page }) => {
      73 |         // Click on first item
    > 74 |         await page.click('[data-testid="item-card"]').first();
         |                    ^
      75 |         
      76 |         // Click delete button
      77 |         await page.click('button:has-text("Delete")');
        at /Users/ghogue/Library/CloudStorage/OneDrive-InsightfulOutcomes,LLC/IS-LTD/APPS/CaliberVaultII/src/test/e2e/comprehensive-crud-all-categories.spec.ts:74:20

    attachment #1: screenshot (image/png) ──────────────────────────────────────────────────────────
    ../../test-results/e2e-comprehensive-crud-all-bf093-uld-delete-Suppressors-item-chromium/test-failed-1.png
    ────────────────────────────────────────────────────────────────────────────────────────────────
]]>
</failure>
<system-out>
<![CDATA[
[[ATTACHMENT|e2e-comprehensive-crud-all-bf093-uld-delete-Suppressors-item-chromium/test-failed-1.png]]
]]>
</system-out>
</testcase>
<testcase name="Comprehensive CRUD Tests - All Categories › Reloading Equipment › should create Reloading Equipment item" classname="e2e/comprehensive-crud-all-categories.spec.ts" time="30.931">
<failure message="comprehensive-crud-all-categories.spec.ts:24:7 should create Reloading Equipment item" type="FAILURE">
<![CDATA[  [chromium] › e2e/comprehensive-crud-all-categories.spec.ts:24:7 › Comprehensive CRUD Tests - All Categories › Reloading Equipment › should create Reloading Equipment item 

    Test timeout of 30000ms exceeded.

    Error: page.click: Test timeout of 30000ms exceeded.
    Call log:
      - waiting for locator('button:has-text("Add Item")')


      24 |       test(`should create ${category.name} item`, async ({ page }) => {
      25 |         // Click Add Item button
    > 26 |         await page.click('button:has-text("Add Item")');
         |                    ^
      27 |         
      28 |         // Select category
      29 |         await page.click(`text=${category.name}`);
        at /Users/ghogue/Library/CloudStorage/OneDrive-InsightfulOutcomes,LLC/IS-LTD/APPS/CaliberVaultII/src/test/e2e/comprehensive-crud-all-categories.spec.ts:26:20

    attachment #1: screenshot (image/png) ──────────────────────────────────────────────────────────
    ../../test-results/e2e-comprehensive-crud-all-9da24-te-Reloading-Equipment-item-chromium/test-failed-1.png
    ────────────────────────────────────────────────────────────────────────────────────────────────

    attachment #2: video (video/webm) ──────────────────────────────────────────────────────────────
    ../../test-results/e2e-comprehensive-crud-all-9da24-te-Reloading-Equipment-item-chromium/video.webm
    ────────────────────────────────────────────────────────────────────────────────────────────────
]]>
</failure>
<system-out>
<![CDATA[
[[ATTACHMENT|e2e-comprehensive-crud-all-9da24-te-Reloading-Equipment-item-chromium/test-failed-1.png]]

[[ATTACHMENT|e2e-comprehensive-crud-all-9da24-te-Reloading-Equipment-item-chromium/video.webm]]
]]>
</system-out>
</testcase>
<testcase name="Comprehensive CRUD Tests - All Categories › Reloading Equipment › should read Reloading Equipment item" classname="e2e/comprehensive-crud-all-categories.spec.ts" time="30.928">
<failure message="comprehensive-crud-all-categories.spec.ts:44:7 should read Reloading Equipment item" type="FAILURE">
<![CDATA[  [chromium] › e2e/comprehensive-crud-all-categories.spec.ts:44:7 › Comprehensive CRUD Tests - All Categories › Reloading Equipment › should read Reloading Equipment item 

    Test timeout of 30000ms exceeded.

    Error: page.click: Test timeout of 30000ms exceeded.
    Call log:
      - waiting for locator('button:has-text("Filter")')


      44 |       test(`should read ${category.name} item`, async ({ page }) => {
      45 |         // Filter by category
    > 46 |         await page.click('button:has-text("Filter")');
         |                    ^
      47 |         await page.click(`text=${category.name}`);
      48 |         
      49 |         // Verify items are displayed
        at /Users/ghogue/Library/CloudStorage/OneDrive-InsightfulOutcomes,LLC/IS-LTD/APPS/CaliberVaultII/src/test/e2e/comprehensive-crud-all-categories.spec.ts:46:20

    attachment #1: screenshot (image/png) ──────────────────────────────────────────────────────────
    ../../test-results/e2e-comprehensive-crud-all-f984d-ad-Reloading-Equipment-item-chromium/test-failed-1.png
    ────────────────────────────────────────────────────────────────────────────────────────────────

    attachment #2: video (video/webm) ──────────────────────────────────────────────────────────────
    ../../test-results/e2e-comprehensive-crud-all-f984d-ad-Reloading-Equipment-item-chromium/video.webm
    ────────────────────────────────────────────────────────────────────────────────────────────────
]]>
</failure>
<system-out>
<![CDATA[
[[ATTACHMENT|e2e-comprehensive-crud-all-f984d-ad-Reloading-Equipment-item-chromium/test-failed-1.png]]

[[ATTACHMENT|e2e-comprehensive-crud-all-f984d-ad-Reloading-Equipment-item-chromium/video.webm]]
]]>
</system-out>
</testcase>
<testcase name="Comprehensive CRUD Tests - All Categories › Reloading Equipment › should update Reloading Equipment item" classname="e2e/comprehensive-crud-all-categories.spec.ts" time="0.385">
<failure message="comprehensive-crud-all-categories.spec.ts:53:7 should update Reloading Equipment item" type="FAILURE">
<![CDATA[  [chromium] › e2e/comprehensive-crud-all-categories.spec.ts:53:7 › Comprehensive CRUD Tests - All Categories › Reloading Equipment › should update Reloading Equipment item 

    TypeError: page.click(...).first is not a function

      53 |       test(`should update ${category.name} item`, async ({ page }) => {
      54 |         // Click on first item
    > 55 |         await page.click('[data-testid="item-card"]').first();
         |                                                       ^
      56 |         
      57 |         // Click edit button
      58 |         await page.click('button:has-text("Edit")');
        at /Users/ghogue/Library/CloudStorage/OneDrive-InsightfulOutcomes,LLC/IS-LTD/APPS/CaliberVaultII/src/test/e2e/comprehensive-crud-all-categories.spec.ts:55:55

    Error: page.click: Test ended.
    Call log:
      - waiting for locator('[data-testid="item-card"]')


      53 |       test(`should update ${category.name} item`, async ({ page }) => {
      54 |         // Click on first item
    > 55 |         await page.click('[data-testid="item-card"]').first();
         |                    ^
      56 |         
      57 |         // Click edit button
      58 |         await page.click('button:has-text("Edit")');
        at /Users/ghogue/Library/CloudStorage/OneDrive-InsightfulOutcomes,LLC/IS-LTD/APPS/CaliberVaultII/src/test/e2e/comprehensive-crud-all-categories.spec.ts:55:20

    attachment #1: screenshot (image/png) ──────────────────────────────────────────────────────────
    ../../test-results/e2e-comprehensive-crud-all-4e5a8-te-Reloading-Equipment-item-chromium/test-failed-1.png
    ────────────────────────────────────────────────────────────────────────────────────────────────
]]>
</failure>
<system-out>
<![CDATA[
[[ATTACHMENT|e2e-comprehensive-crud-all-4e5a8-te-Reloading-Equipment-item-chromium/test-failed-1.png]]
]]>
</system-out>
</testcase>
<testcase name="Comprehensive CRUD Tests - All Categories › Reloading Equipment › should delete Reloading Equipment item" classname="e2e/comprehensive-crud-all-categories.spec.ts" time="0.338">
<failure message="comprehensive-crud-all-categories.spec.ts:72:7 should delete Reloading Equipment item" type="FAILURE">
<![CDATA[  [chromium] › e2e/comprehensive-crud-all-categories.spec.ts:72:7 › Comprehensive CRUD Tests - All Categories › Reloading Equipment › should delete Reloading Equipment item 

    TypeError: page.click(...).first is not a function

      72 |       test(`should delete ${category.name} item`, async ({ page }) => {
      73 |         // Click on first item
    > 74 |         await page.click('[data-testid="item-card"]').first();
         |                                                       ^
      75 |         
      76 |         // Click delete button
      77 |         await page.click('button:has-text("Delete")');
        at /Users/ghogue/Library/CloudStorage/OneDrive-InsightfulOutcomes,LLC/IS-LTD/APPS/CaliberVaultII/src/test/e2e/comprehensive-crud-all-categories.spec.ts:74:55

    Error: page.click: Test ended.
    Call log:
      - waiting for locator('[data-testid="item-card"]')


      72 |       test(`should delete ${category.name} item`, async ({ page }) => {
      73 |         // Click on first item
    > 74 |         await page.click('[data-testid="item-card"]').first();
         |                    ^
      75 |         
      76 |         // Click delete button
      77 |         await page.click('button:has-text("Delete")');
        at /Users/ghogue/Library/CloudStorage/OneDrive-InsightfulOutcomes,LLC/IS-LTD/APPS/CaliberVaultII/src/test/e2e/comprehensive-crud-all-categories.spec.ts:74:20

    attachment #1: screenshot (image/png) ──────────────────────────────────────────────────────────
    ../../test-results/e2e-comprehensive-crud-all-05b4c-te-Reloading-Equipment-item-chromium/test-failed-1.png
    ────────────────────────────────────────────────────────────────────────────────────────────────
]]>
</failure>
<system-out>
<![CDATA[
[[ATTACHMENT|e2e-comprehensive-crud-all-05b4c-te-Reloading-Equipment-item-chromium/test-failed-1.png]]
]]>
</system-out>
</testcase>
<testcase name="Comprehensive CRUD Tests - All Categories › Cases › should create Cases item" classname="e2e/comprehensive-crud-all-categories.spec.ts" time="30.848">
<failure message="comprehensive-crud-all-categories.spec.ts:24:7 should create Cases item" type="FAILURE">
<![CDATA[  [chromium] › e2e/comprehensive-crud-all-categories.spec.ts:24:7 › Comprehensive CRUD Tests - All Categories › Cases › should create Cases item 

    Test timeout of 30000ms exceeded.

    Error: page.click: Test timeout of 30000ms exceeded.
    Call log:
      - waiting for locator('button:has-text("Add Item")')


      24 |       test(`should create ${category.name} item`, async ({ page }) => {
      25 |         // Click Add Item button
    > 26 |         await page.click('button:has-text("Add Item")');
         |                    ^
      27 |         
      28 |         // Select category
      29 |         await page.click(`text=${category.name}`);
        at /Users/ghogue/Library/CloudStorage/OneDrive-InsightfulOutcomes,LLC/IS-LTD/APPS/CaliberVaultII/src/test/e2e/comprehensive-crud-all-categories.spec.ts:26:20

    attachment #1: screenshot (image/png) ──────────────────────────────────────────────────────────
    ../../test-results/e2e-comprehensive-crud-all-0bd1e-es-should-create-Cases-item-chromium/test-failed-1.png
    ────────────────────────────────────────────────────────────────────────────────────────────────

    attachment #2: video (video/webm) ──────────────────────────────────────────────────────────────
    ../../test-results/e2e-comprehensive-crud-all-0bd1e-es-should-create-Cases-item-chromium/video.webm
    ────────────────────────────────────────────────────────────────────────────────────────────────
]]>
</failure>
<system-out>
<![CDATA[
[[ATTACHMENT|e2e-comprehensive-crud-all-0bd1e-es-should-create-Cases-item-chromium/test-failed-1.png]]

[[ATTACHMENT|e2e-comprehensive-crud-all-0bd1e-es-should-create-Cases-item-chromium/video.webm]]
]]>
</system-out>
</testcase>
<testcase name="Comprehensive CRUD Tests - All Categories › Cases › should read Cases item" classname="e2e/comprehensive-crud-all-categories.spec.ts" time="30.85">
<failure message="comprehensive-crud-all-categories.spec.ts:44:7 should read Cases item" type="FAILURE">
<![CDATA[  [chromium] › e2e/comprehensive-crud-all-categories.spec.ts:44:7 › Comprehensive CRUD Tests - All Categories › Cases › should read Cases item 

    Test timeout of 30000ms exceeded.

    Error: page.click: Test timeout of 30000ms exceeded.
    Call log:
      - waiting for locator('button:has-text("Filter")')


      44 |       test(`should read ${category.name} item`, async ({ page }) => {
      45 |         // Filter by category
    > 46 |         await page.click('button:has-text("Filter")');
         |                    ^
      47 |         await page.click(`text=${category.name}`);
      48 |         
      49 |         // Verify items are displayed
        at /Users/ghogue/Library/CloudStorage/OneDrive-InsightfulOutcomes,LLC/IS-LTD/APPS/CaliberVaultII/src/test/e2e/comprehensive-crud-all-categories.spec.ts:46:20

    attachment #1: screenshot (image/png) ──────────────────────────────────────────────────────────
    ../../test-results/e2e-comprehensive-crud-all-175b5-ases-should-read-Cases-item-chromium/test-failed-1.png
    ────────────────────────────────────────────────────────────────────────────────────────────────

    attachment #2: video (video/webm) ──────────────────────────────────────────────────────────────
    ../../test-results/e2e-comprehensive-crud-all-175b5-ases-should-read-Cases-item-chromium/video.webm
    ────────────────────────────────────────────────────────────────────────────────────────────────
]]>
</failure>
<system-out>
<![CDATA[
[[ATTACHMENT|e2e-comprehensive-crud-all-175b5-ases-should-read-Cases-item-chromium/test-failed-1.png]]

[[ATTACHMENT|e2e-comprehensive-crud-all-175b5-ases-should-read-Cases-item-chromium/video.webm]]
]]>
</system-out>
</testcase>
<testcase name="Comprehensive CRUD Tests - All Categories › Cases › should update Cases item" classname="e2e/comprehensive-crud-all-categories.spec.ts" time="0.165">
<failure message="comprehensive-crud-all-categories.spec.ts:53:7 should update Cases item" type="FAILURE">
<![CDATA[  [chromium] › e2e/comprehensive-crud-all-categories.spec.ts:53:7 › Comprehensive CRUD Tests - All Categories › Cases › should update Cases item 

    TypeError: page.click(...).first is not a function

      53 |       test(`should update ${category.name} item`, async ({ page }) => {
      54 |         // Click on first item
    > 55 |         await page.click('[data-testid="item-card"]').first();
         |                                                       ^
      56 |         
      57 |         // Click edit button
      58 |         await page.click('button:has-text("Edit")');
        at /Users/ghogue/Library/CloudStorage/OneDrive-InsightfulOutcomes,LLC/IS-LTD/APPS/CaliberVaultII/src/test/e2e/comprehensive-crud-all-categories.spec.ts:55:55

    Error: page.click: Test ended.
    Call log:
      - waiting for locator('[data-testid="item-card"]')


      53 |       test(`should update ${category.name} item`, async ({ page }) => {
      54 |         // Click on first item
    > 55 |         await page.click('[data-testid="item-card"]').first();
         |                    ^
      56 |         
      57 |         // Click edit button
      58 |         await page.click('button:has-text("Edit")');
        at /Users/ghogue/Library/CloudStorage/OneDrive-InsightfulOutcomes,LLC/IS-LTD/APPS/CaliberVaultII/src/test/e2e/comprehensive-crud-all-categories.spec.ts:55:20

    attachment #1: screenshot (image/png) ──────────────────────────────────────────────────────────
    ../../test-results/e2e-comprehensive-crud-all-4bd34-es-should-update-Cases-item-chromium/test-failed-1.png
    ────────────────────────────────────────────────────────────────────────────────────────────────
]]>
</failure>
<system-out>
<![CDATA[
[[ATTACHMENT|e2e-comprehensive-crud-all-4bd34-es-should-update-Cases-item-chromium/test-failed-1.png]]
]]>
</system-out>
</testcase>
<testcase name="Comprehensive CRUD Tests - All Categories › Cases › should delete Cases item" classname="e2e/comprehensive-crud-all-categories.spec.ts" time="0.211">
<failure message="comprehensive-crud-all-categories.spec.ts:72:7 should delete Cases item" type="FAILURE">
<![CDATA[  [chromium] › e2e/comprehensive-crud-all-categories.spec.ts:72:7 › Comprehensive CRUD Tests - All Categories › Cases › should delete Cases item 

    TypeError: page.click(...).first is not a function

      72 |       test(`should delete ${category.name} item`, async ({ page }) => {
      73 |         // Click on first item
    > 74 |         await page.click('[data-testid="item-card"]').first();
         |                                                       ^
      75 |         
      76 |         // Click delete button
      77 |         await page.click('button:has-text("Delete")');
        at /Users/ghogue/Library/CloudStorage/OneDrive-InsightfulOutcomes,LLC/IS-LTD/APPS/CaliberVaultII/src/test/e2e/comprehensive-crud-all-categories.spec.ts:74:55

    Error: page.click: Test ended.
    Call log:
      - waiting for locator('[data-testid="item-card"]')


      72 |       test(`should delete ${category.name} item`, async ({ page }) => {
      73 |         // Click on first item
    > 74 |         await page.click('[data-testid="item-card"]').first();
         |                    ^
      75 |         
      76 |         // Click delete button
      77 |         await page.click('button:has-text("Delete")');
        at /Users/ghogue/Library/CloudStorage/OneDrive-InsightfulOutcomes,LLC/IS-LTD/APPS/CaliberVaultII/src/test/e2e/comprehensive-crud-all-categories.spec.ts:74:20

    attachment #1: screenshot (image/png) ──────────────────────────────────────────────────────────
    ../../test-results/e2e-comprehensive-crud-all-46899-es-should-delete-Cases-item-chromium/test-failed-1.png
    ────────────────────────────────────────────────────────────────────────────────────────────────
]]>
</failure>
<system-out>
<![CDATA[
[[ATTACHMENT|e2e-comprehensive-crud-all-46899-es-should-delete-Cases-item-chromium/test-failed-1.png]]
]]>
</system-out>
</testcase>
<testcase name="Comprehensive CRUD Tests - All Categories › Primers › should create Primers item" classname="e2e/comprehensive-crud-all-categories.spec.ts" time="30.874">
<failure message="comprehensive-crud-all-categories.spec.ts:24:7 should create Primers item" type="FAILURE">
<![CDATA[  [chromium] › e2e/comprehensive-crud-all-categories.spec.ts:24:7 › Comprehensive CRUD Tests - All Categories › Primers › should create Primers item 

    Test timeout of 30000ms exceeded.

    Error: page.click: Test timeout of 30000ms exceeded.
    Call log:
      - waiting for locator('button:has-text("Add Item")')


      24 |       test(`should create ${category.name} item`, async ({ page }) => {
      25 |         // Click Add Item button
    > 26 |         await page.click('button:has-text("Add Item")');
         |                    ^
      27 |         
      28 |         // Select category
      29 |         await page.click(`text=${category.name}`);
        at /Users/ghogue/Library/CloudStorage/OneDrive-InsightfulOutcomes,LLC/IS-LTD/APPS/CaliberVaultII/src/test/e2e/comprehensive-crud-all-categories.spec.ts:26:20

    attachment #1: screenshot (image/png) ──────────────────────────────────────────────────────────
    ../../test-results/e2e-comprehensive-crud-all-fadab--should-create-Primers-item-chromium/test-failed-1.png
    ────────────────────────────────────────────────────────────────────────────────────────────────

    attachment #2: video (video/webm) ──────────────────────────────────────────────────────────────
    ../../test-results/e2e-comprehensive-crud-all-fadab--should-create-Primers-item-chromium/video.webm
    ────────────────────────────────────────────────────────────────────────────────────────────────
]]>
</failure>
<system-out>
<![CDATA[
[[ATTACHMENT|e2e-comprehensive-crud-all-fadab--should-create-Primers-item-chromium/test-failed-1.png]]

[[ATTACHMENT|e2e-comprehensive-crud-all-fadab--should-create-Primers-item-chromium/video.webm]]
]]>
</system-out>
</testcase>
<testcase name="Comprehensive CRUD Tests - All Categories › Primers › should read Primers item" classname="e2e/comprehensive-crud-all-categories.spec.ts" time="30.909">
<failure message="comprehensive-crud-all-categories.spec.ts:44:7 should read Primers item" type="FAILURE">
<![CDATA[  [chromium] › e2e/comprehensive-crud-all-categories.spec.ts:44:7 › Comprehensive CRUD Tests - All Categories › Primers › should read Primers item 

    Test timeout of 30000ms exceeded.

    Error: page.click: Test timeout of 30000ms exceeded.
    Call log:
      - waiting for locator('button:has-text("Filter")')


      44 |       test(`should read ${category.name} item`, async ({ page }) => {
      45 |         // Filter by category
    > 46 |         await page.click('button:has-text("Filter")');
         |                    ^
      47 |         await page.click(`text=${category.name}`);
      48 |         
      49 |         // Verify items are displayed
        at /Users/ghogue/Library/CloudStorage/OneDrive-InsightfulOutcomes,LLC/IS-LTD/APPS/CaliberVaultII/src/test/e2e/comprehensive-crud-all-categories.spec.ts:46:20

    attachment #1: screenshot (image/png) ──────────────────────────────────────────────────────────
    ../../test-results/e2e-comprehensive-crud-all-e4044-rs-should-read-Primers-item-chromium/test-failed-1.png
    ────────────────────────────────────────────────────────────────────────────────────────────────

    attachment #2: video (video/webm) ──────────────────────────────────────────────────────────────
    ../../test-results/e2e-comprehensive-crud-all-e4044-rs-should-read-Primers-item-chromium/video.webm
    ────────────────────────────────────────────────────────────────────────────────────────────────
]]>
</failure>
<system-out>
<![CDATA[
[[ATTACHMENT|e2e-comprehensive-crud-all-e4044-rs-should-read-Primers-item-chromium/test-failed-1.png]]

[[ATTACHMENT|e2e-comprehensive-crud-all-e4044-rs-should-read-Primers-item-chromium/video.webm]]
]]>
</system-out>
</testcase>
<testcase name="Comprehensive CRUD Tests - All Categories › Primers › should update Primers item" classname="e2e/comprehensive-crud-all-categories.spec.ts" time="0.23">
<failure message="comprehensive-crud-all-categories.spec.ts:53:7 should update Primers item" type="FAILURE">
<![CDATA[  [chromium] › e2e/comprehensive-crud-all-categories.spec.ts:53:7 › Comprehensive CRUD Tests - All Categories › Primers › should update Primers item 

    TypeError: page.click(...).first is not a function

      53 |       test(`should update ${category.name} item`, async ({ page }) => {
      54 |         // Click on first item
    > 55 |         await page.click('[data-testid="item-card"]').first();
         |                                                       ^
      56 |         
      57 |         // Click edit button
      58 |         await page.click('button:has-text("Edit")');
        at /Users/ghogue/Library/CloudStorage/OneDrive-InsightfulOutcomes,LLC/IS-LTD/APPS/CaliberVaultII/src/test/e2e/comprehensive-crud-all-categories.spec.ts:55:55

    Error: page.click: Test ended.
    Call log:
      - waiting for locator('[data-testid="item-card"]')


      53 |       test(`should update ${category.name} item`, async ({ page }) => {
      54 |         // Click on first item
    > 55 |         await page.click('[data-testid="item-card"]').first();
         |                    ^
      56 |         
      57 |         // Click edit button
      58 |         await page.click('button:has-text("Edit")');
        at /Users/ghogue/Library/CloudStorage/OneDrive-InsightfulOutcomes,LLC/IS-LTD/APPS/CaliberVaultII/src/test/e2e/comprehensive-crud-all-categories.spec.ts:55:20

    attachment #1: screenshot (image/png) ──────────────────────────────────────────────────────────
    ../../test-results/e2e-comprehensive-crud-all-1e5ef--should-update-Primers-item-chromium/test-failed-1.png
    ────────────────────────────────────────────────────────────────────────────────────────────────
]]>
</failure>
<system-out>
<![CDATA[
[[ATTACHMENT|e2e-comprehensive-crud-all-1e5ef--should-update-Primers-item-chromium/test-failed-1.png]]
]]>
</system-out>
</testcase>
<testcase name="Comprehensive CRUD Tests - All Categories › Primers › should delete Primers item" classname="e2e/comprehensive-crud-all-categories.spec.ts" time="0.256">
<failure message="comprehensive-crud-all-categories.spec.ts:72:7 should delete Primers item" type="FAILURE">
<![CDATA[  [chromium] › e2e/comprehensive-crud-all-categories.spec.ts:72:7 › Comprehensive CRUD Tests - All Categories › Primers › should delete Primers item 

    TypeError: page.click(...).first is not a function

      72 |       test(`should delete ${category.name} item`, async ({ page }) => {
      73 |         // Click on first item
    > 74 |         await page.click('[data-testid="item-card"]').first();
         |                                                       ^
      75 |         
      76 |         // Click delete button
      77 |         await page.click('button:has-text("Delete")');
        at /Users/ghogue/Library/CloudStorage/OneDrive-InsightfulOutcomes,LLC/IS-LTD/APPS/CaliberVaultII/src/test/e2e/comprehensive-crud-all-categories.spec.ts:74:55

    Error: page.click: Test ended.
    Call log:
      - waiting for locator('[data-testid="item-card"]')


      72 |       test(`should delete ${category.name} item`, async ({ page }) => {
      73 |         // Click on first item
    > 74 |         await page.click('[data-testid="item-card"]').first();
         |                    ^
      75 |         
      76 |         // Click delete button
      77 |         await page.click('button:has-text("Delete")');
        at /Users/ghogue/Library/CloudStorage/OneDrive-InsightfulOutcomes,LLC/IS-LTD/APPS/CaliberVaultII/src/test/e2e/comprehensive-crud-all-categories.spec.ts:74:20

    attachment #1: screenshot (image/png) ──────────────────────────────────────────────────────────
    ../../test-results/e2e-comprehensive-crud-all-3b0de--should-delete-Primers-item-chromium/test-failed-1.png
    ────────────────────────────────────────────────────────────────────────────────────────────────
]]>
</failure>
<system-out>
<![CDATA[
[[ATTACHMENT|e2e-comprehensive-crud-all-3b0de--should-delete-Primers-item-chromium/test-failed-1.png]]
]]>
</system-out>
</testcase>
<testcase name="Comprehensive CRUD Tests - All Categories › Powder › should create Powder item" classname="e2e/comprehensive-crud-all-categories.spec.ts" time="30.865">
<failure message="comprehensive-crud-all-categories.spec.ts:24:7 should create Powder item" type="FAILURE">
<![CDATA[  [chromium] › e2e/comprehensive-crud-all-categories.spec.ts:24:7 › Comprehensive CRUD Tests - All Categories › Powder › should create Powder item 

    Test timeout of 30000ms exceeded.

    Error: page.click: Test timeout of 30000ms exceeded.
    Call log:
      - waiting for locator('button:has-text("Add Item")')


      24 |       test(`should create ${category.name} item`, async ({ page }) => {
      25 |         // Click Add Item button
    > 26 |         await page.click('button:has-text("Add Item")');
         |                    ^
      27 |         
      28 |         // Select category
      29 |         await page.click(`text=${category.name}`);
        at /Users/ghogue/Library/CloudStorage/OneDrive-InsightfulOutcomes,LLC/IS-LTD/APPS/CaliberVaultII/src/test/e2e/comprehensive-crud-all-categories.spec.ts:26:20

    attachment #1: screenshot (image/png) ──────────────────────────────────────────────────────────
    ../../test-results/e2e-comprehensive-crud-all-00d89-r-should-create-Powder-item-chromium/test-failed-1.png
    ────────────────────────────────────────────────────────────────────────────────────────────────

    attachment #2: video (video/webm) ──────────────────────────────────────────────────────────────
    ../../test-results/e2e-comprehensive-crud-all-00d89-r-should-create-Powder-item-chromium/video.webm
    ────────────────────────────────────────────────────────────────────────────────────────────────
]]>
</failure>
<system-out>
<![CDATA[
[[ATTACHMENT|e2e-comprehensive-crud-all-00d89-r-should-create-Powder-item-chromium/test-failed-1.png]]

[[ATTACHMENT|e2e-comprehensive-crud-all-00d89-r-should-create-Powder-item-chromium/video.webm]]
]]>
</system-out>
</testcase>
<testcase name="Comprehensive CRUD Tests - All Categories › Powder › should read Powder item" classname="e2e/comprehensive-crud-all-categories.spec.ts" time="30.868">
<failure message="comprehensive-crud-all-categories.spec.ts:44:7 should read Powder item" type="FAILURE">
<![CDATA[  [chromium] › e2e/comprehensive-crud-all-categories.spec.ts:44:7 › Comprehensive CRUD Tests - All Categories › Powder › should read Powder item 

    Test timeout of 30000ms exceeded.

    Error: page.click: Test timeout of 30000ms exceeded.
    Call log:
      - waiting for locator('button:has-text("Filter")')


      44 |       test(`should read ${category.name} item`, async ({ page }) => {
      45 |         // Filter by category
    > 46 |         await page.click('button:has-text("Filter")');
         |                    ^
      47 |         await page.click(`text=${category.name}`);
      48 |         
      49 |         // Verify items are displayed
        at /Users/ghogue/Library/CloudStorage/OneDrive-InsightfulOutcomes,LLC/IS-LTD/APPS/CaliberVaultII/src/test/e2e/comprehensive-crud-all-categories.spec.ts:46:20

    attachment #1: screenshot (image/png) ──────────────────────────────────────────────────────────
    ../../test-results/e2e-comprehensive-crud-all-e446e-der-should-read-Powder-item-chromium/test-failed-1.png
    ────────────────────────────────────────────────────────────────────────────────────────────────

    attachment #2: video (video/webm) ──────────────────────────────────────────────────────────────
    ../../test-results/e2e-comprehensive-crud-all-e446e-der-should-read-Powder-item-chromium/video.webm
    ────────────────────────────────────────────────────────────────────────────────────────────────
]]>
</failure>
<system-out>
<![CDATA[
[[ATTACHMENT|e2e-comprehensive-crud-all-e446e-der-should-read-Powder-item-chromium/test-failed-1.png]]

[[ATTACHMENT|e2e-comprehensive-crud-all-e446e-der-should-read-Powder-item-chromium/video.webm]]
]]>
</system-out>
</testcase>
<testcase name="Comprehensive CRUD Tests - All Categories › Powder › should update Powder item" classname="e2e/comprehensive-crud-all-categories.spec.ts" time="0.268">
<failure message="comprehensive-crud-all-categories.spec.ts:53:7 should update Powder item" type="FAILURE">
<![CDATA[  [chromium] › e2e/comprehensive-crud-all-categories.spec.ts:53:7 › Comprehensive CRUD Tests - All Categories › Powder › should update Powder item 

    TypeError: page.click(...).first is not a function

      53 |       test(`should update ${category.name} item`, async ({ page }) => {
      54 |         // Click on first item
    > 55 |         await page.click('[data-testid="item-card"]').first();
         |                                                       ^
      56 |         
      57 |         // Click edit button
      58 |         await page.click('button:has-text("Edit")');
        at /Users/ghogue/Library/CloudStorage/OneDrive-InsightfulOutcomes,LLC/IS-LTD/APPS/CaliberVaultII/src/test/e2e/comprehensive-crud-all-categories.spec.ts:55:55

    Error: page.click: Test ended.
    Call log:
      - waiting for locator('[data-testid="item-card"]')


      53 |       test(`should update ${category.name} item`, async ({ page }) => {
      54 |         // Click on first item
    > 55 |         await page.click('[data-testid="item-card"]').first();
         |                    ^
      56 |         
      57 |         // Click edit button
      58 |         await page.click('button:has-text("Edit")');
        at /Users/ghogue/Library/CloudStorage/OneDrive-InsightfulOutcomes,LLC/IS-LTD/APPS/CaliberVaultII/src/test/e2e/comprehensive-crud-all-categories.spec.ts:55:20

    attachment #1: screenshot (image/png) ──────────────────────────────────────────────────────────
    ../../test-results/e2e-comprehensive-crud-all-d8344-r-should-update-Powder-item-chromium/test-failed-1.png
    ────────────────────────────────────────────────────────────────────────────────────────────────
]]>
</failure>
<system-out>
<![CDATA[
[[ATTACHMENT|e2e-comprehensive-crud-all-d8344-r-should-update-Powder-item-chromium/test-failed-1.png]]
]]>
</system-out>
</testcase>
<testcase name="Comprehensive CRUD Tests - All Categories › Powder › should delete Powder item" classname="e2e/comprehensive-crud-all-categories.spec.ts" time="0.254">
<failure message="comprehensive-crud-all-categories.spec.ts:72:7 should delete Powder item" type="FAILURE">
<![CDATA[  [chromium] › e2e/comprehensive-crud-all-categories.spec.ts:72:7 › Comprehensive CRUD Tests - All Categories › Powder › should delete Powder item 

    TypeError: page.click(...).first is not a function

      72 |       test(`should delete ${category.name} item`, async ({ page }) => {
      73 |         // Click on first item
    > 74 |         await page.click('[data-testid="item-card"]').first();
         |                                                       ^
      75 |         
      76 |         // Click delete button
      77 |         await page.click('button:has-text("Delete")');
        at /Users/ghogue/Library/CloudStorage/OneDrive-InsightfulOutcomes,LLC/IS-LTD/APPS/CaliberVaultII/src/test/e2e/comprehensive-crud-all-categories.spec.ts:74:55

    Error: page.click: Test ended.
    Call log:
      - waiting for locator('[data-testid="item-card"]')


      72 |       test(`should delete ${category.name} item`, async ({ page }) => {
      73 |         // Click on first item
    > 74 |         await page.click('[data-testid="item-card"]').first();
         |                    ^
      75 |         
      76 |         // Click delete button
      77 |         await page.click('button:has-text("Delete")');
        at /Users/ghogue/Library/CloudStorage/OneDrive-InsightfulOutcomes,LLC/IS-LTD/APPS/CaliberVaultII/src/test/e2e/comprehensive-crud-all-categories.spec.ts:74:20

    attachment #1: screenshot (image/png) ──────────────────────────────────────────────────────────
    ../../test-results/e2e-comprehensive-crud-all-d92dd-r-should-delete-Powder-item-chromium/test-failed-1.png
    ────────────────────────────────────────────────────────────────────────────────────────────────
]]>
</failure>
<system-out>
<![CDATA[
[[ATTACHMENT|e2e-comprehensive-crud-all-d92dd-r-should-delete-Powder-item-chromium/test-failed-1.png]]
]]>
</system-out>
</testcase>
<testcase name="Comprehensive CRUD Tests - All Categories › should handle bulk operations across categories" classname="e2e/comprehensive-crud-all-categories.spec.ts" time="30.859">
<failure message="comprehensive-crud-all-categories.spec.ts:88:3 should handle bulk operations across categories" type="FAILURE">
<![CDATA[  [chromium] › e2e/comprehensive-crud-all-categories.spec.ts:88:3 › Comprehensive CRUD Tests - All Categories › should handle bulk operations across categories 

    Test timeout of 30000ms exceeded.

    Error: page.click: Test timeout of 30000ms exceeded.
    Call log:
      - waiting for locator('[data-testid="select-all"]')


      88 |   test('should handle bulk operations across categories', async ({ page }) => {
      89 |     // Select multiple items
    > 90 |     await page.click('[data-testid="select-all"]');
         |                ^
      91 |     
      92 |     // Verify bulk actions are available
      93 |     await expect(page.locator('button:has-text("Bulk Actions")')).toBeVisible();
        at /Users/ghogue/Library/CloudStorage/OneDrive-InsightfulOutcomes,LLC/IS-LTD/APPS/CaliberVaultII/src/test/e2e/comprehensive-crud-all-categories.spec.ts:90:16

    attachment #1: screenshot (image/png) ──────────────────────────────────────────────────────────
    ../../test-results/e2e-comprehensive-crud-all-b1907-perations-across-categories-chromium/test-failed-1.png
    ────────────────────────────────────────────────────────────────────────────────────────────────

    attachment #2: video (video/webm) ──────────────────────────────────────────────────────────────
    ../../test-results/e2e-comprehensive-crud-all-b1907-perations-across-categories-chromium/video.webm
    ────────────────────────────────────────────────────────────────────────────────────────────────
]]>
</failure>
<system-out>
<![CDATA[
[[ATTACHMENT|e2e-comprehensive-crud-all-b1907-perations-across-categories-chromium/test-failed-1.png]]

[[ATTACHMENT|e2e-comprehensive-crud-all-b1907-perations-across-categories-chromium/video.webm]]
]]>
</system-out>
</testcase>
<testcase name="Comprehensive CRUD Tests - All Categories › should export data from all categories" classname="e2e/comprehensive-crud-all-categories.spec.ts" time="30.845">
<failure message="comprehensive-crud-all-categories.spec.ts:96:3 should export data from all categories" type="FAILURE">
<![CDATA[  [chromium] › e2e/comprehensive-crud-all-categories.spec.ts:96:3 › Comprehensive CRUD Tests - All Categories › should export data from all categories 

    Test timeout of 30000ms exceeded.

    Error: page.click: Test timeout of 30000ms exceeded.
    Call log:
      - waiting for locator('button:has-text("Export")')


       96 |   test('should export data from all categories', async ({ page }) => {
       97 |     // Click export button
    >  98 |     await page.click('button:has-text("Export")');
          |                ^
       99 |     
      100 |     // Select all categories
      101 |     await page.click('text=Select All');
        at /Users/ghogue/Library/CloudStorage/OneDrive-InsightfulOutcomes,LLC/IS-LTD/APPS/CaliberVaultII/src/test/e2e/comprehensive-crud-all-categories.spec.ts:98:16

    attachment #1: screenshot (image/png) ──────────────────────────────────────────────────────────
    ../../test-results/e2e-comprehensive-crud-all-69f7b-rt-data-from-all-categories-chromium/test-failed-1.png
    ────────────────────────────────────────────────────────────────────────────────────────────────

    attachment #2: video (video/webm) ──────────────────────────────────────────────────────────────
    ../../test-results/e2e-comprehensive-crud-all-69f7b-rt-data-from-all-categories-chromium/video.webm
    ────────────────────────────────────────────────────────────────────────────────────────────────
]]>
</failure>
<system-out>
<![CDATA[
[[ATTACHMENT|e2e-comprehensive-crud-all-69f7b-rt-data-from-all-categories-chromium/test-failed-1.png]]

[[ATTACHMENT|e2e-comprehensive-crud-all-69f7b-rt-data-from-all-categories-chromium/video.webm]]
]]>
</system-out>
</testcase>
</testsuite>
<testsuite name="e2e/comprehensive-inventory-crud.spec.ts" timestamp="2025-11-07T02:55:58.284Z" hostname="chromium" tests="5" failures="5" skipped="0" time="52.291" errors="0">
<testcase name="Comprehensive Inventory CRUD Operations › should add items for all 11 categories" classname="e2e/comprehensive-inventory-crud.spec.ts" time="10.467">
<failure message="comprehensive-inventory-crud.spec.ts:11:3 should add items for all 11 categories" type="FAILURE">
<![CDATA[  [chromium] › e2e/comprehensive-inventory-crud.spec.ts:11:3 › Comprehensive Inventory CRUD Operations › should add items for all 11 categories 

    TimeoutError: page.waitForSelector: Timeout 10000ms exceeded.
    Call log:
      - waiting for locator('[data-testid="inventory-dashboard"]') to be visible


       6 |     await page.goto('/');
       7 |     // Wait for app to load
    >  8 |     await page.waitForSelector('[data-testid="inventory-dashboard"]', { timeout: 10000 });
         |                ^
       9 |   });
      10 |
      11 |   test('should add items for all 11 categories', async ({ page }) => {
        at /Users/ghogue/Library/CloudStorage/OneDrive-InsightfulOutcomes,LLC/IS-LTD/APPS/CaliberVaultII/src/test/e2e/comprehensive-inventory-crud.spec.ts:8:16

    attachment #1: screenshot (image/png) ──────────────────────────────────────────────────────────
    ../../test-results/e2e-comprehensive-inventor-21d71-items-for-all-11-categories-chromium/test-failed-1.png
    ────────────────────────────────────────────────────────────────────────────────────────────────

    attachment #2: video (video/webm) ──────────────────────────────────────────────────────────────
    ../../test-results/e2e-comprehensive-inventor-21d71-items-for-all-11-categories-chromium/video.webm
    ────────────────────────────────────────────────────────────────────────────────────────────────
]]>
</failure>
<system-out>
<![CDATA[
[[ATTACHMENT|e2e-comprehensive-inventor-21d71-items-for-all-11-categories-chromium/test-failed-1.png]]

[[ATTACHMENT|e2e-comprehensive-inventor-21d71-items-for-all-11-categories-chromium/video.webm]]
]]>
</system-out>
</testcase>
<testcase name="Comprehensive Inventory CRUD Operations › should filter items by category" classname="e2e/comprehensive-inventory-crud.spec.ts" time="10.436">
<failure message="comprehensive-inventory-crud.spec.ts:43:3 should filter items by category" type="FAILURE">
<![CDATA[  [chromium] › e2e/comprehensive-inventory-crud.spec.ts:43:3 › Comprehensive Inventory CRUD Operations › should filter items by category 

    TimeoutError: page.waitForSelector: Timeout 10000ms exceeded.
    Call log:
      - waiting for locator('[data-testid="inventory-dashboard"]') to be visible


       6 |     await page.goto('/');
       7 |     // Wait for app to load
    >  8 |     await page.waitForSelector('[data-testid="inventory-dashboard"]', { timeout: 10000 });
         |                ^
       9 |   });
      10 |
      11 |   test('should add items for all 11 categories', async ({ page }) => {
        at /Users/ghogue/Library/CloudStorage/OneDrive-InsightfulOutcomes,LLC/IS-LTD/APPS/CaliberVaultII/src/test/e2e/comprehensive-inventory-crud.spec.ts:8:16

    attachment #1: screenshot (image/png) ──────────────────────────────────────────────────────────
    ../../test-results/e2e-comprehensive-inventor-0d4c3-ld-filter-items-by-category-chromium/test-failed-1.png
    ────────────────────────────────────────────────────────────────────────────────────────────────

    attachment #2: video (video/webm) ──────────────────────────────────────────────────────────────
    ../../test-results/e2e-comprehensive-inventor-0d4c3-ld-filter-items-by-category-chromium/video.webm
    ────────────────────────────────────────────────────────────────────────────────────────────────
]]>
</failure>
<system-out>
<![CDATA[
[[ATTACHMENT|e2e-comprehensive-inventor-0d4c3-ld-filter-items-by-category-chromium/test-failed-1.png]]

[[ATTACHMENT|e2e-comprehensive-inventor-0d4c3-ld-filter-items-by-category-chromium/video.webm]]
]]>
</system-out>
</testcase>
<testcase name="Comprehensive Inventory CRUD Operations › should search items by name" classname="e2e/comprehensive-inventory-crud.spec.ts" time="10.475">
<failure message="comprehensive-inventory-crud.spec.ts:59:3 should search items by name" type="FAILURE">
<![CDATA[  [chromium] › e2e/comprehensive-inventory-crud.spec.ts:59:3 › Comprehensive Inventory CRUD Operations › should search items by name 

    TimeoutError: page.waitForSelector: Timeout 10000ms exceeded.
    Call log:
      - waiting for locator('[data-testid="inventory-dashboard"]') to be visible


       6 |     await page.goto('/');
       7 |     // Wait for app to load
    >  8 |     await page.waitForSelector('[data-testid="inventory-dashboard"]', { timeout: 10000 });
         |                ^
       9 |   });
      10 |
      11 |   test('should add items for all 11 categories', async ({ page }) => {
        at /Users/ghogue/Library/CloudStorage/OneDrive-InsightfulOutcomes,LLC/IS-LTD/APPS/CaliberVaultII/src/test/e2e/comprehensive-inventory-crud.spec.ts:8:16

    attachment #1: screenshot (image/png) ──────────────────────────────────────────────────────────
    ../../test-results/e2e-comprehensive-inventor-0bc85-should-search-items-by-name-chromium/test-failed-1.png
    ────────────────────────────────────────────────────────────────────────────────────────────────

    attachment #2: video (video/webm) ──────────────────────────────────────────────────────────────
    ../../test-results/e2e-comprehensive-inventor-0bc85-should-search-items-by-name-chromium/video.webm
    ────────────────────────────────────────────────────────────────────────────────────────────────
]]>
</failure>
<system-out>
<![CDATA[
[[ATTACHMENT|e2e-comprehensive-inventor-0bc85-should-search-items-by-name-chromium/test-failed-1.png]]

[[ATTACHMENT|e2e-comprehensive-inventor-0bc85-should-search-items-by-name-chromium/video.webm]]
]]>
</system-out>
</testcase>
<testcase name="Comprehensive Inventory CRUD Operations › should edit an item" classname="e2e/comprehensive-inventory-crud.spec.ts" time="10.433">
<failure message="comprehensive-inventory-crud.spec.ts:72:3 should edit an item" type="FAILURE">
<![CDATA[  [chromium] › e2e/comprehensive-inventory-crud.spec.ts:72:3 › Comprehensive Inventory CRUD Operations › should edit an item 

    TimeoutError: page.waitForSelector: Timeout 10000ms exceeded.
    Call log:
      - waiting for locator('[data-testid="inventory-dashboard"]') to be visible


       6 |     await page.goto('/');
       7 |     // Wait for app to load
    >  8 |     await page.waitForSelector('[data-testid="inventory-dashboard"]', { timeout: 10000 });
         |                ^
       9 |   });
      10 |
      11 |   test('should add items for all 11 categories', async ({ page }) => {
        at /Users/ghogue/Library/CloudStorage/OneDrive-InsightfulOutcomes,LLC/IS-LTD/APPS/CaliberVaultII/src/test/e2e/comprehensive-inventory-crud.spec.ts:8:16

    attachment #1: screenshot (image/png) ──────────────────────────────────────────────────────────
    ../../test-results/e2e-comprehensive-inventor-9cd63-rations-should-edit-an-item-chromium/test-failed-1.png
    ────────────────────────────────────────────────────────────────────────────────────────────────

    attachment #2: video (video/webm) ──────────────────────────────────────────────────────────────
    ../../test-results/e2e-comprehensive-inventor-9cd63-rations-should-edit-an-item-chromium/video.webm
    ────────────────────────────────────────────────────────────────────────────────────────────────
]]>
</failure>
<system-out>
<![CDATA[
[[ATTACHMENT|e2e-comprehensive-inventor-9cd63-rations-should-edit-an-item-chromium/test-failed-1.png]]

[[ATTACHMENT|e2e-comprehensive-inventor-9cd63-rations-should-edit-an-item-chromium/video.webm]]
]]>
</system-out>
</testcase>
<testcase name="Comprehensive Inventory CRUD Operations › should delete an item" classname="e2e/comprehensive-inventory-crud.spec.ts" time="10.48">
<failure message="comprehensive-inventory-crud.spec.ts:90:3 should delete an item" type="FAILURE">
<![CDATA[  [chromium] › e2e/comprehensive-inventory-crud.spec.ts:90:3 › Comprehensive Inventory CRUD Operations › should delete an item 

    TimeoutError: page.waitForSelector: Timeout 10000ms exceeded.
    Call log:
      - waiting for locator('[data-testid="inventory-dashboard"]') to be visible


       6 |     await page.goto('/');
       7 |     // Wait for app to load
    >  8 |     await page.waitForSelector('[data-testid="inventory-dashboard"]', { timeout: 10000 });
         |                ^
       9 |   });
      10 |
      11 |   test('should add items for all 11 categories', async ({ page }) => {
        at /Users/ghogue/Library/CloudStorage/OneDrive-InsightfulOutcomes,LLC/IS-LTD/APPS/CaliberVaultII/src/test/e2e/comprehensive-inventory-crud.spec.ts:8:16

    attachment #1: screenshot (image/png) ──────────────────────────────────────────────────────────
    ../../test-results/e2e-comprehensive-inventor-519a0-tions-should-delete-an-item-chromium/test-failed-1.png
    ────────────────────────────────────────────────────────────────────────────────────────────────

    attachment #2: video (video/webm) ──────────────────────────────────────────────────────────────
    ../../test-results/e2e-comprehensive-inventor-519a0-tions-should-delete-an-item-chromium/video.webm
    ────────────────────────────────────────────────────────────────────────────────────────────────
]]>
</failure>
<system-out>
<![CDATA[
[[ATTACHMENT|e2e-comprehensive-inventor-519a0-tions-should-delete-an-item-chromium/test-failed-1.png]]

[[ATTACHMENT|e2e-comprehensive-inventor-519a0-tions-should-delete-an-item-chromium/video.webm]]
]]>
</system-out>
</testcase>
</testsuite>
<testsuite name="e2e/comprehensive-user-flows.spec.ts" timestamp="2025-11-07T02:55:58.284Z" hostname="chromium" tests="3" failures="3" skipped="0" time="92.545" errors="0">
<testcase name="Comprehensive User Flows › complete inventory workflow" classname="e2e/comprehensive-user-flows.spec.ts" time="30.86">
<failure message="comprehensive-user-flows.spec.ts:8:3 complete inventory workflow" type="FAILURE">
<![CDATA[  [chromium] › e2e/comprehensive-user-flows.spec.ts:8:3 › Comprehensive User Flows › complete inventory workflow 

    Test timeout of 30000ms exceeded.

    Error: page.click: Test timeout of 30000ms exceeded.
    Call log:
      - waiting for locator('text=Login')


       8 |   test('complete inventory workflow', async ({ page }) => {
       9 |     // Login
    > 10 |     await page.click('text=Login');
         |                ^
      11 |     await page.fill('input[type="email"]', 'test@example.com');
      12 |     await page.fill('input[type="password"]', 'password123');
      13 |     await page.click('button[type="submit"]');
        at /Users/ghogue/Library/CloudStorage/OneDrive-InsightfulOutcomes,LLC/IS-LTD/APPS/CaliberVaultII/src/test/e2e/comprehensive-user-flows.spec.ts:10:16

    attachment #1: screenshot (image/png) ──────────────────────────────────────────────────────────
    ../../test-results/e2e-comprehensive-user-flo-a8cdc-complete-inventory-workflow-chromium/test-failed-1.png
    ────────────────────────────────────────────────────────────────────────────────────────────────

    attachment #2: video (video/webm) ──────────────────────────────────────────────────────────────
    ../../test-results/e2e-comprehensive-user-flo-a8cdc-complete-inventory-workflow-chromium/video.webm
    ────────────────────────────────────────────────────────────────────────────────────────────────
]]>
</failure>
<system-out>
<![CDATA[
[[ATTACHMENT|e2e-comprehensive-user-flo-a8cdc-complete-inventory-workflow-chromium/test-failed-1.png]]

[[ATTACHMENT|e2e-comprehensive-user-flo-a8cdc-complete-inventory-workflow-chromium/video.webm]]
]]>
</system-out>
</testcase>
<testcase name="Comprehensive User Flows › barcode scanning workflow" classname="e2e/comprehensive-user-flows.spec.ts" time="30.839">
<failure message="comprehensive-user-flows.spec.ts:44:3 barcode scanning workflow" type="FAILURE">
<![CDATA[  [chromium] › e2e/comprehensive-user-flows.spec.ts:44:3 › Comprehensive User Flows › barcode scanning workflow 

    Test timeout of 30000ms exceeded.

    Error: page.click: Test timeout of 30000ms exceeded.
    Call log:
      - waiting for locator('text=Scan Barcode')


      43 |
      44 |   test('barcode scanning workflow', async ({ page }) => {
    > 45 |     await page.click('text=Scan Barcode');
         |                ^
      46 |     await expect(page.locator('video')).toBeVisible();
      47 |     // Simulate barcode detection would happen here
      48 |   });
        at /Users/ghogue/Library/CloudStorage/OneDrive-InsightfulOutcomes,LLC/IS-LTD/APPS/CaliberVaultII/src/test/e2e/comprehensive-user-flows.spec.ts:45:16

    attachment #1: screenshot (image/png) ──────────────────────────────────────────────────────────
    ../../test-results/e2e-comprehensive-user-flo-b97ca-s-barcode-scanning-workflow-chromium/test-failed-1.png
    ────────────────────────────────────────────────────────────────────────────────────────────────

    attachment #2: video (video/webm) ──────────────────────────────────────────────────────────────
    ../../test-results/e2e-comprehensive-user-flo-b97ca-s-barcode-scanning-workflow-chromium/video.webm
    ────────────────────────────────────────────────────────────────────────────────────────────────
]]>
</failure>
<system-out>
<![CDATA[
[[ATTACHMENT|e2e-comprehensive-user-flo-b97ca-s-barcode-scanning-workflow-chromium/test-failed-1.png]]

[[ATTACHMENT|e2e-comprehensive-user-flo-b97ca-s-barcode-scanning-workflow-chromium/video.webm]]
]]>
</system-out>
</testcase>
<testcase name="Comprehensive User Flows › export and reporting workflow" classname="e2e/comprehensive-user-flows.spec.ts" time="30.846">
<failure message="comprehensive-user-flows.spec.ts:50:3 export and reporting workflow" type="FAILURE">
<![CDATA[  [chromium] › e2e/comprehensive-user-flows.spec.ts:50:3 › Comprehensive User Flows › export and reporting workflow 

    Test timeout of 30000ms exceeded.

    Error: page.click: Test timeout of 30000ms exceeded.
    Call log:
      - waiting for locator('text=Reports')


      49 |
      50 |   test('export and reporting workflow', async ({ page }) => {
    > 51 |     await page.click('text=Reports');
         |                ^
      52 |     await page.click('text=Export PDF');
      53 |     // Verify download initiated
      54 |   });
        at /Users/ghogue/Library/CloudStorage/OneDrive-InsightfulOutcomes,LLC/IS-LTD/APPS/CaliberVaultII/src/test/e2e/comprehensive-user-flows.spec.ts:51:16

    attachment #1: screenshot (image/png) ──────────────────────────────────────────────────────────
    ../../test-results/e2e-comprehensive-user-flo-74dd6-port-and-reporting-workflow-chromium/test-failed-1.png
    ────────────────────────────────────────────────────────────────────────────────────────────────

    attachment #2: video (video/webm) ──────────────────────────────────────────────────────────────
    ../../test-results/e2e-comprehensive-user-flo-74dd6-port-and-reporting-workflow-chromium/video.webm
    ────────────────────────────────────────────────────────────────────────────────────────────────
]]>
</failure>
<system-out>
<![CDATA[
[[ATTACHMENT|e2e-comprehensive-user-flo-74dd6-port-and-reporting-workflow-chromium/test-failed-1.png]]

[[ATTACHMENT|e2e-comprehensive-user-flo-74dd6-port-and-reporting-workflow-chromium/video.webm]]
]]>
</system-out>
</testcase>
</testsuite>
<testsuite name="e2e/comprehensive.spec.ts" timestamp="2025-11-07T02:55:58.284Z" hostname="chromium" tests="1" failures="1" skipped="0" time="30.855" errors="0">
<testcase name="Comprehensive User Journey › complete user workflow" classname="e2e/comprehensive.spec.ts" time="30.855">
<failure message="comprehensive.spec.ts:4:3 complete user workflow" type="FAILURE">
<![CDATA[  [chromium] › e2e/comprehensive.spec.ts:4:3 › Comprehensive User Journey › complete user workflow ─

    Test timeout of 30000ms exceeded.

    Error: page.click: Test timeout of 30000ms exceeded.
    Call log:
      - waiting for locator('button:has-text("Add Item")')


      22 |
      23 |     // 3. Add new item
    > 24 |     await page.click('button:has-text("Add Item")');
         |                ^
      25 |     await page.fill('input[name="name"]', 'Test Firearm E2E');
      26 |     await page.fill('input[name="manufacturer"]', 'Test Manufacturer');
      27 |     await page.fill('input[name="model"]', 'Test Model');
        at /Users/ghogue/Library/CloudStorage/OneDrive-InsightfulOutcomes,LLC/IS-LTD/APPS/CaliberVaultII/src/test/e2e/comprehensive.spec.ts:24:16

    attachment #1: screenshot (image/png) ──────────────────────────────────────────────────────────
    ../../test-results/e2e-comprehensive-Comprehe-c0adc-rney-complete-user-workflow-chromium/test-failed-1.png
    ────────────────────────────────────────────────────────────────────────────────────────────────

    attachment #2: video (video/webm) ──────────────────────────────────────────────────────────────
    ../../test-results/e2e-comprehensive-Comprehe-c0adc-rney-complete-user-workflow-chromium/video.webm
    ────────────────────────────────────────────────────────────────────────────────────────────────
]]>
</failure>
<system-out>
<![CDATA[
[[ATTACHMENT|e2e-comprehensive-Comprehe-c0adc-rney-complete-user-workflow-chromium/test-failed-1.png]]

[[ATTACHMENT|e2e-comprehensive-Comprehe-c0adc-rney-complete-user-workflow-chromium/video.webm]]
]]>
</system-out>
</testcase>
</testsuite>
<testsuite name="e2e/editItem.spec.ts" timestamp="2025-11-07T02:55:58.284Z" hostname="chromium" tests="2" failures="2" skipped="0" time="61.729" errors="0">
<testcase name="Edit Item Flow › should edit an existing item" classname="e2e/editItem.spec.ts" time="30.861">
<failure message="editItem.spec.ts:9:3 should edit an existing item" type="FAILURE">
<![CDATA[  [chromium] › e2e/editItem.spec.ts:9:3 › Edit Item Flow › should edit an existing item ────────────

    Test timeout of 30000ms exceeded.

    Error: page.click: Test timeout of 30000ms exceeded.
    Call log:
      - waiting for locator('.item-card:first-child')


       9 |   test('should edit an existing item', async ({ page }) => {
      10 |     // Click on first item card
    > 11 |     await page.click('.item-card:first-child');
         |                ^
      12 |     
      13 |     // Click edit button
      14 |     await page.click('button:has-text("Edit")');
        at /Users/ghogue/Library/CloudStorage/OneDrive-InsightfulOutcomes,LLC/IS-LTD/APPS/CaliberVaultII/src/test/e2e/editItem.spec.ts:11:16

    attachment #1: screenshot (image/png) ──────────────────────────────────────────────────────────
    ../../test-results/e2e-editItem-Edit-Item-Flow-should-edit-an-existing-item-chromium/test-failed-1.png
    ────────────────────────────────────────────────────────────────────────────────────────────────

    attachment #2: video (video/webm) ──────────────────────────────────────────────────────────────
    ../../test-results/e2e-editItem-Edit-Item-Flow-should-edit-an-existing-item-chromium/video.webm
    ────────────────────────────────────────────────────────────────────────────────────────────────
]]>
</failure>
<system-out>
<![CDATA[
[[ATTACHMENT|e2e-editItem-Edit-Item-Flow-should-edit-an-existing-item-chromium/test-failed-1.png]]

[[ATTACHMENT|e2e-editItem-Edit-Item-Flow-should-edit-an-existing-item-chromium/video.webm]]
]]>
</system-out>
</testcase>
<testcase name="Edit Item Flow › should cancel edit without saving" classname="e2e/editItem.spec.ts" time="30.868">
<failure message="editItem.spec.ts:28:3 should cancel edit without saving" type="FAILURE">
<![CDATA[  [chromium] › e2e/editItem.spec.ts:28:3 › Edit Item Flow › should cancel edit without saving ──────

    Test timeout of 30000ms exceeded.

    Error: page.click: Test timeout of 30000ms exceeded.
    Call log:
      - waiting for locator('.item-card:first-child')


      27 |
      28 |   test('should cancel edit without saving', async ({ page }) => {
    > 29 |     await page.click('.item-card:first-child');
         |                ^
      30 |     await page.click('button:has-text("Edit")');
      31 |     
      32 |     await page.fill('input[name="name"]', 'Should Not Save');
        at /Users/ghogue/Library/CloudStorage/OneDrive-InsightfulOutcomes,LLC/IS-LTD/APPS/CaliberVaultII/src/test/e2e/editItem.spec.ts:29:16

    attachment #1: screenshot (image/png) ──────────────────────────────────────────────────────────
    ../../test-results/e2e-editItem-Edit-Item-Flo-d3676--cancel-edit-without-saving-chromium/test-failed-1.png
    ────────────────────────────────────────────────────────────────────────────────────────────────

    attachment #2: video (video/webm) ──────────────────────────────────────────────────────────────
    ../../test-results/e2e-editItem-Edit-Item-Flo-d3676--cancel-edit-without-saving-chromium/video.webm
    ────────────────────────────────────────────────────────────────────────────────────────────────
]]>
</failure>
<system-out>
<![CDATA[
[[ATTACHMENT|e2e-editItem-Edit-Item-Flo-d3676--cancel-edit-without-saving-chromium/test-failed-1.png]]

[[ATTACHMENT|e2e-editItem-Edit-Item-Flo-d3676--cancel-edit-without-saving-chromium/video.webm]]
]]>
</system-out>
</testcase>
</testsuite>
<testsuite name="e2e/export.spec.ts" timestamp="2025-11-07T02:55:58.284Z" hostname="chromium" tests="3" failures="3" skipped="0" time="90.921" errors="0">
<testcase name="Export Functionality › should export inventory to CSV" classname="e2e/export.spec.ts" time="30.045">
<failure message="export.spec.ts:10:3 should export inventory to CSV" type="FAILURE">
<![CDATA[  [chromium] › e2e/export.spec.ts:10:3 › Export Functionality › should export inventory to CSV ─────

    Test timeout of 30000ms exceeded.

    Error: page.waitForEvent: Test timeout of 30000ms exceeded.
    =========================== logs ===========================
    waiting for event "download"
    ============================================================

       9 |
      10 |   test('should export inventory to CSV', async ({ page }) => {
    > 11 |     const downloadPromise = page.waitForEvent('download');
         |                                  ^
      12 |     
      13 |     await page.click('button:has-text("Export")');
      14 |     await page.click('text="Export to CSV"');
        at /Users/ghogue/Library/CloudStorage/OneDrive-InsightfulOutcomes,LLC/IS-LTD/APPS/CaliberVaultII/src/test/e2e/export.spec.ts:11:34

    Error: page.click: Test timeout of 30000ms exceeded.
    Call log:
      - waiting for locator('button:has-text("Export")')


      11 |     const downloadPromise = page.waitForEvent('download');
      12 |     
    > 13 |     await page.click('button:has-text("Export")');
         |                ^
      14 |     await page.click('text="Export to CSV"');
      15 |     
      16 |     const download = await downloadPromise;
        at /Users/ghogue/Library/CloudStorage/OneDrive-InsightfulOutcomes,LLC/IS-LTD/APPS/CaliberVaultII/src/test/e2e/export.spec.ts:13:16

    attachment #1: screenshot (image/png) ──────────────────────────────────────────────────────────
    ../../test-results/e2e-export-Export-Function-fb66d-uld-export-inventory-to-CSV-chromium/test-failed-1.png
    ────────────────────────────────────────────────────────────────────────────────────────────────
]]>
</failure>
<system-out>
<![CDATA[
[[ATTACHMENT|e2e-export-Export-Function-fb66d-uld-export-inventory-to-CSV-chromium/test-failed-1.png]]
]]>
</system-out>
</testcase>
<testcase name="Export Functionality › should export inventory to PDF" classname="e2e/export.spec.ts" time="30.028">
<failure message="export.spec.ts:20:3 should export inventory to PDF" type="FAILURE">
<![CDATA[  [chromium] › e2e/export.spec.ts:20:3 › Export Functionality › should export inventory to PDF ─────

    Test timeout of 30000ms exceeded.

    Error: page.waitForEvent: Test timeout of 30000ms exceeded.
    =========================== logs ===========================
    waiting for event "download"
    ============================================================

      19 |
      20 |   test('should export inventory to PDF', async ({ page }) => {
    > 21 |     const downloadPromise = page.waitForEvent('download');
         |                                  ^
      22 |     
      23 |     await page.click('button:has-text("Export")');
      24 |     await page.click('text="Export to PDF"');
        at /Users/ghogue/Library/CloudStorage/OneDrive-InsightfulOutcomes,LLC/IS-LTD/APPS/CaliberVaultII/src/test/e2e/export.spec.ts:21:34

    Error: page.click: Test timeout of 30000ms exceeded.
    Call log:
      - waiting for locator('button:has-text("Export")')


      21 |     const downloadPromise = page.waitForEvent('download');
      22 |     
    > 23 |     await page.click('button:has-text("Export")');
         |                ^
      24 |     await page.click('text="Export to PDF"');
      25 |     
      26 |     const download = await downloadPromise;
        at /Users/ghogue/Library/CloudStorage/OneDrive-InsightfulOutcomes,LLC/IS-LTD/APPS/CaliberVaultII/src/test/e2e/export.spec.ts:23:16

    attachment #1: screenshot (image/png) ──────────────────────────────────────────────────────────
    ../../test-results/e2e-export-Export-Function-db966-uld-export-inventory-to-PDF-chromium/test-failed-1.png
    ────────────────────────────────────────────────────────────────────────────────────────────────
]]>
</failure>
<system-out>
<![CDATA[
[[ATTACHMENT|e2e-export-Export-Function-db966-uld-export-inventory-to-PDF-chromium/test-failed-1.png]]
]]>
</system-out>
</testcase>
<testcase name="Export Functionality › should export with filters applied" classname="e2e/export.spec.ts" time="30.848">
<failure message="export.spec.ts:30:3 should export with filters applied" type="FAILURE">
<![CDATA[  [chromium] › e2e/export.spec.ts:30:3 › Export Functionality › should export with filters applied ─

    Test timeout of 30000ms exceeded.

    Error: page.fill: Test timeout of 30000ms exceeded.
    Call log:
      - waiting for locator('input[placeholder*="Search"]')


      29 |
      30 |   test('should export with filters applied', async ({ page }) => {
    > 31 |     await page.fill('input[placeholder*="Search"]', 'Glock');
         |                ^
      32 |     
      33 |     const downloadPromise = page.waitForEvent('download');
      34 |     await page.click('button:has-text("Export")');
        at /Users/ghogue/Library/CloudStorage/OneDrive-InsightfulOutcomes,LLC/IS-LTD/APPS/CaliberVaultII/src/test/e2e/export.spec.ts:31:16

    attachment #1: screenshot (image/png) ──────────────────────────────────────────────────────────
    ../../test-results/e2e-export-Export-Function-bd061-export-with-filters-applied-chromium/test-failed-1.png
    ────────────────────────────────────────────────────────────────────────────────────────────────

    attachment #2: video (video/webm) ──────────────────────────────────────────────────────────────
    ../../test-results/e2e-export-Export-Function-bd061-export-with-filters-applied-chromium/video.webm
    ────────────────────────────────────────────────────────────────────────────────────────────────
]]>
</failure>
<system-out>
<![CDATA[
[[ATTACHMENT|e2e-export-Export-Function-bd061-export-with-filters-applied-chromium/test-failed-1.png]]

[[ATTACHMENT|e2e-export-Export-Function-bd061-export-with-filters-applied-chromium/video.webm]]
]]>
</system-out>
</testcase>
</testsuite>
<testsuite name="e2e/filtering-and-search.spec.ts" timestamp="2025-11-07T02:55:58.284Z" hostname="chromium" tests="5" failures="5" skipped="0" time="154.236" errors="0">
<testcase name="Filtering and Search › should filter by multiple categories" classname="e2e/filtering-and-search.spec.ts" time="30.848">
<failure message="filtering-and-search.spec.ts:9:3 should filter by multiple categories" type="FAILURE">
<![CDATA[  [chromium] › e2e/filtering-and-search.spec.ts:9:3 › Filtering and Search › should filter by multiple categories 

    Test timeout of 30000ms exceeded while running "beforeEach" hook.

      2 |
      3 | test.describe('Filtering and Search', () => {
    > 4 |   test.beforeEach(async ({ page }) => {
        |        ^
      5 |     await page.goto('/');
      6 |     await page.waitForSelector('[data-testid="inventory-dashboard"]');
      7 |   });
        at /Users/ghogue/Library/CloudStorage/OneDrive-InsightfulOutcomes,LLC/IS-LTD/APPS/CaliberVaultII/src/test/e2e/filtering-and-search.spec.ts:4:8

    Error: page.waitForSelector: Test timeout of 30000ms exceeded.
    Call log:
      - waiting for locator('[data-testid="inventory-dashboard"]') to be visible


      4 |   test.beforeEach(async ({ page }) => {
      5 |     await page.goto('/');
    > 6 |     await page.waitForSelector('[data-testid="inventory-dashboard"]');
        |                ^
      7 |   });
      8 |
      9 |   test('should filter by multiple categories', async ({ page }) => {
        at /Users/ghogue/Library/CloudStorage/OneDrive-InsightfulOutcomes,LLC/IS-LTD/APPS/CaliberVaultII/src/test/e2e/filtering-and-search.spec.ts:6:16

    attachment #1: screenshot (image/png) ──────────────────────────────────────────────────────────
    ../../test-results/e2e-filtering-and-search-F-7299d-lter-by-multiple-categories-chromium/test-failed-1.png
    ────────────────────────────────────────────────────────────────────────────────────────────────

    attachment #2: video (video/webm) ──────────────────────────────────────────────────────────────
    ../../test-results/e2e-filtering-and-search-F-7299d-lter-by-multiple-categories-chromium/video.webm
    ────────────────────────────────────────────────────────────────────────────────────────────────
]]>
</failure>
<system-out>
<![CDATA[
[[ATTACHMENT|e2e-filtering-and-search-F-7299d-lter-by-multiple-categories-chromium/test-failed-1.png]]

[[ATTACHMENT|e2e-filtering-and-search-F-7299d-lter-by-multiple-categories-chromium/video.webm]]
]]>
</system-out>
</testcase>
<testcase name="Filtering and Search › should search with filters applied" classname="e2e/filtering-and-search.spec.ts" time="30.834">
<failure message="filtering-and-search.spec.ts:27:3 should search with filters applied" type="FAILURE">
<![CDATA[  [chromium] › e2e/filtering-and-search.spec.ts:27:3 › Filtering and Search › should search with filters applied 

    Test timeout of 30000ms exceeded while running "beforeEach" hook.

      2 |
      3 | test.describe('Filtering and Search', () => {
    > 4 |   test.beforeEach(async ({ page }) => {
        |        ^
      5 |     await page.goto('/');
      6 |     await page.waitForSelector('[data-testid="inventory-dashboard"]');
      7 |   });
        at /Users/ghogue/Library/CloudStorage/OneDrive-InsightfulOutcomes,LLC/IS-LTD/APPS/CaliberVaultII/src/test/e2e/filtering-and-search.spec.ts:4:8

    Error: page.waitForSelector: Test timeout of 30000ms exceeded.
    Call log:
      - waiting for locator('[data-testid="inventory-dashboard"]') to be visible


      4 |   test.beforeEach(async ({ page }) => {
      5 |     await page.goto('/');
    > 6 |     await page.waitForSelector('[data-testid="inventory-dashboard"]');
        |                ^
      7 |   });
      8 |
      9 |   test('should filter by multiple categories', async ({ page }) => {
        at /Users/ghogue/Library/CloudStorage/OneDrive-InsightfulOutcomes,LLC/IS-LTD/APPS/CaliberVaultII/src/test/e2e/filtering-and-search.spec.ts:6:16

    attachment #1: screenshot (image/png) ──────────────────────────────────────────────────────────
    ../../test-results/e2e-filtering-and-search-F-bb6b6-search-with-filters-applied-chromium/test-failed-1.png
    ────────────────────────────────────────────────────────────────────────────────────────────────

    attachment #2: video (video/webm) ──────────────────────────────────────────────────────────────
    ../../test-results/e2e-filtering-and-search-F-bb6b6-search-with-filters-applied-chromium/video.webm
    ────────────────────────────────────────────────────────────────────────────────────────────────
]]>
</failure>
<system-out>
<![CDATA[
[[ATTACHMENT|e2e-filtering-and-search-F-bb6b6-search-with-filters-applied-chromium/test-failed-1.png]]

[[ATTACHMENT|e2e-filtering-and-search-F-bb6b6-search-with-filters-applied-chromium/video.webm]]
]]>
</system-out>
</testcase>
<testcase name="Filtering and Search › should clear all filters" classname="e2e/filtering-and-search.spec.ts" time="30.857">
<failure message="filtering-and-search.spec.ts:46:3 should clear all filters" type="FAILURE">
<![CDATA[  [chromium] › e2e/filtering-and-search.spec.ts:46:3 › Filtering and Search › should clear all filters 

    Test timeout of 30000ms exceeded while running "beforeEach" hook.

      2 |
      3 | test.describe('Filtering and Search', () => {
    > 4 |   test.beforeEach(async ({ page }) => {
        |        ^
      5 |     await page.goto('/');
      6 |     await page.waitForSelector('[data-testid="inventory-dashboard"]');
      7 |   });
        at /Users/ghogue/Library/CloudStorage/OneDrive-InsightfulOutcomes,LLC/IS-LTD/APPS/CaliberVaultII/src/test/e2e/filtering-and-search.spec.ts:4:8

    Error: page.waitForSelector: Test timeout of 30000ms exceeded.
    Call log:
      - waiting for locator('[data-testid="inventory-dashboard"]') to be visible


      4 |   test.beforeEach(async ({ page }) => {
      5 |     await page.goto('/');
    > 6 |     await page.waitForSelector('[data-testid="inventory-dashboard"]');
        |                ^
      7 |   });
      8 |
      9 |   test('should filter by multiple categories', async ({ page }) => {
        at /Users/ghogue/Library/CloudStorage/OneDrive-InsightfulOutcomes,LLC/IS-LTD/APPS/CaliberVaultII/src/test/e2e/filtering-and-search.spec.ts:6:16

    attachment #1: screenshot (image/png) ──────────────────────────────────────────────────────────
    ../../test-results/e2e-filtering-and-search-F-340ac-ch-should-clear-all-filters-chromium/test-failed-1.png
    ────────────────────────────────────────────────────────────────────────────────────────────────

    attachment #2: video (video/webm) ──────────────────────────────────────────────────────────────
    ../../test-results/e2e-filtering-and-search-F-340ac-ch-should-clear-all-filters-chromium/video.webm
    ────────────────────────────────────────────────────────────────────────────────────────────────
]]>
</failure>
<system-out>
<![CDATA[
[[ATTACHMENT|e2e-filtering-and-search-F-340ac-ch-should-clear-all-filters-chromium/test-failed-1.png]]

[[ATTACHMENT|e2e-filtering-and-search-F-340ac-ch-should-clear-all-filters-chromium/video.webm]]
]]>
</system-out>
</testcase>
<testcase name="Filtering and Search › should sort items by price" classname="e2e/filtering-and-search.spec.ts" time="30.858">
<failure message="filtering-and-search.spec.ts:62:3 should sort items by price" type="FAILURE">
<![CDATA[  [chromium] › e2e/filtering-and-search.spec.ts:62:3 › Filtering and Search › should sort items by price 

    Test timeout of 30000ms exceeded while running "beforeEach" hook.

      2 |
      3 | test.describe('Filtering and Search', () => {
    > 4 |   test.beforeEach(async ({ page }) => {
        |        ^
      5 |     await page.goto('/');
      6 |     await page.waitForSelector('[data-testid="inventory-dashboard"]');
      7 |   });
        at /Users/ghogue/Library/CloudStorage/OneDrive-InsightfulOutcomes,LLC/IS-LTD/APPS/CaliberVaultII/src/test/e2e/filtering-and-search.spec.ts:4:8

    Error: page.waitForSelector: Test timeout of 30000ms exceeded.
    Call log:
      - waiting for locator('[data-testid="inventory-dashboard"]') to be visible


      4 |   test.beforeEach(async ({ page }) => {
      5 |     await page.goto('/');
    > 6 |     await page.waitForSelector('[data-testid="inventory-dashboard"]');
        |                ^
      7 |   });
      8 |
      9 |   test('should filter by multiple categories', async ({ page }) => {
        at /Users/ghogue/Library/CloudStorage/OneDrive-InsightfulOutcomes,LLC/IS-LTD/APPS/CaliberVaultII/src/test/e2e/filtering-and-search.spec.ts:6:16

    attachment #1: screenshot (image/png) ──────────────────────────────────────────────────────────
    ../../test-results/e2e-filtering-and-search-F-d6320--should-sort-items-by-price-chromium/test-failed-1.png
    ────────────────────────────────────────────────────────────────────────────────────────────────

    attachment #2: video (video/webm) ──────────────────────────────────────────────────────────────
    ../../test-results/e2e-filtering-and-search-F-d6320--should-sort-items-by-price-chromium/video.webm
    ────────────────────────────────────────────────────────────────────────────────────────────────
]]>
</failure>
<system-out>
<![CDATA[
[[ATTACHMENT|e2e-filtering-and-search-F-d6320--should-sort-items-by-price-chromium/test-failed-1.png]]

[[ATTACHMENT|e2e-filtering-and-search-F-d6320--should-sort-items-by-price-chromium/video.webm]]
]]>
</system-out>
</testcase>
<testcase name="Filtering and Search › should filter by condition" classname="e2e/filtering-and-search.spec.ts" time="30.839">
<failure message="filtering-and-search.spec.ts:76:3 should filter by condition" type="FAILURE">
<![CDATA[  [chromium] › e2e/filtering-and-search.spec.ts:76:3 › Filtering and Search › should filter by condition 

    Test timeout of 30000ms exceeded while running "beforeEach" hook.

      2 |
      3 | test.describe('Filtering and Search', () => {
    > 4 |   test.beforeEach(async ({ page }) => {
        |        ^
      5 |     await page.goto('/');
      6 |     await page.waitForSelector('[data-testid="inventory-dashboard"]');
      7 |   });
        at /Users/ghogue/Library/CloudStorage/OneDrive-InsightfulOutcomes,LLC/IS-LTD/APPS/CaliberVaultII/src/test/e2e/filtering-and-search.spec.ts:4:8

    Error: page.waitForSelector: Test timeout of 30000ms exceeded.
    Call log:
      - waiting for locator('[data-testid="inventory-dashboard"]') to be visible


      4 |   test.beforeEach(async ({ page }) => {
      5 |     await page.goto('/');
    > 6 |     await page.waitForSelector('[data-testid="inventory-dashboard"]');
        |                ^
      7 |   });
      8 |
      9 |   test('should filter by multiple categories', async ({ page }) => {
        at /Users/ghogue/Library/CloudStorage/OneDrive-InsightfulOutcomes,LLC/IS-LTD/APPS/CaliberVaultII/src/test/e2e/filtering-and-search.spec.ts:6:16

    attachment #1: screenshot (image/png) ──────────────────────────────────────────────────────────
    ../../test-results/e2e-filtering-and-search-F-a47ee--should-filter-by-condition-chromium/test-failed-1.png
    ────────────────────────────────────────────────────────────────────────────────────────────────

    attachment #2: video (video/webm) ──────────────────────────────────────────────────────────────
    ../../test-results/e2e-filtering-and-search-F-a47ee--should-filter-by-condition-chromium/video.webm
    ────────────────────────────────────────────────────────────────────────────────────────────────
]]>
</failure>
<system-out>
<![CDATA[
[[ATTACHMENT|e2e-filtering-and-search-F-a47ee--should-filter-by-condition-chromium/test-failed-1.png]]

[[ATTACHMENT|e2e-filtering-and-search-F-a47ee--should-filter-by-condition-chromium/video.webm]]
]]>
</system-out>
</testcase>
</testsuite>
<testsuite name="e2e/inventory-crud.spec.ts" timestamp="2025-11-07T02:55:58.284Z" hostname="chromium" tests="4" failures="4" skipped="0" time="97.823" errors="0">
<testcase name="Inventory CRUD Operations › should open add item modal" classname="e2e/inventory-crud.spec.ts" time="30.831">
<failure message="inventory-crud.spec.ts:9:3 should open add item modal" type="FAILURE">
<![CDATA[  [chromium] › e2e/inventory-crud.spec.ts:9:3 › Inventory CRUD Operations › should open add item modal 

    Test timeout of 30000ms exceeded.

    Error: locator.click: Test timeout of 30000ms exceeded.
    Call log:
      - waiting for getByRole('button', { name: /add item/i })


       9 |   test('should open add item modal', async ({ page }) => {
      10 |     const addButton = page.getByRole('button', { name: /add item/i });
    > 11 |     await addButton.click();
         |                     ^
      12 |     
      13 |     const modal = page.locator('[role="dialog"]');
      14 |     await expect(modal).toBeVisible();
        at /Users/ghogue/Library/CloudStorage/OneDrive-InsightfulOutcomes,LLC/IS-LTD/APPS/CaliberVaultII/src/test/e2e/inventory-crud.spec.ts:11:21

    attachment #1: screenshot (image/png) ──────────────────────────────────────────────────────────
    ../../test-results/e2e-inventory-crud-Invento-edcc7--should-open-add-item-modal-chromium/test-failed-1.png
    ────────────────────────────────────────────────────────────────────────────────────────────────

    attachment #2: video (video/webm) ──────────────────────────────────────────────────────────────
    ../../test-results/e2e-inventory-crud-Invento-edcc7--should-open-add-item-modal-chromium/video.webm
    ────────────────────────────────────────────────────────────────────────────────────────────────
]]>
</failure>
<system-out>
<![CDATA[
[[ATTACHMENT|e2e-inventory-crud-Invento-edcc7--should-open-add-item-modal-chromium/test-failed-1.png]]

[[ATTACHMENT|e2e-inventory-crud-Invento-edcc7--should-open-add-item-modal-chromium/video.webm]]
]]>
</system-out>
</testcase>
<testcase name="Inventory CRUD Operations › should add new firearm" classname="e2e/inventory-crud.spec.ts" time="30.841">
<failure message="inventory-crud.spec.ts:17:3 should add new firearm" type="FAILURE">
<![CDATA[  [chromium] › e2e/inventory-crud.spec.ts:17:3 › Inventory CRUD Operations › should add new firearm 

    Test timeout of 30000ms exceeded.

    Error: page.click: Test timeout of 30000ms exceeded.
    Call log:
      - waiting for locator('button:has-text("Add Item")')


      16 |
      17 |   test('should add new firearm', async ({ page }) => {
    > 18 |     await page.click('button:has-text("Add Item")');
         |                ^
      19 |     
      20 |     await page.fill('input[name="name"]', 'Test Firearm');
      21 |     await page.fill('input[name="manufacturer"]', 'Test Manufacturer');
        at /Users/ghogue/Library/CloudStorage/OneDrive-InsightfulOutcomes,LLC/IS-LTD/APPS/CaliberVaultII/src/test/e2e/inventory-crud.spec.ts:18:16

    attachment #1: screenshot (image/png) ──────────────────────────────────────────────────────────
    ../../test-results/e2e-inventory-crud-Invento-567e0-ions-should-add-new-firearm-chromium/test-failed-1.png
    ────────────────────────────────────────────────────────────────────────────────────────────────

    attachment #2: video (video/webm) ──────────────────────────────────────────────────────────────
    ../../test-results/e2e-inventory-crud-Invento-567e0-ions-should-add-new-firearm-chromium/video.webm
    ────────────────────────────────────────────────────────────────────────────────────────────────
]]>
</failure>
<system-out>
<![CDATA[
[[ATTACHMENT|e2e-inventory-crud-Invento-567e0-ions-should-add-new-firearm-chromium/test-failed-1.png]]

[[ATTACHMENT|e2e-inventory-crud-Invento-567e0-ions-should-add-new-firearm-chromium/video.webm]]
]]>
</system-out>
</testcase>
<testcase name="Inventory CRUD Operations › should display inventory items" classname="e2e/inventory-crud.spec.ts" time="5.305">
<failure message="inventory-crud.spec.ts:31:3 should display inventory items" type="FAILURE">
<![CDATA[  [chromium] › e2e/inventory-crud.spec.ts:31:3 › Inventory CRUD Operations › should display inventory items 

    Error: expect(locator).toBeVisible() failed

    Locator: locator('[data-testid="item-card"]').first()
    Expected: visible
    Timeout: 5000ms
    Error: element(s) not found

    Call log:
      - Expect "toBeVisible" with timeout 5000ms
      - waiting for locator('[data-testid="item-card"]').first()


      31 |   test('should display inventory items', async ({ page }) => {
      32 |     const itemCards = page.locator('[data-testid="item-card"]');
    > 33 |     await expect(itemCards.first()).toBeVisible({ timeout: 5000 });
         |                                     ^
      34 |   });
      35 |
      36 |   test('should filter by category', async ({ page }) => {
        at /Users/ghogue/Library/CloudStorage/OneDrive-InsightfulOutcomes,LLC/IS-LTD/APPS/CaliberVaultII/src/test/e2e/inventory-crud.spec.ts:33:37

    attachment #1: screenshot (image/png) ──────────────────────────────────────────────────────────
    ../../test-results/e2e-inventory-crud-Invento-65f16-uld-display-inventory-items-chromium/test-failed-1.png
    ────────────────────────────────────────────────────────────────────────────────────────────────

    attachment #2: video (video/webm) ──────────────────────────────────────────────────────────────
    ../../test-results/e2e-inventory-crud-Invento-65f16-uld-display-inventory-items-chromium/video.webm
    ────────────────────────────────────────────────────────────────────────────────────────────────
]]>
</failure>
<system-out>
<![CDATA[
[[ATTACHMENT|e2e-inventory-crud-Invento-65f16-uld-display-inventory-items-chromium/test-failed-1.png]]

[[ATTACHMENT|e2e-inventory-crud-Invento-65f16-uld-display-inventory-items-chromium/video.webm]]
]]>
</system-out>
</testcase>
<testcase name="Inventory CRUD Operations › should filter by category" classname="e2e/inventory-crud.spec.ts" time="30.846">
<failure message="inventory-crud.spec.ts:36:3 should filter by category" type="FAILURE">
<![CDATA[  [chromium] › e2e/inventory-crud.spec.ts:36:3 › Inventory CRUD Operations › should filter by category 

    Test timeout of 30000ms exceeded.

    Error: page.click: Test timeout of 30000ms exceeded.
    Call log:
      - waiting for locator('button:has-text("Firearms")')


      35 |
      36 |   test('should filter by category', async ({ page }) => {
    > 37 |     await page.click('button:has-text("Firearms")');
         |                ^
      38 |     
      39 |     const firearmsItems = page.locator('[data-category="firearms"]');
      40 |     await expect(firearmsItems.first()).toBeVisible({ timeout: 3000 });
        at /Users/ghogue/Library/CloudStorage/OneDrive-InsightfulOutcomes,LLC/IS-LTD/APPS/CaliberVaultII/src/test/e2e/inventory-crud.spec.ts:37:16

    attachment #1: screenshot (image/png) ──────────────────────────────────────────────────────────
    ../../test-results/e2e-inventory-crud-Invento-43eaa-s-should-filter-by-category-chromium/test-failed-1.png
    ────────────────────────────────────────────────────────────────────────────────────────────────

    attachment #2: video (video/webm) ──────────────────────────────────────────────────────────────
    ../../test-results/e2e-inventory-crud-Invento-43eaa-s-should-filter-by-category-chromium/video.webm
    ────────────────────────────────────────────────────────────────────────────────────────────────
]]>
</failure>
<system-out>
<![CDATA[
[[ATTACHMENT|e2e-inventory-crud-Invento-43eaa-s-should-filter-by-category-chromium/test-failed-1.png]]

[[ATTACHMENT|e2e-inventory-crud-Invento-43eaa-s-should-filter-by-category-chromium/video.webm]]
]]>
</system-out>
</testcase>
</testsuite>
<testsuite name="e2e/mobile-features.spec.ts" timestamp="2025-11-07T02:55:58.284Z" hostname="chromium" tests="4" failures="4" skipped="0" time="39.905" errors="0">
<testcase name="Mobile Features › should support pull-to-refresh" classname="e2e/mobile-features.spec.ts" time="6.645">
<failure message="mobile-features.spec.ts:10:3 should support pull-to-refresh" type="FAILURE">
<![CDATA[  [chromium] › e2e/mobile-features.spec.ts:10:3 › Mobile Features › should support pull-to-refresh ─

    Error: expect(locator).toBeVisible() failed

    Locator: locator('[data-testid="refresh-indicator"]')
    Expected: visible
    Timeout: 5000ms
    Error: element(s) not found

    Call log:
      - Expect "toBeVisible" with timeout 5000ms
      - waiting for locator('[data-testid="refresh-indicator"]')


      15 |     await page.mouse.move(200, startY + 300, { steps: 10 });
      16 |     await page.mouse.up();
    > 17 |     await expect(page.locator('[data-testid="refresh-indicator"]')).toBeVisible();
         |                                                                     ^
      18 |   });
      19 |
      20 |   test('should open camera for barcode scanning', async ({ page, context }) => {
        at /Users/ghogue/Library/CloudStorage/OneDrive-InsightfulOutcomes,LLC/IS-LTD/APPS/CaliberVaultII/src/test/e2e/mobile-features.spec.ts:17:69

    attachment #1: screenshot (image/png) ──────────────────────────────────────────────────────────
    ../../test-results/e2e-mobile-features-Mobile-2f528-uld-support-pull-to-refresh-chromium/test-failed-1.png
    ────────────────────────────────────────────────────────────────────────────────────────────────

    attachment #2: video (video/webm) ──────────────────────────────────────────────────────────────
    ../../test-results/e2e-mobile-features-Mobile-2f528-uld-support-pull-to-refresh-chromium/video.webm
    ────────────────────────────────────────────────────────────────────────────────────────────────
]]>
</failure>
<system-out>
<![CDATA[
[[ATTACHMENT|e2e-mobile-features-Mobile-2f528-uld-support-pull-to-refresh-chromium/test-failed-1.png]]

[[ATTACHMENT|e2e-mobile-features-Mobile-2f528-uld-support-pull-to-refresh-chromium/video.webm]]
]]>
</system-out>
</testcase>
<testcase name="Mobile Features › should open camera for barcode scanning" classname="e2e/mobile-features.spec.ts" time="1.578">
<failure message="mobile-features.spec.ts:20:3 should open camera for barcode scanning" type="FAILURE">
<![CDATA[  [chromium] › e2e/mobile-features.spec.ts:20:3 › Mobile Features › should open camera for barcode scanning 

    Error: browserContext.grantPermissions: Unknown permission: camera

      19 |
      20 |   test('should open camera for barcode scanning', async ({ page, context }) => {
    > 21 |     await context.grantPermissions(['camera']);
         |                   ^
      22 |     await page.goto('/inventory');
      23 |     await page.getByRole('button', { name: /scan/i }).click();
      24 |     await expect(page.locator('video')).toBeVisible();
        at /Users/ghogue/Library/CloudStorage/OneDrive-InsightfulOutcomes,LLC/IS-LTD/APPS/CaliberVaultII/src/test/e2e/mobile-features.spec.ts:21:19

    attachment #1: screenshot (image/png) ──────────────────────────────────────────────────────────
    ../../test-results/e2e-mobile-features-Mobile-da77e-camera-for-barcode-scanning-chromium/test-failed-1.png
    ────────────────────────────────────────────────────────────────────────────────────────────────

    attachment #2: video (video/webm) ──────────────────────────────────────────────────────────────
    ../../test-results/e2e-mobile-features-Mobile-da77e-camera-for-barcode-scanning-chromium/video.webm
    ────────────────────────────────────────────────────────────────────────────────────────────────
]]>
</failure>
<system-out>
<![CDATA[
[[ATTACHMENT|e2e-mobile-features-Mobile-da77e-camera-for-barcode-scanning-chromium/test-failed-1.png]]

[[ATTACHMENT|e2e-mobile-features-Mobile-da77e-camera-for-barcode-scanning-chromium/video.webm]]
]]>
</system-out>
</testcase>
<testcase name="Mobile Features › should work offline" classname="e2e/mobile-features.spec.ts" time="1.644">
<failure message="mobile-features.spec.ts:27:3 should work offline" type="FAILURE">
<![CDATA[  [chromium] › e2e/mobile-features.spec.ts:27:3 › Mobile Features › should work offline ────────────

    Error: page.reload: WebKit encountered an internal error
    Call log:
      - waiting for navigation until "load"


      28 |     await page.goto('/inventory');
      29 |     await context.setOffline(true);
    > 30 |     await page.reload();
         |                ^
      31 |     await expect(page.getByText(/offline mode/i)).toBeVisible();
      32 |     await expect(page.locator('.item-card').first()).toBeVisible();
      33 |   });
        at /Users/ghogue/Library/CloudStorage/OneDrive-InsightfulOutcomes,LLC/IS-LTD/APPS/CaliberVaultII/src/test/e2e/mobile-features.spec.ts:30:16

    attachment #1: screenshot (image/png) ──────────────────────────────────────────────────────────
    ../../test-results/e2e-mobile-features-Mobile-Features-should-work-offline-chromium/test-failed-1.png
    ────────────────────────────────────────────────────────────────────────────────────────────────

    attachment #2: video (video/webm) ──────────────────────────────────────────────────────────────
    ../../test-results/e2e-mobile-features-Mobile-Features-should-work-offline-chromium/video.webm
    ────────────────────────────────────────────────────────────────────────────────────────────────
]]>
</failure>
<system-out>
<![CDATA[
[[ATTACHMENT|e2e-mobile-features-Mobile-Features-should-work-offline-chromium/test-failed-1.png]]

[[ATTACHMENT|e2e-mobile-features-Mobile-Features-should-work-offline-chromium/video.webm]]
]]>
</system-out>
</testcase>
<testcase name="Mobile Features › should support swipe gestures" classname="e2e/mobile-features.spec.ts" time="30.038">
<failure message="mobile-features.spec.ts:35:3 should support swipe gestures" type="FAILURE">
<![CDATA[  [chromium] › e2e/mobile-features.spec.ts:35:3 › Mobile Features › should support swipe gestures ──

    Test timeout of 30000ms exceeded.

    Error: locator.boundingBox: Test timeout of 30000ms exceeded.
    Call log:
      - waiting for locator('.item-card').first()


      36 |     await page.goto('/inventory');
      37 |     const card = page.locator('.item-card').first();
    > 38 |     const box = await card.boundingBox();
         |                            ^
      39 |     if (box) {
      40 |       await page.mouse.move(box.x + 10, box.y + box.height / 2);
      41 |       await page.mouse.down();
        at /Users/ghogue/Library/CloudStorage/OneDrive-InsightfulOutcomes,LLC/IS-LTD/APPS/CaliberVaultII/src/test/e2e/mobile-features.spec.ts:38:28

    attachment #1: screenshot (image/png) ──────────────────────────────────────────────────────────
    ../../test-results/e2e-mobile-features-Mobile-e3146-ould-support-swipe-gestures-chromium/test-failed-1.png
    ────────────────────────────────────────────────────────────────────────────────────────────────

    attachment #2: video (video/webm) ──────────────────────────────────────────────────────────────
    ../../test-results/e2e-mobile-features-Mobile-e3146-ould-support-swipe-gestures-chromium/video.webm
    ────────────────────────────────────────────────────────────────────────────────────────────────
]]>
</failure>
<system-out>
<![CDATA[
[[ATTACHMENT|e2e-mobile-features-Mobile-e3146-ould-support-swipe-gestures-chromium/test-failed-1.png]]

[[ATTACHMENT|e2e-mobile-features-Mobile-e3146-ould-support-swipe-gestures-chromium/video.webm]]
]]>
</system-out>
</testcase>
</testsuite>
<testsuite name="e2e/search-filter.spec.ts" timestamp="2025-11-07T02:55:58.284Z" hostname="chromium" tests="4" failures="4" skipped="0" time="123.335" errors="0">
<testcase name="Search and Filter › should search inventory items" classname="e2e/search-filter.spec.ts" time="30.838">
<failure message="search-filter.spec.ts:8:3 should search inventory items" type="FAILURE">
<![CDATA[  [chromium] › e2e/search-filter.spec.ts:8:3 › Search and Filter › should search inventory items ───

    Test timeout of 30000ms exceeded.

    Error: locator.fill: Test timeout of 30000ms exceeded.
    Call log:
      - waiting for locator('input[placeholder*="Search"]')


       8 |   test('should search inventory items', async ({ page }) => {
       9 |     const searchInput = page.locator('input[placeholder*="Search"]');
    > 10 |     await searchInput.fill('Glock');
         |                       ^
      11 |     
      12 |     await page.waitForTimeout(500); // Debounce
      13 |     
        at /Users/ghogue/Library/CloudStorage/OneDrive-InsightfulOutcomes,LLC/IS-LTD/APPS/CaliberVaultII/src/test/e2e/search-filter.spec.ts:10:23

    attachment #1: screenshot (image/png) ──────────────────────────────────────────────────────────
    ../../test-results/e2e-search-filter-Search-a-d1228-ould-search-inventory-items-chromium/test-failed-1.png
    ────────────────────────────────────────────────────────────────────────────────────────────────

    attachment #2: video (video/webm) ──────────────────────────────────────────────────────────────
    ../../test-results/e2e-search-filter-Search-a-d1228-ould-search-inventory-items-chromium/video.webm
    ────────────────────────────────────────────────────────────────────────────────────────────────
]]>
</failure>
<system-out>
<![CDATA[
[[ATTACHMENT|e2e-search-filter-Search-a-d1228-ould-search-inventory-items-chromium/test-failed-1.png]]

[[ATTACHMENT|e2e-search-filter-Search-a-d1228-ould-search-inventory-items-chromium/video.webm]]
]]>
</system-out>
</testcase>
<testcase name="Search and Filter › should filter by manufacturer" classname="e2e/search-filter.spec.ts" time="30.837">
<failure message="search-filter.spec.ts:18:3 should filter by manufacturer" type="FAILURE">
<![CDATA[  [chromium] › e2e/search-filter.spec.ts:18:3 › Search and Filter › should filter by manufacturer ──

    Test timeout of 30000ms exceeded.

    Error: page.click: Test timeout of 30000ms exceeded.
    Call log:
      - waiting for locator('button:has-text("Manufacturer")')


      17 |
      18 |   test('should filter by manufacturer', async ({ page }) => {
    > 19 |     await page.click('button:has-text("Manufacturer")');
         |                ^
      20 |     await page.click('text="Glock"');
      21 |     
      22 |     const filteredItems = page.locator('[data-manufacturer="Glock"]');
        at /Users/ghogue/Library/CloudStorage/OneDrive-InsightfulOutcomes,LLC/IS-LTD/APPS/CaliberVaultII/src/test/e2e/search-filter.spec.ts:19:16

    attachment #1: screenshot (image/png) ──────────────────────────────────────────────────────────
    ../../test-results/e2e-search-filter-Search-a-19f97-ould-filter-by-manufacturer-chromium/test-failed-1.png
    ────────────────────────────────────────────────────────────────────────────────────────────────

    attachment #2: video (video/webm) ──────────────────────────────────────────────────────────────
    ../../test-results/e2e-search-filter-Search-a-19f97-ould-filter-by-manufacturer-chromium/video.webm
    ────────────────────────────────────────────────────────────────────────────────────────────────
]]>
</failure>
<system-out>
<![CDATA[
[[ATTACHMENT|e2e-search-filter-Search-a-19f97-ould-filter-by-manufacturer-chromium/test-failed-1.png]]

[[ATTACHMENT|e2e-search-filter-Search-a-19f97-ould-filter-by-manufacturer-chromium/video.webm]]
]]>
</system-out>
</testcase>
<testcase name="Search and Filter › should clear all filters" classname="e2e/search-filter.spec.ts" time="30.831">
<failure message="search-filter.spec.ts:26:3 should clear all filters" type="FAILURE">
<![CDATA[  [chromium] › e2e/search-filter.spec.ts:26:3 › Search and Filter › should clear all filters ───────

    Test timeout of 30000ms exceeded.

    Error: page.fill: Test timeout of 30000ms exceeded.
    Call log:
      - waiting for locator('input[placeholder*="Search"]')


      25 |
      26 |   test('should clear all filters', async ({ page }) => {
    > 27 |     await page.fill('input[placeholder*="Search"]', 'test');
         |                ^
      28 |     await page.click('button:has-text("Clear Filters")');
      29 |     
      30 |     const searchInput = page.locator('input[placeholder*="Search"]');
        at /Users/ghogue/Library/CloudStorage/OneDrive-InsightfulOutcomes,LLC/IS-LTD/APPS/CaliberVaultII/src/test/e2e/search-filter.spec.ts:27:16

    attachment #1: screenshot (image/png) ──────────────────────────────────────────────────────────
    ../../test-results/e2e-search-filter-Search-and-Filter-should-clear-all-filters-chromium/test-failed-1.png
    ────────────────────────────────────────────────────────────────────────────────────────────────

    attachment #2: video (video/webm) ──────────────────────────────────────────────────────────────
    ../../test-results/e2e-search-filter-Search-and-Filter-should-clear-all-filters-chromium/video.webm
    ────────────────────────────────────────────────────────────────────────────────────────────────
]]>
</failure>
<system-out>
<![CDATA[
[[ATTACHMENT|e2e-search-filter-Search-and-Filter-should-clear-all-filters-chromium/test-failed-1.png]]

[[ATTACHMENT|e2e-search-filter-Search-and-Filter-should-clear-all-filters-chromium/video.webm]]
]]>
</system-out>
</testcase>
<testcase name="Search and Filter › should combine multiple filters" classname="e2e/search-filter.spec.ts" time="30.829">
<failure message="search-filter.spec.ts:34:3 should combine multiple filters" type="FAILURE">
<![CDATA[  [chromium] › e2e/search-filter.spec.ts:34:3 › Search and Filter › should combine multiple filters 

    Test timeout of 30000ms exceeded.

    Error: page.fill: Test timeout of 30000ms exceeded.
    Call log:
      - waiting for locator('input[placeholder*="Search"]')


      33 |
      34 |   test('should combine multiple filters', async ({ page }) => {
    > 35 |     await page.fill('input[placeholder*="Search"]', 'rifle');
         |                ^
      36 |     await page.click('button:has-text("Category")');
      37 |     await page.click('text="Firearms"');
      38 |     
        at /Users/ghogue/Library/CloudStorage/OneDrive-InsightfulOutcomes,LLC/IS-LTD/APPS/CaliberVaultII/src/test/e2e/search-filter.spec.ts:35:16

    attachment #1: screenshot (image/png) ──────────────────────────────────────────────────────────
    ../../test-results/e2e-search-filter-Search-a-a21e3-ld-combine-multiple-filters-chromium/test-failed-1.png
    ────────────────────────────────────────────────────────────────────────────────────────────────

    attachment #2: video (video/webm) ──────────────────────────────────────────────────────────────
    ../../test-results/e2e-search-filter-Search-a-a21e3-ld-combine-multiple-filters-chromium/video.webm
    ────────────────────────────────────────────────────────────────────────────────────────────────
]]>
</failure>
<system-out>
<![CDATA[
[[ATTACHMENT|e2e-search-filter-Search-a-a21e3-ld-combine-multiple-filters-chromium/test-failed-1.png]]

[[ATTACHMENT|e2e-search-filter-Search-a-a21e3-ld-combine-multiple-filters-chromium/video.webm]]
]]>
</system-out>
</testcase>
</testsuite>
<testsuite name="e2e/subscription-tiers.spec.ts" timestamp="2025-11-07T02:55:58.284Z" hostname="chromium" tests="3" failures="3" skipped="0" time="92.533" errors="0">
<testcase name="Subscription Tiers › free tier should enforce 50 item limit" classname="e2e/subscription-tiers.spec.ts" time="30.835">
<failure message="subscription-tiers.spec.ts:4:3 free tier should enforce 50 item limit" type="FAILURE">
<![CDATA[  [chromium] › e2e/subscription-tiers.spec.ts:4:3 › Subscription Tiers › free tier should enforce 50 item limit 

    Test timeout of 30000ms exceeded.

    Error: locator.click: Test timeout of 30000ms exceeded.
    Call log:
      - waiting for getByRole('button', { name: /add item/i })


      17 |     
      18 |     await page.reload();
    > 19 |     await page.getByRole('button', { name: /add item/i }).click();
         |                                                           ^
      20 |     await expect(page.getByText(/upgrade.*premium/i)).toBeVisible();
      21 |   });
      22 |
        at /Users/ghogue/Library/CloudStorage/OneDrive-InsightfulOutcomes,LLC/IS-LTD/APPS/CaliberVaultII/src/test/e2e/subscription-tiers.spec.ts:19:59

    attachment #1: screenshot (image/png) ──────────────────────────────────────────────────────────
    ../../test-results/e2e-subscription-tiers-Sub-14679-hould-enforce-50-item-limit-chromium/test-failed-1.png
    ────────────────────────────────────────────────────────────────────────────────────────────────

    attachment #2: video (video/webm) ──────────────────────────────────────────────────────────────
    ../../test-results/e2e-subscription-tiers-Sub-14679-hould-enforce-50-item-limit-chromium/video.webm
    ────────────────────────────────────────────────────────────────────────────────────────────────
]]>
</failure>
<system-out>
<![CDATA[
[[ATTACHMENT|e2e-subscription-tiers-Sub-14679-hould-enforce-50-item-limit-chromium/test-failed-1.png]]

[[ATTACHMENT|e2e-subscription-tiers-Sub-14679-hould-enforce-50-item-limit-chromium/video.webm]]
]]>
</system-out>
</testcase>
<testcase name="Subscription Tiers › premium tier should allow unlimited items" classname="e2e/subscription-tiers.spec.ts" time="30.849">
<failure message="subscription-tiers.spec.ts:23:3 premium tier should allow unlimited items" type="FAILURE">
<![CDATA[  [chromium] › e2e/subscription-tiers.spec.ts:23:3 › Subscription Tiers › premium tier should allow unlimited items 

    Test timeout of 30000ms exceeded.

    Error: locator.click: Test timeout of 30000ms exceeded.
    Call log:
      - waiting for getByRole('button', { name: /add item/i })


      25 |     await page.evaluate(() => localStorage.setItem('tier', 'premium'));
      26 |     await page.goto('/inventory');
    > 27 |     await page.getByRole('button', { name: /add item/i }).click();
         |                                                           ^
      28 |     await expect(page.getByRole('dialog')).toBeVisible();
      29 |   });
      30 |
        at /Users/ghogue/Library/CloudStorage/OneDrive-InsightfulOutcomes,LLC/IS-LTD/APPS/CaliberVaultII/src/test/e2e/subscription-tiers.spec.ts:27:59

    attachment #1: screenshot (image/png) ──────────────────────────────────────────────────────────
    ../../test-results/e2e-subscription-tiers-Sub-3c3c5-hould-allow-unlimited-items-chromium/test-failed-1.png
    ────────────────────────────────────────────────────────────────────────────────────────────────

    attachment #2: video (video/webm) ──────────────────────────────────────────────────────────────
    ../../test-results/e2e-subscription-tiers-Sub-3c3c5-hould-allow-unlimited-items-chromium/video.webm
    ────────────────────────────────────────────────────────────────────────────────────────────────
]]>
</failure>
<system-out>
<![CDATA[
[[ATTACHMENT|e2e-subscription-tiers-Sub-3c3c5-hould-allow-unlimited-items-chromium/test-failed-1.png]]

[[ATTACHMENT|e2e-subscription-tiers-Sub-3c3c5-hould-allow-unlimited-items-chromium/video.webm]]
]]>
</system-out>
</testcase>
<testcase name="Subscription Tiers › should show upgrade prompt for team features" classname="e2e/subscription-tiers.spec.ts" time="30.849">
<failure message="subscription-tiers.spec.ts:31:3 should show upgrade prompt for team features" type="FAILURE">
<![CDATA[  [chromium] › e2e/subscription-tiers.spec.ts:31:3 › Subscription Tiers › should show upgrade prompt for team features 

    Test timeout of 30000ms exceeded.

    Error: locator.click: Test timeout of 30000ms exceeded.
    Call log:
      - waiting for getByRole('button', { name: /team/i })


      32 |     await page.goto('/');
      33 |     await page.evaluate(() => localStorage.setItem('tier', 'free'));
    > 34 |     await page.getByRole('button', { name: /team/i }).click();
         |                                                       ^
      35 |     await expect(page.getByText(/upgrade.*team/i)).toBeVisible();
      36 |   });
      37 | });
        at /Users/ghogue/Library/CloudStorage/OneDrive-InsightfulOutcomes,LLC/IS-LTD/APPS/CaliberVaultII/src/test/e2e/subscription-tiers.spec.ts:34:55

    attachment #1: screenshot (image/png) ──────────────────────────────────────────────────────────
    ../../test-results/e2e-subscription-tiers-Sub-5e319-de-prompt-for-team-features-chromium/test-failed-1.png
    ────────────────────────────────────────────────────────────────────────────────────────────────

    attachment #2: video (video/webm) ──────────────────────────────────────────────────────────────
    ../../test-results/e2e-subscription-tiers-Sub-5e319-de-prompt-for-team-features-chromium/video.webm
    ────────────────────────────────────────────────────────────────────────────────────────────────
]]>
</failure>
<system-out>
<![CDATA[
[[ATTACHMENT|e2e-subscription-tiers-Sub-5e319-de-prompt-for-team-features-chromium/test-failed-1.png]]

[[ATTACHMENT|e2e-subscription-tiers-Sub-5e319-de-prompt-for-team-features-chromium/video.webm]]
]]>
</system-out>
</testcase>
</testsuite>
<testsuite name="e2e/team-collaboration.spec.ts" timestamp="2025-11-07T02:55:58.284Z" hostname="chromium" tests="3" failures="3" skipped="0" time="92.761" errors="0">
<testcase name="Team Collaboration › should invite team member" classname="e2e/team-collaboration.spec.ts" time="30.848">
<failure message="team-collaboration.spec.ts:13:3 should invite team member" type="FAILURE">
<![CDATA[  [chromium] › e2e/team-collaboration.spec.ts:13:3 › Team Collaboration › should invite team member 

    Test timeout of 30000ms exceeded while running "beforeEach" hook.

      2 |
      3 | test.describe('Team Collaboration', () => {
    > 4 |   test.beforeEach(async ({ page }) => {
        |        ^
      5 |     await page.goto('/');
      6 |     await page.getByRole('button', { name: /login/i }).click();
      7 |     await page.fill('input[type="email"]', 'test@example.com');
        at /Users/ghogue/Library/CloudStorage/OneDrive-InsightfulOutcomes,LLC/IS-LTD/APPS/CaliberVaultII/src/test/e2e/team-collaboration.spec.ts:4:8

    Error: locator.click: Test timeout of 30000ms exceeded.
    Call log:
      - waiting for getByRole('button', { name: /login/i })


      4 |   test.beforeEach(async ({ page }) => {
      5 |     await page.goto('/');
    > 6 |     await page.getByRole('button', { name: /login/i }).click();
        |                                                        ^
      7 |     await page.fill('input[type="email"]', 'test@example.com');
      8 |     await page.fill('input[type="password"]', 'password123');
      9 |     await page.getByRole('button', { name: /sign in/i }).click();
        at /Users/ghogue/Library/CloudStorage/OneDrive-InsightfulOutcomes,LLC/IS-LTD/APPS/CaliberVaultII/src/test/e2e/team-collaboration.spec.ts:6:56

    attachment #1: screenshot (image/png) ──────────────────────────────────────────────────────────
    ../../test-results/e2e-team-collaboration-Tea-48ee3-n-should-invite-team-member-chromium/test-failed-1.png
    ────────────────────────────────────────────────────────────────────────────────────────────────

    attachment #2: video (video/webm) ──────────────────────────────────────────────────────────────
    ../../test-results/e2e-team-collaboration-Tea-48ee3-n-should-invite-team-member-chromium/video.webm
    ────────────────────────────────────────────────────────────────────────────────────────────────
]]>
</failure>
<system-out>
<![CDATA[
[[ATTACHMENT|e2e-team-collaboration-Tea-48ee3-n-should-invite-team-member-chromium/test-failed-1.png]]

[[ATTACHMENT|e2e-team-collaboration-Tea-48ee3-n-should-invite-team-member-chromium/video.webm]]
]]>
</system-out>
</testcase>
<testcase name="Team Collaboration › should share inventory item" classname="e2e/team-collaboration.spec.ts" time="30.848">
<failure message="team-collaboration.spec.ts:22:3 should share inventory item" type="FAILURE">
<![CDATA[  [chromium] › e2e/team-collaboration.spec.ts:22:3 › Team Collaboration › should share inventory item 

    Test timeout of 30000ms exceeded while running "beforeEach" hook.

      2 |
      3 | test.describe('Team Collaboration', () => {
    > 4 |   test.beforeEach(async ({ page }) => {
        |        ^
      5 |     await page.goto('/');
      6 |     await page.getByRole('button', { name: /login/i }).click();
      7 |     await page.fill('input[type="email"]', 'test@example.com');
        at /Users/ghogue/Library/CloudStorage/OneDrive-InsightfulOutcomes,LLC/IS-LTD/APPS/CaliberVaultII/src/test/e2e/team-collaboration.spec.ts:4:8

    Error: locator.click: Test timeout of 30000ms exceeded.
    Call log:
      - waiting for getByRole('button', { name: /login/i })


      4 |   test.beforeEach(async ({ page }) => {
      5 |     await page.goto('/');
    > 6 |     await page.getByRole('button', { name: /login/i }).click();
        |                                                        ^
      7 |     await page.fill('input[type="email"]', 'test@example.com');
      8 |     await page.fill('input[type="password"]', 'password123');
      9 |     await page.getByRole('button', { name: /sign in/i }).click();
        at /Users/ghogue/Library/CloudStorage/OneDrive-InsightfulOutcomes,LLC/IS-LTD/APPS/CaliberVaultII/src/test/e2e/team-collaboration.spec.ts:6:56

    attachment #1: screenshot (image/png) ──────────────────────────────────────────────────────────
    ../../test-results/e2e-team-collaboration-Tea-1ddf0-should-share-inventory-item-chromium/test-failed-1.png
    ────────────────────────────────────────────────────────────────────────────────────────────────

    attachment #2: video (video/webm) ──────────────────────────────────────────────────────────────
    ../../test-results/e2e-team-collaboration-Tea-1ddf0-should-share-inventory-item-chromium/video.webm
    ────────────────────────────────────────────────────────────────────────────────────────────────
]]>
</failure>
<system-out>
<![CDATA[
[[ATTACHMENT|e2e-team-collaboration-Tea-1ddf0-should-share-inventory-item-chromium/test-failed-1.png]]

[[ATTACHMENT|e2e-team-collaboration-Tea-1ddf0-should-share-inventory-item-chromium/video.webm]]
]]>
</system-out>
</testcase>
<testcase name="Team Collaboration › should add comment to item" classname="e2e/team-collaboration.spec.ts" time="31.065">
<failure message="team-collaboration.spec.ts:31:3 should add comment to item" type="FAILURE">
<![CDATA[  [chromium] › e2e/team-collaboration.spec.ts:31:3 › Team Collaboration › should add comment to item 

    Test timeout of 30000ms exceeded while running "beforeEach" hook.

      2 |
      3 | test.describe('Team Collaboration', () => {
    > 4 |   test.beforeEach(async ({ page }) => {
        |        ^
      5 |     await page.goto('/');
      6 |     await page.getByRole('button', { name: /login/i }).click();
      7 |     await page.fill('input[type="email"]', 'test@example.com');
        at /Users/ghogue/Library/CloudStorage/OneDrive-InsightfulOutcomes,LLC/IS-LTD/APPS/CaliberVaultII/src/test/e2e/team-collaboration.spec.ts:4:8

    Error: locator.click: Test timeout of 30000ms exceeded.
    Call log:
      - waiting for getByRole('button', { name: /login/i })


      4 |   test.beforeEach(async ({ page }) => {
      5 |     await page.goto('/');
    > 6 |     await page.getByRole('button', { name: /login/i }).click();
        |                                                        ^
      7 |     await page.fill('input[type="email"]', 'test@example.com');
      8 |     await page.fill('input[type="password"]', 'password123');
      9 |     await page.getByRole('button', { name: /sign in/i }).click();
        at /Users/ghogue/Library/CloudStorage/OneDrive-InsightfulOutcomes,LLC/IS-LTD/APPS/CaliberVaultII/src/test/e2e/team-collaboration.spec.ts:6:56

    attachment #1: screenshot (image/png) ──────────────────────────────────────────────────────────
    ../../test-results/e2e-team-collaboration-Tea-4b748--should-add-comment-to-item-chromium/test-failed-1.png
    ────────────────────────────────────────────────────────────────────────────────────────────────

    attachment #2: video (video/webm) ──────────────────────────────────────────────────────────────
    ../../test-results/e2e-team-collaboration-Tea-4b748--should-add-comment-to-item-chromium/video.webm
    ────────────────────────────────────────────────────────────────────────────────────────────────
]]>
</failure>
<system-out>
<![CDATA[
[[ATTACHMENT|e2e-team-collaboration-Tea-4b748--should-add-comment-to-item-chromium/test-failed-1.png]]

[[ATTACHMENT|e2e-team-collaboration-Tea-4b748--should-add-comment-to-item-chromium/video.webm]]
]]>
</system-out>
</testcase>
</testsuite>
<testsuite name="performance/load-testing.spec.ts" timestamp="2025-11-07T02:55:58.284Z" hostname="chromium" tests="3" failures="3" skipped="0" time="62.304" errors="0">
<testcase name="Load Testing › should handle 1000 inventory items" classname="performance/load-testing.spec.ts" time="0.239">
<failure message="load-testing.spec.ts:4:3 should handle 1000 inventory items" type="FAILURE">
<![CDATA[  [chromium] › performance/load-testing.spec.ts:4:3 › Load Testing › should handle 1000 inventory items 

    Error: expect(received).toBeGreaterThan(expected)

    Expected: > 0
    Received:   0

      24 |     
      25 |     const itemCount = await page.locator('.item-card').count();
    > 26 |     expect(itemCount).toBeGreaterThan(0);
         |                       ^
      27 |   });
      28 |
      29 |   test('should handle rapid filtering', async ({ page }) => {
        at /Users/ghogue/Library/CloudStorage/OneDrive-InsightfulOutcomes,LLC/IS-LTD/APPS/CaliberVaultII/src/test/performance/load-testing.spec.ts:26:23

    attachment #1: screenshot (image/png) ──────────────────────────────────────────────────────────
    ../../test-results/performance-load-testing-L-21deb-handle-1000-inventory-items-chromium/test-failed-1.png
    ────────────────────────────────────────────────────────────────────────────────────────────────

    attachment #2: video (video/webm) ──────────────────────────────────────────────────────────────
    ../../test-results/performance-load-testing-L-21deb-handle-1000-inventory-items-chromium/video.webm
    ────────────────────────────────────────────────────────────────────────────────────────────────
]]>
</failure>
<system-out>
<![CDATA[
[[ATTACHMENT|performance-load-testing-L-21deb-handle-1000-inventory-items-chromium/test-failed-1.png]]

[[ATTACHMENT|performance-load-testing-L-21deb-handle-1000-inventory-items-chromium/video.webm]]
]]>
</system-out>
</testcase>
<testcase name="Load Testing › should handle rapid filtering" classname="performance/load-testing.spec.ts" time="30.909">
<failure message="load-testing.spec.ts:29:3 should handle rapid filtering" type="FAILURE">
<![CDATA[  [chromium] › performance/load-testing.spec.ts:29:3 › Load Testing › should handle rapid filtering 

    Test timeout of 30000ms exceeded.

    Error: page.selectOption: Test timeout of 30000ms exceeded.
    Call log:
      - waiting for locator('select[name="category"]')


      34 |     
      35 |     for (const category of categories) {
    > 36 |       await page.selectOption('select[name="category"]', category);
         |                  ^
      37 |       await page.waitForLoadState('networkidle');
      38 |     }
      39 |     
        at /Users/ghogue/Library/CloudStorage/OneDrive-InsightfulOutcomes,LLC/IS-LTD/APPS/CaliberVaultII/src/test/performance/load-testing.spec.ts:36:18

    attachment #1: screenshot (image/png) ──────────────────────────────────────────────────────────
    ../../test-results/performance-load-testing-L-9566d-ould-handle-rapid-filtering-chromium/test-failed-1.png
    ────────────────────────────────────────────────────────────────────────────────────────────────

    attachment #2: video (video/webm) ──────────────────────────────────────────────────────────────
    ../../test-results/performance-load-testing-L-9566d-ould-handle-rapid-filtering-chromium/video.webm
    ────────────────────────────────────────────────────────────────────────────────────────────────
]]>
</failure>
<system-out>
<![CDATA[
[[ATTACHMENT|performance-load-testing-L-9566d-ould-handle-rapid-filtering-chromium/test-failed-1.png]]

[[ATTACHMENT|performance-load-testing-L-9566d-ould-handle-rapid-filtering-chromium/video.webm]]
]]>
</system-out>
</testcase>
<testcase name="Load Testing › should handle concurrent operations" classname="performance/load-testing.spec.ts" time="31.156">
<failure message="load-testing.spec.ts:44:3 should handle concurrent operations" type="FAILURE">
<![CDATA[  [chromium] › performance/load-testing.spec.ts:44:3 › Load Testing › should handle concurrent operations 

    Test timeout of 30000ms exceeded.

    Error: page.fill: Test timeout of 30000ms exceeded.
    Call log:
      - waiting for locator('input[type="search"]')


      48 |       page.getByRole('button', { name: /filter/i }).click(),
      49 |       page.getByRole('button', { name: /sort/i }).click(),
    > 50 |       page.fill('input[type="search"]', 'test'),
         |            ^
      51 |     ];
      52 |     
      53 |     await Promise.all(operations);
        at /Users/ghogue/Library/CloudStorage/OneDrive-InsightfulOutcomes,LLC/IS-LTD/APPS/CaliberVaultII/src/test/performance/load-testing.spec.ts:50:12

    attachment #1: screenshot (image/png) ──────────────────────────────────────────────────────────
    ../../test-results/performance-load-testing-L-7d39d-andle-concurrent-operations-chromium/test-failed-1.png
    ────────────────────────────────────────────────────────────────────────────────────────────────

    attachment #2: video (video/webm) ──────────────────────────────────────────────────────────────
    ../../test-results/performance-load-testing-L-7d39d-andle-concurrent-operations-chromium/video.webm
    ────────────────────────────────────────────────────────────────────────────────────────────────
]]>
</failure>
<system-out>
<![CDATA[
[[ATTACHMENT|performance-load-testing-L-7d39d-andle-concurrent-operations-chromium/test-failed-1.png]]

[[ATTACHMENT|performance-load-testing-L-7d39d-andle-concurrent-operations-chromium/video.webm]]
]]>
</system-out>
</testcase>
</testsuite>
<testsuite name="performance/performance.spec.ts" timestamp="2025-11-07T02:55:58.284Z" hostname="chromium" tests="6" failures="4" skipped="0" time="128.933" errors="0">
<testcase name="Performance Tests › homepage loads within acceptable time" classname="performance/performance.spec.ts" time="30.849">
<failure message="performance.spec.ts:9:3 homepage loads within acceptable time" type="FAILURE">
<![CDATA[  [chromium] › performance/performance.spec.ts:9:3 › Performance Tests › homepage loads within acceptable time 

    Test timeout of 30000ms exceeded.

    Error: page.waitForSelector: Test timeout of 30000ms exceeded.
    Call log:
      - waiting for locator('[data-testid="app-layout"]') to be visible


      10 |     const startTime = Date.now();
      11 |     await page.goto('/');
    > 12 |     await page.waitForSelector('[data-testid="app-layout"]');
         |                ^
      13 |     const loadTime = Date.now() - startTime;
      14 |     
      15 |     expect(loadTime).toBeLessThan(3000); // Should load in under 3 seconds
        at /Users/ghogue/Library/CloudStorage/OneDrive-InsightfulOutcomes,LLC/IS-LTD/APPS/CaliberVaultII/src/test/performance/performance.spec.ts:12:16

    attachment #1: screenshot (image/png) ──────────────────────────────────────────────────────────
    ../../test-results/performance-performance-Pe-2daac-oads-within-acceptable-time-chromium/test-failed-1.png
    ────────────────────────────────────────────────────────────────────────────────────────────────

    attachment #2: video (video/webm) ──────────────────────────────────────────────────────────────
    ../../test-results/performance-performance-Pe-2daac-oads-within-acceptable-time-chromium/video.webm
    ────────────────────────────────────────────────────────────────────────────────────────────────
]]>
</failure>
<system-out>
<![CDATA[
[[ATTACHMENT|performance-performance-Pe-2daac-oads-within-acceptable-time-chromium/test-failed-1.png]]

[[ATTACHMENT|performance-performance-Pe-2daac-oads-within-acceptable-time-chromium/video.webm]]
]]>
</system-out>
</testcase>
<testcase name="Performance Tests › measures Core Web Vitals" classname="performance/performance.spec.ts" time="5.296">
<system-out>
<![CDATA[Core Web Vitals: {}
]]>
</system-out>
</testcase>
<testcase name="Performance Tests › inventory list renders efficiently with many items" classname="performance/performance.spec.ts" time="30.844">
<failure message="performance.spec.ts:46:3 inventory list renders efficiently with many items" type="FAILURE">
<![CDATA[  [chromium] › performance/performance.spec.ts:46:3 › Performance Tests › inventory list renders efficiently with many items 

    Test timeout of 30000ms exceeded.

    Error: page.waitForSelector: Test timeout of 30000ms exceeded.
    Call log:
      - waiting for locator('[data-testid="item-card"]') to be visible


      48 |     
      49 |     const startTime = Date.now();
    > 50 |     await page.waitForSelector('[data-testid="item-card"]');
         |                ^
      51 |     const renderTime = Date.now() - startTime;
      52 |     
      53 |     expect(renderTime).toBeLessThan(2000);
        at /Users/ghogue/Library/CloudStorage/OneDrive-InsightfulOutcomes,LLC/IS-LTD/APPS/CaliberVaultII/src/test/performance/performance.spec.ts:50:16

    attachment #1: screenshot (image/png) ──────────────────────────────────────────────────────────
    ../../test-results/performance-performance-Pe-7405e-efficiently-with-many-items-chromium/test-failed-1.png
    ────────────────────────────────────────────────────────────────────────────────────────────────

    attachment #2: video (video/webm) ──────────────────────────────────────────────────────────────
    ../../test-results/performance-performance-Pe-7405e-efficiently-with-many-items-chromium/video.webm
    ────────────────────────────────────────────────────────────────────────────────────────────────
]]>
</failure>
<system-out>
<![CDATA[
[[ATTACHMENT|performance-performance-Pe-7405e-efficiently-with-many-items-chromium/test-failed-1.png]]

[[ATTACHMENT|performance-performance-Pe-7405e-efficiently-with-many-items-chromium/video.webm]]
]]>
</system-out>
</testcase>
<testcase name="Performance Tests › search performs efficiently" classname="performance/performance.spec.ts" time="30.882">
<failure message="performance.spec.ts:56:3 search performs efficiently" type="FAILURE">
<![CDATA[  [chromium] › performance/performance.spec.ts:56:3 › Performance Tests › search performs efficiently 

    Test timeout of 30000ms exceeded.

    Error: page.fill: Test timeout of 30000ms exceeded.
    Call log:
      - waiting for locator('input[placeholder*="Search"]')


      56 |   test('search performs efficiently', async ({ page }) => {
      57 |     await page.goto('/');
    > 58 |     await page.fill('input[placeholder*="Search"]', 'test');
         |                ^
      59 |     
      60 |     const startTime = Date.now();
      61 |     await page.waitForTimeout(300); // Debounce time
        at /Users/ghogue/Library/CloudStorage/OneDrive-InsightfulOutcomes,LLC/IS-LTD/APPS/CaliberVaultII/src/test/performance/performance.spec.ts:58:16

    attachment #1: screenshot (image/png) ──────────────────────────────────────────────────────────
    ../../test-results/performance-performance-Pe-2f0b2-search-performs-efficiently-chromium/test-failed-1.png
    ────────────────────────────────────────────────────────────────────────────────────────────────

    attachment #2: video (video/webm) ──────────────────────────────────────────────────────────────
    ../../test-results/performance-performance-Pe-2f0b2-search-performs-efficiently-chromium/video.webm
    ────────────────────────────────────────────────────────────────────────────────────────────────
]]>
</failure>
<system-out>
<![CDATA[
[[ATTACHMENT|performance-performance-Pe-2f0b2-search-performs-efficiently-chromium/test-failed-1.png]]

[[ATTACHMENT|performance-performance-Pe-2f0b2-search-performs-efficiently-chromium/video.webm]]
]]>
</system-out>
</testcase>
<testcase name="Performance Tests › filter application is performant" classname="performance/performance.spec.ts" time="30.854">
<failure message="performance.spec.ts:67:3 filter application is performant" type="FAILURE">
<![CDATA[  [chromium] › performance/performance.spec.ts:67:3 › Performance Tests › filter application is performant 

    Test timeout of 30000ms exceeded.

    Error: page.click: Test timeout of 30000ms exceeded.
    Call log:
      - waiting for locator('button:has-text("Firearms")')


      69 |     
      70 |     const startTime = Date.now();
    > 71 |     await page.click('button:has-text("Firearms")');
         |                ^
      72 |     await page.waitForTimeout(100);
      73 |     const filterTime = Date.now() - startTime;
      74 |     
        at /Users/ghogue/Library/CloudStorage/OneDrive-InsightfulOutcomes,LLC/IS-LTD/APPS/CaliberVaultII/src/test/performance/performance.spec.ts:71:16

    attachment #1: screenshot (image/png) ──────────────────────────────────────────────────────────
    ../../test-results/performance-performance-Pe-8f890-r-application-is-performant-chromium/test-failed-1.png
    ────────────────────────────────────────────────────────────────────────────────────────────────

    attachment #2: video (video/webm) ──────────────────────────────────────────────────────────────
    ../../test-results/performance-performance-Pe-8f890-r-application-is-performant-chromium/video.webm
    ────────────────────────────────────────────────────────────────────────────────────────────────
]]>
</failure>
<system-out>
<![CDATA[
[[ATTACHMENT|performance-performance-Pe-8f890-r-application-is-performant-chromium/test-failed-1.png]]

[[ATTACHMENT|performance-performance-Pe-8f890-r-application-is-performant-chromium/video.webm]]
]]>
</system-out>
</testcase>
<testcase name="Performance Tests › image loading is optimized" classname="performance/performance.spec.ts" time="0.208">
</testcase>
</testsuite>
<testsuite name="security/security.spec.ts" timestamp="2025-11-07T02:55:58.284Z" hostname="chromium" tests="16" failures="6" skipped="0" time="100.072" errors="0">
<testcase name="Security Testing Suite › Authentication Security › should prevent access to protected routes without authentication" classname="security/security.spec.ts" time="5.352">
<failure message="security.spec.ts:6:5 should prevent access to protected routes without authentication" type="FAILURE">
<![CDATA[  [chromium] › security/security.spec.ts:6:5 › Security Testing Suite › Authentication Security › should prevent access to protected routes without authentication 

    Error: expect(locator).toBeVisible() failed

    Locator: locator('text=Sign In').or(locator('text=Login'))
    Expected: visible
    Timeout: 5000ms
    Error: element(s) not found

    Call log:
      - Expect "toBeVisible" with timeout 5000ms
      - waiting for locator('text=Sign In').or(locator('text=Login'))


      11 |       
      12 |       // Should redirect to login or show login modal
    > 13 |       await expect(page.locator('text=Sign In').or(page.locator('text=Login'))).toBeVisible({ timeout: 5000 });
         |                                                                                 ^
      14 |     });
      15 |
      16 |     test('should enforce password complexity requirements', async ({ page }) => {
        at /Users/ghogue/Library/CloudStorage/OneDrive-InsightfulOutcomes,LLC/IS-LTD/APPS/CaliberVaultII/src/test/security/security.spec.ts:13:81

    attachment #1: screenshot (image/png) ──────────────────────────────────────────────────────────
    ../../test-results/security-security-Security-ee871-utes-without-authentication-chromium/test-failed-1.png
    ────────────────────────────────────────────────────────────────────────────────────────────────

    attachment #2: video (video/webm) ──────────────────────────────────────────────────────────────
    ../../test-results/security-security-Security-ee871-utes-without-authentication-chromium/video.webm
    ────────────────────────────────────────────────────────────────────────────────────────────────
]]>
</failure>
<system-out>
<![CDATA[
[[ATTACHMENT|security-security-Security-ee871-utes-without-authentication-chromium/test-failed-1.png]]

[[ATTACHMENT|security-security-Security-ee871-utes-without-authentication-chromium/video.webm]]
]]>
</system-out>
</testcase>
<testcase name="Security Testing Suite › Authentication Security › should enforce password complexity requirements" classname="security/security.spec.ts" time="30.836">
<failure message="security.spec.ts:16:5 should enforce password complexity requirements" type="FAILURE">
<![CDATA[  [chromium] › security/security.spec.ts:16:5 › Security Testing Suite › Authentication Security › should enforce password complexity requirements 

    Test timeout of 30000ms exceeded.

    Error: locator.click: Test timeout of 30000ms exceeded.
    Call log:
      - waiting for locator('button:has-text("Sign Up"), button:has-text("Get Started")').first()


      19 |       // Open signup modal
      20 |       const signupButton = page.locator('button:has-text("Sign Up"), button:has-text("Get Started")').first();
    > 21 |       await signupButton.click();
         |                          ^
      22 |       
      23 |       // Try weak password
      24 |       await page.fill('input[type="email"]', 'test@example.com');
        at /Users/ghogue/Library/CloudStorage/OneDrive-InsightfulOutcomes,LLC/IS-LTD/APPS/CaliberVaultII/src/test/security/security.spec.ts:21:26

    attachment #1: screenshot (image/png) ──────────────────────────────────────────────────────────
    ../../test-results/security-security-Security-fc5fe-ord-complexity-requirements-chromium/test-failed-1.png
    ────────────────────────────────────────────────────────────────────────────────────────────────

    attachment #2: video (video/webm) ──────────────────────────────────────────────────────────────
    ../../test-results/security-security-Security-fc5fe-ord-complexity-requirements-chromium/video.webm
    ────────────────────────────────────────────────────────────────────────────────────────────────
]]>
</failure>
<system-out>
<![CDATA[
[[ATTACHMENT|security-security-Security-fc5fe-ord-complexity-requirements-chromium/test-failed-1.png]]

[[ATTACHMENT|security-security-Security-fc5fe-ord-complexity-requirements-chromium/video.webm]]
]]>
</system-out>
</testcase>
<testcase name="Security Testing Suite › Authentication Security › should implement rate limiting on login attempts" classname="security/security.spec.ts" time="30.832">
<failure message="security.spec.ts:34:5 should implement rate limiting on login attempts" type="FAILURE">
<![CDATA[  [chromium] › security/security.spec.ts:34:5 › Security Testing Suite › Authentication Security › should implement rate limiting on login attempts 

    Test timeout of 30000ms exceeded.

    Error: page.fill: Test timeout of 30000ms exceeded.
    Call log:
      - waiting for locator('input[type="email"]')


      37 |       // Attempt multiple failed logins
      38 |       for (let i = 0; i < 6; i++) {
    > 39 |         await page.fill('input[type="email"]', 'test@example.com');
         |                    ^
      40 |         await page.fill('input[type="password"]', 'wrongpassword');
      41 |         await page.locator('button[type="submit"]').click();
      42 |         await page.waitForTimeout(500);
        at /Users/ghogue/Library/CloudStorage/OneDrive-InsightfulOutcomes,LLC/IS-LTD/APPS/CaliberVaultII/src/test/security/security.spec.ts:39:20

    attachment #1: screenshot (image/png) ──────────────────────────────────────────────────────────
    ../../test-results/security-security-Security-06d6e--limiting-on-login-attempts-chromium/test-failed-1.png
    ────────────────────────────────────────────────────────────────────────────────────────────────

    attachment #2: video (video/webm) ──────────────────────────────────────────────────────────────
    ../../test-results/security-security-Security-06d6e--limiting-on-login-attempts-chromium/video.webm
    ────────────────────────────────────────────────────────────────────────────────────────────────
]]>
</failure>
<system-out>
<![CDATA[
[[ATTACHMENT|security-security-Security-06d6e--limiting-on-login-attempts-chromium/test-failed-1.png]]

[[ATTACHMENT|security-security-Security-06d6e--limiting-on-login-attempts-chromium/video.webm]]
]]>
</system-out>
</testcase>
<testcase name="Security Testing Suite › Authorization Security › should prevent unauthorized access to other users data" classname="security/security.spec.ts" time="0.154">
</testcase>
<testcase name="Security Testing Suite › Authorization Security › should enforce role-based access control" classname="security/security.spec.ts" time="0.405">
</testcase>
<testcase name="Security Testing Suite › SQL Injection Prevention › should sanitize search input to prevent SQL injection" classname="security/security.spec.ts" time="30.871">
<failure message="security.spec.ts:76:5 should sanitize search input to prevent SQL injection" type="FAILURE">
<![CDATA[  [chromium] › security/security.spec.ts:76:5 › Security Testing Suite › SQL Injection Prevention › should sanitize search input to prevent SQL injection 

    Test timeout of 30000ms exceeded.

    Error: locator.fill: Test timeout of 30000ms exceeded.
    Call log:
      - waiting for locator('input[placeholder*="Search"], input[type="search"]').first()


      86 |       for (const payload of sqlInjectionPayloads) {
      87 |         const searchInput = page.locator('input[placeholder*="Search"], input[type="search"]').first();
    > 88 |         await searchInput.fill(payload);
         |                           ^
      89 |         await page.keyboard.press('Enter');
      90 |         
      91 |         // Should not cause errors or expose data
        at /Users/ghogue/Library/CloudStorage/OneDrive-InsightfulOutcomes,LLC/IS-LTD/APPS/CaliberVaultII/src/test/security/security.spec.ts:88:27

    attachment #1: screenshot (image/png) ──────────────────────────────────────────────────────────
    ../../test-results/security-security-Security-a108f-ut-to-prevent-SQL-injection-chromium/test-failed-1.png
    ────────────────────────────────────────────────────────────────────────────────────────────────

    attachment #2: video (video/webm) ──────────────────────────────────────────────────────────────
    ../../test-results/security-security-Security-a108f-ut-to-prevent-SQL-injection-chromium/video.webm
    ────────────────────────────────────────────────────────────────────────────────────────────────
]]>
</failure>
<system-out>
<![CDATA[
[[ATTACHMENT|security-security-Security-a108f-ut-to-prevent-SQL-injection-chromium/test-failed-1.png]]

[[ATTACHMENT|security-security-Security-a108f-ut-to-prevent-SQL-injection-chromium/video.webm]]
]]>
</system-out>
</testcase>
<testcase name="Security Testing Suite › XSS Prevention › should sanitize user input to prevent XSS attacks" classname="security/security.spec.ts" time="0.175">
</testcase>
<testcase name="Security Testing Suite › CSRF Protection › should include CSRF tokens in forms" classname="security/security.spec.ts" time="0.158">
</testcase>
<testcase name="Security Testing Suite › Sensitive Data Protection › should not expose sensitive data in client-side code" classname="security/security.spec.ts" time="0.145">
</testcase>
<testcase name="Security Testing Suite › Sensitive Data Protection › should use HTTPS for all API calls" classname="security/security.spec.ts" time="0.145">
</testcase>
<testcase name="Security Testing Suite › Session Security › should implement secure session management" classname="security/security.spec.ts" time="0.144">
</testcase>
<testcase name="Security Testing Suite › Session Security › should expire sessions after inactivity" classname="security/security.spec.ts" time="0.143">
</testcase>
<testcase name="Security Testing Suite › Input Validation › should validate file uploads" classname="security/security.spec.ts" time="0.149">
</testcase>
<testcase name="Security Testing Suite › Input Validation › should validate numeric inputs" classname="security/security.spec.ts" time="0.19">
</testcase>
<testcase name="Security Testing Suite › Content Security Policy › should have proper CSP headers" classname="security/security.spec.ts" time="0.164">
<failure message="security.spec.ts:229:5 should have proper CSP headers" type="FAILURE">
<![CDATA[  [chromium] › security/security.spec.ts:229:5 › Security Testing Suite › Content Security Policy › should have proper CSP headers 

    Error: expect(received).toBeTruthy()

    Received: undefined

      235 |         headers?.['content-security-policy'] ||
      236 |         headers?.['x-content-security-policy']
    > 237 |       ).toBeTruthy();
          |         ^
      238 |     });
      239 |
      240 |     test('should have X-Frame-Options header', async ({ page }) => {
        at /Users/ghogue/Library/CloudStorage/OneDrive-InsightfulOutcomes,LLC/IS-LTD/APPS/CaliberVaultII/src/test/security/security.spec.ts:237:9

    attachment #1: screenshot (image/png) ──────────────────────────────────────────────────────────
    ../../test-results/security-security-Security-8b499-uld-have-proper-CSP-headers-chromium/test-failed-1.png
    ────────────────────────────────────────────────────────────────────────────────────────────────

    attachment #2: video (video/webm) ──────────────────────────────────────────────────────────────
    ../../test-results/security-security-Security-8b499-uld-have-proper-CSP-headers-chromium/video.webm
    ────────────────────────────────────────────────────────────────────────────────────────────────
]]>
</failure>
<system-out>
<![CDATA[
[[ATTACHMENT|security-security-Security-8b499-uld-have-proper-CSP-headers-chromium/test-failed-1.png]]

[[ATTACHMENT|security-security-Security-8b499-uld-have-proper-CSP-headers-chromium/video.webm]]
]]>
</system-out>
</testcase>
<testcase name="Security Testing Suite › Content Security Policy › should have X-Frame-Options header" classname="security/security.spec.ts" time="0.209">
<failure message="security.spec.ts:240:5 should have X-Frame-Options header" type="FAILURE">
<![CDATA[  [chromium] › security/security.spec.ts:240:5 › Security Testing Suite › Content Security Policy › should have X-Frame-Options header 

    Error: expect(received).toMatch(expected)

    Matcher error: received value must be a string

    Received has value: undefined

      242 |       const headers = response?.headers();
      243 |       
    > 244 |       expect(headers?.['x-frame-options']).toMatch(/DENY|SAMEORIGIN/i);
          |                                            ^
      245 |     });
      246 |   });
      247 | });
        at /Users/ghogue/Library/CloudStorage/OneDrive-InsightfulOutcomes,LLC/IS-LTD/APPS/CaliberVaultII/src/test/security/security.spec.ts:244:44

    attachment #1: screenshot (image/png) ──────────────────────────────────────────────────────────
    ../../test-results/security-security-Security-ae6db-have-X-Frame-Options-header-chromium/test-failed-1.png
    ────────────────────────────────────────────────────────────────────────────────────────────────

    attachment #2: video (video/webm) ──────────────────────────────────────────────────────────────
    ../../test-results/security-security-Security-ae6db-have-X-Frame-Options-header-chromium/video.webm
    ────────────────────────────────────────────────────────────────────────────────────────────────
]]>
</failure>
<system-out>
<![CDATA[
[[ATTACHMENT|security-security-Security-ae6db-have-X-Frame-Options-header-chromium/test-failed-1.png]]

[[ATTACHMENT|security-security-Security-ae6db-have-X-Frame-Options-header-chromium/video.webm]]
]]>
</system-out>
</testcase>
</testsuite>
<testsuite name="visual/visual-regression.spec.ts" timestamp="2025-11-07T02:55:58.284Z" hostname="chromium" tests="9" failures="9" skipped="0" time="94.055" errors="0">
<testcase name="Visual Regression Tests › homepage renders correctly" classname="visual/visual-regression.spec.ts" time="10.558">
<failure message="visual-regression.spec.ts:15:3 homepage renders correctly" type="FAILURE">
<![CDATA[  [chromium] › visual/visual-regression.spec.ts:15:3 › Visual Regression Tests › homepage renders correctly 

    TimeoutError: page.waitForSelector: Timeout 10000ms exceeded.
    Call log:
      - waiting for locator('[data-testid="app-layout"]') to be visible


      10 |     await page.goto('/');
      11 |     // Wait for app to be fully loaded
    > 12 |     await page.waitForSelector('[data-testid="app-layout"]', { timeout: 10000 });
         |                ^
      13 |   });
      14 |
      15 |   test('homepage renders correctly', async ({ page }) => {
        at /Users/ghogue/Library/CloudStorage/OneDrive-InsightfulOutcomes,LLC/IS-LTD/APPS/CaliberVaultII/src/test/visual/visual-regression.spec.ts:12:16

    attachment #1: screenshot (image/png) ──────────────────────────────────────────────────────────
    ../../test-results/visual-visual-regression-V-9b275--homepage-renders-correctly-chromium/test-failed-1.png
    ────────────────────────────────────────────────────────────────────────────────────────────────

    attachment #2: video (video/webm) ──────────────────────────────────────────────────────────────
    ../../test-results/visual-visual-regression-V-9b275--homepage-renders-correctly-chromium/video.webm
    ────────────────────────────────────────────────────────────────────────────────────────────────
]]>
</failure>
<system-out>
<![CDATA[
[[ATTACHMENT|visual-visual-regression-V-9b275--homepage-renders-correctly-chromium/test-failed-1.png]]

[[ATTACHMENT|visual-visual-regression-V-9b275--homepage-renders-correctly-chromium/video.webm]]
]]>
</system-out>
</testcase>
<testcase name="Visual Regression Tests › inventory dashboard renders correctly" classname="visual/visual-regression.spec.ts" time="10.44">
<failure message="visual-regression.spec.ts:22:3 inventory dashboard renders correctly" type="FAILURE">
<![CDATA[  [chromium] › visual/visual-regression.spec.ts:22:3 › Visual Regression Tests › inventory dashboard renders correctly 

    TimeoutError: page.waitForSelector: Timeout 10000ms exceeded.
    Call log:
      - waiting for locator('[data-testid="app-layout"]') to be visible


      10 |     await page.goto('/');
      11 |     // Wait for app to be fully loaded
    > 12 |     await page.waitForSelector('[data-testid="app-layout"]', { timeout: 10000 });
         |                ^
      13 |   });
      14 |
      15 |   test('homepage renders correctly', async ({ page }) => {
        at /Users/ghogue/Library/CloudStorage/OneDrive-InsightfulOutcomes,LLC/IS-LTD/APPS/CaliberVaultII/src/test/visual/visual-regression.spec.ts:12:16

    attachment #1: screenshot (image/png) ──────────────────────────────────────────────────────────
    ../../test-results/visual-visual-regression-V-5fa01-dashboard-renders-correctly-chromium/test-failed-1.png
    ────────────────────────────────────────────────────────────────────────────────────────────────

    attachment #2: video (video/webm) ──────────────────────────────────────────────────────────────
    ../../test-results/visual-visual-regression-V-5fa01-dashboard-renders-correctly-chromium/video.webm
    ────────────────────────────────────────────────────────────────────────────────────────────────
]]>
</failure>
<system-out>
<![CDATA[
[[ATTACHMENT|visual-visual-regression-V-5fa01-dashboard-renders-correctly-chromium/test-failed-1.png]]

[[ATTACHMENT|visual-visual-regression-V-5fa01-dashboard-renders-correctly-chromium/video.webm]]
]]>
</system-out>
</testcase>
<testcase name="Visual Regression Tests › add item modal renders correctly" classname="visual/visual-regression.spec.ts" time="10.434">
<failure message="visual-regression.spec.ts:31:3 add item modal renders correctly" type="FAILURE">
<![CDATA[  [chromium] › visual/visual-regression.spec.ts:31:3 › Visual Regression Tests › add item modal renders correctly 

    TimeoutError: page.waitForSelector: Timeout 10000ms exceeded.
    Call log:
      - waiting for locator('[data-testid="app-layout"]') to be visible


      10 |     await page.goto('/');
      11 |     // Wait for app to be fully loaded
    > 12 |     await page.waitForSelector('[data-testid="app-layout"]', { timeout: 10000 });
         |                ^
      13 |   });
      14 |
      15 |   test('homepage renders correctly', async ({ page }) => {
        at /Users/ghogue/Library/CloudStorage/OneDrive-InsightfulOutcomes,LLC/IS-LTD/APPS/CaliberVaultII/src/test/visual/visual-regression.spec.ts:12:16

    attachment #1: screenshot (image/png) ──────────────────────────────────────────────────────────
    ../../test-results/visual-visual-regression-V-d08d4-tem-modal-renders-correctly-chromium/test-failed-1.png
    ────────────────────────────────────────────────────────────────────────────────────────────────

    attachment #2: video (video/webm) ──────────────────────────────────────────────────────────────
    ../../test-results/visual-visual-regression-V-d08d4-tem-modal-renders-correctly-chromium/video.webm
    ────────────────────────────────────────────────────────────────────────────────────────────────
]]>
</failure>
<system-out>
<![CDATA[
[[ATTACHMENT|visual-visual-regression-V-d08d4-tem-modal-renders-correctly-chromium/test-failed-1.png]]

[[ATTACHMENT|visual-visual-regression-V-d08d4-tem-modal-renders-correctly-chromium/video.webm]]
]]>
</system-out>
</testcase>
<testcase name="Visual Regression Tests › filter panel renders correctly" classname="visual/visual-regression.spec.ts" time="10.436">
<failure message="visual-regression.spec.ts:39:3 filter panel renders correctly" type="FAILURE">
<![CDATA[  [chromium] › visual/visual-regression.spec.ts:39:3 › Visual Regression Tests › filter panel renders correctly 

    TimeoutError: page.waitForSelector: Timeout 10000ms exceeded.
    Call log:
      - waiting for locator('[data-testid="app-layout"]') to be visible


      10 |     await page.goto('/');
      11 |     // Wait for app to be fully loaded
    > 12 |     await page.waitForSelector('[data-testid="app-layout"]', { timeout: 10000 });
         |                ^
      13 |   });
      14 |
      15 |   test('homepage renders correctly', async ({ page }) => {
        at /Users/ghogue/Library/CloudStorage/OneDrive-InsightfulOutcomes,LLC/IS-LTD/APPS/CaliberVaultII/src/test/visual/visual-regression.spec.ts:12:16

    attachment #1: screenshot (image/png) ──────────────────────────────────────────────────────────
    ../../test-results/visual-visual-regression-V-b8dba-ter-panel-renders-correctly-chromium/test-failed-1.png
    ────────────────────────────────────────────────────────────────────────────────────────────────

    attachment #2: video (video/webm) ──────────────────────────────────────────────────────────────
    ../../test-results/visual-visual-regression-V-b8dba-ter-panel-renders-correctly-chromium/video.webm
    ────────────────────────────────────────────────────────────────────────────────────────────────
]]>
</failure>
<system-out>
<![CDATA[
[[ATTACHMENT|visual-visual-regression-V-b8dba-ter-panel-renders-correctly-chromium/test-failed-1.png]]

[[ATTACHMENT|visual-visual-regression-V-b8dba-ter-panel-renders-correctly-chromium/video.webm]]
]]>
</system-out>
</testcase>
<testcase name="Visual Regression Tests › item card renders correctly" classname="visual/visual-regression.spec.ts" time="10.456">
<failure message="visual-regression.spec.ts:47:3 item card renders correctly" type="FAILURE">
<![CDATA[  [chromium] › visual/visual-regression.spec.ts:47:3 › Visual Regression Tests › item card renders correctly 

    TimeoutError: page.waitForSelector: Timeout 10000ms exceeded.
    Call log:
      - waiting for locator('[data-testid="app-layout"]') to be visible


      10 |     await page.goto('/');
      11 |     // Wait for app to be fully loaded
    > 12 |     await page.waitForSelector('[data-testid="app-layout"]', { timeout: 10000 });
         |                ^
      13 |   });
      14 |
      15 |   test('homepage renders correctly', async ({ page }) => {
        at /Users/ghogue/Library/CloudStorage/OneDrive-InsightfulOutcomes,LLC/IS-LTD/APPS/CaliberVaultII/src/test/visual/visual-regression.spec.ts:12:16

    attachment #1: screenshot (image/png) ──────────────────────────────────────────────────────────
    ../../test-results/visual-visual-regression-V-f7414-item-card-renders-correctly-chromium/test-failed-1.png
    ────────────────────────────────────────────────────────────────────────────────────────────────

    attachment #2: video (video/webm) ──────────────────────────────────────────────────────────────
    ../../test-results/visual-visual-regression-V-f7414-item-card-renders-correctly-chromium/video.webm
    ────────────────────────────────────────────────────────────────────────────────────────────────
]]>
</failure>
<system-out>
<![CDATA[
[[ATTACHMENT|visual-visual-regression-V-f7414-item-card-renders-correctly-chromium/test-failed-1.png]]

[[ATTACHMENT|visual-visual-regression-V-f7414-item-card-renders-correctly-chromium/video.webm]]
]]>
</system-out>
</testcase>
<testcase name="Visual Regression Tests › category icons display correctly" classname="visual/visual-regression.spec.ts" time="10.423">
<failure message="visual-regression.spec.ts:55:3 category icons display correctly" type="FAILURE">
<![CDATA[  [chromium] › visual/visual-regression.spec.ts:55:3 › Visual Regression Tests › category icons display correctly 

    TimeoutError: page.waitForSelector: Timeout 10000ms exceeded.
    Call log:
      - waiting for locator('[data-testid="app-layout"]') to be visible


      10 |     await page.goto('/');
      11 |     // Wait for app to be fully loaded
    > 12 |     await page.waitForSelector('[data-testid="app-layout"]', { timeout: 10000 });
         |                ^
      13 |   });
      14 |
      15 |   test('homepage renders correctly', async ({ page }) => {
        at /Users/ghogue/Library/CloudStorage/OneDrive-InsightfulOutcomes,LLC/IS-LTD/APPS/CaliberVaultII/src/test/visual/visual-regression.spec.ts:12:16

    attachment #1: screenshot (image/png) ──────────────────────────────────────────────────────────
    ../../test-results/visual-visual-regression-V-60946-ory-icons-display-correctly-chromium/test-failed-1.png
    ────────────────────────────────────────────────────────────────────────────────────────────────

    attachment #2: video (video/webm) ──────────────────────────────────────────────────────────────
    ../../test-results/visual-visual-regression-V-60946-ory-icons-display-correctly-chromium/video.webm
    ────────────────────────────────────────────────────────────────────────────────────────────────
]]>
</failure>
<system-out>
<![CDATA[
[[ATTACHMENT|visual-visual-regression-V-60946-ory-icons-display-correctly-chromium/test-failed-1.png]]

[[ATTACHMENT|visual-visual-regression-V-60946-ory-icons-display-correctly-chromium/video.webm]]
]]>
</system-out>
</testcase>
<testcase name="Visual Regression Tests › mobile view renders correctly" classname="visual/visual-regression.spec.ts" time="10.436">
<failure message="visual-regression.spec.ts:67:3 mobile view renders correctly" type="FAILURE">
<![CDATA[  [chromium] › visual/visual-regression.spec.ts:67:3 › Visual Regression Tests › mobile view renders correctly 

    TimeoutError: page.waitForSelector: Timeout 10000ms exceeded.
    Call log:
      - waiting for locator('[data-testid="app-layout"]') to be visible


      10 |     await page.goto('/');
      11 |     // Wait for app to be fully loaded
    > 12 |     await page.waitForSelector('[data-testid="app-layout"]', { timeout: 10000 });
         |                ^
      13 |   });
      14 |
      15 |   test('homepage renders correctly', async ({ page }) => {
        at /Users/ghogue/Library/CloudStorage/OneDrive-InsightfulOutcomes,LLC/IS-LTD/APPS/CaliberVaultII/src/test/visual/visual-regression.spec.ts:12:16

    attachment #1: screenshot (image/png) ──────────────────────────────────────────────────────────
    ../../test-results/visual-visual-regression-V-d0a6c-bile-view-renders-correctly-chromium/test-failed-1.png
    ────────────────────────────────────────────────────────────────────────────────────────────────

    attachment #2: video (video/webm) ──────────────────────────────────────────────────────────────
    ../../test-results/visual-visual-regression-V-d0a6c-bile-view-renders-correctly-chromium/video.webm
    ────────────────────────────────────────────────────────────────────────────────────────────────
]]>
</failure>
<system-out>
<![CDATA[
[[ATTACHMENT|visual-visual-regression-V-d0a6c-bile-view-renders-correctly-chromium/test-failed-1.png]]

[[ATTACHMENT|visual-visual-regression-V-d0a6c-bile-view-renders-correctly-chromium/video.webm]]
]]>
</system-out>
</testcase>
<testcase name="Visual Regression Tests › tablet view renders correctly" classname="visual/visual-regression.spec.ts" time="10.439">
<failure message="visual-regression.spec.ts:75:3 tablet view renders correctly" type="FAILURE">
<![CDATA[  [chromium] › visual/visual-regression.spec.ts:75:3 › Visual Regression Tests › tablet view renders correctly 

    TimeoutError: page.waitForSelector: Timeout 10000ms exceeded.
    Call log:
      - waiting for locator('[data-testid="app-layout"]') to be visible


      10 |     await page.goto('/');
      11 |     // Wait for app to be fully loaded
    > 12 |     await page.waitForSelector('[data-testid="app-layout"]', { timeout: 10000 });
         |                ^
      13 |   });
      14 |
      15 |   test('homepage renders correctly', async ({ page }) => {
        at /Users/ghogue/Library/CloudStorage/OneDrive-InsightfulOutcomes,LLC/IS-LTD/APPS/CaliberVaultII/src/test/visual/visual-regression.spec.ts:12:16

    attachment #1: screenshot (image/png) ──────────────────────────────────────────────────────────
    ../../test-results/visual-visual-regression-V-7678f-blet-view-renders-correctly-chromium/test-failed-1.png
    ────────────────────────────────────────────────────────────────────────────────────────────────

    attachment #2: video (video/webm) ──────────────────────────────────────────────────────────────
    ../../test-results/visual-visual-regression-V-7678f-blet-view-renders-correctly-chromium/video.webm
    ────────────────────────────────────────────────────────────────────────────────────────────────
]]>
</failure>
<system-out>
<![CDATA[
[[ATTACHMENT|visual-visual-regression-V-7678f-blet-view-renders-correctly-chromium/test-failed-1.png]]

[[ATTACHMENT|visual-visual-regression-V-7678f-blet-view-renders-correctly-chromium/video.webm]]
]]>
</system-out>
</testcase>
<testcase name="Visual Regression Tests › dark mode renders correctly" classname="visual/visual-regression.spec.ts" time="10.433">
<failure message="visual-regression.spec.ts:83:3 dark mode renders correctly" type="FAILURE">
<![CDATA[  [chromium] › visual/visual-regression.spec.ts:83:3 › Visual Regression Tests › dark mode renders correctly 

    TimeoutError: page.waitForSelector: Timeout 10000ms exceeded.
    Call log:
      - waiting for locator('[data-testid="app-layout"]') to be visible


      10 |     await page.goto('/');
      11 |     // Wait for app to be fully loaded
    > 12 |     await page.waitForSelector('[data-testid="app-layout"]', { timeout: 10000 });
         |                ^
      13 |   });
      14 |
      15 |   test('homepage renders correctly', async ({ page }) => {
        at /Users/ghogue/Library/CloudStorage/OneDrive-InsightfulOutcomes,LLC/IS-LTD/APPS/CaliberVaultII/src/test/visual/visual-regression.spec.ts:12:16

    attachment #1: screenshot (image/png) ──────────────────────────────────────────────────────────
    ../../test-results/visual-visual-regression-V-87d8c-dark-mode-renders-correctly-chromium/test-failed-1.png
    ────────────────────────────────────────────────────────────────────────────────────────────────

    attachment #2: video (video/webm) ──────────────────────────────────────────────────────────────
    ../../test-results/visual-visual-regression-V-87d8c-dark-mode-renders-correctly-chromium/video.webm
    ────────────────────────────────────────────────────────────────────────────────────────────────
]]>
</failure>
<system-out>
<![CDATA[
[[ATTACHMENT|visual-visual-regression-V-87d8c-dark-mode-renders-correctly-chromium/test-failed-1.png]]

[[ATTACHMENT|visual-visual-regression-V-87d8c-dark-mode-renders-correctly-chromium/video.webm]]
]]>
</system-out>
</testcase>
</testsuite>
<testsuite name="visual/visual-tests.spec.ts" timestamp="2025-11-07T02:55:58.284Z" hostname="chromium" tests="7" failures="7" skipped="0" time="124.543" errors="0">
<testcase name="Visual Regression Tests › Login page visual snapshot" classname="visual/visual-tests.spec.ts" time="0.395">
<failure message="visual-tests.spec.ts:8:3 Login page visual snapshot" type="FAILURE">
<![CDATA[  [chromium] › visual/visual-tests.spec.ts:8:3 › Visual Regression Tests › Login page visual snapshot 

    Error: A snapshot doesn't exist at /Users/ghogue/Library/CloudStorage/OneDrive-InsightfulOutcomes,LLC/IS-LTD/APPS/CaliberVaultII/src/test/visual/visual-tests.spec.ts-snapshots/login-page-chromium-darwin.png, writing actual.

       7 |
       8 |   test('Login page visual snapshot', async ({ page }) => {
    >  9 |     await expect(page).toHaveScreenshot('login-page.png', {
         |     ^
      10 |       fullPage: true,
      11 |       animations: 'disabled',
      12 |     });
        at /Users/ghogue/Library/CloudStorage/OneDrive-InsightfulOutcomes,LLC/IS-LTD/APPS/CaliberVaultII/src/test/visual/visual-tests.spec.ts:9:5

    attachment #1: login-page (image/png) ──────────────────────────────────────────────────────────
    Expected: visual/visual-tests.spec.ts-snapshots/login-page-chromium-darwin.png
    Received: ../../test-results/visual-visual-tests-Visual-c418a--Login-page-visual-snapshot-chromium/login-page-actual.png
    ────────────────────────────────────────────────────────────────────────────────────────────────

    attachment #2: screenshot (image/png) ──────────────────────────────────────────────────────────
    ../../test-results/visual-visual-tests-Visual-c418a--Login-page-visual-snapshot-chromium/test-failed-1.png
    ────────────────────────────────────────────────────────────────────────────────────────────────

    attachment #3: video (video/webm) ──────────────────────────────────────────────────────────────
    ../../test-results/visual-visual-tests-Visual-c418a--Login-page-visual-snapshot-chromium/video.webm
    ────────────────────────────────────────────────────────────────────────────────────────────────
]]>
</failure>
<system-out>
<![CDATA[
[[ATTACHMENT|../src/test/visual/visual-tests.spec.ts-snapshots/login-page-chromium-darwin.png]]

[[ATTACHMENT|visual-visual-tests-Visual-c418a--Login-page-visual-snapshot-chromium/login-page-actual.png]]

[[ATTACHMENT|visual-visual-tests-Visual-c418a--Login-page-visual-snapshot-chromium/test-failed-1.png]]

[[ATTACHMENT|visual-visual-tests-Visual-c418a--Login-page-visual-snapshot-chromium/video.webm]]
]]>
</system-out>
</testcase>
<testcase name="Visual Regression Tests › Dashboard visual snapshot" classname="visual/visual-tests.spec.ts" time="30.846">
<failure message="visual-tests.spec.ts:15:3 Dashboard visual snapshot" type="FAILURE">
<![CDATA[  [chromium] › visual/visual-tests.spec.ts:15:3 › Visual Regression Tests › Dashboard visual snapshot 

    Test timeout of 30000ms exceeded.

    Error: page.fill: Test timeout of 30000ms exceeded.
    Call log:
      - waiting for locator('input[type="email"]')


      15 |   test('Dashboard visual snapshot', async ({ page }) => {
      16 |     // Login first
    > 17 |     await page.fill('input[type="email"]', 'test@example.com');
         |                ^
      18 |     await page.fill('input[type="password"]', 'password123');
      19 |     await page.click('button[type="submit"]');
      20 |     await page.waitForURL('/dashboard');
        at /Users/ghogue/Library/CloudStorage/OneDrive-InsightfulOutcomes,LLC/IS-LTD/APPS/CaliberVaultII/src/test/visual/visual-tests.spec.ts:17:16

    attachment #1: screenshot (image/png) ──────────────────────────────────────────────────────────
    ../../test-results/visual-visual-tests-Visual-be416-s-Dashboard-visual-snapshot-chromium/test-failed-1.png
    ────────────────────────────────────────────────────────────────────────────────────────────────

    attachment #2: video (video/webm) ──────────────────────────────────────────────────────────────
    ../../test-results/visual-visual-tests-Visual-be416-s-Dashboard-visual-snapshot-chromium/video.webm
    ────────────────────────────────────────────────────────────────────────────────────────────────
]]>
</failure>
<system-out>
<![CDATA[
[[ATTACHMENT|visual-visual-tests-Visual-be416-s-Dashboard-visual-snapshot-chromium/test-failed-1.png]]

[[ATTACHMENT|visual-visual-tests-Visual-be416-s-Dashboard-visual-snapshot-chromium/video.webm]]
]]>
</system-out>
</testcase>
<testcase name="Visual Regression Tests › Add item modal visual snapshot" classname="visual/visual-tests.spec.ts" time="30.833">
<failure message="visual-tests.spec.ts:28:3 Add item modal visual snapshot" type="FAILURE">
<![CDATA[  [chromium] › visual/visual-tests.spec.ts:28:3 › Visual Regression Tests › Add item modal visual snapshot 

    Test timeout of 30000ms exceeded.

    Error: page.click: Test timeout of 30000ms exceeded.
    Call log:
      - waiting for locator('button:has-text("Add Item")')


      28 |   test('Add item modal visual snapshot', async ({ page }) => {
      29 |     await page.goto('/dashboard');
    > 30 |     await page.click('button:has-text("Add Item")');
         |                ^
      31 |     await page.waitForSelector('[role="dialog"]');
      32 |     
      33 |     await expect(page).toHaveScreenshot('add-item-modal.png', {
        at /Users/ghogue/Library/CloudStorage/OneDrive-InsightfulOutcomes,LLC/IS-LTD/APPS/CaliberVaultII/src/test/visual/visual-tests.spec.ts:30:16

    attachment #1: screenshot (image/png) ──────────────────────────────────────────────────────────
    ../../test-results/visual-visual-tests-Visual-3df36--item-modal-visual-snapshot-chromium/test-failed-1.png
    ────────────────────────────────────────────────────────────────────────────────────────────────

    attachment #2: video (video/webm) ──────────────────────────────────────────────────────────────
    ../../test-results/visual-visual-tests-Visual-3df36--item-modal-visual-snapshot-chromium/video.webm
    ────────────────────────────────────────────────────────────────────────────────────────────────
]]>
</failure>
<system-out>
<![CDATA[
[[ATTACHMENT|visual-visual-tests-Visual-3df36--item-modal-visual-snapshot-chromium/test-failed-1.png]]

[[ATTACHMENT|visual-visual-tests-Visual-3df36--item-modal-visual-snapshot-chromium/video.webm]]
]]>
</system-out>
</testcase>
<testcase name="Visual Regression Tests › Inventory grid visual snapshot" classname="visual/visual-tests.spec.ts" time="30.844">
<failure message="visual-tests.spec.ts:38:3 Inventory grid visual snapshot" type="FAILURE">
<![CDATA[  [chromium] › visual/visual-tests.spec.ts:38:3 › Visual Regression Tests › Inventory grid visual snapshot 

    Test timeout of 30000ms exceeded.

    Error: page.waitForSelector: Test timeout of 30000ms exceeded.
    Call log:
      - waiting for locator('[data-testid="inventory-grid"]') to be visible


      38 |   test('Inventory grid visual snapshot', async ({ page }) => {
      39 |     await page.goto('/dashboard');
    > 40 |     await page.waitForSelector('[data-testid="inventory-grid"]');
         |                ^
      41 |     
      42 |     await expect(page).toHaveScreenshot('inventory-grid.png', {
      43 |       fullPage: true,
        at /Users/ghogue/Library/CloudStorage/OneDrive-InsightfulOutcomes,LLC/IS-LTD/APPS/CaliberVaultII/src/test/visual/visual-tests.spec.ts:40:16

    attachment #1: screenshot (image/png) ──────────────────────────────────────────────────────────
    ../../test-results/visual-visual-tests-Visual-79048-entory-grid-visual-snapshot-chromium/test-failed-1.png
    ────────────────────────────────────────────────────────────────────────────────────────────────

    attachment #2: video (video/webm) ──────────────────────────────────────────────────────────────
    ../../test-results/visual-visual-tests-Visual-79048-entory-grid-visual-snapshot-chromium/video.webm
    ────────────────────────────────────────────────────────────────────────────────────────────────
]]>
</failure>
<system-out>
<![CDATA[
[[ATTACHMENT|visual-visual-tests-Visual-79048-entory-grid-visual-snapshot-chromium/test-failed-1.png]]

[[ATTACHMENT|visual-visual-tests-Visual-79048-entory-grid-visual-snapshot-chromium/video.webm]]
]]>
</system-out>
</testcase>
<testcase name="Visual Regression Tests › Mobile responsive - 375px" classname="visual/visual-tests.spec.ts" time="0.36">
<failure message="visual-tests.spec.ts:48:3 Mobile responsive - 375px" type="FAILURE">
<![CDATA[  [chromium] › visual/visual-tests.spec.ts:48:3 › Visual Regression Tests › Mobile responsive - 375px 

    Error: A snapshot doesn't exist at /Users/ghogue/Library/CloudStorage/OneDrive-InsightfulOutcomes,LLC/IS-LTD/APPS/CaliberVaultII/src/test/visual/visual-tests.spec.ts-snapshots/mobile-375-chromium-darwin.png, writing actual.

      50 |     await page.goto('/dashboard');
      51 |     
    > 52 |     await expect(page).toHaveScreenshot('mobile-375.png', {
         |     ^
      53 |       fullPage: true,
      54 |       animations: 'disabled',
      55 |     });
        at /Users/ghogue/Library/CloudStorage/OneDrive-InsightfulOutcomes,LLC/IS-LTD/APPS/CaliberVaultII/src/test/visual/visual-tests.spec.ts:52:5

    attachment #1: mobile-375 (image/png) ──────────────────────────────────────────────────────────
    Expected: visual/visual-tests.spec.ts-snapshots/mobile-375-chromium-darwin.png
    Received: ../../test-results/visual-visual-tests-Visual-4cb13-s-Mobile-responsive---375px-chromium/mobile-375-actual.png
    ────────────────────────────────────────────────────────────────────────────────────────────────

    attachment #2: screenshot (image/png) ──────────────────────────────────────────────────────────
    ../../test-results/visual-visual-tests-Visual-4cb13-s-Mobile-responsive---375px-chromium/test-failed-1.png
    ────────────────────────────────────────────────────────────────────────────────────────────────

    attachment #3: video (video/webm) ──────────────────────────────────────────────────────────────
    ../../test-results/visual-visual-tests-Visual-4cb13-s-Mobile-responsive---375px-chromium/video.webm
    ────────────────────────────────────────────────────────────────────────────────────────────────
]]>
</failure>
<system-out>
<![CDATA[
[[ATTACHMENT|../src/test/visual/visual-tests.spec.ts-snapshots/mobile-375-chromium-darwin.png]]

[[ATTACHMENT|visual-visual-tests-Visual-4cb13-s-Mobile-responsive---375px-chromium/mobile-375-actual.png]]

[[ATTACHMENT|visual-visual-tests-Visual-4cb13-s-Mobile-responsive---375px-chromium/test-failed-1.png]]

[[ATTACHMENT|visual-visual-tests-Visual-4cb13-s-Mobile-responsive---375px-chromium/video.webm]]
]]>
</system-out>
</testcase>
<testcase name="Visual Regression Tests › Tablet responsive - 768px" classname="visual/visual-tests.spec.ts" time="0.425">
<failure message="visual-tests.spec.ts:58:3 Tablet responsive - 768px" type="FAILURE">
<![CDATA[  [chromium] › visual/visual-tests.spec.ts:58:3 › Visual Regression Tests › Tablet responsive - 768px 

    Error: A snapshot doesn't exist at /Users/ghogue/Library/CloudStorage/OneDrive-InsightfulOutcomes,LLC/IS-LTD/APPS/CaliberVaultII/src/test/visual/visual-tests.spec.ts-snapshots/tablet-768-chromium-darwin.png, writing actual.

      60 |     await page.goto('/dashboard');
      61 |     
    > 62 |     await expect(page).toHaveScreenshot('tablet-768.png', {
         |     ^
      63 |       fullPage: true,
      64 |       animations: 'disabled',
      65 |     });
        at /Users/ghogue/Library/CloudStorage/OneDrive-InsightfulOutcomes,LLC/IS-LTD/APPS/CaliberVaultII/src/test/visual/visual-tests.spec.ts:62:5

    attachment #1: tablet-768 (image/png) ──────────────────────────────────────────────────────────
    Expected: visual/visual-tests.spec.ts-snapshots/tablet-768-chromium-darwin.png
    Received: ../../test-results/visual-visual-tests-Visual-34bcf-s-Tablet-responsive---768px-chromium/tablet-768-actual.png
    ────────────────────────────────────────────────────────────────────────────────────────────────

    attachment #2: screenshot (image/png) ──────────────────────────────────────────────────────────
    ../../test-results/visual-visual-tests-Visual-34bcf-s-Tablet-responsive---768px-chromium/test-failed-1.png
    ────────────────────────────────────────────────────────────────────────────────────────────────

    attachment #3: video (video/webm) ──────────────────────────────────────────────────────────────
    ../../test-results/visual-visual-tests-Visual-34bcf-s-Tablet-responsive---768px-chromium/video.webm
    ────────────────────────────────────────────────────────────────────────────────────────────────
]]>
</failure>
<system-out>
<![CDATA[
[[ATTACHMENT|../src/test/visual/visual-tests.spec.ts-snapshots/tablet-768-chromium-darwin.png]]

[[ATTACHMENT|visual-visual-tests-Visual-34bcf-s-Tablet-responsive---768px-chromium/tablet-768-actual.png]]

[[ATTACHMENT|visual-visual-tests-Visual-34bcf-s-Tablet-responsive---768px-chromium/test-failed-1.png]]

[[ATTACHMENT|visual-visual-tests-Visual-34bcf-s-Tablet-responsive---768px-chromium/video.webm]]
]]>
</system-out>
</testcase>
<testcase name="Visual Regression Tests › Dark mode visual snapshot" classname="visual/visual-tests.spec.ts" time="30.84">
<failure message="visual-tests.spec.ts:68:3 Dark mode visual snapshot" type="FAILURE">
<![CDATA[  [chromium] › visual/visual-tests.spec.ts:68:3 › Visual Regression Tests › Dark mode visual snapshot 

    Test timeout of 30000ms exceeded.

    Error: page.click: Test timeout of 30000ms exceeded.
    Call log:
      - waiting for locator('[data-testid="theme-toggle"]')


      68 |   test('Dark mode visual snapshot', async ({ page }) => {
      69 |     await page.goto('/dashboard');
    > 70 |     await page.click('[data-testid="theme-toggle"]');
         |                ^
      71 |     
      72 |     await expect(page).toHaveScreenshot('dark-mode.png', {
      73 |       fullPage: true,
        at /Users/ghogue/Library/CloudStorage/OneDrive-InsightfulOutcomes,LLC/IS-LTD/APPS/CaliberVaultII/src/test/visual/visual-tests.spec.ts:70:16

    attachment #1: screenshot (image/png) ──────────────────────────────────────────────────────────
    ../../test-results/visual-visual-tests-Visual-47108-s-Dark-mode-visual-snapshot-chromium/test-failed-1.png
    ────────────────────────────────────────────────────────────────────────────────────────────────

    attachment #2: video (video/webm) ──────────────────────────────────────────────────────────────
    ../../test-results/visual-visual-tests-Visual-47108-s-Dark-mode-visual-snapshot-chromium/video.webm
    ────────────────────────────────────────────────────────────────────────────────────────────────
]]>
</failure>
<system-out>
<![CDATA[
[[ATTACHMENT|visual-visual-tests-Visual-47108-s-Dark-mode-visual-snapshot-chromium/test-failed-1.png]]

[[ATTACHMENT|visual-visual-tests-Visual-47108-s-Dark-mode-visual-snapshot-chromium/video.webm]]
]]>
</system-out>
</testcase>
</testsuite>
<testsuite name="accessibility/accessibility.spec.ts" timestamp="2025-11-07T02:55:58.284Z" hostname="firefox" tests="10" failures="5" skipped="0" time="97.772" errors="0">
<testcase name="Accessibility Tests › homepage has no accessibility violations" classname="accessibility/accessibility.spec.ts" time="30.057">
<failure message="accessibility.spec.ts:10:3 homepage has no accessibility violations" type="FAILURE">
<![CDATA[  [firefox] › accessibility/accessibility.spec.ts:10:3 › Accessibility Tests › homepage has no accessibility violations 

    Test timeout of 30000ms exceeded.

    Error: page.waitForSelector: Test timeout of 30000ms exceeded.
    Call log:
      - waiting for locator('[data-testid="app-layout"]') to be visible


      10 |   test('homepage has no accessibility violations', async ({ page }) => {
      11 |     await page.goto('/');
    > 12 |     await page.waitForSelector('[data-testid="app-layout"]');
         |                ^
      13 |     
      14 |     const accessibilityScanResults = await new AxeBuilder({ page })
      15 |       .withTags(['wcag2a', 'wcag2aa', 'wcag21a', 'wcag21aa'])
        at /Users/ghogue/Library/CloudStorage/OneDrive-InsightfulOutcomes,LLC/IS-LTD/APPS/CaliberVaultII/src/test/accessibility/accessibility.spec.ts:12:16

    attachment #1: screenshot (image/png) ──────────────────────────────────────────────────────────
    ../../test-results/accessibility-accessibilit-24b69-no-accessibility-violations-firefox/test-failed-1.png
    ────────────────────────────────────────────────────────────────────────────────────────────────

    attachment #2: video (video/webm) ──────────────────────────────────────────────────────────────
    ../../test-results/accessibility-accessibilit-24b69-no-accessibility-violations-firefox/video.webm
    ────────────────────────────────────────────────────────────────────────────────────────────────
]]>
</failure>
<system-out>
<![CDATA[
[[ATTACHMENT|accessibility-accessibilit-24b69-no-accessibility-violations-firefox/test-failed-1.png]]

[[ATTACHMENT|accessibility-accessibilit-24b69-no-accessibility-violations-firefox/video.webm]]
]]>
</system-out>
</testcase>
<testcase name="Accessibility Tests › inventory dashboard is accessible" classname="accessibility/accessibility.spec.ts" time="1.024">
<failure message="accessibility.spec.ts:21:3 inventory dashboard is accessible" type="FAILURE">
<![CDATA[  [firefox] › accessibility/accessibility.spec.ts:21:3 › Accessibility Tests › inventory dashboard is accessible 

    Error: frame.evaluate: No elements found for include in page Context
    validateContext@debugger eval code line 290 > eval:18905:15
    Context@debugger eval code line 290 > eval:18886:22
    _getFrameContexts@debugger eval code line 290 > eval:18927:22
    @debugger eval code line 290 > eval:4:27
    evaluate@debugger eval code:292:16
    @debugger eval code:1:44

        at validateContext@debugger eval code line 290 > eval:18905:15
        at Context@debugger eval code line 290 > eval:18886:22
        at _getFrameContexts@debugger eval code line 290 > eval:18927:22
        at @debugger eval code line 290 > eval:4:27
        at evaluate@debugger eval code:292:16
        at @debugger eval code:1:44
        at AxeBuilder.runPartialRecursive (/Users/ghogue/Library/CloudStorage/OneDrive-InsightfulOutcomes,LLC/IS-LTD/APPS/CaliberVaultII/node_modules/@axe-core/playwright/dist/index.mjs:280:39)
        at AxeBuilder.analyze (/Users/ghogue/Library/CloudStorage/OneDrive-InsightfulOutcomes,LLC/IS-LTD/APPS/CaliberVaultII/node_modules/@axe-core/playwright/dist/index.mjs:210:39)
        at /Users/ghogue/Library/CloudStorage/OneDrive-InsightfulOutcomes,LLC/IS-LTD/APPS/CaliberVaultII/src/test/accessibility/accessibility.spec.ts:24:21

    attachment #1: screenshot (image/png) ──────────────────────────────────────────────────────────
    ../../test-results/accessibility-accessibilit-33d59-ory-dashboard-is-accessible-firefox/test-failed-1.png
    ────────────────────────────────────────────────────────────────────────────────────────────────

    attachment #2: video (video/webm) ──────────────────────────────────────────────────────────────
    ../../test-results/accessibility-accessibilit-33d59-ory-dashboard-is-accessible-firefox/video.webm
    ────────────────────────────────────────────────────────────────────────────────────────────────
]]>
</failure>
<system-out>
<![CDATA[
[[ATTACHMENT|accessibility-accessibilit-33d59-ory-dashboard-is-accessible-firefox/test-failed-1.png]]

[[ATTACHMENT|accessibility-accessibilit-33d59-ory-dashboard-is-accessible-firefox/video.webm]]
]]>
</system-out>
</testcase>
<testcase name="Accessibility Tests › add item modal is accessible" classname="accessibility/accessibility.spec.ts" time="30.117">
<failure message="accessibility.spec.ts:31:3 add item modal is accessible" type="FAILURE">
<![CDATA[  [firefox] › accessibility/accessibility.spec.ts:31:3 › Accessibility Tests › add item modal is accessible 

    Test timeout of 30000ms exceeded.

    Error: page.click: Test timeout of 30000ms exceeded.
    Call log:
      - waiting for locator('button:has-text("Add Item")')


      31 |   test('add item modal is accessible', async ({ page }) => {
      32 |     await page.goto('/');
    > 33 |     await page.click('button:has-text("Add Item")');
         |                ^
      34 |     await page.waitForSelector('[role="dialog"]');
      35 |     
      36 |     const results = await new AxeBuilder({ page })
        at /Users/ghogue/Library/CloudStorage/OneDrive-InsightfulOutcomes,LLC/IS-LTD/APPS/CaliberVaultII/src/test/accessibility/accessibility.spec.ts:33:16

    attachment #1: screenshot (image/png) ──────────────────────────────────────────────────────────
    ../../test-results/accessibility-accessibilit-a6bdb-dd-item-modal-is-accessible-firefox/test-failed-1.png
    ────────────────────────────────────────────────────────────────────────────────────────────────

    attachment #2: video (video/webm) ──────────────────────────────────────────────────────────────
    ../../test-results/accessibility-accessibilit-a6bdb-dd-item-modal-is-accessible-firefox/video.webm
    ────────────────────────────────────────────────────────────────────────────────────────────────
]]>
</failure>
<system-out>
<![CDATA[
[[ATTACHMENT|accessibility-accessibilit-a6bdb-dd-item-modal-is-accessible-firefox/test-failed-1.png]]

[[ATTACHMENT|accessibility-accessibilit-a6bdb-dd-item-modal-is-accessible-firefox/video.webm]]
]]>
</system-out>
</testcase>
<testcase name="Accessibility Tests › keyboard navigation works correctly" classname="accessibility/accessibility.spec.ts" time="1.077">
<failure message="accessibility.spec.ts:43:3 keyboard navigation works correctly" type="FAILURE">
<![CDATA[  [firefox] › accessibility/accessibility.spec.ts:43:3 › Accessibility Tests › keyboard navigation works correctly 

    Error: expect(received).toContain(expected) // indexOf

    Expected value: "BODY"
    Received array: ["BUTTON", "A", "INPUT"]

      47 |     await page.keyboard.press('Tab');
      48 |     let focusedElement = await page.evaluate(() => document.activeElement?.tagName);
    > 49 |     expect(['BUTTON', 'A', 'INPUT']).toContain(focusedElement);
         |                                      ^
      50 |     
      51 |     // Continue tabbing
      52 |     await page.keyboard.press('Tab');
        at /Users/ghogue/Library/CloudStorage/OneDrive-InsightfulOutcomes,LLC/IS-LTD/APPS/CaliberVaultII/src/test/accessibility/accessibility.spec.ts:49:38

    attachment #1: screenshot (image/png) ──────────────────────────────────────────────────────────
    ../../test-results/accessibility-accessibilit-6a8f5--navigation-works-correctly-firefox/test-failed-1.png
    ────────────────────────────────────────────────────────────────────────────────────────────────

    attachment #2: video (video/webm) ──────────────────────────────────────────────────────────────
    ../../test-results/accessibility-accessibilit-6a8f5--navigation-works-correctly-firefox/video.webm
    ────────────────────────────────────────────────────────────────────────────────────────────────
]]>
</failure>
<system-out>
<![CDATA[
[[ATTACHMENT|accessibility-accessibilit-6a8f5--navigation-works-correctly-firefox/test-failed-1.png]]

[[ATTACHMENT|accessibility-accessibilit-6a8f5--navigation-works-correctly-firefox/video.webm]]
]]>
</system-out>
</testcase>
<testcase name="Accessibility Tests › all images have alt text" classname="accessibility/accessibility.spec.ts" time="0.801">
</testcase>
<testcase name="Accessibility Tests › form inputs have labels" classname="accessibility/accessibility.spec.ts" time="30.027">
<failure message="accessibility.spec.ts:65:3 form inputs have labels" type="FAILURE">
<![CDATA[  [firefox] › accessibility/accessibility.spec.ts:65:3 › Accessibility Tests › form inputs have labels 

    Test timeout of 30000ms exceeded.

    Error: page.click: Test timeout of 30000ms exceeded.
    Call log:
      - waiting for locator('button:has-text("Add Item")')


      65 |   test('form inputs have labels', async ({ page }) => {
      66 |     await page.goto('/');
    > 67 |     await page.click('button:has-text("Add Item")');
         |                ^
      68 |     await page.waitForSelector('[role="dialog"]');
      69 |     
      70 |     const results = await new AxeBuilder({ page })
        at /Users/ghogue/Library/CloudStorage/OneDrive-InsightfulOutcomes,LLC/IS-LTD/APPS/CaliberVaultII/src/test/accessibility/accessibility.spec.ts:67:16

    attachment #1: screenshot (image/png) ──────────────────────────────────────────────────────────
    ../../test-results/accessibility-accessibilit-622f2-sts-form-inputs-have-labels-firefox/test-failed-1.png
    ────────────────────────────────────────────────────────────────────────────────────────────────

    attachment #2: video (video/webm) ──────────────────────────────────────────────────────────────
    ../../test-results/accessibility-accessibilit-622f2-sts-form-inputs-have-labels-firefox/video.webm
    ────────────────────────────────────────────────────────────────────────────────────────────────
]]>
</failure>
<system-out>
<![CDATA[
[[ATTACHMENT|accessibility-accessibilit-622f2-sts-form-inputs-have-labels-firefox/test-failed-1.png]]

[[ATTACHMENT|accessibility-accessibilit-622f2-sts-form-inputs-have-labels-firefox/video.webm]]
]]>
</system-out>
</testcase>
<testcase name="Accessibility Tests › color contrast meets WCAG AA standards" classname="accessibility/accessibility.spec.ts" time="1.553">
</testcase>
<testcase name="Accessibility Tests › buttons have accessible names" classname="accessibility/accessibility.spec.ts" time="0.82">
</testcase>
<testcase name="Accessibility Tests › headings are in correct order" classname="accessibility/accessibility.spec.ts" time="1.525">
</testcase>
<testcase name="Accessibility Tests › ARIA attributes are valid" classname="accessibility/accessibility.spec.ts" time="0.771">
</testcase>
</testsuite>
<testsuite name="e2e/addItem.spec.ts" timestamp="2025-11-07T02:55:58.284Z" hostname="firefox" tests="2" failures="2" skipped="0" time="60.081" errors="0">
<testcase name="Add Item Flow › should add a new firearm item" classname="e2e/addItem.spec.ts" time="30.043">
<failure message="addItem.spec.ts:10:3 should add a new firearm item" type="FAILURE">
<![CDATA[  [firefox] › e2e/addItem.spec.ts:10:3 › Add Item Flow › should add a new firearm item ─────────────

    Test timeout of 30000ms exceeded.

    Error: page.click: Test timeout of 30000ms exceeded.
    Call log:
      - waiting for locator('button:has-text("Add Item")')


      10 |   test('should add a new firearm item', async ({ page }) => {
      11 |     // Click add item button
    > 12 |     await page.click('button:has-text("Add Item")');
         |                ^
      13 |     
      14 |     // Fill form
      15 |     await page.fill('input[name="name"]', 'Test AR-15');
        at /Users/ghogue/Library/CloudStorage/OneDrive-InsightfulOutcomes,LLC/IS-LTD/APPS/CaliberVaultII/src/test/e2e/addItem.spec.ts:12:16

    attachment #1: screenshot (image/png) ──────────────────────────────────────────────────────────
    ../../test-results/e2e-addItem-Add-Item-Flow-should-add-a-new-firearm-item-firefox/test-failed-1.png
    ────────────────────────────────────────────────────────────────────────────────────────────────

    attachment #2: video (video/webm) ──────────────────────────────────────────────────────────────
    ../../test-results/e2e-addItem-Add-Item-Flow-should-add-a-new-firearm-item-firefox/video.webm
    ────────────────────────────────────────────────────────────────────────────────────────────────
]]>
</failure>
<system-out>
<![CDATA[
[[ATTACHMENT|e2e-addItem-Add-Item-Flow-should-add-a-new-firearm-item-firefox/test-failed-1.png]]

[[ATTACHMENT|e2e-addItem-Add-Item-Flow-should-add-a-new-firearm-item-firefox/video.webm]]
]]>
</system-out>
</testcase>
<testcase name="Add Item Flow › should show validation errors" classname="e2e/addItem.spec.ts" time="30.038">
<failure message="addItem.spec.ts:31:3 should show validation errors" type="FAILURE">
<![CDATA[  [firefox] › e2e/addItem.spec.ts:31:3 › Add Item Flow › should show validation errors ─────────────

    Test timeout of 30000ms exceeded.

    Error: page.click: Test timeout of 30000ms exceeded.
    Call log:
      - waiting for locator('button:has-text("Add Item")')


      30 |
      31 |   test('should show validation errors', async ({ page }) => {
    > 32 |     await page.click('button:has-text("Add Item")');
         |                ^
      33 |     await page.click('button[type="submit"]');
      34 |     
      35 |     await expect(page.locator('text=Name is required')).toBeVisible();
        at /Users/ghogue/Library/CloudStorage/OneDrive-InsightfulOutcomes,LLC/IS-LTD/APPS/CaliberVaultII/src/test/e2e/addItem.spec.ts:32:16

    attachment #1: screenshot (image/png) ──────────────────────────────────────────────────────────
    ../../test-results/e2e-addItem-Add-Item-Flow-should-show-validation-errors-firefox/test-failed-1.png
    ────────────────────────────────────────────────────────────────────────────────────────────────

    attachment #2: video (video/webm) ──────────────────────────────────────────────────────────────
    ../../test-results/e2e-addItem-Add-Item-Flow-should-show-validation-errors-firefox/video.webm
    ────────────────────────────────────────────────────────────────────────────────────────────────
]]>
</failure>
<system-out>
<![CDATA[
[[ATTACHMENT|e2e-addItem-Add-Item-Flow-should-show-validation-errors-firefox/test-failed-1.png]]

[[ATTACHMENT|e2e-addItem-Add-Item-Flow-should-show-validation-errors-firefox/video.webm]]
]]>
</system-out>
</testcase>
</testsuite>
<testsuite name="e2e/aiValuation.spec.ts" timestamp="2025-11-07T02:55:58.284Z" hostname="firefox" tests="2" failures="2" skipped="0" time="60.08" errors="0">
<testcase name="AI Valuation Flow › should get AI valuation for an item" classname="e2e/aiValuation.spec.ts" time="30.042">
<failure message="aiValuation.spec.ts:9:3 should get AI valuation for an item" type="FAILURE">
<![CDATA[  [firefox] › e2e/aiValuation.spec.ts:9:3 › AI Valuation Flow › should get AI valuation for an item 

    Test timeout of 30000ms exceeded.

    Error: page.click: Test timeout of 30000ms exceeded.
    Call log:
      - waiting for locator('.item-card:first-child')


       9 |   test('should get AI valuation for an item', async ({ page }) => {
      10 |     // Open item details
    > 11 |     await page.click('.item-card:first-child');
         |                ^
      12 |     
      13 |     // Click valuation tab
      14 |     await page.click('button:has-text("Financial")');
        at /Users/ghogue/Library/CloudStorage/OneDrive-InsightfulOutcomes,LLC/IS-LTD/APPS/CaliberVaultII/src/test/e2e/aiValuation.spec.ts:11:16

    attachment #1: screenshot (image/png) ──────────────────────────────────────────────────────────
    ../../test-results/e2e-aiValuation-AI-Valuati-582ea-et-AI-valuation-for-an-item-firefox/test-failed-1.png
    ────────────────────────────────────────────────────────────────────────────────────────────────

    attachment #2: video (video/webm) ──────────────────────────────────────────────────────────────
    ../../test-results/e2e-aiValuation-AI-Valuati-582ea-et-AI-valuation-for-an-item-firefox/video.webm
    ────────────────────────────────────────────────────────────────────────────────────────────────
]]>
</failure>
<system-out>
<![CDATA[
[[ATTACHMENT|e2e-aiValuation-AI-Valuati-582ea-et-AI-valuation-for-an-item-firefox/test-failed-1.png]]

[[ATTACHMENT|e2e-aiValuation-AI-Valuati-582ea-et-AI-valuation-for-an-item-firefox/video.webm]]
]]>
</system-out>
</testcase>
<testcase name="AI Valuation Flow › should perform batch valuation" classname="e2e/aiValuation.spec.ts" time="30.038">
<failure message="aiValuation.spec.ts:26:3 should perform batch valuation" type="FAILURE">
<![CDATA[  [firefox] › e2e/aiValuation.spec.ts:26:3 › AI Valuation Flow › should perform batch valuation ────

    Test timeout of 30000ms exceeded.

    Error: page.click: Test timeout of 30000ms exceeded.
    Call log:
      - waiting for locator('.item-card:first-child input[type="checkbox"]')


      26 |   test('should perform batch valuation', async ({ page }) => {
      27 |     // Select multiple items
    > 28 |     await page.click('.item-card:first-child input[type="checkbox"]');
         |                ^
      29 |     await page.click('.item-card:nth-child(2) input[type="checkbox"]');
      30 |     
      31 |     // Click batch valuation
        at /Users/ghogue/Library/CloudStorage/OneDrive-InsightfulOutcomes,LLC/IS-LTD/APPS/CaliberVaultII/src/test/e2e/aiValuation.spec.ts:28:16

    attachment #1: screenshot (image/png) ──────────────────────────────────────────────────────────
    ../../test-results/e2e-aiValuation-AI-Valuati-64099-uld-perform-batch-valuation-firefox/test-failed-1.png
    ────────────────────────────────────────────────────────────────────────────────────────────────

    attachment #2: video (video/webm) ──────────────────────────────────────────────────────────────
    ../../test-results/e2e-aiValuation-AI-Valuati-64099-uld-perform-batch-valuation-firefox/video.webm
    ────────────────────────────────────────────────────────────────────────────────────────────────
]]>
</failure>
<system-out>
<![CDATA[
[[ATTACHMENT|e2e-aiValuation-AI-Valuati-64099-uld-perform-batch-valuation-firefox/test-failed-1.png]]

[[ATTACHMENT|e2e-aiValuation-AI-Valuati-64099-uld-perform-batch-valuation-firefox/video.webm]]
]]>
</system-out>
</testcase>
</testsuite>
<testsuite name="e2e/all-11-categories-complete.spec.ts" timestamp="2025-11-07T02:55:58.284Z" hostname="firefox" tests="11" failures="11" skipped="0" time="330.51" errors="0">
<testcase name="All 11 Categories CRUD Operations › should add, edit, and delete Firearms" classname="e2e/all-11-categories-complete.spec.ts" time="30.038">
<failure message="all-11-categories-complete.spec.ts:10:3 should add, edit, and delete Firearms" type="FAILURE">
<![CDATA[  [firefox] › e2e/all-11-categories-complete.spec.ts:10:3 › All 11 Categories CRUD Operations › should add, edit, and delete Firearms 

    Test timeout of 30000ms exceeded.

    Error: page.click: Test timeout of 30000ms exceeded.
    Call log:
      - waiting for locator('text=Add Item')


       9 |
      10 |   test('should add, edit, and delete Firearms', async ({ page }) => {
    > 11 |     await page.click('text=Add Item');
         |                ^
      12 |     await page.selectOption('select[name="category"]', 'firearms');
      13 |     await page.fill('input[name="manufacturer"]', 'Glock');
      14 |     await page.fill('input[name="model"]', '19');
        at /Users/ghogue/Library/CloudStorage/OneDrive-InsightfulOutcomes,LLC/IS-LTD/APPS/CaliberVaultII/src/test/e2e/all-11-categories-complete.spec.ts:11:16

    attachment #1: screenshot (image/png) ──────────────────────────────────────────────────────────
    ../../test-results/e2e-all-11-categories-comp-dd1da-dd-edit-and-delete-Firearms-firefox/test-failed-1.png
    ────────────────────────────────────────────────────────────────────────────────────────────────

    attachment #2: video (video/webm) ──────────────────────────────────────────────────────────────
    ../../test-results/e2e-all-11-categories-comp-dd1da-dd-edit-and-delete-Firearms-firefox/video.webm
    ────────────────────────────────────────────────────────────────────────────────────────────────
]]>
</failure>
<system-out>
<![CDATA[
[[ATTACHMENT|e2e-all-11-categories-comp-dd1da-dd-edit-and-delete-Firearms-firefox/test-failed-1.png]]

[[ATTACHMENT|e2e-all-11-categories-comp-dd1da-dd-edit-and-delete-Firearms-firefox/video.webm]]
]]>
</system-out>
</testcase>
<testcase name="All 11 Categories CRUD Operations › should add, edit, and delete Optics" classname="e2e/all-11-categories-complete.spec.ts" time="30.046">
<failure message="all-11-categories-complete.spec.ts:20:3 should add, edit, and delete Optics" type="FAILURE">
<![CDATA[  [firefox] › e2e/all-11-categories-complete.spec.ts:20:3 › All 11 Categories CRUD Operations › should add, edit, and delete Optics 

    Test timeout of 30000ms exceeded.

    Error: page.click: Test timeout of 30000ms exceeded.
    Call log:
      - waiting for locator('text=Add Item')


      19 |
      20 |   test('should add, edit, and delete Optics', async ({ page }) => {
    > 21 |     await page.click('text=Add Item');
         |                ^
      22 |     await page.selectOption('select[name="category"]', 'optics');
      23 |     await page.fill('input[name="manufacturer"]', 'Vortex');
      24 |     await page.fill('input[name="model"]', 'Strike Eagle');
        at /Users/ghogue/Library/CloudStorage/OneDrive-InsightfulOutcomes,LLC/IS-LTD/APPS/CaliberVaultII/src/test/e2e/all-11-categories-complete.spec.ts:21:16

    attachment #1: screenshot (image/png) ──────────────────────────────────────────────────────────
    ../../test-results/e2e-all-11-categories-comp-0eeee--add-edit-and-delete-Optics-firefox/test-failed-1.png
    ────────────────────────────────────────────────────────────────────────────────────────────────

    attachment #2: video (video/webm) ──────────────────────────────────────────────────────────────
    ../../test-results/e2e-all-11-categories-comp-0eeee--add-edit-and-delete-Optics-firefox/video.webm
    ────────────────────────────────────────────────────────────────────────────────────────────────
]]>
</failure>
<system-out>
<![CDATA[
[[ATTACHMENT|e2e-all-11-categories-comp-0eeee--add-edit-and-delete-Optics-firefox/test-failed-1.png]]

[[ATTACHMENT|e2e-all-11-categories-comp-0eeee--add-edit-and-delete-Optics-firefox/video.webm]]
]]>
</system-out>
</testcase>
<testcase name="All 11 Categories CRUD Operations › should add, edit, and delete Ammunition" classname="e2e/all-11-categories-complete.spec.ts" time="30.036">
<failure message="all-11-categories-complete.spec.ts:29:3 should add, edit, and delete Ammunition" type="FAILURE">
<![CDATA[  [firefox] › e2e/all-11-categories-complete.spec.ts:29:3 › All 11 Categories CRUD Operations › should add, edit, and delete Ammunition 

    Test timeout of 30000ms exceeded.

    Error: page.click: Test timeout of 30000ms exceeded.
    Call log:
      - waiting for locator('text=Add Item')


      28 |
      29 |   test('should add, edit, and delete Ammunition', async ({ page }) => {
    > 30 |     await page.click('text=Add Item');
         |                ^
      31 |     await page.selectOption('select[name="category"]', 'ammunition');
      32 |     await page.fill('input[name="manufacturer"]', 'Federal');
      33 |     await page.fill('input[name="model"]', 'HST');
        at /Users/ghogue/Library/CloudStorage/OneDrive-InsightfulOutcomes,LLC/IS-LTD/APPS/CaliberVaultII/src/test/e2e/all-11-categories-complete.spec.ts:30:16

    attachment #1: screenshot (image/png) ──────────────────────────────────────────────────────────
    ../../test-results/e2e-all-11-categories-comp-eaef0--edit-and-delete-Ammunition-firefox/test-failed-1.png
    ────────────────────────────────────────────────────────────────────────────────────────────────

    attachment #2: video (video/webm) ──────────────────────────────────────────────────────────────
    ../../test-results/e2e-all-11-categories-comp-eaef0--edit-and-delete-Ammunition-firefox/video.webm
    ────────────────────────────────────────────────────────────────────────────────────────────────
]]>
</failure>
<system-out>
<![CDATA[
[[ATTACHMENT|e2e-all-11-categories-comp-eaef0--edit-and-delete-Ammunition-firefox/test-failed-1.png]]

[[ATTACHMENT|e2e-all-11-categories-comp-eaef0--edit-and-delete-Ammunition-firefox/video.webm]]
]]>
</system-out>
</testcase>
<testcase name="All 11 Categories CRUD Operations › should add, edit, and delete Suppressors" classname="e2e/all-11-categories-complete.spec.ts" time="30.041">
<failure message="all-11-categories-complete.spec.ts:39:3 should add, edit, and delete Suppressors" type="FAILURE">
<![CDATA[  [firefox] › e2e/all-11-categories-complete.spec.ts:39:3 › All 11 Categories CRUD Operations › should add, edit, and delete Suppressors 

    Test timeout of 30000ms exceeded.

    Error: page.click: Test timeout of 30000ms exceeded.
    Call log:
      - waiting for locator('text=Add Item')


      38 |
      39 |   test('should add, edit, and delete Suppressors', async ({ page }) => {
    > 40 |     await page.click('text=Add Item');
         |                ^
      41 |     await page.selectOption('select[name="category"]', 'suppressors');
      42 |     await page.fill('input[name="manufacturer"]', 'SilencerCo');
      43 |     await page.fill('input[name="model"]', 'Omega 9K');
        at /Users/ghogue/Library/CloudStorage/OneDrive-InsightfulOutcomes,LLC/IS-LTD/APPS/CaliberVaultII/src/test/e2e/all-11-categories-complete.spec.ts:40:16

    attachment #1: screenshot (image/png) ──────────────────────────────────────────────────────────
    ../../test-results/e2e-all-11-categories-comp-99900-edit-and-delete-Suppressors-firefox/test-failed-1.png
    ────────────────────────────────────────────────────────────────────────────────────────────────

    attachment #2: video (video/webm) ──────────────────────────────────────────────────────────────
    ../../test-results/e2e-all-11-categories-comp-99900-edit-and-delete-Suppressors-firefox/video.webm
    ────────────────────────────────────────────────────────────────────────────────────────────────
]]>
</failure>
<system-out>
<![CDATA[
[[ATTACHMENT|e2e-all-11-categories-comp-99900-edit-and-delete-Suppressors-firefox/test-failed-1.png]]

[[ATTACHMENT|e2e-all-11-categories-comp-99900-edit-and-delete-Suppressors-firefox/video.webm]]
]]>
</system-out>
</testcase>
<testcase name="All 11 Categories CRUD Operations › should add, edit, and delete Magazines" classname="e2e/all-11-categories-complete.spec.ts" time="30.059">
<failure message="all-11-categories-complete.spec.ts:48:3 should add, edit, and delete Magazines" type="FAILURE">
<![CDATA[  [firefox] › e2e/all-11-categories-complete.spec.ts:48:3 › All 11 Categories CRUD Operations › should add, edit, and delete Magazines 

    Test timeout of 30000ms exceeded.

    Error: page.click: Test timeout of 30000ms exceeded.
    Call log:
      - waiting for locator('text=Add Item')


      47 |
      48 |   test('should add, edit, and delete Magazines', async ({ page }) => {
    > 49 |     await page.click('text=Add Item');
         |                ^
      50 |     await page.selectOption('select[name="category"]', 'magazines');
      51 |     await page.fill('input[name="manufacturer"]', 'Magpul');
      52 |     await page.fill('input[name="model"]', 'PMAG');
        at /Users/ghogue/Library/CloudStorage/OneDrive-InsightfulOutcomes,LLC/IS-LTD/APPS/CaliberVaultII/src/test/e2e/all-11-categories-complete.spec.ts:49:16

    attachment #1: screenshot (image/png) ──────────────────────────────────────────────────────────
    ../../test-results/e2e-all-11-categories-comp-9f2ec-d-edit-and-delete-Magazines-firefox/test-failed-1.png
    ────────────────────────────────────────────────────────────────────────────────────────────────

    attachment #2: video (video/webm) ──────────────────────────────────────────────────────────────
    ../../test-results/e2e-all-11-categories-comp-9f2ec-d-edit-and-delete-Magazines-firefox/video.webm
    ────────────────────────────────────────────────────────────────────────────────────────────────
]]>
</failure>
<system-out>
<![CDATA[
[[ATTACHMENT|e2e-all-11-categories-comp-9f2ec-d-edit-and-delete-Magazines-firefox/test-failed-1.png]]

[[ATTACHMENT|e2e-all-11-categories-comp-9f2ec-d-edit-and-delete-Magazines-firefox/video.webm]]
]]>
</system-out>
</testcase>
<testcase name="All 11 Categories CRUD Operations › should add, edit, and delete Accessories" classname="e2e/all-11-categories-complete.spec.ts" time="30.048">
<failure message="all-11-categories-complete.spec.ts:57:3 should add, edit, and delete Accessories" type="FAILURE">
<![CDATA[  [firefox] › e2e/all-11-categories-complete.spec.ts:57:3 › All 11 Categories CRUD Operations › should add, edit, and delete Accessories 

    Test timeout of 30000ms exceeded.

    Error: page.click: Test timeout of 30000ms exceeded.
    Call log:
      - waiting for locator('text=Add Item')


      56 |
      57 |   test('should add, edit, and delete Accessories', async ({ page }) => {
    > 58 |     await page.click('text=Add Item');
         |                ^
      59 |     await page.selectOption('select[name="category"]', 'accessories');
      60 |     await page.fill('input[name="manufacturer"]', 'Streamlight');
      61 |     await page.fill('input[name="model"]', 'TLR-1');
        at /Users/ghogue/Library/CloudStorage/OneDrive-InsightfulOutcomes,LLC/IS-LTD/APPS/CaliberVaultII/src/test/e2e/all-11-categories-complete.spec.ts:58:16

    attachment #1: screenshot (image/png) ──────────────────────────────────────────────────────────
    ../../test-results/e2e-all-11-categories-comp-f4435-edit-and-delete-Accessories-firefox/test-failed-1.png
    ────────────────────────────────────────────────────────────────────────────────────────────────

    attachment #2: video (video/webm) ──────────────────────────────────────────────────────────────
    ../../test-results/e2e-all-11-categories-comp-f4435-edit-and-delete-Accessories-firefox/video.webm
    ────────────────────────────────────────────────────────────────────────────────────────────────
]]>
</failure>
<system-out>
<![CDATA[
[[ATTACHMENT|e2e-all-11-categories-comp-f4435-edit-and-delete-Accessories-firefox/test-failed-1.png]]

[[ATTACHMENT|e2e-all-11-categories-comp-f4435-edit-and-delete-Accessories-firefox/video.webm]]
]]>
</system-out>
</testcase>
<testcase name="All 11 Categories CRUD Operations › should add, edit, and delete Reloading Components" classname="e2e/all-11-categories-complete.spec.ts" time="30.055">
<failure message="all-11-categories-complete.spec.ts:66:3 should add, edit, and delete Reloading Components" type="FAILURE">
<![CDATA[  [firefox] › e2e/all-11-categories-complete.spec.ts:66:3 › All 11 Categories CRUD Operations › should add, edit, and delete Reloading Components 

    Test timeout of 30000ms exceeded.

    Error: page.click: Test timeout of 30000ms exceeded.
    Call log:
      - waiting for locator('text=Add Item')


      65 |
      66 |   test('should add, edit, and delete Reloading Components', async ({ page }) => {
    > 67 |     await page.click('text=Add Item');
         |                ^
      68 |     await page.selectOption('select[name="category"]', 'reloading');
      69 |     await page.fill('input[name="manufacturer"]', 'RCBS');
      70 |     await page.fill('input[name="model"]', 'Rock Chucker');
        at /Users/ghogue/Library/CloudStorage/OneDrive-InsightfulOutcomes,LLC/IS-LTD/APPS/CaliberVaultII/src/test/e2e/all-11-categories-complete.spec.ts:67:16

    attachment #1: screenshot (image/png) ──────────────────────────────────────────────────────────
    ../../test-results/e2e-all-11-categories-comp-68e9b-delete-Reloading-Components-firefox/test-failed-1.png
    ────────────────────────────────────────────────────────────────────────────────────────────────

    attachment #2: video (video/webm) ──────────────────────────────────────────────────────────────
    ../../test-results/e2e-all-11-categories-comp-68e9b-delete-Reloading-Components-firefox/video.webm
    ────────────────────────────────────────────────────────────────────────────────────────────────
]]>
</failure>
<system-out>
<![CDATA[
[[ATTACHMENT|e2e-all-11-categories-comp-68e9b-delete-Reloading-Components-firefox/test-failed-1.png]]

[[ATTACHMENT|e2e-all-11-categories-comp-68e9b-delete-Reloading-Components-firefox/video.webm]]
]]>
</system-out>
</testcase>
<testcase name="All 11 Categories CRUD Operations › should add, edit, and delete Bullets" classname="e2e/all-11-categories-complete.spec.ts" time="30.044">
<failure message="all-11-categories-complete.spec.ts:75:3 should add, edit, and delete Bullets" type="FAILURE">
<![CDATA[  [firefox] › e2e/all-11-categories-complete.spec.ts:75:3 › All 11 Categories CRUD Operations › should add, edit, and delete Bullets 

    Test timeout of 30000ms exceeded.

    Error: page.click: Test timeout of 30000ms exceeded.
    Call log:
      - waiting for locator('text=Add Item')


      74 |
      75 |   test('should add, edit, and delete Bullets', async ({ page }) => {
    > 76 |     await page.click('text=Add Item');
         |                ^
      77 |     await page.selectOption('select[name="category"]', 'bullets');
      78 |     await page.fill('input[name="manufacturer"]', 'Hornady');
      79 |     await page.fill('input[name="model"]', 'ELD-X');
        at /Users/ghogue/Library/CloudStorage/OneDrive-InsightfulOutcomes,LLC/IS-LTD/APPS/CaliberVaultII/src/test/e2e/all-11-categories-complete.spec.ts:76:16

    attachment #1: screenshot (image/png) ──────────────────────────────────────────────────────────
    ../../test-results/e2e-all-11-categories-comp-46174-add-edit-and-delete-Bullets-firefox/test-failed-1.png
    ────────────────────────────────────────────────────────────────────────────────────────────────

    attachment #2: video (video/webm) ──────────────────────────────────────────────────────────────
    ../../test-results/e2e-all-11-categories-comp-46174-add-edit-and-delete-Bullets-firefox/video.webm
    ────────────────────────────────────────────────────────────────────────────────────────────────
]]>
</failure>
<system-out>
<![CDATA[
[[ATTACHMENT|e2e-all-11-categories-comp-46174-add-edit-and-delete-Bullets-firefox/test-failed-1.png]]

[[ATTACHMENT|e2e-all-11-categories-comp-46174-add-edit-and-delete-Bullets-firefox/video.webm]]
]]>
</system-out>
</testcase>
<testcase name="All 11 Categories CRUD Operations › should add, edit, and delete Cases" classname="e2e/all-11-categories-complete.spec.ts" time="30.044">
<failure message="all-11-categories-complete.spec.ts:84:3 should add, edit, and delete Cases" type="FAILURE">
<![CDATA[  [firefox] › e2e/all-11-categories-complete.spec.ts:84:3 › All 11 Categories CRUD Operations › should add, edit, and delete Cases 

    Test timeout of 30000ms exceeded.

    Error: page.click: Test timeout of 30000ms exceeded.
    Call log:
      - waiting for locator('text=Add Item')


      83 |
      84 |   test('should add, edit, and delete Cases', async ({ page }) => {
    > 85 |     await page.click('text=Add Item');
         |                ^
      86 |     await page.selectOption('select[name="category"]', 'cases');
      87 |     await page.fill('input[name="manufacturer"]', 'Lapua');
      88 |     await page.fill('input[name="model"]', '308 Brass');
        at /Users/ghogue/Library/CloudStorage/OneDrive-InsightfulOutcomes,LLC/IS-LTD/APPS/CaliberVaultII/src/test/e2e/all-11-categories-complete.spec.ts:85:16

    attachment #1: screenshot (image/png) ──────────────────────────────────────────────────────────
    ../../test-results/e2e-all-11-categories-comp-bb016-d-add-edit-and-delete-Cases-firefox/test-failed-1.png
    ────────────────────────────────────────────────────────────────────────────────────────────────

    attachment #2: video (video/webm) ──────────────────────────────────────────────────────────────
    ../../test-results/e2e-all-11-categories-comp-bb016-d-add-edit-and-delete-Cases-firefox/video.webm
    ────────────────────────────────────────────────────────────────────────────────────────────────
]]>
</failure>
<system-out>
<![CDATA[
[[ATTACHMENT|e2e-all-11-categories-comp-bb016-d-add-edit-and-delete-Cases-firefox/test-failed-1.png]]

[[ATTACHMENT|e2e-all-11-categories-comp-bb016-d-add-edit-and-delete-Cases-firefox/video.webm]]
]]>
</system-out>
</testcase>
<testcase name="All 11 Categories CRUD Operations › should add, edit, and delete Primers" classname="e2e/all-11-categories-complete.spec.ts" time="30.046">
<failure message="all-11-categories-complete.spec.ts:93:3 should add, edit, and delete Primers" type="FAILURE">
<![CDATA[  [firefox] › e2e/all-11-categories-complete.spec.ts:93:3 › All 11 Categories CRUD Operations › should add, edit, and delete Primers 

    Test timeout of 30000ms exceeded.

    Error: page.click: Test timeout of 30000ms exceeded.
    Call log:
      - waiting for locator('text=Add Item')


      92 |
      93 |   test('should add, edit, and delete Primers', async ({ page }) => {
    > 94 |     await page.click('text=Add Item');
         |                ^
      95 |     await page.selectOption('select[name="category"]', 'primers');
      96 |     await page.fill('input[name="manufacturer"]', 'CCI');
      97 |     await page.fill('input[name="model"]', 'BR2');
        at /Users/ghogue/Library/CloudStorage/OneDrive-InsightfulOutcomes,LLC/IS-LTD/APPS/CaliberVaultII/src/test/e2e/all-11-categories-complete.spec.ts:94:16

    attachment #1: screenshot (image/png) ──────────────────────────────────────────────────────────
    ../../test-results/e2e-all-11-categories-comp-736d3-add-edit-and-delete-Primers-firefox/test-failed-1.png
    ────────────────────────────────────────────────────────────────────────────────────────────────

    attachment #2: video (video/webm) ──────────────────────────────────────────────────────────────
    ../../test-results/e2e-all-11-categories-comp-736d3-add-edit-and-delete-Primers-firefox/video.webm
    ────────────────────────────────────────────────────────────────────────────────────────────────
]]>
</failure>
<system-out>
<![CDATA[
[[ATTACHMENT|e2e-all-11-categories-comp-736d3-add-edit-and-delete-Primers-firefox/test-failed-1.png]]

[[ATTACHMENT|e2e-all-11-categories-comp-736d3-add-edit-and-delete-Primers-firefox/video.webm]]
]]>
</system-out>
</testcase>
<testcase name="All 11 Categories CRUD Operations › should add, edit, and delete Powder" classname="e2e/all-11-categories-complete.spec.ts" time="30.053">
<failure message="all-11-categories-complete.spec.ts:102:3 should add, edit, and delete Powder" type="FAILURE">
<![CDATA[  [firefox] › e2e/all-11-categories-complete.spec.ts:102:3 › All 11 Categories CRUD Operations › should add, edit, and delete Powder 

    Test timeout of 30000ms exceeded.

    Error: page.click: Test timeout of 30000ms exceeded.
    Call log:
      - waiting for locator('text=Add Item')


      101 |
      102 |   test('should add, edit, and delete Powder', async ({ page }) => {
    > 103 |     await page.click('text=Add Item');
          |                ^
      104 |     await page.selectOption('select[name="category"]', 'powder');
      105 |     await page.fill('input[name="manufacturer"]', 'Hodgdon');
      106 |     await page.fill('input[name="model"]', 'H4350');
        at /Users/ghogue/Library/CloudStorage/OneDrive-InsightfulOutcomes,LLC/IS-LTD/APPS/CaliberVaultII/src/test/e2e/all-11-categories-complete.spec.ts:103:16

    attachment #1: screenshot (image/png) ──────────────────────────────────────────────────────────
    ../../test-results/e2e-all-11-categories-comp-cd09a--add-edit-and-delete-Powder-firefox/test-failed-1.png
    ────────────────────────────────────────────────────────────────────────────────────────────────

    attachment #2: video (video/webm) ──────────────────────────────────────────────────────────────
    ../../test-results/e2e-all-11-categories-comp-cd09a--add-edit-and-delete-Powder-firefox/video.webm
    ────────────────────────────────────────────────────────────────────────────────────────────────
]]>
</failure>
<system-out>
<![CDATA[
[[ATTACHMENT|e2e-all-11-categories-comp-cd09a--add-edit-and-delete-Powder-firefox/test-failed-1.png]]

[[ATTACHMENT|e2e-all-11-categories-comp-cd09a--add-edit-and-delete-Powder-firefox/video.webm]]
]]>
</system-out>
</testcase>
</testsuite>
<testsuite name="e2e/all-categories.spec.ts" timestamp="2025-11-07T02:55:58.284Z" hostname="firefox" tests="12" failures="12" skipped="0" time="131.132" errors="0">
<testcase name="All Categories CRUD Operations › Firearms: Create, Read, Update, Delete" classname="e2e/all-categories.spec.ts" time="10.854">
<failure message="all-categories.spec.ts:26:5 Firearms: Create, Read, Update, Delete" type="FAILURE">
<![CDATA[  [firefox] › e2e/all-categories.spec.ts:26:5 › All Categories CRUD Operations › Firearms: Create, Read, Update, Delete 

    TimeoutError: page.waitForSelector: Timeout 10000ms exceeded.
    Call log:
      - waiting for locator('[data-testid="inventory-dashboard"]') to be visible


       5 |     await page.goto('/');
       6 |     // Wait for app to load
    >  7 |     await page.waitForSelector('[data-testid="inventory-dashboard"]', { timeout: 10000 });
         |                ^
       8 |   });
       9 |
      10 |   const categories = [
        at /Users/ghogue/Library/CloudStorage/OneDrive-InsightfulOutcomes,LLC/IS-LTD/APPS/CaliberVaultII/src/test/e2e/all-categories.spec.ts:7:16

    attachment #1: screenshot (image/png) ──────────────────────────────────────────────────────────
    ../../test-results/e2e-all-categories-All-Cat-27fde-s-Create-Read-Update-Delete-firefox/test-failed-1.png
    ────────────────────────────────────────────────────────────────────────────────────────────────

    attachment #2: video (video/webm) ──────────────────────────────────────────────────────────────
    ../../test-results/e2e-all-categories-All-Cat-27fde-s-Create-Read-Update-Delete-firefox/video.webm
    ────────────────────────────────────────────────────────────────────────────────────────────────
]]>
</failure>
<system-out>
<![CDATA[
[[ATTACHMENT|e2e-all-categories-All-Cat-27fde-s-Create-Read-Update-Delete-firefox/test-failed-1.png]]

[[ATTACHMENT|e2e-all-categories-All-Cat-27fde-s-Create-Read-Update-Delete-firefox/video.webm]]
]]>
</system-out>
</testcase>
<testcase name="All Categories CRUD Operations › Optics: Create, Read, Update, Delete" classname="e2e/all-categories.spec.ts" time="10.78">
<failure message="all-categories.spec.ts:26:5 Optics: Create, Read, Update, Delete" type="FAILURE">
<![CDATA[  [firefox] › e2e/all-categories.spec.ts:26:5 › All Categories CRUD Operations › Optics: Create, Read, Update, Delete 

    TimeoutError: page.waitForSelector: Timeout 10000ms exceeded.
    Call log:
      - waiting for locator('[data-testid="inventory-dashboard"]') to be visible


       5 |     await page.goto('/');
       6 |     // Wait for app to load
    >  7 |     await page.waitForSelector('[data-testid="inventory-dashboard"]', { timeout: 10000 });
         |                ^
       8 |   });
       9 |
      10 |   const categories = [
        at /Users/ghogue/Library/CloudStorage/OneDrive-InsightfulOutcomes,LLC/IS-LTD/APPS/CaliberVaultII/src/test/e2e/all-categories.spec.ts:7:16

    attachment #1: screenshot (image/png) ──────────────────────────────────────────────────────────
    ../../test-results/e2e-all-categories-All-Cat-bf962-s-Create-Read-Update-Delete-firefox/test-failed-1.png
    ────────────────────────────────────────────────────────────────────────────────────────────────

    attachment #2: video (video/webm) ──────────────────────────────────────────────────────────────
    ../../test-results/e2e-all-categories-All-Cat-bf962-s-Create-Read-Update-Delete-firefox/video.webm
    ────────────────────────────────────────────────────────────────────────────────────────────────
]]>
</failure>
<system-out>
<![CDATA[
[[ATTACHMENT|e2e-all-categories-All-Cat-bf962-s-Create-Read-Update-Delete-firefox/test-failed-1.png]]

[[ATTACHMENT|e2e-all-categories-All-Cat-bf962-s-Create-Read-Update-Delete-firefox/video.webm]]
]]>
</system-out>
</testcase>
<testcase name="All Categories CRUD Operations › Ammunition: Create, Read, Update, Delete" classname="e2e/all-categories.spec.ts" time="10.78">
<failure message="all-categories.spec.ts:26:5 Ammunition: Create, Read, Update, Delete" type="FAILURE">
<![CDATA[  [firefox] › e2e/all-categories.spec.ts:26:5 › All Categories CRUD Operations › Ammunition: Create, Read, Update, Delete 

    TimeoutError: page.waitForSelector: Timeout 10000ms exceeded.
    Call log:
      - waiting for locator('[data-testid="inventory-dashboard"]') to be visible


       5 |     await page.goto('/');
       6 |     // Wait for app to load
    >  7 |     await page.waitForSelector('[data-testid="inventory-dashboard"]', { timeout: 10000 });
         |                ^
       8 |   });
       9 |
      10 |   const categories = [
        at /Users/ghogue/Library/CloudStorage/OneDrive-InsightfulOutcomes,LLC/IS-LTD/APPS/CaliberVaultII/src/test/e2e/all-categories.spec.ts:7:16

    attachment #1: screenshot (image/png) ──────────────────────────────────────────────────────────
    ../../test-results/e2e-all-categories-All-Cat-b6d6a-n-Create-Read-Update-Delete-firefox/test-failed-1.png
    ────────────────────────────────────────────────────────────────────────────────────────────────

    attachment #2: video (video/webm) ──────────────────────────────────────────────────────────────
    ../../test-results/e2e-all-categories-All-Cat-b6d6a-n-Create-Read-Update-Delete-firefox/video.webm
    ────────────────────────────────────────────────────────────────────────────────────────────────
]]>
</failure>
<system-out>
<![CDATA[
[[ATTACHMENT|e2e-all-categories-All-Cat-b6d6a-n-Create-Read-Update-Delete-firefox/test-failed-1.png]]

[[ATTACHMENT|e2e-all-categories-All-Cat-b6d6a-n-Create-Read-Update-Delete-firefox/video.webm]]
]]>
</system-out>
</testcase>
<testcase name="All Categories CRUD Operations › Suppressors: Create, Read, Update, Delete" classname="e2e/all-categories.spec.ts" time="10.791">
<failure message="all-categories.spec.ts:26:5 Suppressors: Create, Read, Update, Delete" type="FAILURE">
<![CDATA[  [firefox] › e2e/all-categories.spec.ts:26:5 › All Categories CRUD Operations › Suppressors: Create, Read, Update, Delete 

    TimeoutError: page.waitForSelector: Timeout 10000ms exceeded.
    Call log:
      - waiting for locator('[data-testid="inventory-dashboard"]') to be visible


       5 |     await page.goto('/');
       6 |     // Wait for app to load
    >  7 |     await page.waitForSelector('[data-testid="inventory-dashboard"]', { timeout: 10000 });
         |                ^
       8 |   });
       9 |
      10 |   const categories = [
        at /Users/ghogue/Library/CloudStorage/OneDrive-InsightfulOutcomes,LLC/IS-LTD/APPS/CaliberVaultII/src/test/e2e/all-categories.spec.ts:7:16

    attachment #1: screenshot (image/png) ──────────────────────────────────────────────────────────
    ../../test-results/e2e-all-categories-All-Cat-d1131-s-Create-Read-Update-Delete-firefox/test-failed-1.png
    ────────────────────────────────────────────────────────────────────────────────────────────────

    attachment #2: video (video/webm) ──────────────────────────────────────────────────────────────
    ../../test-results/e2e-all-categories-All-Cat-d1131-s-Create-Read-Update-Delete-firefox/video.webm
    ────────────────────────────────────────────────────────────────────────────────────────────────
]]>
</failure>
<system-out>
<![CDATA[
[[ATTACHMENT|e2e-all-categories-All-Cat-d1131-s-Create-Read-Update-Delete-firefox/test-failed-1.png]]

[[ATTACHMENT|e2e-all-categories-All-Cat-d1131-s-Create-Read-Update-Delete-firefox/video.webm]]
]]>
</system-out>
</testcase>
<testcase name="All Categories CRUD Operations › Bullets: Create, Read, Update, Delete" classname="e2e/all-categories.spec.ts" time="10.859">
<failure message="all-categories.spec.ts:26:5 Bullets: Create, Read, Update, Delete" type="FAILURE">
<![CDATA[  [firefox] › e2e/all-categories.spec.ts:26:5 › All Categories CRUD Operations › Bullets: Create, Read, Update, Delete 

    TimeoutError: page.waitForSelector: Timeout 10000ms exceeded.
    Call log:
      - waiting for locator('[data-testid="inventory-dashboard"]') to be visible


       5 |     await page.goto('/');
       6 |     // Wait for app to load
    >  7 |     await page.waitForSelector('[data-testid="inventory-dashboard"]', { timeout: 10000 });
         |                ^
       8 |   });
       9 |
      10 |   const categories = [
        at /Users/ghogue/Library/CloudStorage/OneDrive-InsightfulOutcomes,LLC/IS-LTD/APPS/CaliberVaultII/src/test/e2e/all-categories.spec.ts:7:16

    attachment #1: screenshot (image/png) ──────────────────────────────────────────────────────────
    ../../test-results/e2e-all-categories-All-Cat-688f4-s-Create-Read-Update-Delete-firefox/test-failed-1.png
    ────────────────────────────────────────────────────────────────────────────────────────────────

    attachment #2: video (video/webm) ──────────────────────────────────────────────────────────────
    ../../test-results/e2e-all-categories-All-Cat-688f4-s-Create-Read-Update-Delete-firefox/video.webm
    ────────────────────────────────────────────────────────────────────────────────────────────────
]]>
</failure>
<system-out>
<![CDATA[
[[ATTACHMENT|e2e-all-categories-All-Cat-688f4-s-Create-Read-Update-Delete-firefox/test-failed-1.png]]

[[ATTACHMENT|e2e-all-categories-All-Cat-688f4-s-Create-Read-Update-Delete-firefox/video.webm]]
]]>
</system-out>
</testcase>
<testcase name="All Categories CRUD Operations › Magazines: Create, Read, Update, Delete" classname="e2e/all-categories.spec.ts" time="10.8">
<failure message="all-categories.spec.ts:26:5 Magazines: Create, Read, Update, Delete" type="FAILURE">
<![CDATA[  [firefox] › e2e/all-categories.spec.ts:26:5 › All Categories CRUD Operations › Magazines: Create, Read, Update, Delete 

    TimeoutError: page.waitForSelector: Timeout 10000ms exceeded.
    Call log:
      - waiting for locator('[data-testid="inventory-dashboard"]') to be visible


       5 |     await page.goto('/');
       6 |     // Wait for app to load
    >  7 |     await page.waitForSelector('[data-testid="inventory-dashboard"]', { timeout: 10000 });
         |                ^
       8 |   });
       9 |
      10 |   const categories = [
        at /Users/ghogue/Library/CloudStorage/OneDrive-InsightfulOutcomes,LLC/IS-LTD/APPS/CaliberVaultII/src/test/e2e/all-categories.spec.ts:7:16

    attachment #1: screenshot (image/png) ──────────────────────────────────────────────────────────
    ../../test-results/e2e-all-categories-All-Cat-18a6d-s-Create-Read-Update-Delete-firefox/test-failed-1.png
    ────────────────────────────────────────────────────────────────────────────────────────────────

    attachment #2: video (video/webm) ──────────────────────────────────────────────────────────────
    ../../test-results/e2e-all-categories-All-Cat-18a6d-s-Create-Read-Update-Delete-firefox/video.webm
    ────────────────────────────────────────────────────────────────────────────────────────────────
]]>
</failure>
<system-out>
<![CDATA[
[[ATTACHMENT|e2e-all-categories-All-Cat-18a6d-s-Create-Read-Update-Delete-firefox/test-failed-1.png]]

[[ATTACHMENT|e2e-all-categories-All-Cat-18a6d-s-Create-Read-Update-Delete-firefox/video.webm]]
]]>
</system-out>
</testcase>
<testcase name="All Categories CRUD Operations › Accessories: Create, Read, Update, Delete" classname="e2e/all-categories.spec.ts" time="10.803">
<failure message="all-categories.spec.ts:26:5 Accessories: Create, Read, Update, Delete" type="FAILURE">
<![CDATA[  [firefox] › e2e/all-categories.spec.ts:26:5 › All Categories CRUD Operations › Accessories: Create, Read, Update, Delete 

    TimeoutError: page.waitForSelector: Timeout 10000ms exceeded.
    Call log:
      - waiting for locator('[data-testid="inventory-dashboard"]') to be visible


       5 |     await page.goto('/');
       6 |     // Wait for app to load
    >  7 |     await page.waitForSelector('[data-testid="inventory-dashboard"]', { timeout: 10000 });
         |                ^
       8 |   });
       9 |
      10 |   const categories = [
        at /Users/ghogue/Library/CloudStorage/OneDrive-InsightfulOutcomes,LLC/IS-LTD/APPS/CaliberVaultII/src/test/e2e/all-categories.spec.ts:7:16

    attachment #1: screenshot (image/png) ──────────────────────────────────────────────────────────
    ../../test-results/e2e-all-categories-All-Cat-02660-s-Create-Read-Update-Delete-firefox/test-failed-1.png
    ────────────────────────────────────────────────────────────────────────────────────────────────

    attachment #2: video (video/webm) ──────────────────────────────────────────────────────────────
    ../../test-results/e2e-all-categories-All-Cat-02660-s-Create-Read-Update-Delete-firefox/video.webm
    ────────────────────────────────────────────────────────────────────────────────────────────────
]]>
</failure>
<system-out>
<![CDATA[
[[ATTACHMENT|e2e-all-categories-All-Cat-02660-s-Create-Read-Update-Delete-firefox/test-failed-1.png]]

[[ATTACHMENT|e2e-all-categories-All-Cat-02660-s-Create-Read-Update-Delete-firefox/video.webm]]
]]>
</system-out>
</testcase>
<testcase name="All Categories CRUD Operations › Powder: Create, Read, Update, Delete" classname="e2e/all-categories.spec.ts" time="10.972">
<failure message="all-categories.spec.ts:26:5 Powder: Create, Read, Update, Delete" type="FAILURE">
<![CDATA[  [firefox] › e2e/all-categories.spec.ts:26:5 › All Categories CRUD Operations › Powder: Create, Read, Update, Delete 

    TimeoutError: page.waitForSelector: Timeout 10000ms exceeded.
    Call log:
      - waiting for locator('[data-testid="inventory-dashboard"]') to be visible


       5 |     await page.goto('/');
       6 |     // Wait for app to load
    >  7 |     await page.waitForSelector('[data-testid="inventory-dashboard"]', { timeout: 10000 });
         |                ^
       8 |   });
       9 |
      10 |   const categories = [
        at /Users/ghogue/Library/CloudStorage/OneDrive-InsightfulOutcomes,LLC/IS-LTD/APPS/CaliberVaultII/src/test/e2e/all-categories.spec.ts:7:16

    attachment #1: screenshot (image/png) ──────────────────────────────────────────────────────────
    ../../test-results/e2e-all-categories-All-Cat-13a27-r-Create-Read-Update-Delete-firefox/test-failed-1.png
    ────────────────────────────────────────────────────────────────────────────────────────────────

    attachment #2: video (video/webm) ──────────────────────────────────────────────────────────────
    ../../test-results/e2e-all-categories-All-Cat-13a27-r-Create-Read-Update-Delete-firefox/video.webm
    ────────────────────────────────────────────────────────────────────────────────────────────────
]]>
</failure>
<system-out>
<![CDATA[
[[ATTACHMENT|e2e-all-categories-All-Cat-13a27-r-Create-Read-Update-Delete-firefox/test-failed-1.png]]

[[ATTACHMENT|e2e-all-categories-All-Cat-13a27-r-Create-Read-Update-Delete-firefox/video.webm]]
]]>
</system-out>
</testcase>
<testcase name="All Categories CRUD Operations › Primers: Create, Read, Update, Delete" classname="e2e/all-categories.spec.ts" time="10.829">
<failure message="all-categories.spec.ts:26:5 Primers: Create, Read, Update, Delete" type="FAILURE">
<![CDATA[  [firefox] › e2e/all-categories.spec.ts:26:5 › All Categories CRUD Operations › Primers: Create, Read, Update, Delete 

    TimeoutError: page.waitForSelector: Timeout 10000ms exceeded.
    Call log:
      - waiting for locator('[data-testid="inventory-dashboard"]') to be visible


       5 |     await page.goto('/');
       6 |     // Wait for app to load
    >  7 |     await page.waitForSelector('[data-testid="inventory-dashboard"]', { timeout: 10000 });
         |                ^
       8 |   });
       9 |
      10 |   const categories = [
        at /Users/ghogue/Library/CloudStorage/OneDrive-InsightfulOutcomes,LLC/IS-LTD/APPS/CaliberVaultII/src/test/e2e/all-categories.spec.ts:7:16

    attachment #1: screenshot (image/png) ──────────────────────────────────────────────────────────
    ../../test-results/e2e-all-categories-All-Cat-b69a5-s-Create-Read-Update-Delete-firefox/test-failed-1.png
    ────────────────────────────────────────────────────────────────────────────────────────────────

    attachment #2: video (video/webm) ──────────────────────────────────────────────────────────────
    ../../test-results/e2e-all-categories-All-Cat-b69a5-s-Create-Read-Update-Delete-firefox/video.webm
    ────────────────────────────────────────────────────────────────────────────────────────────────
]]>
</failure>
<system-out>
<![CDATA[
[[ATTACHMENT|e2e-all-categories-All-Cat-b69a5-s-Create-Read-Update-Delete-firefox/test-failed-1.png]]

[[ATTACHMENT|e2e-all-categories-All-Cat-b69a5-s-Create-Read-Update-Delete-firefox/video.webm]]
]]>
</system-out>
</testcase>
<testcase name="All Categories CRUD Operations › Brass: Create, Read, Update, Delete" classname="e2e/all-categories.spec.ts" time="11.064">
<failure message="all-categories.spec.ts:26:5 Brass: Create, Read, Update, Delete" type="FAILURE">
<![CDATA[  [firefox] › e2e/all-categories.spec.ts:26:5 › All Categories CRUD Operations › Brass: Create, Read, Update, Delete 

    TimeoutError: page.waitForSelector: Timeout 10000ms exceeded.
    Call log:
      - waiting for locator('[data-testid="inventory-dashboard"]') to be visible


       5 |     await page.goto('/');
       6 |     // Wait for app to load
    >  7 |     await page.waitForSelector('[data-testid="inventory-dashboard"]', { timeout: 10000 });
         |                ^
       8 |   });
       9 |
      10 |   const categories = [
        at /Users/ghogue/Library/CloudStorage/OneDrive-InsightfulOutcomes,LLC/IS-LTD/APPS/CaliberVaultII/src/test/e2e/all-categories.spec.ts:7:16

    attachment #1: screenshot (image/png) ──────────────────────────────────────────────────────────
    ../../test-results/e2e-all-categories-All-Cat-106b8-s-Create-Read-Update-Delete-firefox/test-failed-1.png
    ────────────────────────────────────────────────────────────────────────────────────────────────

    attachment #2: video (video/webm) ──────────────────────────────────────────────────────────────
    ../../test-results/e2e-all-categories-All-Cat-106b8-s-Create-Read-Update-Delete-firefox/video.webm
    ────────────────────────────────────────────────────────────────────────────────────────────────
]]>
</failure>
<system-out>
<![CDATA[
[[ATTACHMENT|e2e-all-categories-All-Cat-106b8-s-Create-Read-Update-Delete-firefox/test-failed-1.png]]

[[ATTACHMENT|e2e-all-categories-All-Cat-106b8-s-Create-Read-Update-Delete-firefox/video.webm]]
]]>
</system-out>
</testcase>
<testcase name="All Categories CRUD Operations › Dies: Create, Read, Update, Delete" classname="e2e/all-categories.spec.ts" time="11.453">
<failure message="all-categories.spec.ts:26:5 Dies: Create, Read, Update, Delete" type="FAILURE">
<![CDATA[  [firefox] › e2e/all-categories.spec.ts:26:5 › All Categories CRUD Operations › Dies: Create, Read, Update, Delete 

    TimeoutError: page.waitForSelector: Timeout 10000ms exceeded.
    Call log:
      - waiting for locator('[data-testid="inventory-dashboard"]') to be visible


       5 |     await page.goto('/');
       6 |     // Wait for app to load
    >  7 |     await page.waitForSelector('[data-testid="inventory-dashboard"]', { timeout: 10000 });
         |                ^
       8 |   });
       9 |
      10 |   const categories = [
        at /Users/ghogue/Library/CloudStorage/OneDrive-InsightfulOutcomes,LLC/IS-LTD/APPS/CaliberVaultII/src/test/e2e/all-categories.spec.ts:7:16

    attachment #1: screenshot (image/png) ──────────────────────────────────────────────────────────
    ../../test-results/e2e-all-categories-All-Cat-116da-s-Create-Read-Update-Delete-firefox/test-failed-1.png
    ────────────────────────────────────────────────────────────────────────────────────────────────

    attachment #2: video (video/webm) ──────────────────────────────────────────────────────────────
    ../../test-results/e2e-all-categories-All-Cat-116da-s-Create-Read-Update-Delete-firefox/video.webm
    ────────────────────────────────────────────────────────────────────────────────────────────────
]]>
</failure>
<system-out>
<![CDATA[
[[ATTACHMENT|e2e-all-categories-All-Cat-116da-s-Create-Read-Update-Delete-firefox/test-failed-1.png]]

[[ATTACHMENT|e2e-all-categories-All-Cat-116da-s-Create-Read-Update-Delete-firefox/video.webm]]
]]>
</system-out>
</testcase>
<testcase name="All Categories CRUD Operations › Tools: Create, Read, Update, Delete" classname="e2e/all-categories.spec.ts" time="11.147">
<failure message="all-categories.spec.ts:26:5 Tools: Create, Read, Update, Delete" type="FAILURE">
<![CDATA[  [firefox] › e2e/all-categories.spec.ts:26:5 › All Categories CRUD Operations › Tools: Create, Read, Update, Delete 

    TimeoutError: page.waitForSelector: Timeout 10000ms exceeded.
    Call log:
      - waiting for locator('[data-testid="inventory-dashboard"]') to be visible


       5 |     await page.goto('/');
       6 |     // Wait for app to load
    >  7 |     await page.waitForSelector('[data-testid="inventory-dashboard"]', { timeout: 10000 });
         |                ^
       8 |   });
       9 |
      10 |   const categories = [
        at /Users/ghogue/Library/CloudStorage/OneDrive-InsightfulOutcomes,LLC/IS-LTD/APPS/CaliberVaultII/src/test/e2e/all-categories.spec.ts:7:16

    attachment #1: screenshot (image/png) ──────────────────────────────────────────────────────────
    ../../test-results/e2e-all-categories-All-Cat-ac045-s-Create-Read-Update-Delete-firefox/test-failed-1.png
    ────────────────────────────────────────────────────────────────────────────────────────────────

    attachment #2: video (video/webm) ──────────────────────────────────────────────────────────────
    ../../test-results/e2e-all-categories-All-Cat-ac045-s-Create-Read-Update-Delete-firefox/video.webm
    ────────────────────────────────────────────────────────────────────────────────────────────────
]]>
</failure>
<system-out>
<![CDATA[
[[ATTACHMENT|e2e-all-categories-All-Cat-ac045-s-Create-Read-Update-Delete-firefox/test-failed-1.png]]

[[ATTACHMENT|e2e-all-categories-All-Cat-ac045-s-Create-Read-Update-Delete-firefox/video.webm]]
]]>
</system-out>
</testcase>
</testsuite>
<testsuite name="e2e/auth.spec.ts" timestamp="2025-11-07T02:55:58.284Z" hostname="firefox" tests="4" failures="4" skipped="0" time="96.271" errors="0">
<testcase name="Authentication Flow › should display login modal" classname="e2e/auth.spec.ts" time="6.123">
<failure message="auth.spec.ts:8:3 should display login modal" type="FAILURE">
<![CDATA[  [firefox] › e2e/auth.spec.ts:8:3 › Authentication Flow › should display login modal ──────────────

    Error: expect(locator).toBeVisible() failed

    Locator: getByRole('button', { name: /sign in/i })
    Expected: visible
    Timeout: 5000ms
    Error: element(s) not found

    Call log:
      - Expect "toBeVisible" with timeout 5000ms
      - waiting for getByRole('button', { name: /sign in/i })


       8 |   test('should display login modal', async ({ page }) => {
       9 |     const loginButton = page.getByRole('button', { name: /sign in/i });
    > 10 |     await expect(loginButton).toBeVisible();
         |                               ^
      11 |   });
      12 |
      13 |   test('should show validation errors for empty fields', async ({ page }) => {
        at /Users/ghogue/Library/CloudStorage/OneDrive-InsightfulOutcomes,LLC/IS-LTD/APPS/CaliberVaultII/src/test/e2e/auth.spec.ts:10:31

    attachment #1: screenshot (image/png) ──────────────────────────────────────────────────────────
    ../../test-results/e2e-auth-Authentication-Flow-should-display-login-modal-firefox/test-failed-1.png
    ────────────────────────────────────────────────────────────────────────────────────────────────

    attachment #2: video (video/webm) ──────────────────────────────────────────────────────────────
    ../../test-results/e2e-auth-Authentication-Flow-should-display-login-modal-firefox/video.webm
    ────────────────────────────────────────────────────────────────────────────────────────────────
]]>
</failure>
<system-out>
<![CDATA[
[[ATTACHMENT|e2e-auth-Authentication-Flow-should-display-login-modal-firefox/test-failed-1.png]]

[[ATTACHMENT|e2e-auth-Authentication-Flow-should-display-login-modal-firefox/video.webm]]
]]>
</system-out>
</testcase>
<testcase name="Authentication Flow › should show validation errors for empty fields" classname="e2e/auth.spec.ts" time="30.059">
<failure message="auth.spec.ts:13:3 should show validation errors for empty fields" type="FAILURE">
<![CDATA[  [firefox] › e2e/auth.spec.ts:13:3 › Authentication Flow › should show validation errors for empty fields 

    Test timeout of 30000ms exceeded.

    Error: page.click: Test timeout of 30000ms exceeded.
    Call log:
      - waiting for locator('button:has-text("Sign In")')


      12 |
      13 |   test('should show validation errors for empty fields', async ({ page }) => {
    > 14 |     await page.click('button:has-text("Sign In")');
         |                ^
      15 |     await page.fill('input[type="email"]', '');
      16 |     await page.fill('input[type="password"]', '');
      17 |     await page.click('button[type="submit"]');
        at /Users/ghogue/Library/CloudStorage/OneDrive-InsightfulOutcomes,LLC/IS-LTD/APPS/CaliberVaultII/src/test/e2e/auth.spec.ts:14:16

    attachment #1: screenshot (image/png) ──────────────────────────────────────────────────────────
    ../../test-results/e2e-auth-Authentication-Fl-9394c-ion-errors-for-empty-fields-firefox/test-failed-1.png
    ────────────────────────────────────────────────────────────────────────────────────────────────

    attachment #2: video (video/webm) ──────────────────────────────────────────────────────────────
    ../../test-results/e2e-auth-Authentication-Fl-9394c-ion-errors-for-empty-fields-firefox/video.webm
    ────────────────────────────────────────────────────────────────────────────────────────────────
]]>
</failure>
<system-out>
<![CDATA[
[[ATTACHMENT|e2e-auth-Authentication-Fl-9394c-ion-errors-for-empty-fields-firefox/test-failed-1.png]]

[[ATTACHMENT|e2e-auth-Authentication-Fl-9394c-ion-errors-for-empty-fields-firefox/video.webm]]
]]>
</system-out>
</testcase>
<testcase name="Authentication Flow › should handle invalid credentials" classname="e2e/auth.spec.ts" time="30.048">
<failure message="auth.spec.ts:23:3 should handle invalid credentials" type="FAILURE">
<![CDATA[  [firefox] › e2e/auth.spec.ts:23:3 › Authentication Flow › should handle invalid credentials ──────

    Test timeout of 30000ms exceeded.

    Error: page.click: Test timeout of 30000ms exceeded.
    Call log:
      - waiting for locator('button:has-text("Sign In")')


      22 |
      23 |   test('should handle invalid credentials', async ({ page }) => {
    > 24 |     await page.click('button:has-text("Sign In")');
         |                ^
      25 |     await page.fill('input[type="email"]', 'invalid@example.com');
      26 |     await page.fill('input[type="password"]', 'wrongpassword');
      27 |     await page.click('button[type="submit"]');
        at /Users/ghogue/Library/CloudStorage/OneDrive-InsightfulOutcomes,LLC/IS-LTD/APPS/CaliberVaultII/src/test/e2e/auth.spec.ts:24:16

    attachment #1: screenshot (image/png) ──────────────────────────────────────────────────────────
    ../../test-results/e2e-auth-Authentication-Fl-f7095--handle-invalid-credentials-firefox/test-failed-1.png
    ────────────────────────────────────────────────────────────────────────────────────────────────

    attachment #2: video (video/webm) ──────────────────────────────────────────────────────────────
    ../../test-results/e2e-auth-Authentication-Fl-f7095--handle-invalid-credentials-firefox/video.webm
    ────────────────────────────────────────────────────────────────────────────────────────────────
]]>
</failure>
<system-out>
<![CDATA[
[[ATTACHMENT|e2e-auth-Authentication-Fl-f7095--handle-invalid-credentials-firefox/test-failed-1.png]]

[[ATTACHMENT|e2e-auth-Authentication-Fl-f7095--handle-invalid-credentials-firefox/video.webm]]
]]>
</system-out>
</testcase>
<testcase name="Authentication Flow › should navigate to signup form" classname="e2e/auth.spec.ts" time="30.041">
<failure message="auth.spec.ts:33:3 should navigate to signup form" type="FAILURE">
<![CDATA[  [firefox] › e2e/auth.spec.ts:33:3 › Authentication Flow › should navigate to signup form ─────────

    Test timeout of 30000ms exceeded.

    Error: page.click: Test timeout of 30000ms exceeded.
    Call log:
      - waiting for locator('button:has-text("Sign In")')


      32 |
      33 |   test('should navigate to signup form', async ({ page }) => {
    > 34 |     await page.click('button:has-text("Sign In")');
         |                ^
      35 |     await page.click('text=/sign up|create account/i');
      36 |     
      37 |     const signupForm = page.locator('form:has(input[type="email"])');
        at /Users/ghogue/Library/CloudStorage/OneDrive-InsightfulOutcomes,LLC/IS-LTD/APPS/CaliberVaultII/src/test/e2e/auth.spec.ts:34:16

    attachment #1: screenshot (image/png) ──────────────────────────────────────────────────────────
    ../../test-results/e2e-auth-Authentication-Flow-should-navigate-to-signup-form-firefox/test-failed-1.png
    ────────────────────────────────────────────────────────────────────────────────────────────────

    attachment #2: video (video/webm) ──────────────────────────────────────────────────────────────
    ../../test-results/e2e-auth-Authentication-Flow-should-navigate-to-signup-form-firefox/video.webm
    ────────────────────────────────────────────────────────────────────────────────────────────────
]]>
</failure>
<system-out>
<![CDATA[
[[ATTACHMENT|e2e-auth-Authentication-Flow-should-navigate-to-signup-form-firefox/test-failed-1.png]]

[[ATTACHMENT|e2e-auth-Authentication-Flow-should-navigate-to-signup-form-firefox/video.webm]]
]]>
</system-out>
</testcase>
</testsuite>
<testsuite name="e2e/authentication.spec.ts" timestamp="2025-11-07T02:55:58.284Z" hostname="firefox" tests="5" failures="5" skipped="0" time="150.27" errors="0">
<testcase name="Authentication Flows › user can sign up" classname="e2e/authentication.spec.ts" time="30.042">
<failure message="authentication.spec.ts:8:3 user can sign up" type="FAILURE">
<![CDATA[  [firefox] › e2e/authentication.spec.ts:8:3 › Authentication Flows › user can sign up ─────────────

    Test timeout of 30000ms exceeded.

    Error: page.click: Test timeout of 30000ms exceeded.
    Call log:
      - waiting for locator('text=Sign Up')


       7 |
       8 |   test('user can sign up', async ({ page }) => {
    >  9 |     await page.click('text=Sign Up');
         |                ^
      10 |     
      11 |     await page.fill('input[name="email"]', 'newuser@example.com');
      12 |     await page.fill('input[name="password"]', 'SecurePass123!');
        at /Users/ghogue/Library/CloudStorage/OneDrive-InsightfulOutcomes,LLC/IS-LTD/APPS/CaliberVaultII/src/test/e2e/authentication.spec.ts:9:16

    attachment #1: screenshot (image/png) ──────────────────────────────────────────────────────────
    ../../test-results/e2e-authentication-Authentication-Flows-user-can-sign-up-firefox/test-failed-1.png
    ────────────────────────────────────────────────────────────────────────────────────────────────

    attachment #2: video (video/webm) ──────────────────────────────────────────────────────────────
    ../../test-results/e2e-authentication-Authentication-Flows-user-can-sign-up-firefox/video.webm
    ────────────────────────────────────────────────────────────────────────────────────────────────
]]>
</failure>
<system-out>
<![CDATA[
[[ATTACHMENT|e2e-authentication-Authentication-Flows-user-can-sign-up-firefox/test-failed-1.png]]

[[ATTACHMENT|e2e-authentication-Authentication-Flows-user-can-sign-up-firefox/video.webm]]
]]>
</system-out>
</testcase>
<testcase name="Authentication Flows › user can login" classname="e2e/authentication.spec.ts" time="30.041">
<failure message="authentication.spec.ts:20:3 user can login" type="FAILURE">
<![CDATA[  [firefox] › e2e/authentication.spec.ts:20:3 › Authentication Flows › user can login ──────────────

    Test timeout of 30000ms exceeded.

    Error: page.click: Test timeout of 30000ms exceeded.
    Call log:
      - waiting for locator('text=Login')


      19 |
      20 |   test('user can login', async ({ page }) => {
    > 21 |     await page.click('text=Login');
         |                ^
      22 |     
      23 |     await page.fill('input[type="email"]', 'test@example.com');
      24 |     await page.fill('input[type="password"]', 'password123');
        at /Users/ghogue/Library/CloudStorage/OneDrive-InsightfulOutcomes,LLC/IS-LTD/APPS/CaliberVaultII/src/test/e2e/authentication.spec.ts:21:16

    attachment #1: screenshot (image/png) ──────────────────────────────────────────────────────────
    ../../test-results/e2e-authentication-Authentication-Flows-user-can-login-firefox/test-failed-1.png
    ────────────────────────────────────────────────────────────────────────────────────────────────

    attachment #2: video (video/webm) ──────────────────────────────────────────────────────────────
    ../../test-results/e2e-authentication-Authentication-Flows-user-can-login-firefox/video.webm
    ────────────────────────────────────────────────────────────────────────────────────────────────
]]>
</failure>
<system-out>
<![CDATA[
[[ATTACHMENT|e2e-authentication-Authentication-Flows-user-can-login-firefox/test-failed-1.png]]

[[ATTACHMENT|e2e-authentication-Authentication-Flows-user-can-login-firefox/video.webm]]
]]>
</system-out>
</testcase>
<testcase name="Authentication Flows › user can logout" classname="e2e/authentication.spec.ts" time="30.103">
<failure message="authentication.spec.ts:31:3 user can logout" type="FAILURE">
<![CDATA[  [firefox] › e2e/authentication.spec.ts:31:3 › Authentication Flows › user can logout ─────────────

    Test timeout of 30000ms exceeded.

    Error: page.click: Test timeout of 30000ms exceeded.
    Call log:
      - waiting for locator('text=Login')


      31 |   test('user can logout', async ({ page }) => {
      32 |     // Login first
    > 33 |     await page.click('text=Login');
         |                ^
      34 |     await page.fill('input[type="email"]', 'test@example.com');
      35 |     await page.fill('input[type="password"]', 'password123');
      36 |     await page.click('button[type="submit"]');
        at /Users/ghogue/Library/CloudStorage/OneDrive-InsightfulOutcomes,LLC/IS-LTD/APPS/CaliberVaultII/src/test/e2e/authentication.spec.ts:33:16

    attachment #1: screenshot (image/png) ──────────────────────────────────────────────────────────
    ../../test-results/e2e-authentication-Authentication-Flows-user-can-logout-firefox/test-failed-1.png
    ────────────────────────────────────────────────────────────────────────────────────────────────

    attachment #2: video (video/webm) ──────────────────────────────────────────────────────────────
    ../../test-results/e2e-authentication-Authentication-Flows-user-can-logout-firefox/video.webm
    ────────────────────────────────────────────────────────────────────────────────────────────────
]]>
</failure>
<system-out>
<![CDATA[
[[ATTACHMENT|e2e-authentication-Authentication-Flows-user-can-logout-firefox/test-failed-1.png]]

[[ATTACHMENT|e2e-authentication-Authentication-Flows-user-can-logout-firefox/video.webm]]
]]>
</system-out>
</testcase>
<testcase name="Authentication Flows › shows error for invalid credentials" classname="e2e/authentication.spec.ts" time="30.047">
<failure message="authentication.spec.ts:47:3 shows error for invalid credentials" type="FAILURE">
<![CDATA[  [firefox] › e2e/authentication.spec.ts:47:3 › Authentication Flows › shows error for invalid credentials 

    Test timeout of 30000ms exceeded.

    Error: page.click: Test timeout of 30000ms exceeded.
    Call log:
      - waiting for locator('text=Login')


      46 |
      47 |   test('shows error for invalid credentials', async ({ page }) => {
    > 48 |     await page.click('text=Login');
         |                ^
      49 |     
      50 |     await page.fill('input[type="email"]', 'wrong@example.com');
      51 |     await page.fill('input[type="password"]', 'wrongpassword');
        at /Users/ghogue/Library/CloudStorage/OneDrive-InsightfulOutcomes,LLC/IS-LTD/APPS/CaliberVaultII/src/test/e2e/authentication.spec.ts:48:16

    attachment #1: screenshot (image/png) ──────────────────────────────────────────────────────────
    ../../test-results/e2e-authentication-Authent-4b3b9-ror-for-invalid-credentials-firefox/test-failed-1.png
    ────────────────────────────────────────────────────────────────────────────────────────────────

    attachment #2: video (video/webm) ──────────────────────────────────────────────────────────────
    ../../test-results/e2e-authentication-Authent-4b3b9-ror-for-invalid-credentials-firefox/video.webm
    ────────────────────────────────────────────────────────────────────────────────────────────────
]]>
</failure>
<system-out>
<![CDATA[
[[ATTACHMENT|e2e-authentication-Authent-4b3b9-ror-for-invalid-credentials-firefox/test-failed-1.png]]

[[ATTACHMENT|e2e-authentication-Authent-4b3b9-ror-for-invalid-credentials-firefox/video.webm]]
]]>
</system-out>
</testcase>
<testcase name="Authentication Flows › password reset flow" classname="e2e/authentication.spec.ts" time="30.037">
<failure message="authentication.spec.ts:58:3 password reset flow" type="FAILURE">
<![CDATA[  [firefox] › e2e/authentication.spec.ts:58:3 › Authentication Flows › password reset flow ─────────

    Test timeout of 30000ms exceeded.

    Error: page.click: Test timeout of 30000ms exceeded.
    Call log:
      - waiting for locator('text=Login')


      57 |
      58 |   test('password reset flow', async ({ page }) => {
    > 59 |     await page.click('text=Login');
         |                ^
      60 |     await page.click('text=Forgot Password');
      61 |     
      62 |     await page.fill('input[type="email"]', 'test@example.com');
        at /Users/ghogue/Library/CloudStorage/OneDrive-InsightfulOutcomes,LLC/IS-LTD/APPS/CaliberVaultII/src/test/e2e/authentication.spec.ts:59:16

    attachment #1: screenshot (image/png) ──────────────────────────────────────────────────────────
    ../../test-results/e2e-authentication-Authentication-Flows-password-reset-flow-firefox/test-failed-1.png
    ────────────────────────────────────────────────────────────────────────────────────────────────

    attachment #2: video (video/webm) ──────────────────────────────────────────────────────────────
    ../../test-results/e2e-authentication-Authentication-Flows-password-reset-flow-firefox/video.webm
    ────────────────────────────────────────────────────────────────────────────────────────────────
]]>
</failure>
<system-out>
<![CDATA[
[[ATTACHMENT|e2e-authentication-Authentication-Flows-password-reset-flow-firefox/test-failed-1.png]]

[[ATTACHMENT|e2e-authentication-Authentication-Flows-password-reset-flow-firefox/video.webm]]
]]>
</system-out>
</testcase>
</testsuite>
<testsuite name="e2e/barcode-scanning.spec.ts" timestamp="2025-11-07T02:55:58.284Z" hostname="firefox" tests="6" failures="6" skipped="0" time="180.3" errors="0">
<testcase name="Barcode Scanning E2E Tests › opens barcode scanner" classname="e2e/barcode-scanning.spec.ts" time="30.075">
<failure message="barcode-scanning.spec.ts:14:3 opens barcode scanner" type="FAILURE">
<![CDATA[  [firefox] › e2e/barcode-scanning.spec.ts:14:3 › Barcode Scanning E2E Tests › opens barcode scanner 

    Test timeout of 30000ms exceeded while running "beforeEach" hook.

      2 |
      3 | test.describe('Barcode Scanning E2E Tests', () => {
    > 4 |   test.beforeEach(async ({ page }) => {
        |        ^
      5 |     await page.goto('/');
      6 |     // Login
      7 |     await page.click('text=Login');
        at /Users/ghogue/Library/CloudStorage/OneDrive-InsightfulOutcomes,LLC/IS-LTD/APPS/CaliberVaultII/src/test/e2e/barcode-scanning.spec.ts:4:8

    Error: page.click: Test timeout of 30000ms exceeded.
    Call log:
      - waiting for locator('text=Login')


       5 |     await page.goto('/');
       6 |     // Login
    >  7 |     await page.click('text=Login');
         |                ^
       8 |     await page.fill('input[type="email"]', 'test@example.com');
       9 |     await page.fill('input[type="password"]', 'password123');
      10 |     await page.click('button[type="submit"]');
        at /Users/ghogue/Library/CloudStorage/OneDrive-InsightfulOutcomes,LLC/IS-LTD/APPS/CaliberVaultII/src/test/e2e/barcode-scanning.spec.ts:7:16

    attachment #1: screenshot (image/png) ──────────────────────────────────────────────────────────
    ../../test-results/e2e-barcode-scanning-Barco-480f8-Tests-opens-barcode-scanner-firefox/test-failed-1.png
    ────────────────────────────────────────────────────────────────────────────────────────────────

    attachment #2: video (video/webm) ──────────────────────────────────────────────────────────────
    ../../test-results/e2e-barcode-scanning-Barco-480f8-Tests-opens-barcode-scanner-firefox/video.webm
    ────────────────────────────────────────────────────────────────────────────────────────────────
]]>
</failure>
<system-out>
<![CDATA[
[[ATTACHMENT|e2e-barcode-scanning-Barco-480f8-Tests-opens-barcode-scanner-firefox/test-failed-1.png]]

[[ATTACHMENT|e2e-barcode-scanning-Barco-480f8-Tests-opens-barcode-scanner-firefox/video.webm]]
]]>
</system-out>
</testcase>
<testcase name="Barcode Scanning E2E Tests › displays camera permission prompt" classname="e2e/barcode-scanning.spec.ts" time="30.061">
<failure message="barcode-scanning.spec.ts:19:3 displays camera permission prompt" type="FAILURE">
<![CDATA[  [firefox] › e2e/barcode-scanning.spec.ts:19:3 › Barcode Scanning E2E Tests › displays camera permission prompt 

    Test timeout of 30000ms exceeded while running "beforeEach" hook.

      2 |
      3 | test.describe('Barcode Scanning E2E Tests', () => {
    > 4 |   test.beforeEach(async ({ page }) => {
        |        ^
      5 |     await page.goto('/');
      6 |     // Login
      7 |     await page.click('text=Login');
        at /Users/ghogue/Library/CloudStorage/OneDrive-InsightfulOutcomes,LLC/IS-LTD/APPS/CaliberVaultII/src/test/e2e/barcode-scanning.spec.ts:4:8

    Error: page.click: Test timeout of 30000ms exceeded.
    Call log:
      - waiting for locator('text=Login')


       5 |     await page.goto('/');
       6 |     // Login
    >  7 |     await page.click('text=Login');
         |                ^
       8 |     await page.fill('input[type="email"]', 'test@example.com');
       9 |     await page.fill('input[type="password"]', 'password123');
      10 |     await page.click('button[type="submit"]');
        at /Users/ghogue/Library/CloudStorage/OneDrive-InsightfulOutcomes,LLC/IS-LTD/APPS/CaliberVaultII/src/test/e2e/barcode-scanning.spec.ts:7:16

    attachment #1: screenshot (image/png) ──────────────────────────────────────────────────────────
    ../../test-results/e2e-barcode-scanning-Barco-9ec99-ys-camera-permission-prompt-firefox/test-failed-1.png
    ────────────────────────────────────────────────────────────────────────────────────────────────

    attachment #2: video (video/webm) ──────────────────────────────────────────────────────────────
    ../../test-results/e2e-barcode-scanning-Barco-9ec99-ys-camera-permission-prompt-firefox/video.webm
    ────────────────────────────────────────────────────────────────────────────────────────────────
]]>
</failure>
<system-out>
<![CDATA[
[[ATTACHMENT|e2e-barcode-scanning-Barco-9ec99-ys-camera-permission-prompt-firefox/test-failed-1.png]]

[[ATTACHMENT|e2e-barcode-scanning-Barco-9ec99-ys-camera-permission-prompt-firefox/video.webm]]
]]>
</system-out>
</testcase>
<testcase name="Barcode Scanning E2E Tests › handles camera permission denial" classname="e2e/barcode-scanning.spec.ts" time="30.043">
<failure message="barcode-scanning.spec.ts:27:3 handles camera permission denial" type="FAILURE">
<![CDATA[  [firefox] › e2e/barcode-scanning.spec.ts:27:3 › Barcode Scanning E2E Tests › handles camera permission denial 

    Test timeout of 30000ms exceeded while running "beforeEach" hook.

      2 |
      3 | test.describe('Barcode Scanning E2E Tests', () => {
    > 4 |   test.beforeEach(async ({ page }) => {
        |        ^
      5 |     await page.goto('/');
      6 |     // Login
      7 |     await page.click('text=Login');
        at /Users/ghogue/Library/CloudStorage/OneDrive-InsightfulOutcomes,LLC/IS-LTD/APPS/CaliberVaultII/src/test/e2e/barcode-scanning.spec.ts:4:8

    Error: page.click: Test timeout of 30000ms exceeded.
    Call log:
      - waiting for locator('text=Login')


       5 |     await page.goto('/');
       6 |     // Login
    >  7 |     await page.click('text=Login');
         |                ^
       8 |     await page.fill('input[type="email"]', 'test@example.com');
       9 |     await page.fill('input[type="password"]', 'password123');
      10 |     await page.click('button[type="submit"]');
        at /Users/ghogue/Library/CloudStorage/OneDrive-InsightfulOutcomes,LLC/IS-LTD/APPS/CaliberVaultII/src/test/e2e/barcode-scanning.spec.ts:7:16

    attachment #1: screenshot (image/png) ──────────────────────────────────────────────────────────
    ../../test-results/e2e-barcode-scanning-Barco-3a78e-es-camera-permission-denial-firefox/test-failed-1.png
    ────────────────────────────────────────────────────────────────────────────────────────────────

    attachment #2: video (video/webm) ──────────────────────────────────────────────────────────────
    ../../test-results/e2e-barcode-scanning-Barco-3a78e-es-camera-permission-denial-firefox/video.webm
    ────────────────────────────────────────────────────────────────────────────────────────────────
]]>
</failure>
<system-out>
<![CDATA[
[[ATTACHMENT|e2e-barcode-scanning-Barco-3a78e-es-camera-permission-denial-firefox/test-failed-1.png]]

[[ATTACHMENT|e2e-barcode-scanning-Barco-3a78e-es-camera-permission-denial-firefox/video.webm]]
]]>
</system-out>
</testcase>
<testcase name="Barcode Scanning E2E Tests › batch scanning workflow" classname="e2e/barcode-scanning.spec.ts" time="30.037">
<failure message="barcode-scanning.spec.ts:35:3 batch scanning workflow" type="FAILURE">
<![CDATA[  [firefox] › e2e/barcode-scanning.spec.ts:35:3 › Barcode Scanning E2E Tests › batch scanning workflow 

    Test timeout of 30000ms exceeded while running "beforeEach" hook.

      2 |
      3 | test.describe('Barcode Scanning E2E Tests', () => {
    > 4 |   test.beforeEach(async ({ page }) => {
        |        ^
      5 |     await page.goto('/');
      6 |     // Login
      7 |     await page.click('text=Login');
        at /Users/ghogue/Library/CloudStorage/OneDrive-InsightfulOutcomes,LLC/IS-LTD/APPS/CaliberVaultII/src/test/e2e/barcode-scanning.spec.ts:4:8

    Error: page.click: Test timeout of 30000ms exceeded.
    Call log:
      - waiting for locator('text=Login')


       5 |     await page.goto('/');
       6 |     // Login
    >  7 |     await page.click('text=Login');
         |                ^
       8 |     await page.fill('input[type="email"]', 'test@example.com');
       9 |     await page.fill('input[type="password"]', 'password123');
      10 |     await page.click('button[type="submit"]');
        at /Users/ghogue/Library/CloudStorage/OneDrive-InsightfulOutcomes,LLC/IS-LTD/APPS/CaliberVaultII/src/test/e2e/barcode-scanning.spec.ts:7:16

    attachment #1: screenshot (image/png) ──────────────────────────────────────────────────────────
    ../../test-results/e2e-barcode-scanning-Barco-0af77-sts-batch-scanning-workflow-firefox/test-failed-1.png
    ────────────────────────────────────────────────────────────────────────────────────────────────

    attachment #2: video (video/webm) ──────────────────────────────────────────────────────────────
    ../../test-results/e2e-barcode-scanning-Barco-0af77-sts-batch-scanning-workflow-firefox/video.webm
    ────────────────────────────────────────────────────────────────────────────────────────────────
]]>
</failure>
<system-out>
<![CDATA[
[[ATTACHMENT|e2e-barcode-scanning-Barco-0af77-sts-batch-scanning-workflow-firefox/test-failed-1.png]]

[[ATTACHMENT|e2e-barcode-scanning-Barco-0af77-sts-batch-scanning-workflow-firefox/video.webm]]
]]>
</system-out>
</testcase>
<testcase name="Barcode Scanning E2E Tests › barcode cache management" classname="e2e/barcode-scanning.spec.ts" time="30.041">
<failure message="barcode-scanning.spec.ts:40:3 barcode cache management" type="FAILURE">
<![CDATA[  [firefox] › e2e/barcode-scanning.spec.ts:40:3 › Barcode Scanning E2E Tests › barcode cache management 

    Test timeout of 30000ms exceeded while running "beforeEach" hook.

      2 |
      3 | test.describe('Barcode Scanning E2E Tests', () => {
    > 4 |   test.beforeEach(async ({ page }) => {
        |        ^
      5 |     await page.goto('/');
      6 |     // Login
      7 |     await page.click('text=Login');
        at /Users/ghogue/Library/CloudStorage/OneDrive-InsightfulOutcomes,LLC/IS-LTD/APPS/CaliberVaultII/src/test/e2e/barcode-scanning.spec.ts:4:8

    Error: page.click: Test timeout of 30000ms exceeded.
    Call log:
      - waiting for locator('text=Login')


       5 |     await page.goto('/');
       6 |     // Login
    >  7 |     await page.click('text=Login');
         |                ^
       8 |     await page.fill('input[type="email"]', 'test@example.com');
       9 |     await page.fill('input[type="password"]', 'password123');
      10 |     await page.click('button[type="submit"]');
        at /Users/ghogue/Library/CloudStorage/OneDrive-InsightfulOutcomes,LLC/IS-LTD/APPS/CaliberVaultII/src/test/e2e/barcode-scanning.spec.ts:7:16

    attachment #1: screenshot (image/png) ──────────────────────────────────────────────────────────
    ../../test-results/e2e-barcode-scanning-Barco-478d7-ts-barcode-cache-management-firefox/test-failed-1.png
    ────────────────────────────────────────────────────────────────────────────────────────────────

    attachment #2: video (video/webm) ──────────────────────────────────────────────────────────────
    ../../test-results/e2e-barcode-scanning-Barco-478d7-ts-barcode-cache-management-firefox/video.webm
    ────────────────────────────────────────────────────────────────────────────────────────────────
]]>
</failure>
<system-out>
<![CDATA[
[[ATTACHMENT|e2e-barcode-scanning-Barco-478d7-ts-barcode-cache-management-firefox/test-failed-1.png]]

[[ATTACHMENT|e2e-barcode-scanning-Barco-478d7-ts-barcode-cache-management-firefox/video.webm]]
]]>
</system-out>
</testcase>
<testcase name="Barcode Scanning E2E Tests › offline barcode lookup" classname="e2e/barcode-scanning.spec.ts" time="30.043">
<failure message="barcode-scanning.spec.ts:46:3 offline barcode lookup" type="FAILURE">
<![CDATA[  [firefox] › e2e/barcode-scanning.spec.ts:46:3 › Barcode Scanning E2E Tests › offline barcode lookup 

    Test timeout of 30000ms exceeded while running "beforeEach" hook.

      2 |
      3 | test.describe('Barcode Scanning E2E Tests', () => {
    > 4 |   test.beforeEach(async ({ page }) => {
        |        ^
      5 |     await page.goto('/');
      6 |     // Login
      7 |     await page.click('text=Login');
        at /Users/ghogue/Library/CloudStorage/OneDrive-InsightfulOutcomes,LLC/IS-LTD/APPS/CaliberVaultII/src/test/e2e/barcode-scanning.spec.ts:4:8

    Error: page.click: Test timeout of 30000ms exceeded.
    Call log:
      - waiting for locator('text=Login')


       5 |     await page.goto('/');
       6 |     // Login
    >  7 |     await page.click('text=Login');
         |                ^
       8 |     await page.fill('input[type="email"]', 'test@example.com');
       9 |     await page.fill('input[type="password"]', 'password123');
      10 |     await page.click('button[type="submit"]');
        at /Users/ghogue/Library/CloudStorage/OneDrive-InsightfulOutcomes,LLC/IS-LTD/APPS/CaliberVaultII/src/test/e2e/barcode-scanning.spec.ts:7:16

    attachment #1: screenshot (image/png) ──────────────────────────────────────────────────────────
    ../../test-results/e2e-barcode-scanning-Barco-f36e8-ests-offline-barcode-lookup-firefox/test-failed-1.png
    ────────────────────────────────────────────────────────────────────────────────────────────────

    attachment #2: video (video/webm) ──────────────────────────────────────────────────────────────
    ../../test-results/e2e-barcode-scanning-Barco-f36e8-ests-offline-barcode-lookup-firefox/video.webm
    ────────────────────────────────────────────────────────────────────────────────────────────────
]]>
</failure>
<system-out>
<![CDATA[
[[ATTACHMENT|e2e-barcode-scanning-Barco-f36e8-ests-offline-barcode-lookup-firefox/test-failed-1.png]]

[[ATTACHMENT|e2e-barcode-scanning-Barco-f36e8-ests-offline-barcode-lookup-firefox/video.webm]]
]]>
</system-out>
</testcase>
</testsuite>
<testsuite name="e2e/bulkImport.spec.ts" timestamp="2025-11-07T02:55:58.284Z" hostname="firefox" tests="4" failures="4" skipped="0" time="120.173" errors="0">
<testcase name="Bulk Import Flow › should open bulk import modal" classname="e2e/bulkImport.spec.ts" time="30.038">
<failure message="bulkImport.spec.ts:8:3 should open bulk import modal" type="FAILURE">
<![CDATA[  [firefox] › e2e/bulkImport.spec.ts:8:3 › Bulk Import Flow › should open bulk import modal ────────

    Test timeout of 30000ms exceeded.

    Error: page.click: Test timeout of 30000ms exceeded.
    Call log:
      - waiting for locator('button:has-text("Import CSV")')


       7 |
       8 |   test('should open bulk import modal', async ({ page }) => {
    >  9 |     await page.click('button:has-text("Import CSV")');
         |                ^
      10 |     await expect(page.locator('text=Enhanced Bulk Import System')).toBeVisible();
      11 |   });
      12 |
        at /Users/ghogue/Library/CloudStorage/OneDrive-InsightfulOutcomes,LLC/IS-LTD/APPS/CaliberVaultII/src/test/e2e/bulkImport.spec.ts:9:16

    attachment #1: screenshot (image/png) ──────────────────────────────────────────────────────────
    ../../test-results/e2e-bulkImport-Bulk-Import-75373-ould-open-bulk-import-modal-firefox/test-failed-1.png
    ────────────────────────────────────────────────────────────────────────────────────────────────

    attachment #2: video (video/webm) ──────────────────────────────────────────────────────────────
    ../../test-results/e2e-bulkImport-Bulk-Import-75373-ould-open-bulk-import-modal-firefox/video.webm
    ────────────────────────────────────────────────────────────────────────────────────────────────
]]>
</failure>
<system-out>
<![CDATA[
[[ATTACHMENT|e2e-bulkImport-Bulk-Import-75373-ould-open-bulk-import-modal-firefox/test-failed-1.png]]

[[ATTACHMENT|e2e-bulkImport-Bulk-Import-75373-ould-open-bulk-import-modal-firefox/video.webm]]
]]>
</system-out>
</testcase>
<testcase name="Bulk Import Flow › should download CSV template" classname="e2e/bulkImport.spec.ts" time="30.039">
<failure message="bulkImport.spec.ts:13:3 should download CSV template" type="FAILURE">
<![CDATA[  [firefox] › e2e/bulkImport.spec.ts:13:3 › Bulk Import Flow › should download CSV template ────────

    Test timeout of 30000ms exceeded.

    Error: page.click: Test timeout of 30000ms exceeded.
    Call log:
      - waiting for locator('button:has-text("Import CSV")')


      12 |
      13 |   test('should download CSV template', async ({ page }) => {
    > 14 |     await page.click('button:has-text("Import CSV")');
         |                ^
      15 |     const downloadPromise = page.waitForEvent('download');
      16 |     await page.click('button:has-text("Download CSV Template")');
      17 |     const download = await downloadPromise;
        at /Users/ghogue/Library/CloudStorage/OneDrive-InsightfulOutcomes,LLC/IS-LTD/APPS/CaliberVaultII/src/test/e2e/bulkImport.spec.ts:14:16

    attachment #1: screenshot (image/png) ──────────────────────────────────────────────────────────
    ../../test-results/e2e-bulkImport-Bulk-Import-Flow-should-download-CSV-template-firefox/test-failed-1.png
    ────────────────────────────────────────────────────────────────────────────────────────────────

    attachment #2: video (video/webm) ──────────────────────────────────────────────────────────────
    ../../test-results/e2e-bulkImport-Bulk-Import-Flow-should-download-CSV-template-firefox/video.webm
    ────────────────────────────────────────────────────────────────────────────────────────────────
]]>
</failure>
<system-out>
<![CDATA[
[[ATTACHMENT|e2e-bulkImport-Bulk-Import-Flow-should-download-CSV-template-firefox/test-failed-1.png]]

[[ATTACHMENT|e2e-bulkImport-Bulk-Import-Flow-should-download-CSV-template-firefox/video.webm]]
]]>
</system-out>
</testcase>
<testcase name="Bulk Import Flow › should show file upload area" classname="e2e/bulkImport.spec.ts" time="30.038">
<failure message="bulkImport.spec.ts:21:3 should show file upload area" type="FAILURE">
<![CDATA[  [firefox] › e2e/bulkImport.spec.ts:21:3 › Bulk Import Flow › should show file upload area ────────

    Test timeout of 30000ms exceeded.

    Error: page.click: Test timeout of 30000ms exceeded.
    Call log:
      - waiting for locator('button:has-text("Import CSV")')


      20 |
      21 |   test('should show file upload area', async ({ page }) => {
    > 22 |     await page.click('button:has-text("Import CSV")');
         |                ^
      23 |     await expect(page.locator('text=/drag.*drop/i')).toBeVisible();
      24 |   });
      25 |
        at /Users/ghogue/Library/CloudStorage/OneDrive-InsightfulOutcomes,LLC/IS-LTD/APPS/CaliberVaultII/src/test/e2e/bulkImport.spec.ts:22:16

    attachment #1: screenshot (image/png) ──────────────────────────────────────────────────────────
    ../../test-results/e2e-bulkImport-Bulk-Import-Flow-should-show-file-upload-area-firefox/test-failed-1.png
    ────────────────────────────────────────────────────────────────────────────────────────────────

    attachment #2: video (video/webm) ──────────────────────────────────────────────────────────────
    ../../test-results/e2e-bulkImport-Bulk-Import-Flow-should-show-file-upload-area-firefox/video.webm
    ────────────────────────────────────────────────────────────────────────────────────────────────
]]>
</failure>
<system-out>
<![CDATA[
[[ATTACHMENT|e2e-bulkImport-Bulk-Import-Flow-should-show-file-upload-area-firefox/test-failed-1.png]]

[[ATTACHMENT|e2e-bulkImport-Bulk-Import-Flow-should-show-file-upload-area-firefox/video.webm]]
]]>
</system-out>
</testcase>
<testcase name="Bulk Import Flow › should validate CSV format" classname="e2e/bulkImport.spec.ts" time="30.058">
<failure message="bulkImport.spec.ts:26:3 should validate CSV format" type="FAILURE">
<![CDATA[  [firefox] › e2e/bulkImport.spec.ts:26:3 › Bulk Import Flow › should validate CSV format ──────────

    Test timeout of 30000ms exceeded.

    Error: page.click: Test timeout of 30000ms exceeded.
    Call log:
      - waiting for locator('button:has-text("Import CSV")')


      25 |
      26 |   test('should validate CSV format', async ({ page }) => {
    > 27 |     await page.click('button:has-text("Import CSV")');
         |                ^
      28 |     // Test would upload invalid CSV and check for error messages
      29 |     await expect(page.locator('input[type="file"]')).toBeVisible();
      30 |   });
        at /Users/ghogue/Library/CloudStorage/OneDrive-InsightfulOutcomes,LLC/IS-LTD/APPS/CaliberVaultII/src/test/e2e/bulkImport.spec.ts:27:16

    attachment #1: screenshot (image/png) ──────────────────────────────────────────────────────────
    ../../test-results/e2e-bulkImport-Bulk-Import-Flow-should-validate-CSV-format-firefox/test-failed-1.png
    ────────────────────────────────────────────────────────────────────────────────────────────────

    attachment #2: video (video/webm) ──────────────────────────────────────────────────────────────
    ../../test-results/e2e-bulkImport-Bulk-Import-Flow-should-validate-CSV-format-firefox/video.webm
    ────────────────────────────────────────────────────────────────────────────────────────────────
]]>
</failure>
<system-out>
<![CDATA[
[[ATTACHMENT|e2e-bulkImport-Bulk-Import-Flow-should-validate-CSV-format-firefox/test-failed-1.png]]

[[ATTACHMENT|e2e-bulkImport-Bulk-Import-Flow-should-validate-CSV-format-firefox/video.webm]]
]]>
</system-out>
</testcase>
</testsuite>
<testsuite name="e2e/category-filters.spec.ts" timestamp="2025-11-07T02:55:58.284Z" hostname="firefox" tests="3" failures="3" skipped="0" time="32.483" errors="0">
<testcase name="Category Filter Verification › All 12 categories appear in filter dropdown" classname="e2e/category-filters.spec.ts" time="10.821">
<failure message="category-filters.spec.ts:9:3 All 12 categories appear in filter dropdown" type="FAILURE">
<![CDATA[  [firefox] › e2e/category-filters.spec.ts:9:3 › Category Filter Verification › All 12 categories appear in filter dropdown 

    TimeoutError: page.waitForSelector: Timeout 10000ms exceeded.
    Call log:
      - waiting for locator('[data-testid="inventory-dashboard"]') to be visible


      4 |   test.beforeEach(async ({ page }) => {
      5 |     await page.goto('/');
    > 6 |     await page.waitForSelector('[data-testid="inventory-dashboard"]', { timeout: 10000 });
        |                ^
      7 |   });
      8 |
      9 |   test('All 12 categories appear in filter dropdown', async ({ page }) => {
        at /Users/ghogue/Library/CloudStorage/OneDrive-InsightfulOutcomes,LLC/IS-LTD/APPS/CaliberVaultII/src/test/e2e/category-filters.spec.ts:6:16

    attachment #1: screenshot (image/png) ──────────────────────────────────────────────────────────
    ../../test-results/e2e-category-filters-Categ-f79cc-s-appear-in-filter-dropdown-firefox/test-failed-1.png
    ────────────────────────────────────────────────────────────────────────────────────────────────

    attachment #2: video (video/webm) ──────────────────────────────────────────────────────────────
    ../../test-results/e2e-category-filters-Categ-f79cc-s-appear-in-filter-dropdown-firefox/video.webm
    ────────────────────────────────────────────────────────────────────────────────────────────────
]]>
</failure>
<system-out>
<![CDATA[
[[ATTACHMENT|e2e-category-filters-Categ-f79cc-s-appear-in-filter-dropdown-firefox/test-failed-1.png]]

[[ATTACHMENT|e2e-category-filters-Categ-f79cc-s-appear-in-filter-dropdown-firefox/video.webm]]
]]>
</system-out>
</testcase>
<testcase name="Category Filter Verification › Filtering by each category shows correct items" classname="e2e/category-filters.spec.ts" time="10.793">
<failure message="category-filters.spec.ts:24:3 Filtering by each category shows correct items" type="FAILURE">
<![CDATA[  [firefox] › e2e/category-filters.spec.ts:24:3 › Category Filter Verification › Filtering by each category shows correct items 

    TimeoutError: page.waitForSelector: Timeout 10000ms exceeded.
    Call log:
      - waiting for locator('[data-testid="inventory-dashboard"]') to be visible


      4 |   test.beforeEach(async ({ page }) => {
      5 |     await page.goto('/');
    > 6 |     await page.waitForSelector('[data-testid="inventory-dashboard"]', { timeout: 10000 });
        |                ^
      7 |   });
      8 |
      9 |   test('All 12 categories appear in filter dropdown', async ({ page }) => {
        at /Users/ghogue/Library/CloudStorage/OneDrive-InsightfulOutcomes,LLC/IS-LTD/APPS/CaliberVaultII/src/test/e2e/category-filters.spec.ts:6:16

    attachment #1: screenshot (image/png) ──────────────────────────────────────────────────────────
    ../../test-results/e2e-category-filters-Categ-a8751-ategory-shows-correct-items-firefox/test-failed-1.png
    ────────────────────────────────────────────────────────────────────────────────────────────────

    attachment #2: video (video/webm) ──────────────────────────────────────────────────────────────
    ../../test-results/e2e-category-filters-Categ-a8751-ategory-shows-correct-items-firefox/video.webm
    ────────────────────────────────────────────────────────────────────────────────────────────────
]]>
</failure>
<system-out>
<![CDATA[
[[ATTACHMENT|e2e-category-filters-Categ-a8751-ategory-shows-correct-items-firefox/test-failed-1.png]]

[[ATTACHMENT|e2e-category-filters-Categ-a8751-ategory-shows-correct-items-firefox/video.webm]]
]]>
</system-out>
</testcase>
<testcase name="Category Filter Verification › Category count badges are accurate" classname="e2e/category-filters.spec.ts" time="10.869">
<failure message="category-filters.spec.ts:47:3 Category count badges are accurate" type="FAILURE">
<![CDATA[  [firefox] › e2e/category-filters.spec.ts:47:3 › Category Filter Verification › Category count badges are accurate 

    TimeoutError: page.waitForSelector: Timeout 10000ms exceeded.
    Call log:
      - waiting for locator('[data-testid="inventory-dashboard"]') to be visible


      4 |   test.beforeEach(async ({ page }) => {
      5 |     await page.goto('/');
    > 6 |     await page.waitForSelector('[data-testid="inventory-dashboard"]', { timeout: 10000 });
        |                ^
      7 |   });
      8 |
      9 |   test('All 12 categories appear in filter dropdown', async ({ page }) => {
        at /Users/ghogue/Library/CloudStorage/OneDrive-InsightfulOutcomes,LLC/IS-LTD/APPS/CaliberVaultII/src/test/e2e/category-filters.spec.ts:6:16

    attachment #1: screenshot (image/png) ──────────────────────────────────────────────────────────
    ../../test-results/e2e-category-filters-Categ-77b37-y-count-badges-are-accurate-firefox/test-failed-1.png
    ────────────────────────────────────────────────────────────────────────────────────────────────

    attachment #2: video (video/webm) ──────────────────────────────────────────────────────────────
    ../../test-results/e2e-category-filters-Categ-77b37-y-count-badges-are-accurate-firefox/video.webm
    ────────────────────────────────────────────────────────────────────────────────────────────────
]]>
</failure>
<system-out>
<![CDATA[
[[ATTACHMENT|e2e-category-filters-Categ-77b37-y-count-badges-are-accurate-firefox/test-failed-1.png]]

[[ATTACHMENT|e2e-category-filters-Categ-77b37-y-count-badges-are-accurate-firefox/video.webm]]
]]>
</system-out>
</testcase>
</testsuite>
<testsuite name="e2e/comprehensive-categories.spec.ts" timestamp="2025-11-07T02:55:58.284Z" hostname="firefox" tests="7" failures="7" skipped="0" time="76.253" errors="0">
<testcase name="Comprehensive Category Testing › Firearms: Full CRUD Lifecycle" classname="e2e/comprehensive-categories.spec.ts" time="11.052">
<failure message="comprehensive-categories.spec.ts:49:5 Firearms: Full CRUD Lifecycle" type="FAILURE">
<![CDATA[  [firefox] › e2e/comprehensive-categories.spec.ts:49:5 › Comprehensive Category Testing › Firearms: Full CRUD Lifecycle 

    TimeoutError: page.waitForSelector: Timeout 10000ms exceeded.
    Call log:
      - waiting for locator('[data-testid="inventory-dashboard"]') to be visible


      4 |   test.beforeEach(async ({ page }) => {
      5 |     await page.goto('/');
    > 6 |     await page.waitForSelector('[data-testid="inventory-dashboard"]', { timeout: 10000 });
        |                ^
      7 |   });
      8 |
      9 |   const categories = [
        at /Users/ghogue/Library/CloudStorage/OneDrive-InsightfulOutcomes,LLC/IS-LTD/APPS/CaliberVaultII/src/test/e2e/comprehensive-categories.spec.ts:6:16

    attachment #1: screenshot (image/png) ──────────────────────────────────────────────────────────
    ../../test-results/e2e-comprehensive-categori-f7362-irearms-Full-CRUD-Lifecycle-firefox/test-failed-1.png
    ────────────────────────────────────────────────────────────────────────────────────────────────

    attachment #2: video (video/webm) ──────────────────────────────────────────────────────────────
    ../../test-results/e2e-comprehensive-categori-f7362-irearms-Full-CRUD-Lifecycle-firefox/video.webm
    ────────────────────────────────────────────────────────────────────────────────────────────────
]]>
</failure>
<system-out>
<![CDATA[
[[ATTACHMENT|e2e-comprehensive-categori-f7362-irearms-Full-CRUD-Lifecycle-firefox/test-failed-1.png]]

[[ATTACHMENT|e2e-comprehensive-categori-f7362-irearms-Full-CRUD-Lifecycle-firefox/video.webm]]
]]>
</system-out>
</testcase>
<testcase name="Comprehensive Category Testing › Optics: Full CRUD Lifecycle" classname="e2e/comprehensive-categories.spec.ts" time="10.821">
<failure message="comprehensive-categories.spec.ts:49:5 Optics: Full CRUD Lifecycle" type="FAILURE">
<![CDATA[  [firefox] › e2e/comprehensive-categories.spec.ts:49:5 › Comprehensive Category Testing › Optics: Full CRUD Lifecycle 

    TimeoutError: page.waitForSelector: Timeout 10000ms exceeded.
    Call log:
      - waiting for locator('[data-testid="inventory-dashboard"]') to be visible


      4 |   test.beforeEach(async ({ page }) => {
      5 |     await page.goto('/');
    > 6 |     await page.waitForSelector('[data-testid="inventory-dashboard"]', { timeout: 10000 });
        |                ^
      7 |   });
      8 |
      9 |   const categories = [
        at /Users/ghogue/Library/CloudStorage/OneDrive-InsightfulOutcomes,LLC/IS-LTD/APPS/CaliberVaultII/src/test/e2e/comprehensive-categories.spec.ts:6:16

    attachment #1: screenshot (image/png) ──────────────────────────────────────────────────────────
    ../../test-results/e2e-comprehensive-categori-f3791--Optics-Full-CRUD-Lifecycle-firefox/test-failed-1.png
    ────────────────────────────────────────────────────────────────────────────────────────────────

    attachment #2: video (video/webm) ──────────────────────────────────────────────────────────────
    ../../test-results/e2e-comprehensive-categori-f3791--Optics-Full-CRUD-Lifecycle-firefox/video.webm
    ────────────────────────────────────────────────────────────────────────────────────────────────
]]>
</failure>
<system-out>
<![CDATA[
[[ATTACHMENT|e2e-comprehensive-categori-f3791--Optics-Full-CRUD-Lifecycle-firefox/test-failed-1.png]]

[[ATTACHMENT|e2e-comprehensive-categori-f3791--Optics-Full-CRUD-Lifecycle-firefox/video.webm]]
]]>
</system-out>
</testcase>
<testcase name="Comprehensive Category Testing › Ammunition: Full CRUD Lifecycle" classname="e2e/comprehensive-categories.spec.ts" time="10.809">
<failure message="comprehensive-categories.spec.ts:49:5 Ammunition: Full CRUD Lifecycle" type="FAILURE">
<![CDATA[  [firefox] › e2e/comprehensive-categories.spec.ts:49:5 › Comprehensive Category Testing › Ammunition: Full CRUD Lifecycle 

    TimeoutError: page.waitForSelector: Timeout 10000ms exceeded.
    Call log:
      - waiting for locator('[data-testid="inventory-dashboard"]') to be visible


      4 |   test.beforeEach(async ({ page }) => {
      5 |     await page.goto('/');
    > 6 |     await page.waitForSelector('[data-testid="inventory-dashboard"]', { timeout: 10000 });
        |                ^
      7 |   });
      8 |
      9 |   const categories = [
        at /Users/ghogue/Library/CloudStorage/OneDrive-InsightfulOutcomes,LLC/IS-LTD/APPS/CaliberVaultII/src/test/e2e/comprehensive-categories.spec.ts:6:16

    attachment #1: screenshot (image/png) ──────────────────────────────────────────────────────────
    ../../test-results/e2e-comprehensive-categori-935a8-unition-Full-CRUD-Lifecycle-firefox/test-failed-1.png
    ────────────────────────────────────────────────────────────────────────────────────────────────

    attachment #2: video (video/webm) ──────────────────────────────────────────────────────────────
    ../../test-results/e2e-comprehensive-categori-935a8-unition-Full-CRUD-Lifecycle-firefox/video.webm
    ────────────────────────────────────────────────────────────────────────────────────────────────
]]>
</failure>
<system-out>
<![CDATA[
[[ATTACHMENT|e2e-comprehensive-categori-935a8-unition-Full-CRUD-Lifecycle-firefox/test-failed-1.png]]

[[ATTACHMENT|e2e-comprehensive-categori-935a8-unition-Full-CRUD-Lifecycle-firefox/video.webm]]
]]>
</system-out>
</testcase>
<testcase name="Comprehensive Category Testing › Suppressors: Full CRUD Lifecycle" classname="e2e/comprehensive-categories.spec.ts" time="10.868">
<failure message="comprehensive-categories.spec.ts:49:5 Suppressors: Full CRUD Lifecycle" type="FAILURE">
<![CDATA[  [firefox] › e2e/comprehensive-categories.spec.ts:49:5 › Comprehensive Category Testing › Suppressors: Full CRUD Lifecycle 

    TimeoutError: page.waitForSelector: Timeout 10000ms exceeded.
    Call log:
      - waiting for locator('[data-testid="inventory-dashboard"]') to be visible


      4 |   test.beforeEach(async ({ page }) => {
      5 |     await page.goto('/');
    > 6 |     await page.waitForSelector('[data-testid="inventory-dashboard"]', { timeout: 10000 });
        |                ^
      7 |   });
      8 |
      9 |   const categories = [
        at /Users/ghogue/Library/CloudStorage/OneDrive-InsightfulOutcomes,LLC/IS-LTD/APPS/CaliberVaultII/src/test/e2e/comprehensive-categories.spec.ts:6:16

    attachment #1: screenshot (image/png) ──────────────────────────────────────────────────────────
    ../../test-results/e2e-comprehensive-categori-f0aea-ressors-Full-CRUD-Lifecycle-firefox/test-failed-1.png
    ────────────────────────────────────────────────────────────────────────────────────────────────

    attachment #2: video (video/webm) ──────────────────────────────────────────────────────────────
    ../../test-results/e2e-comprehensive-categori-f0aea-ressors-Full-CRUD-Lifecycle-firefox/video.webm
    ────────────────────────────────────────────────────────────────────────────────────────────────
]]>
</failure>
<system-out>
<![CDATA[
[[ATTACHMENT|e2e-comprehensive-categori-f0aea-ressors-Full-CRUD-Lifecycle-firefox/test-failed-1.png]]

[[ATTACHMENT|e2e-comprehensive-categori-f0aea-ressors-Full-CRUD-Lifecycle-firefox/video.webm]]
]]>
</system-out>
</testcase>
<testcase name="Comprehensive Category Testing › Magazines: Full CRUD Lifecycle" classname="e2e/comprehensive-categories.spec.ts" time="11.054">
<failure message="comprehensive-categories.spec.ts:49:5 Magazines: Full CRUD Lifecycle" type="FAILURE">
<![CDATA[  [firefox] › e2e/comprehensive-categories.spec.ts:49:5 › Comprehensive Category Testing › Magazines: Full CRUD Lifecycle 

    TimeoutError: page.waitForSelector: Timeout 10000ms exceeded.
    Call log:
      - waiting for locator('[data-testid="inventory-dashboard"]') to be visible


      4 |   test.beforeEach(async ({ page }) => {
      5 |     await page.goto('/');
    > 6 |     await page.waitForSelector('[data-testid="inventory-dashboard"]', { timeout: 10000 });
        |                ^
      7 |   });
      8 |
      9 |   const categories = [
        at /Users/ghogue/Library/CloudStorage/OneDrive-InsightfulOutcomes,LLC/IS-LTD/APPS/CaliberVaultII/src/test/e2e/comprehensive-categories.spec.ts:6:16

    attachment #1: screenshot (image/png) ──────────────────────────────────────────────────────────
    ../../test-results/e2e-comprehensive-categori-0030e-gazines-Full-CRUD-Lifecycle-firefox/test-failed-1.png
    ────────────────────────────────────────────────────────────────────────────────────────────────

    attachment #2: video (video/webm) ──────────────────────────────────────────────────────────────
    ../../test-results/e2e-comprehensive-categori-0030e-gazines-Full-CRUD-Lifecycle-firefox/video.webm
    ────────────────────────────────────────────────────────────────────────────────────────────────
]]>
</failure>
<system-out>
<![CDATA[
[[ATTACHMENT|e2e-comprehensive-categori-0030e-gazines-Full-CRUD-Lifecycle-firefox/test-failed-1.png]]

[[ATTACHMENT|e2e-comprehensive-categori-0030e-gazines-Full-CRUD-Lifecycle-firefox/video.webm]]
]]>
</system-out>
</testcase>
<testcase name="Comprehensive Category Testing › Accessories: Full CRUD Lifecycle" classname="e2e/comprehensive-categories.spec.ts" time="10.839">
<failure message="comprehensive-categories.spec.ts:49:5 Accessories: Full CRUD Lifecycle" type="FAILURE">
<![CDATA[  [firefox] › e2e/comprehensive-categories.spec.ts:49:5 › Comprehensive Category Testing › Accessories: Full CRUD Lifecycle 

    TimeoutError: page.waitForSelector: Timeout 10000ms exceeded.
    Call log:
      - waiting for locator('[data-testid="inventory-dashboard"]') to be visible


      4 |   test.beforeEach(async ({ page }) => {
      5 |     await page.goto('/');
    > 6 |     await page.waitForSelector('[data-testid="inventory-dashboard"]', { timeout: 10000 });
        |                ^
      7 |   });
      8 |
      9 |   const categories = [
        at /Users/ghogue/Library/CloudStorage/OneDrive-InsightfulOutcomes,LLC/IS-LTD/APPS/CaliberVaultII/src/test/e2e/comprehensive-categories.spec.ts:6:16

    attachment #1: screenshot (image/png) ──────────────────────────────────────────────────────────
    ../../test-results/e2e-comprehensive-categori-c7e32-ssories-Full-CRUD-Lifecycle-firefox/test-failed-1.png
    ────────────────────────────────────────────────────────────────────────────────────────────────

    attachment #2: video (video/webm) ──────────────────────────────────────────────────────────────
    ../../test-results/e2e-comprehensive-categori-c7e32-ssories-Full-CRUD-Lifecycle-firefox/video.webm
    ────────────────────────────────────────────────────────────────────────────────────────────────
]]>
</failure>
<system-out>
<![CDATA[
[[ATTACHMENT|e2e-comprehensive-categori-c7e32-ssories-Full-CRUD-Lifecycle-firefox/test-failed-1.png]]

[[ATTACHMENT|e2e-comprehensive-categori-c7e32-ssories-Full-CRUD-Lifecycle-firefox/video.webm]]
]]>
</system-out>
</testcase>
<testcase name="Comprehensive Category Testing › Reloading: Full CRUD Lifecycle" classname="e2e/comprehensive-categories.spec.ts" time="10.81">
<failure message="comprehensive-categories.spec.ts:49:5 Reloading: Full CRUD Lifecycle" type="FAILURE">
<![CDATA[  [firefox] › e2e/comprehensive-categories.spec.ts:49:5 › Comprehensive Category Testing › Reloading: Full CRUD Lifecycle 

    TimeoutError: page.waitForSelector: Timeout 10000ms exceeded.
    Call log:
      - waiting for locator('[data-testid="inventory-dashboard"]') to be visible


      4 |   test.beforeEach(async ({ page }) => {
      5 |     await page.goto('/');
    > 6 |     await page.waitForSelector('[data-testid="inventory-dashboard"]', { timeout: 10000 });
        |                ^
      7 |   });
      8 |
      9 |   const categories = [
        at /Users/ghogue/Library/CloudStorage/OneDrive-InsightfulOutcomes,LLC/IS-LTD/APPS/CaliberVaultII/src/test/e2e/comprehensive-categories.spec.ts:6:16

    attachment #1: screenshot (image/png) ──────────────────────────────────────────────────────────
    ../../test-results/e2e-comprehensive-categori-6d0c0-loading-Full-CRUD-Lifecycle-firefox/test-failed-1.png
    ────────────────────────────────────────────────────────────────────────────────────────────────

    attachment #2: video (video/webm) ──────────────────────────────────────────────────────────────
    ../../test-results/e2e-comprehensive-categori-6d0c0-loading-Full-CRUD-Lifecycle-firefox/video.webm
    ────────────────────────────────────────────────────────────────────────────────────────────────
]]>
</failure>
<system-out>
<![CDATA[
[[ATTACHMENT|e2e-comprehensive-categori-6d0c0-loading-Full-CRUD-Lifecycle-firefox/test-failed-1.png]]

[[ATTACHMENT|e2e-comprehensive-categori-6d0c0-loading-Full-CRUD-Lifecycle-firefox/video.webm]]
]]>
</system-out>
</testcase>
</testsuite>
<testsuite name="e2e/comprehensive-crud-all-categories.spec.ts" timestamp="2025-11-07T02:55:58.284Z" hostname="firefox" tests="42" failures="42" skipped="0" time="679.362" errors="0">
<testcase name="Comprehensive CRUD Tests - All Categories › Firearms › should create Firearms item" classname="e2e/comprehensive-crud-all-categories.spec.ts" time="30.038">
<failure message="comprehensive-crud-all-categories.spec.ts:24:7 should create Firearms item" type="FAILURE">
<![CDATA[  [firefox] › e2e/comprehensive-crud-all-categories.spec.ts:24:7 › Comprehensive CRUD Tests - All Categories › Firearms › should create Firearms item 

    Test timeout of 30000ms exceeded.

    Error: page.click: Test timeout of 30000ms exceeded.
    Call log:
      - waiting for locator('button:has-text("Add Item")')


      24 |       test(`should create ${category.name} item`, async ({ page }) => {
      25 |         // Click Add Item button
    > 26 |         await page.click('button:has-text("Add Item")');
         |                    ^
      27 |         
      28 |         // Select category
      29 |         await page.click(`text=${category.name}`);
        at /Users/ghogue/Library/CloudStorage/OneDrive-InsightfulOutcomes,LLC/IS-LTD/APPS/CaliberVaultII/src/test/e2e/comprehensive-crud-all-categories.spec.ts:26:20

    attachment #1: screenshot (image/png) ──────────────────────────────────────────────────────────
    ../../test-results/e2e-comprehensive-crud-all-666d1-should-create-Firearms-item-firefox/test-failed-1.png
    ────────────────────────────────────────────────────────────────────────────────────────────────

    attachment #2: video (video/webm) ──────────────────────────────────────────────────────────────
    ../../test-results/e2e-comprehensive-crud-all-666d1-should-create-Firearms-item-firefox/video.webm
    ────────────────────────────────────────────────────────────────────────────────────────────────
]]>
</failure>
<system-out>
<![CDATA[
[[ATTACHMENT|e2e-comprehensive-crud-all-666d1-should-create-Firearms-item-firefox/test-failed-1.png]]

[[ATTACHMENT|e2e-comprehensive-crud-all-666d1-should-create-Firearms-item-firefox/video.webm]]
]]>
</system-out>
</testcase>
<testcase name="Comprehensive CRUD Tests - All Categories › Firearms › should read Firearms item" classname="e2e/comprehensive-crud-all-categories.spec.ts" time="30.039">
<failure message="comprehensive-crud-all-categories.spec.ts:44:7 should read Firearms item" type="FAILURE">
<![CDATA[  [firefox] › e2e/comprehensive-crud-all-categories.spec.ts:44:7 › Comprehensive CRUD Tests - All Categories › Firearms › should read Firearms item 

    Test timeout of 30000ms exceeded.

    Error: page.click: Test timeout of 30000ms exceeded.
    Call log:
      - waiting for locator('button:has-text("Filter")')


      44 |       test(`should read ${category.name} item`, async ({ page }) => {
      45 |         // Filter by category
    > 46 |         await page.click('button:has-text("Filter")');
         |                    ^
      47 |         await page.click(`text=${category.name}`);
      48 |         
      49 |         // Verify items are displayed
        at /Users/ghogue/Library/CloudStorage/OneDrive-InsightfulOutcomes,LLC/IS-LTD/APPS/CaliberVaultII/src/test/e2e/comprehensive-crud-all-categories.spec.ts:46:20

    attachment #1: screenshot (image/png) ──────────────────────────────────────────────────────────
    ../../test-results/e2e-comprehensive-crud-all-02e86-s-should-read-Firearms-item-firefox/test-failed-1.png
    ────────────────────────────────────────────────────────────────────────────────────────────────

    attachment #2: video (video/webm) ──────────────────────────────────────────────────────────────
    ../../test-results/e2e-comprehensive-crud-all-02e86-s-should-read-Firearms-item-firefox/video.webm
    ────────────────────────────────────────────────────────────────────────────────────────────────
]]>
</failure>
<system-out>
<![CDATA[
[[ATTACHMENT|e2e-comprehensive-crud-all-02e86-s-should-read-Firearms-item-firefox/test-failed-1.png]]

[[ATTACHMENT|e2e-comprehensive-crud-all-02e86-s-should-read-Firearms-item-firefox/video.webm]]
]]>
</system-out>
</testcase>
<testcase name="Comprehensive CRUD Tests - All Categories › Firearms › should update Firearms item" classname="e2e/comprehensive-crud-all-categories.spec.ts" time="0.813">
<failure message="comprehensive-crud-all-categories.spec.ts:53:7 should update Firearms item" type="FAILURE">
<![CDATA[  [firefox] › e2e/comprehensive-crud-all-categories.spec.ts:53:7 › Comprehensive CRUD Tests - All Categories › Firearms › should update Firearms item 

    TypeError: page.click(...).first is not a function

      53 |       test(`should update ${category.name} item`, async ({ page }) => {
      54 |         // Click on first item
    > 55 |         await page.click('[data-testid="item-card"]').first();
         |                                                       ^
      56 |         
      57 |         // Click edit button
      58 |         await page.click('button:has-text("Edit")');
        at /Users/ghogue/Library/CloudStorage/OneDrive-InsightfulOutcomes,LLC/IS-LTD/APPS/CaliberVaultII/src/test/e2e/comprehensive-crud-all-categories.spec.ts:55:55

    Error: page.click: Test ended.
    Call log:
      - waiting for locator('[data-testid="item-card"]')


      53 |       test(`should update ${category.name} item`, async ({ page }) => {
      54 |         // Click on first item
    > 55 |         await page.click('[data-testid="item-card"]').first();
         |                    ^
      56 |         
      57 |         // Click edit button
      58 |         await page.click('button:has-text("Edit")');
        at /Users/ghogue/Library/CloudStorage/OneDrive-InsightfulOutcomes,LLC/IS-LTD/APPS/CaliberVaultII/src/test/e2e/comprehensive-crud-all-categories.spec.ts:55:20

    attachment #1: screenshot (image/png) ──────────────────────────────────────────────────────────
    ../../test-results/e2e-comprehensive-crud-all-c0418-should-update-Firearms-item-firefox/test-failed-1.png
    ────────────────────────────────────────────────────────────────────────────────────────────────
]]>
</failure>
<system-out>
<![CDATA[
[[ATTACHMENT|e2e-comprehensive-crud-all-c0418-should-update-Firearms-item-firefox/test-failed-1.png]]
]]>
</system-out>
</testcase>
<testcase name="Comprehensive CRUD Tests - All Categories › Firearms › should delete Firearms item" classname="e2e/comprehensive-crud-all-categories.spec.ts" time="0.896">
<failure message="comprehensive-crud-all-categories.spec.ts:72:7 should delete Firearms item" type="FAILURE">
<![CDATA[  [firefox] › e2e/comprehensive-crud-all-categories.spec.ts:72:7 › Comprehensive CRUD Tests - All Categories › Firearms › should delete Firearms item 

    TypeError: page.click(...).first is not a function

      72 |       test(`should delete ${category.name} item`, async ({ page }) => {
      73 |         // Click on first item
    > 74 |         await page.click('[data-testid="item-card"]').first();
         |                                                       ^
      75 |         
      76 |         // Click delete button
      77 |         await page.click('button:has-text("Delete")');
        at /Users/ghogue/Library/CloudStorage/OneDrive-InsightfulOutcomes,LLC/IS-LTD/APPS/CaliberVaultII/src/test/e2e/comprehensive-crud-all-categories.spec.ts:74:55

    Error: page.click: Test ended.
    Call log:
      - waiting for locator('[data-testid="item-card"]')


      72 |       test(`should delete ${category.name} item`, async ({ page }) => {
      73 |         // Click on first item
    > 74 |         await page.click('[data-testid="item-card"]').first();
         |                    ^
      75 |         
      76 |         // Click delete button
      77 |         await page.click('button:has-text("Delete")');
        at /Users/ghogue/Library/CloudStorage/OneDrive-InsightfulOutcomes,LLC/IS-LTD/APPS/CaliberVaultII/src/test/e2e/comprehensive-crud-all-categories.spec.ts:74:20

    attachment #1: screenshot (image/png) ──────────────────────────────────────────────────────────
    ../../test-results/e2e-comprehensive-crud-all-4449d-should-delete-Firearms-item-firefox/test-failed-1.png
    ────────────────────────────────────────────────────────────────────────────────────────────────
]]>
</failure>
<system-out>
<![CDATA[
[[ATTACHMENT|e2e-comprehensive-crud-all-4449d-should-delete-Firearms-item-firefox/test-failed-1.png]]
]]>
</system-out>
</testcase>
<testcase name="Comprehensive CRUD Tests - All Categories › Ammunition › should create Ammunition item" classname="e2e/comprehensive-crud-all-categories.spec.ts" time="30.149">
<failure message="comprehensive-crud-all-categories.spec.ts:24:7 should create Ammunition item" type="FAILURE">
<![CDATA[  [firefox] › e2e/comprehensive-crud-all-categories.spec.ts:24:7 › Comprehensive CRUD Tests - All Categories › Ammunition › should create Ammunition item 

    Test timeout of 30000ms exceeded.

    Error: page.click: Test timeout of 30000ms exceeded.
    Call log:
      - waiting for locator('button:has-text("Add Item")')


      24 |       test(`should create ${category.name} item`, async ({ page }) => {
      25 |         // Click Add Item button
    > 26 |         await page.click('button:has-text("Add Item")');
         |                    ^
      27 |         
      28 |         // Select category
      29 |         await page.click(`text=${category.name}`);
        at /Users/ghogue/Library/CloudStorage/OneDrive-InsightfulOutcomes,LLC/IS-LTD/APPS/CaliberVaultII/src/test/e2e/comprehensive-crud-all-categories.spec.ts:26:20

    attachment #1: screenshot (image/png) ──────────────────────────────────────────────────────────
    ../../test-results/e2e-comprehensive-crud-all-57a4a-ould-create-Ammunition-item-firefox/test-failed-1.png
    ────────────────────────────────────────────────────────────────────────────────────────────────

    attachment #2: video (video/webm) ──────────────────────────────────────────────────────────────
    ../../test-results/e2e-comprehensive-crud-all-57a4a-ould-create-Ammunition-item-firefox/video.webm
    ────────────────────────────────────────────────────────────────────────────────────────────────
]]>
</failure>
<system-out>
<![CDATA[
[[ATTACHMENT|e2e-comprehensive-crud-all-57a4a-ould-create-Ammunition-item-firefox/test-failed-1.png]]

[[ATTACHMENT|e2e-comprehensive-crud-all-57a4a-ould-create-Ammunition-item-firefox/video.webm]]
]]>
</system-out>
</testcase>
<testcase name="Comprehensive CRUD Tests - All Categories › Ammunition › should read Ammunition item" classname="e2e/comprehensive-crud-all-categories.spec.ts" time="30.046">
<failure message="comprehensive-crud-all-categories.spec.ts:44:7 should read Ammunition item" type="FAILURE">
<![CDATA[  [firefox] › e2e/comprehensive-crud-all-categories.spec.ts:44:7 › Comprehensive CRUD Tests - All Categories › Ammunition › should read Ammunition item 

    Test timeout of 30000ms exceeded.

    Error: page.click: Test timeout of 30000ms exceeded.
    Call log:
      - waiting for locator('button:has-text("Filter")')


      44 |       test(`should read ${category.name} item`, async ({ page }) => {
      45 |         // Filter by category
    > 46 |         await page.click('button:has-text("Filter")');
         |                    ^
      47 |         await page.click(`text=${category.name}`);
      48 |         
      49 |         // Verify items are displayed
        at /Users/ghogue/Library/CloudStorage/OneDrive-InsightfulOutcomes,LLC/IS-LTD/APPS/CaliberVaultII/src/test/e2e/comprehensive-crud-all-categories.spec.ts:46:20

    attachment #1: screenshot (image/png) ──────────────────────────────────────────────────────────
    ../../test-results/e2e-comprehensive-crud-all-09f37-should-read-Ammunition-item-firefox/test-failed-1.png
    ────────────────────────────────────────────────────────────────────────────────────────────────

    attachment #2: video (video/webm) ──────────────────────────────────────────────────────────────
    ../../test-results/e2e-comprehensive-crud-all-09f37-should-read-Ammunition-item-firefox/video.webm
    ────────────────────────────────────────────────────────────────────────────────────────────────
]]>
</failure>
<system-out>
<![CDATA[
[[ATTACHMENT|e2e-comprehensive-crud-all-09f37-should-read-Ammunition-item-firefox/test-failed-1.png]]

[[ATTACHMENT|e2e-comprehensive-crud-all-09f37-should-read-Ammunition-item-firefox/video.webm]]
]]>
</system-out>
</testcase>
<testcase name="Comprehensive CRUD Tests - All Categories › Ammunition › should update Ammunition item" classname="e2e/comprehensive-crud-all-categories.spec.ts" time="1.029">
<failure message="comprehensive-crud-all-categories.spec.ts:53:7 should update Ammunition item" type="FAILURE">
<![CDATA[  [firefox] › e2e/comprehensive-crud-all-categories.spec.ts:53:7 › Comprehensive CRUD Tests - All Categories › Ammunition › should update Ammunition item 

    TypeError: page.click(...).first is not a function

      53 |       test(`should update ${category.name} item`, async ({ page }) => {
      54 |         // Click on first item
    > 55 |         await page.click('[data-testid="item-card"]').first();
         |                                                       ^
      56 |         
      57 |         // Click edit button
      58 |         await page.click('button:has-text("Edit")');
        at /Users/ghogue/Library/CloudStorage/OneDrive-InsightfulOutcomes,LLC/IS-LTD/APPS/CaliberVaultII/src/test/e2e/comprehensive-crud-all-categories.spec.ts:55:55

    Error: page.click: Test ended.
    Call log:
      - waiting for locator('[data-testid="item-card"]')


      53 |       test(`should update ${category.name} item`, async ({ page }) => {
      54 |         // Click on first item
    > 55 |         await page.click('[data-testid="item-card"]').first();
         |                    ^
      56 |         
      57 |         // Click edit button
      58 |         await page.click('button:has-text("Edit")');
        at /Users/ghogue/Library/CloudStorage/OneDrive-InsightfulOutcomes,LLC/IS-LTD/APPS/CaliberVaultII/src/test/e2e/comprehensive-crud-all-categories.spec.ts:55:20

    attachment #1: screenshot (image/png) ──────────────────────────────────────────────────────────
    ../../test-results/e2e-comprehensive-crud-all-0b99f-ould-update-Ammunition-item-firefox/test-failed-1.png
    ────────────────────────────────────────────────────────────────────────────────────────────────
]]>
</failure>
<system-out>
<![CDATA[
[[ATTACHMENT|e2e-comprehensive-crud-all-0b99f-ould-update-Ammunition-item-firefox/test-failed-1.png]]
]]>
</system-out>
</testcase>
<testcase name="Comprehensive CRUD Tests - All Categories › Ammunition › should delete Ammunition item" classname="e2e/comprehensive-crud-all-categories.spec.ts" time="0.983">
<failure message="comprehensive-crud-all-categories.spec.ts:72:7 should delete Ammunition item" type="FAILURE">
<![CDATA[  [firefox] › e2e/comprehensive-crud-all-categories.spec.ts:72:7 › Comprehensive CRUD Tests - All Categories › Ammunition › should delete Ammunition item 

    TypeError: page.click(...).first is not a function

      72 |       test(`should delete ${category.name} item`, async ({ page }) => {
      73 |         // Click on first item
    > 74 |         await page.click('[data-testid="item-card"]').first();
         |                                                       ^
      75 |         
      76 |         // Click delete button
      77 |         await page.click('button:has-text("Delete")');
        at /Users/ghogue/Library/CloudStorage/OneDrive-InsightfulOutcomes,LLC/IS-LTD/APPS/CaliberVaultII/src/test/e2e/comprehensive-crud-all-categories.spec.ts:74:55

    Error: page.click: Test ended.
    Call log:
      - waiting for locator('[data-testid="item-card"]')


      72 |       test(`should delete ${category.name} item`, async ({ page }) => {
      73 |         // Click on first item
    > 74 |         await page.click('[data-testid="item-card"]').first();
         |                    ^
      75 |         
      76 |         // Click delete button
      77 |         await page.click('button:has-text("Delete")');
        at /Users/ghogue/Library/CloudStorage/OneDrive-InsightfulOutcomes,LLC/IS-LTD/APPS/CaliberVaultII/src/test/e2e/comprehensive-crud-all-categories.spec.ts:74:20

    attachment #1: screenshot (image/png) ──────────────────────────────────────────────────────────
    ../../test-results/e2e-comprehensive-crud-all-16a84-ould-delete-Ammunition-item-firefox/test-failed-1.png
    ────────────────────────────────────────────────────────────────────────────────────────────────
]]>
</failure>
<system-out>
<![CDATA[
[[ATTACHMENT|e2e-comprehensive-crud-all-16a84-ould-delete-Ammunition-item-firefox/test-failed-1.png]]
]]>
</system-out>
</testcase>
<testcase name="Comprehensive CRUD Tests - All Categories › Optics › should create Optics item" classname="e2e/comprehensive-crud-all-categories.spec.ts" time="30.046">
<failure message="comprehensive-crud-all-categories.spec.ts:24:7 should create Optics item" type="FAILURE">
<![CDATA[  [firefox] › e2e/comprehensive-crud-all-categories.spec.ts:24:7 › Comprehensive CRUD Tests - All Categories › Optics › should create Optics item 

    Test timeout of 30000ms exceeded.

    Error: page.click: Test timeout of 30000ms exceeded.
    Call log:
      - waiting for locator('button:has-text("Add Item")')


      24 |       test(`should create ${category.name} item`, async ({ page }) => {
      25 |         // Click Add Item button
    > 26 |         await page.click('button:has-text("Add Item")');
         |                    ^
      27 |         
      28 |         // Select category
      29 |         await page.click(`text=${category.name}`);
        at /Users/ghogue/Library/CloudStorage/OneDrive-InsightfulOutcomes,LLC/IS-LTD/APPS/CaliberVaultII/src/test/e2e/comprehensive-crud-all-categories.spec.ts:26:20

    attachment #1: screenshot (image/png) ──────────────────────────────────────────────────────────
    ../../test-results/e2e-comprehensive-crud-all-04dce-s-should-create-Optics-item-firefox/test-failed-1.png
    ────────────────────────────────────────────────────────────────────────────────────────────────

    attachment #2: video (video/webm) ──────────────────────────────────────────────────────────────
    ../../test-results/e2e-comprehensive-crud-all-04dce-s-should-create-Optics-item-firefox/video.webm
    ────────────────────────────────────────────────────────────────────────────────────────────────
]]>
</failure>
<system-out>
<![CDATA[
[[ATTACHMENT|e2e-comprehensive-crud-all-04dce-s-should-create-Optics-item-firefox/test-failed-1.png]]

[[ATTACHMENT|e2e-comprehensive-crud-all-04dce-s-should-create-Optics-item-firefox/video.webm]]
]]>
</system-out>
</testcase>
<testcase name="Comprehensive CRUD Tests - All Categories › Optics › should read Optics item" classname="e2e/comprehensive-crud-all-categories.spec.ts" time="30.046">
<failure message="comprehensive-crud-all-categories.spec.ts:44:7 should read Optics item" type="FAILURE">
<![CDATA[  [firefox] › e2e/comprehensive-crud-all-categories.spec.ts:44:7 › Comprehensive CRUD Tests - All Categories › Optics › should read Optics item 

    Test timeout of 30000ms exceeded.

    Error: page.click: Test timeout of 30000ms exceeded.
    Call log:
      - waiting for locator('button:has-text("Filter")')


      44 |       test(`should read ${category.name} item`, async ({ page }) => {
      45 |         // Filter by category
    > 46 |         await page.click('button:has-text("Filter")');
         |                    ^
      47 |         await page.click(`text=${category.name}`);
      48 |         
      49 |         // Verify items are displayed
        at /Users/ghogue/Library/CloudStorage/OneDrive-InsightfulOutcomes,LLC/IS-LTD/APPS/CaliberVaultII/src/test/e2e/comprehensive-crud-all-categories.spec.ts:46:20

    attachment #1: screenshot (image/png) ──────────────────────────────────────────────────────────
    ../../test-results/e2e-comprehensive-crud-all-c4d05-ics-should-read-Optics-item-firefox/test-failed-1.png
    ────────────────────────────────────────────────────────────────────────────────────────────────

    attachment #2: video (video/webm) ──────────────────────────────────────────────────────────────
    ../../test-results/e2e-comprehensive-crud-all-c4d05-ics-should-read-Optics-item-firefox/video.webm
    ────────────────────────────────────────────────────────────────────────────────────────────────
]]>
</failure>
<system-out>
<![CDATA[
[[ATTACHMENT|e2e-comprehensive-crud-all-c4d05-ics-should-read-Optics-item-firefox/test-failed-1.png]]

[[ATTACHMENT|e2e-comprehensive-crud-all-c4d05-ics-should-read-Optics-item-firefox/video.webm]]
]]>
</system-out>
</testcase>
<testcase name="Comprehensive CRUD Tests - All Categories › Optics › should update Optics item" classname="e2e/comprehensive-crud-all-categories.spec.ts" time="0.831">
<failure message="comprehensive-crud-all-categories.spec.ts:53:7 should update Optics item" type="FAILURE">
<![CDATA[  [firefox] › e2e/comprehensive-crud-all-categories.spec.ts:53:7 › Comprehensive CRUD Tests - All Categories › Optics › should update Optics item 

    TypeError: page.click(...).first is not a function

      53 |       test(`should update ${category.name} item`, async ({ page }) => {
      54 |         // Click on first item
    > 55 |         await page.click('[data-testid="item-card"]').first();
         |                                                       ^
      56 |         
      57 |         // Click edit button
      58 |         await page.click('button:has-text("Edit")');
        at /Users/ghogue/Library/CloudStorage/OneDrive-InsightfulOutcomes,LLC/IS-LTD/APPS/CaliberVaultII/src/test/e2e/comprehensive-crud-all-categories.spec.ts:55:55

    Error: page.click: Test ended.
    Call log:
      - waiting for locator('[data-testid="item-card"]')


      53 |       test(`should update ${category.name} item`, async ({ page }) => {
      54 |         // Click on first item
    > 55 |         await page.click('[data-testid="item-card"]').first();
         |                    ^
      56 |         
      57 |         // Click edit button
      58 |         await page.click('button:has-text("Edit")');
        at /Users/ghogue/Library/CloudStorage/OneDrive-InsightfulOutcomes,LLC/IS-LTD/APPS/CaliberVaultII/src/test/e2e/comprehensive-crud-all-categories.spec.ts:55:20

    attachment #1: screenshot (image/png) ──────────────────────────────────────────────────────────
    ../../test-results/e2e-comprehensive-crud-all-23546-s-should-update-Optics-item-firefox/test-failed-1.png
    ────────────────────────────────────────────────────────────────────────────────────────────────
]]>
</failure>
<system-out>
<![CDATA[
[[ATTACHMENT|e2e-comprehensive-crud-all-23546-s-should-update-Optics-item-firefox/test-failed-1.png]]
]]>
</system-out>
</testcase>
<testcase name="Comprehensive CRUD Tests - All Categories › Optics › should delete Optics item" classname="e2e/comprehensive-crud-all-categories.spec.ts" time="0.839">
<failure message="comprehensive-crud-all-categories.spec.ts:72:7 should delete Optics item" type="FAILURE">
<![CDATA[  [firefox] › e2e/comprehensive-crud-all-categories.spec.ts:72:7 › Comprehensive CRUD Tests - All Categories › Optics › should delete Optics item 

    TypeError: page.click(...).first is not a function

      72 |       test(`should delete ${category.name} item`, async ({ page }) => {
      73 |         // Click on first item
    > 74 |         await page.click('[data-testid="item-card"]').first();
         |                                                       ^
      75 |         
      76 |         // Click delete button
      77 |         await page.click('button:has-text("Delete")');
        at /Users/ghogue/Library/CloudStorage/OneDrive-InsightfulOutcomes,LLC/IS-LTD/APPS/CaliberVaultII/src/test/e2e/comprehensive-crud-all-categories.spec.ts:74:55

    Error: page.click: Test ended.
    Call log:
      - waiting for locator('[data-testid="item-card"]')


      72 |       test(`should delete ${category.name} item`, async ({ page }) => {
      73 |         // Click on first item
    > 74 |         await page.click('[data-testid="item-card"]').first();
         |                    ^
      75 |         
      76 |         // Click delete button
      77 |         await page.click('button:has-text("Delete")');
        at /Users/ghogue/Library/CloudStorage/OneDrive-InsightfulOutcomes,LLC/IS-LTD/APPS/CaliberVaultII/src/test/e2e/comprehensive-crud-all-categories.spec.ts:74:20

    attachment #1: screenshot (image/png) ──────────────────────────────────────────────────────────
    ../../test-results/e2e-comprehensive-crud-all-acf36-s-should-delete-Optics-item-firefox/test-failed-1.png
    ────────────────────────────────────────────────────────────────────────────────────────────────
]]>
</failure>
<system-out>
<![CDATA[
[[ATTACHMENT|e2e-comprehensive-crud-all-acf36-s-should-delete-Optics-item-firefox/test-failed-1.png]]
]]>
</system-out>
</testcase>
<testcase name="Comprehensive CRUD Tests - All Categories › Magazines › should create Magazines item" classname="e2e/comprehensive-crud-all-categories.spec.ts" time="30.048">
<failure message="comprehensive-crud-all-categories.spec.ts:24:7 should create Magazines item" type="FAILURE">
<![CDATA[  [firefox] › e2e/comprehensive-crud-all-categories.spec.ts:24:7 › Comprehensive CRUD Tests - All Categories › Magazines › should create Magazines item 

    Test timeout of 30000ms exceeded.

    Error: page.click: Test timeout of 30000ms exceeded.
    Call log:
      - waiting for locator('button:has-text("Add Item")')


      24 |       test(`should create ${category.name} item`, async ({ page }) => {
      25 |         // Click Add Item button
    > 26 |         await page.click('button:has-text("Add Item")');
         |                    ^
      27 |         
      28 |         // Select category
      29 |         await page.click(`text=${category.name}`);
        at /Users/ghogue/Library/CloudStorage/OneDrive-InsightfulOutcomes,LLC/IS-LTD/APPS/CaliberVaultII/src/test/e2e/comprehensive-crud-all-categories.spec.ts:26:20

    attachment #1: screenshot (image/png) ──────────────────────────────────────────────────────────
    ../../test-results/e2e-comprehensive-crud-all-11669-hould-create-Magazines-item-firefox/test-failed-1.png
    ────────────────────────────────────────────────────────────────────────────────────────────────

    attachment #2: video (video/webm) ──────────────────────────────────────────────────────────────
    ../../test-results/e2e-comprehensive-crud-all-11669-hould-create-Magazines-item-firefox/video.webm
    ────────────────────────────────────────────────────────────────────────────────────────────────
]]>
</failure>
<system-out>
<![CDATA[
[[ATTACHMENT|e2e-comprehensive-crud-all-11669-hould-create-Magazines-item-firefox/test-failed-1.png]]

[[ATTACHMENT|e2e-comprehensive-crud-all-11669-hould-create-Magazines-item-firefox/video.webm]]
]]>
</system-out>
</testcase>
<testcase name="Comprehensive CRUD Tests - All Categories › Magazines › should read Magazines item" classname="e2e/comprehensive-crud-all-categories.spec.ts" time="30.058">
<failure message="comprehensive-crud-all-categories.spec.ts:44:7 should read Magazines item" type="FAILURE">
<![CDATA[  [firefox] › e2e/comprehensive-crud-all-categories.spec.ts:44:7 › Comprehensive CRUD Tests - All Categories › Magazines › should read Magazines item 

    Test timeout of 30000ms exceeded.

    Error: page.click: Test timeout of 30000ms exceeded.
    Call log:
      - waiting for locator('button:has-text("Filter")')
        - waiting for navigation to finish...
        - navigated to "http://localhost:5173/"


      44 |       test(`should read ${category.name} item`, async ({ page }) => {
      45 |         // Filter by category
    > 46 |         await page.click('button:has-text("Filter")');
         |                    ^
      47 |         await page.click(`text=${category.name}`);
      48 |         
      49 |         // Verify items are displayed
        at /Users/ghogue/Library/CloudStorage/OneDrive-InsightfulOutcomes,LLC/IS-LTD/APPS/CaliberVaultII/src/test/e2e/comprehensive-crud-all-categories.spec.ts:46:20

    attachment #1: screenshot (image/png) ──────────────────────────────────────────────────────────
    ../../test-results/e2e-comprehensive-crud-all-2b1c4--should-read-Magazines-item-firefox/test-failed-1.png
    ────────────────────────────────────────────────────────────────────────────────────────────────

    attachment #2: video (video/webm) ──────────────────────────────────────────────────────────────
    ../../test-results/e2e-comprehensive-crud-all-2b1c4--should-read-Magazines-item-firefox/video.webm
    ────────────────────────────────────────────────────────────────────────────────────────────────
]]>
</failure>
<system-out>
<![CDATA[
[[ATTACHMENT|e2e-comprehensive-crud-all-2b1c4--should-read-Magazines-item-firefox/test-failed-1.png]]

[[ATTACHMENT|e2e-comprehensive-crud-all-2b1c4--should-read-Magazines-item-firefox/video.webm]]
]]>
</system-out>
</testcase>
<testcase name="Comprehensive CRUD Tests - All Categories › Magazines › should update Magazines item" classname="e2e/comprehensive-crud-all-categories.spec.ts" time="0.826">
<failure message="comprehensive-crud-all-categories.spec.ts:53:7 should update Magazines item" type="FAILURE">
<![CDATA[  [firefox] › e2e/comprehensive-crud-all-categories.spec.ts:53:7 › Comprehensive CRUD Tests - All Categories › Magazines › should update Magazines item 

    TypeError: page.click(...).first is not a function

      53 |       test(`should update ${category.name} item`, async ({ page }) => {
      54 |         // Click on first item
    > 55 |         await page.click('[data-testid="item-card"]').first();
         |                                                       ^
      56 |         
      57 |         // Click edit button
      58 |         await page.click('button:has-text("Edit")');
        at /Users/ghogue/Library/CloudStorage/OneDrive-InsightfulOutcomes,LLC/IS-LTD/APPS/CaliberVaultII/src/test/e2e/comprehensive-crud-all-categories.spec.ts:55:55

    Error: page.click: Test ended.
    Call log:
      - waiting for locator('[data-testid="item-card"]')


      53 |       test(`should update ${category.name} item`, async ({ page }) => {
      54 |         // Click on first item
    > 55 |         await page.click('[data-testid="item-card"]').first();
         |                    ^
      56 |         
      57 |         // Click edit button
      58 |         await page.click('button:has-text("Edit")');
        at /Users/ghogue/Library/CloudStorage/OneDrive-InsightfulOutcomes,LLC/IS-LTD/APPS/CaliberVaultII/src/test/e2e/comprehensive-crud-all-categories.spec.ts:55:20

    attachment #1: screenshot (image/png) ──────────────────────────────────────────────────────────
    ../../test-results/e2e-comprehensive-crud-all-fb515-hould-update-Magazines-item-firefox/test-failed-1.png
    ────────────────────────────────────────────────────────────────────────────────────────────────
]]>
</failure>
<system-out>
<![CDATA[
[[ATTACHMENT|e2e-comprehensive-crud-all-fb515-hould-update-Magazines-item-firefox/test-failed-1.png]]
]]>
</system-out>
</testcase>
<testcase name="Comprehensive CRUD Tests - All Categories › Magazines › should delete Magazines item" classname="e2e/comprehensive-crud-all-categories.spec.ts" time="0.811">
<failure message="comprehensive-crud-all-categories.spec.ts:72:7 should delete Magazines item" type="FAILURE">
<![CDATA[  [firefox] › e2e/comprehensive-crud-all-categories.spec.ts:72:7 › Comprehensive CRUD Tests - All Categories › Magazines › should delete Magazines item 

    TypeError: page.click(...).first is not a function

      72 |       test(`should delete ${category.name} item`, async ({ page }) => {
      73 |         // Click on first item
    > 74 |         await page.click('[data-testid="item-card"]').first();
         |                                                       ^
      75 |         
      76 |         // Click delete button
      77 |         await page.click('button:has-text("Delete")');
        at /Users/ghogue/Library/CloudStorage/OneDrive-InsightfulOutcomes,LLC/IS-LTD/APPS/CaliberVaultII/src/test/e2e/comprehensive-crud-all-categories.spec.ts:74:55

    Error: page.click: Test ended.
    Call log:
      - waiting for locator('[data-testid="item-card"]')


      72 |       test(`should delete ${category.name} item`, async ({ page }) => {
      73 |         // Click on first item
    > 74 |         await page.click('[data-testid="item-card"]').first();
         |                    ^
      75 |         
      76 |         // Click delete button
      77 |         await page.click('button:has-text("Delete")');
        at /Users/ghogue/Library/CloudStorage/OneDrive-InsightfulOutcomes,LLC/IS-LTD/APPS/CaliberVaultII/src/test/e2e/comprehensive-crud-all-categories.spec.ts:74:20

    attachment #1: screenshot (image/png) ──────────────────────────────────────────────────────────
    ../../test-results/e2e-comprehensive-crud-all-71bbd-hould-delete-Magazines-item-firefox/test-failed-1.png
    ────────────────────────────────────────────────────────────────────────────────────────────────
]]>
</failure>
<system-out>
<![CDATA[
[[ATTACHMENT|e2e-comprehensive-crud-all-71bbd-hould-delete-Magazines-item-firefox/test-failed-1.png]]
]]>
</system-out>
</testcase>
<testcase name="Comprehensive CRUD Tests - All Categories › Accessories › should create Accessories item" classname="e2e/comprehensive-crud-all-categories.spec.ts" time="30.043">
<failure message="comprehensive-crud-all-categories.spec.ts:24:7 should create Accessories item" type="FAILURE">
<![CDATA[  [firefox] › e2e/comprehensive-crud-all-categories.spec.ts:24:7 › Comprehensive CRUD Tests - All Categories › Accessories › should create Accessories item 

    Test timeout of 30000ms exceeded.

    Error: page.click: Test timeout of 30000ms exceeded.
    Call log:
      - waiting for locator('button:has-text("Add Item")')


      24 |       test(`should create ${category.name} item`, async ({ page }) => {
      25 |         // Click Add Item button
    > 26 |         await page.click('button:has-text("Add Item")');
         |                    ^
      27 |         
      28 |         // Select category
      29 |         await page.click(`text=${category.name}`);
        at /Users/ghogue/Library/CloudStorage/OneDrive-InsightfulOutcomes,LLC/IS-LTD/APPS/CaliberVaultII/src/test/e2e/comprehensive-crud-all-categories.spec.ts:26:20

    attachment #1: screenshot (image/png) ──────────────────────────────────────────────────────────
    ../../test-results/e2e-comprehensive-crud-all-598d0-uld-create-Accessories-item-firefox/test-failed-1.png
    ────────────────────────────────────────────────────────────────────────────────────────────────

    attachment #2: video (video/webm) ──────────────────────────────────────────────────────────────
    ../../test-results/e2e-comprehensive-crud-all-598d0-uld-create-Accessories-item-firefox/video.webm
    ────────────────────────────────────────────────────────────────────────────────────────────────
]]>
</failure>
<system-out>
<![CDATA[
[[ATTACHMENT|e2e-comprehensive-crud-all-598d0-uld-create-Accessories-item-firefox/test-failed-1.png]]

[[ATTACHMENT|e2e-comprehensive-crud-all-598d0-uld-create-Accessories-item-firefox/video.webm]]
]]>
</system-out>
</testcase>
<testcase name="Comprehensive CRUD Tests - All Categories › Accessories › should read Accessories item" classname="e2e/comprehensive-crud-all-categories.spec.ts" time="30.035">
<failure message="comprehensive-crud-all-categories.spec.ts:44:7 should read Accessories item" type="FAILURE">
<![CDATA[  [firefox] › e2e/comprehensive-crud-all-categories.spec.ts:44:7 › Comprehensive CRUD Tests - All Categories › Accessories › should read Accessories item 

    Test timeout of 30000ms exceeded.

    Error: page.click: Test timeout of 30000ms exceeded.
    Call log:
      - waiting for locator('button:has-text("Filter")')


      44 |       test(`should read ${category.name} item`, async ({ page }) => {
      45 |         // Filter by category
    > 46 |         await page.click('button:has-text("Filter")');
         |                    ^
      47 |         await page.click(`text=${category.name}`);
      48 |         
      49 |         // Verify items are displayed
        at /Users/ghogue/Library/CloudStorage/OneDrive-InsightfulOutcomes,LLC/IS-LTD/APPS/CaliberVaultII/src/test/e2e/comprehensive-crud-all-categories.spec.ts:46:20

    attachment #1: screenshot (image/png) ──────────────────────────────────────────────────────────
    ../../test-results/e2e-comprehensive-crud-all-67c34-hould-read-Accessories-item-firefox/test-failed-1.png
    ────────────────────────────────────────────────────────────────────────────────────────────────

    attachment #2: video (video/webm) ──────────────────────────────────────────────────────────────
    ../../test-results/e2e-comprehensive-crud-all-67c34-hould-read-Accessories-item-firefox/video.webm
    ────────────────────────────────────────────────────────────────────────────────────────────────
]]>
</failure>
<system-out>
<![CDATA[
[[ATTACHMENT|e2e-comprehensive-crud-all-67c34-hould-read-Accessories-item-firefox/test-failed-1.png]]

[[ATTACHMENT|e2e-comprehensive-crud-all-67c34-hould-read-Accessories-item-firefox/video.webm]]
]]>
</system-out>
</testcase>
<testcase name="Comprehensive CRUD Tests - All Categories › Accessories › should update Accessories item" classname="e2e/comprehensive-crud-all-categories.spec.ts" time="0.847">
<failure message="comprehensive-crud-all-categories.spec.ts:53:7 should update Accessories item" type="FAILURE">
<![CDATA[  [firefox] › e2e/comprehensive-crud-all-categories.spec.ts:53:7 › Comprehensive CRUD Tests - All Categories › Accessories › should update Accessories item 

    TypeError: page.click(...).first is not a function

      53 |       test(`should update ${category.name} item`, async ({ page }) => {
      54 |         // Click on first item
    > 55 |         await page.click('[data-testid="item-card"]').first();
         |                                                       ^
      56 |         
      57 |         // Click edit button
      58 |         await page.click('button:has-text("Edit")');
        at /Users/ghogue/Library/CloudStorage/OneDrive-InsightfulOutcomes,LLC/IS-LTD/APPS/CaliberVaultII/src/test/e2e/comprehensive-crud-all-categories.spec.ts:55:55

    Error: page.click: Test ended.
    Call log:
      - waiting for locator('[data-testid="item-card"]')


      53 |       test(`should update ${category.name} item`, async ({ page }) => {
      54 |         // Click on first item
    > 55 |         await page.click('[data-testid="item-card"]').first();
         |                    ^
      56 |         
      57 |         // Click edit button
      58 |         await page.click('button:has-text("Edit")');
        at /Users/ghogue/Library/CloudStorage/OneDrive-InsightfulOutcomes,LLC/IS-LTD/APPS/CaliberVaultII/src/test/e2e/comprehensive-crud-all-categories.spec.ts:55:20

    attachment #1: screenshot (image/png) ──────────────────────────────────────────────────────────
    ../../test-results/e2e-comprehensive-crud-all-18004-uld-update-Accessories-item-firefox/test-failed-1.png
    ────────────────────────────────────────────────────────────────────────────────────────────────
]]>
</failure>
<system-out>
<![CDATA[
[[ATTACHMENT|e2e-comprehensive-crud-all-18004-uld-update-Accessories-item-firefox/test-failed-1.png]]
]]>
</system-out>
</testcase>
<testcase name="Comprehensive CRUD Tests - All Categories › Accessories › should delete Accessories item" classname="e2e/comprehensive-crud-all-categories.spec.ts" time="0.865">
<failure message="comprehensive-crud-all-categories.spec.ts:72:7 should delete Accessories item" type="FAILURE">
<![CDATA[  [firefox] › e2e/comprehensive-crud-all-categories.spec.ts:72:7 › Comprehensive CRUD Tests - All Categories › Accessories › should delete Accessories item 

    TypeError: page.click(...).first is not a function

      72 |       test(`should delete ${category.name} item`, async ({ page }) => {
      73 |         // Click on first item
    > 74 |         await page.click('[data-testid="item-card"]').first();
         |                                                       ^
      75 |         
      76 |         // Click delete button
      77 |         await page.click('button:has-text("Delete")');
        at /Users/ghogue/Library/CloudStorage/OneDrive-InsightfulOutcomes,LLC/IS-LTD/APPS/CaliberVaultII/src/test/e2e/comprehensive-crud-all-categories.spec.ts:74:55

    Error: page.click: Test ended.
    Call log:
      - waiting for locator('[data-testid="item-card"]')


      72 |       test(`should delete ${category.name} item`, async ({ page }) => {
      73 |         // Click on first item
    > 74 |         await page.click('[data-testid="item-card"]').first();
         |                    ^
      75 |         
      76 |         // Click delete button
      77 |         await page.click('button:has-text("Delete")');
        at /Users/ghogue/Library/CloudStorage/OneDrive-InsightfulOutcomes,LLC/IS-LTD/APPS/CaliberVaultII/src/test/e2e/comprehensive-crud-all-categories.spec.ts:74:20

    attachment #1: screenshot (image/png) ──────────────────────────────────────────────────────────
    ../../test-results/e2e-comprehensive-crud-all-bd5d8-uld-delete-Accessories-item-firefox/test-failed-1.png
    ────────────────────────────────────────────────────────────────────────────────────────────────
]]>
</failure>
<system-out>
<![CDATA[
[[ATTACHMENT|e2e-comprehensive-crud-all-bd5d8-uld-delete-Accessories-item-firefox/test-failed-1.png]]
]]>
</system-out>
</testcase>
<testcase name="Comprehensive CRUD Tests - All Categories › Suppressors › should create Suppressors item" classname="e2e/comprehensive-crud-all-categories.spec.ts" time="30.04">
<failure message="comprehensive-crud-all-categories.spec.ts:24:7 should create Suppressors item" type="FAILURE">
<![CDATA[  [firefox] › e2e/comprehensive-crud-all-categories.spec.ts:24:7 › Comprehensive CRUD Tests - All Categories › Suppressors › should create Suppressors item 

    Test timeout of 30000ms exceeded.

    Error: page.click: Test timeout of 30000ms exceeded.
    Call log:
      - waiting for locator('button:has-text("Add Item")')


      24 |       test(`should create ${category.name} item`, async ({ page }) => {
      25 |         // Click Add Item button
    > 26 |         await page.click('button:has-text("Add Item")');
         |                    ^
      27 |         
      28 |         // Select category
      29 |         await page.click(`text=${category.name}`);
        at /Users/ghogue/Library/CloudStorage/OneDrive-InsightfulOutcomes,LLC/IS-LTD/APPS/CaliberVaultII/src/test/e2e/comprehensive-crud-all-categories.spec.ts:26:20

    attachment #1: screenshot (image/png) ──────────────────────────────────────────────────────────
    ../../test-results/e2e-comprehensive-crud-all-3e084-uld-create-Suppressors-item-firefox/test-failed-1.png
    ────────────────────────────────────────────────────────────────────────────────────────────────

    attachment #2: video (video/webm) ──────────────────────────────────────────────────────────────
    ../../test-results/e2e-comprehensive-crud-all-3e084-uld-create-Suppressors-item-firefox/video.webm
    ────────────────────────────────────────────────────────────────────────────────────────────────
]]>
</failure>
<system-out>
<![CDATA[
[[ATTACHMENT|e2e-comprehensive-crud-all-3e084-uld-create-Suppressors-item-firefox/test-failed-1.png]]

[[ATTACHMENT|e2e-comprehensive-crud-all-3e084-uld-create-Suppressors-item-firefox/video.webm]]
]]>
</system-out>
</testcase>
<testcase name="Comprehensive CRUD Tests - All Categories › Suppressors › should read Suppressors item" classname="e2e/comprehensive-crud-all-categories.spec.ts" time="30.05">
<failure message="comprehensive-crud-all-categories.spec.ts:44:7 should read Suppressors item" type="FAILURE">
<![CDATA[  [firefox] › e2e/comprehensive-crud-all-categories.spec.ts:44:7 › Comprehensive CRUD Tests - All Categories › Suppressors › should read Suppressors item 

    Test timeout of 30000ms exceeded.

    Error: page.click: Test timeout of 30000ms exceeded.
    Call log:
      - waiting for locator('button:has-text("Filter")')


      44 |       test(`should read ${category.name} item`, async ({ page }) => {
      45 |         // Filter by category
    > 46 |         await page.click('button:has-text("Filter")');
         |                    ^
      47 |         await page.click(`text=${category.name}`);
      48 |         
      49 |         // Verify items are displayed
        at /Users/ghogue/Library/CloudStorage/OneDrive-InsightfulOutcomes,LLC/IS-LTD/APPS/CaliberVaultII/src/test/e2e/comprehensive-crud-all-categories.spec.ts:46:20

    attachment #1: screenshot (image/png) ──────────────────────────────────────────────────────────
    ../../test-results/e2e-comprehensive-crud-all-4bb10-hould-read-Suppressors-item-firefox/test-failed-1.png
    ────────────────────────────────────────────────────────────────────────────────────────────────

    attachment #2: video (video/webm) ──────────────────────────────────────────────────────────────
    ../../test-results/e2e-comprehensive-crud-all-4bb10-hould-read-Suppressors-item-firefox/video.webm
    ────────────────────────────────────────────────────────────────────────────────────────────────
]]>
</failure>
<system-out>
<![CDATA[
[[ATTACHMENT|e2e-comprehensive-crud-all-4bb10-hould-read-Suppressors-item-firefox/test-failed-1.png]]

[[ATTACHMENT|e2e-comprehensive-crud-all-4bb10-hould-read-Suppressors-item-firefox/video.webm]]
]]>
</system-out>
</testcase>
<testcase name="Comprehensive CRUD Tests - All Categories › Suppressors › should update Suppressors item" classname="e2e/comprehensive-crud-all-categories.spec.ts" time="0.91">
<failure message="comprehensive-crud-all-categories.spec.ts:53:7 should update Suppressors item" type="FAILURE">
<![CDATA[  [firefox] › e2e/comprehensive-crud-all-categories.spec.ts:53:7 › Comprehensive CRUD Tests - All Categories › Suppressors › should update Suppressors item 

    TypeError: page.click(...).first is not a function

      53 |       test(`should update ${category.name} item`, async ({ page }) => {
      54 |         // Click on first item
    > 55 |         await page.click('[data-testid="item-card"]').first();
         |                                                       ^
      56 |         
      57 |         // Click edit button
      58 |         await page.click('button:has-text("Edit")');
        at /Users/ghogue/Library/CloudStorage/OneDrive-InsightfulOutcomes,LLC/IS-LTD/APPS/CaliberVaultII/src/test/e2e/comprehensive-crud-all-categories.spec.ts:55:55

    Error: page.click: Test ended.
    Call log:
      - waiting for locator('[data-testid="item-card"]')


      53 |       test(`should update ${category.name} item`, async ({ page }) => {
      54 |         // Click on first item
    > 55 |         await page.click('[data-testid="item-card"]').first();
         |                    ^
      56 |         
      57 |         // Click edit button
      58 |         await page.click('button:has-text("Edit")');
        at /Users/ghogue/Library/CloudStorage/OneDrive-InsightfulOutcomes,LLC/IS-LTD/APPS/CaliberVaultII/src/test/e2e/comprehensive-crud-all-categories.spec.ts:55:20

    attachment #1: screenshot (image/png) ──────────────────────────────────────────────────────────
    ../../test-results/e2e-comprehensive-crud-all-3735d-uld-update-Suppressors-item-firefox/test-failed-1.png
    ────────────────────────────────────────────────────────────────────────────────────────────────
]]>
</failure>
<system-out>
<![CDATA[
[[ATTACHMENT|e2e-comprehensive-crud-all-3735d-uld-update-Suppressors-item-firefox/test-failed-1.png]]
]]>
</system-out>
</testcase>
<testcase name="Comprehensive CRUD Tests - All Categories › Suppressors › should delete Suppressors item" classname="e2e/comprehensive-crud-all-categories.spec.ts" time="1.023">
<failure message="comprehensive-crud-all-categories.spec.ts:72:7 should delete Suppressors item" type="FAILURE">
<![CDATA[  [firefox] › e2e/comprehensive-crud-all-categories.spec.ts:72:7 › Comprehensive CRUD Tests - All Categories › Suppressors › should delete Suppressors item 

    TypeError: page.click(...).first is not a function

      72 |       test(`should delete ${category.name} item`, async ({ page }) => {
      73 |         // Click on first item
    > 74 |         await page.click('[data-testid="item-card"]').first();
         |                                                       ^
      75 |         
      76 |         // Click delete button
      77 |         await page.click('button:has-text("Delete")');
        at /Users/ghogue/Library/CloudStorage/OneDrive-InsightfulOutcomes,LLC/IS-LTD/APPS/CaliberVaultII/src/test/e2e/comprehensive-crud-all-categories.spec.ts:74:55

    Error: page.click: Test ended.
    Call log:
      - waiting for locator('[data-testid="item-card"]')


      72 |       test(`should delete ${category.name} item`, async ({ page }) => {
      73 |         // Click on first item
    > 74 |         await page.click('[data-testid="item-card"]').first();
         |                    ^
      75 |         
      76 |         // Click delete button
      77 |         await page.click('button:has-text("Delete")');
        at /Users/ghogue/Library/CloudStorage/OneDrive-InsightfulOutcomes,LLC/IS-LTD/APPS/CaliberVaultII/src/test/e2e/comprehensive-crud-all-categories.spec.ts:74:20

    attachment #1: screenshot (image/png) ──────────────────────────────────────────────────────────
    ../../test-results/e2e-comprehensive-crud-all-bf093-uld-delete-Suppressors-item-firefox/test-failed-1.png
    ────────────────────────────────────────────────────────────────────────────────────────────────
]]>
</failure>
<system-out>
<![CDATA[
[[ATTACHMENT|e2e-comprehensive-crud-all-bf093-uld-delete-Suppressors-item-firefox/test-failed-1.png]]
]]>
</system-out>
</testcase>
<testcase name="Comprehensive CRUD Tests - All Categories › Reloading Equipment › should create Reloading Equipment item" classname="e2e/comprehensive-crud-all-categories.spec.ts" time="30.059">
<failure message="comprehensive-crud-all-categories.spec.ts:24:7 should create Reloading Equipment item" type="FAILURE">
<![CDATA[  [firefox] › e2e/comprehensive-crud-all-categories.spec.ts:24:7 › Comprehensive CRUD Tests - All Categories › Reloading Equipment › should create Reloading Equipment item 

    Test timeout of 30000ms exceeded.

    Error: page.click: Test timeout of 30000ms exceeded.
    Call log:
      - waiting for locator('button:has-text("Add Item")')


      24 |       test(`should create ${category.name} item`, async ({ page }) => {
      25 |         // Click Add Item button
    > 26 |         await page.click('button:has-text("Add Item")');
         |                    ^
      27 |         
      28 |         // Select category
      29 |         await page.click(`text=${category.name}`);
        at /Users/ghogue/Library/CloudStorage/OneDrive-InsightfulOutcomes,LLC/IS-LTD/APPS/CaliberVaultII/src/test/e2e/comprehensive-crud-all-categories.spec.ts:26:20

    attachment #1: screenshot (image/png) ──────────────────────────────────────────────────────────
    ../../test-results/e2e-comprehensive-crud-all-9da24-te-Reloading-Equipment-item-firefox/test-failed-1.png
    ────────────────────────────────────────────────────────────────────────────────────────────────

    attachment #2: video (video/webm) ──────────────────────────────────────────────────────────────
    ../../test-results/e2e-comprehensive-crud-all-9da24-te-Reloading-Equipment-item-firefox/video.webm
    ────────────────────────────────────────────────────────────────────────────────────────────────
]]>
</failure>
<system-out>
<![CDATA[
[[ATTACHMENT|e2e-comprehensive-crud-all-9da24-te-Reloading-Equipment-item-firefox/test-failed-1.png]]

[[ATTACHMENT|e2e-comprehensive-crud-all-9da24-te-Reloading-Equipment-item-firefox/video.webm]]
]]>
</system-out>
</testcase>
<testcase name="Comprehensive CRUD Tests - All Categories › Reloading Equipment › should read Reloading Equipment item" classname="e2e/comprehensive-crud-all-categories.spec.ts" time="30.039">
<failure message="comprehensive-crud-all-categories.spec.ts:44:7 should read Reloading Equipment item" type="FAILURE">
<![CDATA[  [firefox] › e2e/comprehensive-crud-all-categories.spec.ts:44:7 › Comprehensive CRUD Tests - All Categories › Reloading Equipment › should read Reloading Equipment item 

    Test timeout of 30000ms exceeded.

    Error: page.click: Test timeout of 30000ms exceeded.
    Call log:
      - waiting for locator('button:has-text("Filter")')


      44 |       test(`should read ${category.name} item`, async ({ page }) => {
      45 |         // Filter by category
    > 46 |         await page.click('button:has-text("Filter")');
         |                    ^
      47 |         await page.click(`text=${category.name}`);
      48 |         
      49 |         // Verify items are displayed
        at /Users/ghogue/Library/CloudStorage/OneDrive-InsightfulOutcomes,LLC/IS-LTD/APPS/CaliberVaultII/src/test/e2e/comprehensive-crud-all-categories.spec.ts:46:20

    attachment #1: screenshot (image/png) ──────────────────────────────────────────────────────────
    ../../test-results/e2e-comprehensive-crud-all-f984d-ad-Reloading-Equipment-item-firefox/test-failed-1.png
    ────────────────────────────────────────────────────────────────────────────────────────────────

    attachment #2: video (video/webm) ──────────────────────────────────────────────────────────────
    ../../test-results/e2e-comprehensive-crud-all-f984d-ad-Reloading-Equipment-item-firefox/video.webm
    ────────────────────────────────────────────────────────────────────────────────────────────────
]]>
</failure>
<system-out>
<![CDATA[
[[ATTACHMENT|e2e-comprehensive-crud-all-f984d-ad-Reloading-Equipment-item-firefox/test-failed-1.png]]

[[ATTACHMENT|e2e-comprehensive-crud-all-f984d-ad-Reloading-Equipment-item-firefox/video.webm]]
]]>
</system-out>
</testcase>
<testcase name="Comprehensive CRUD Tests - All Categories › Reloading Equipment › should update Reloading Equipment item" classname="e2e/comprehensive-crud-all-categories.spec.ts" time="1.084">
<failure message="comprehensive-crud-all-categories.spec.ts:53:7 should update Reloading Equipment item" type="FAILURE">
<![CDATA[  [firefox] › e2e/comprehensive-crud-all-categories.spec.ts:53:7 › Comprehensive CRUD Tests - All Categories › Reloading Equipment › should update Reloading Equipment item 

    TypeError: page.click(...).first is not a function

      53 |       test(`should update ${category.name} item`, async ({ page }) => {
      54 |         // Click on first item
    > 55 |         await page.click('[data-testid="item-card"]').first();
         |                                                       ^
      56 |         
      57 |         // Click edit button
      58 |         await page.click('button:has-text("Edit")');
        at /Users/ghogue/Library/CloudStorage/OneDrive-InsightfulOutcomes,LLC/IS-LTD/APPS/CaliberVaultII/src/test/e2e/comprehensive-crud-all-categories.spec.ts:55:55

    Error: page.click: Test ended.
    Call log:
      - waiting for locator('[data-testid="item-card"]')


      53 |       test(`should update ${category.name} item`, async ({ page }) => {
      54 |         // Click on first item
    > 55 |         await page.click('[data-testid="item-card"]').first();
         |                    ^
      56 |         
      57 |         // Click edit button
      58 |         await page.click('button:has-text("Edit")');
        at /Users/ghogue/Library/CloudStorage/OneDrive-InsightfulOutcomes,LLC/IS-LTD/APPS/CaliberVaultII/src/test/e2e/comprehensive-crud-all-categories.spec.ts:55:20

    attachment #1: screenshot (image/png) ──────────────────────────────────────────────────────────
    ../../test-results/e2e-comprehensive-crud-all-4e5a8-te-Reloading-Equipment-item-firefox/test-failed-1.png
    ────────────────────────────────────────────────────────────────────────────────────────────────
]]>
</failure>
<system-out>
<![CDATA[
[[ATTACHMENT|e2e-comprehensive-crud-all-4e5a8-te-Reloading-Equipment-item-firefox/test-failed-1.png]]
]]>
</system-out>
</testcase>
<testcase name="Comprehensive CRUD Tests - All Categories › Reloading Equipment › should delete Reloading Equipment item" classname="e2e/comprehensive-crud-all-categories.spec.ts" time="1.118">
<failure message="comprehensive-crud-all-categories.spec.ts:72:7 should delete Reloading Equipment item" type="FAILURE">
<![CDATA[  [firefox] › e2e/comprehensive-crud-all-categories.spec.ts:72:7 › Comprehensive CRUD Tests - All Categories › Reloading Equipment › should delete Reloading Equipment item 

    TypeError: page.click(...).first is not a function

      72 |       test(`should delete ${category.name} item`, async ({ page }) => {
      73 |         // Click on first item
    > 74 |         await page.click('[data-testid="item-card"]').first();
         |                                                       ^
      75 |         
      76 |         // Click delete button
      77 |         await page.click('button:has-text("Delete")');
        at /Users/ghogue/Library/CloudStorage/OneDrive-InsightfulOutcomes,LLC/IS-LTD/APPS/CaliberVaultII/src/test/e2e/comprehensive-crud-all-categories.spec.ts:74:55

    Error: page.click: Test ended.
    Call log:
      - waiting for locator('[data-testid="item-card"]')


      72 |       test(`should delete ${category.name} item`, async ({ page }) => {
      73 |         // Click on first item
    > 74 |         await page.click('[data-testid="item-card"]').first();
         |                    ^
      75 |         
      76 |         // Click delete button
      77 |         await page.click('button:has-text("Delete")');
        at /Users/ghogue/Library/CloudStorage/OneDrive-InsightfulOutcomes,LLC/IS-LTD/APPS/CaliberVaultII/src/test/e2e/comprehensive-crud-all-categories.spec.ts:74:20

    attachment #1: screenshot (image/png) ──────────────────────────────────────────────────────────
    ../../test-results/e2e-comprehensive-crud-all-05b4c-te-Reloading-Equipment-item-firefox/test-failed-1.png
    ────────────────────────────────────────────────────────────────────────────────────────────────
]]>
</failure>
<system-out>
<![CDATA[
[[ATTACHMENT|e2e-comprehensive-crud-all-05b4c-te-Reloading-Equipment-item-firefox/test-failed-1.png]]
]]>
</system-out>
</testcase>
<testcase name="Comprehensive CRUD Tests - All Categories › Cases › should create Cases item" classname="e2e/comprehensive-crud-all-categories.spec.ts" time="30.038">
<failure message="comprehensive-crud-all-categories.spec.ts:24:7 should create Cases item" type="FAILURE">
<![CDATA[  [firefox] › e2e/comprehensive-crud-all-categories.spec.ts:24:7 › Comprehensive CRUD Tests - All Categories › Cases › should create Cases item 

    Test timeout of 30000ms exceeded.

    Error: page.click: Test timeout of 30000ms exceeded.
    Call log:
      - waiting for locator('button:has-text("Add Item")')


      24 |       test(`should create ${category.name} item`, async ({ page }) => {
      25 |         // Click Add Item button
    > 26 |         await page.click('button:has-text("Add Item")');
         |                    ^
      27 |         
      28 |         // Select category
      29 |         await page.click(`text=${category.name}`);
        at /Users/ghogue/Library/CloudStorage/OneDrive-InsightfulOutcomes,LLC/IS-LTD/APPS/CaliberVaultII/src/test/e2e/comprehensive-crud-all-categories.spec.ts:26:20

    attachment #1: screenshot (image/png) ──────────────────────────────────────────────────────────
    ../../test-results/e2e-comprehensive-crud-all-0bd1e-es-should-create-Cases-item-firefox/test-failed-1.png
    ────────────────────────────────────────────────────────────────────────────────────────────────

    attachment #2: video (video/webm) ──────────────────────────────────────────────────────────────
    ../../test-results/e2e-comprehensive-crud-all-0bd1e-es-should-create-Cases-item-firefox/video.webm
    ────────────────────────────────────────────────────────────────────────────────────────────────
]]>
</failure>
<system-out>
<![CDATA[
[[ATTACHMENT|e2e-comprehensive-crud-all-0bd1e-es-should-create-Cases-item-firefox/test-failed-1.png]]

[[ATTACHMENT|e2e-comprehensive-crud-all-0bd1e-es-should-create-Cases-item-firefox/video.webm]]
]]>
</system-out>
</testcase>
<testcase name="Comprehensive CRUD Tests - All Categories › Cases › should read Cases item" classname="e2e/comprehensive-crud-all-categories.spec.ts" time="30.05">
<failure message="comprehensive-crud-all-categories.spec.ts:44:7 should read Cases item" type="FAILURE">
<![CDATA[  [firefox] › e2e/comprehensive-crud-all-categories.spec.ts:44:7 › Comprehensive CRUD Tests - All Categories › Cases › should read Cases item 

    Test timeout of 30000ms exceeded.

    Error: page.click: Test timeout of 30000ms exceeded.
    Call log:
      - waiting for locator('button:has-text("Filter")')


      44 |       test(`should read ${category.name} item`, async ({ page }) => {
      45 |         // Filter by category
    > 46 |         await page.click('button:has-text("Filter")');
         |                    ^
      47 |         await page.click(`text=${category.name}`);
      48 |         
      49 |         // Verify items are displayed
        at /Users/ghogue/Library/CloudStorage/OneDrive-InsightfulOutcomes,LLC/IS-LTD/APPS/CaliberVaultII/src/test/e2e/comprehensive-crud-all-categories.spec.ts:46:20

    attachment #1: screenshot (image/png) ──────────────────────────────────────────────────────────
    ../../test-results/e2e-comprehensive-crud-all-175b5-ases-should-read-Cases-item-firefox/test-failed-1.png
    ────────────────────────────────────────────────────────────────────────────────────────────────

    attachment #2: video (video/webm) ──────────────────────────────────────────────────────────────
    ../../test-results/e2e-comprehensive-crud-all-175b5-ases-should-read-Cases-item-firefox/video.webm
    ────────────────────────────────────────────────────────────────────────────────────────────────
]]>
</failure>
<system-out>
<![CDATA[
[[ATTACHMENT|e2e-comprehensive-crud-all-175b5-ases-should-read-Cases-item-firefox/test-failed-1.png]]

[[ATTACHMENT|e2e-comprehensive-crud-all-175b5-ases-should-read-Cases-item-firefox/video.webm]]
]]>
</system-out>
</testcase>
<testcase name="Comprehensive CRUD Tests - All Categories › Cases › should update Cases item" classname="e2e/comprehensive-crud-all-categories.spec.ts" time="0.798">
<failure message="comprehensive-crud-all-categories.spec.ts:53:7 should update Cases item" type="FAILURE">
<![CDATA[  [firefox] › e2e/comprehensive-crud-all-categories.spec.ts:53:7 › Comprehensive CRUD Tests - All Categories › Cases › should update Cases item 

    TypeError: page.click(...).first is not a function

      53 |       test(`should update ${category.name} item`, async ({ page }) => {
      54 |         // Click on first item
    > 55 |         await page.click('[data-testid="item-card"]').first();
         |                                                       ^
      56 |         
      57 |         // Click edit button
      58 |         await page.click('button:has-text("Edit")');
        at /Users/ghogue/Library/CloudStorage/OneDrive-InsightfulOutcomes,LLC/IS-LTD/APPS/CaliberVaultII/src/test/e2e/comprehensive-crud-all-categories.spec.ts:55:55

    Error: page.click: Test ended.
    Call log:
      - waiting for locator('[data-testid="item-card"]')


      53 |       test(`should update ${category.name} item`, async ({ page }) => {
      54 |         // Click on first item
    > 55 |         await page.click('[data-testid="item-card"]').first();
         |                    ^
      56 |         
      57 |         // Click edit button
      58 |         await page.click('button:has-text("Edit")');
        at /Users/ghogue/Library/CloudStorage/OneDrive-InsightfulOutcomes,LLC/IS-LTD/APPS/CaliberVaultII/src/test/e2e/comprehensive-crud-all-categories.spec.ts:55:20

    attachment #1: screenshot (image/png) ──────────────────────────────────────────────────────────
    ../../test-results/e2e-comprehensive-crud-all-4bd34-es-should-update-Cases-item-firefox/test-failed-1.png
    ────────────────────────────────────────────────────────────────────────────────────────────────
]]>
</failure>
<system-out>
<![CDATA[
[[ATTACHMENT|e2e-comprehensive-crud-all-4bd34-es-should-update-Cases-item-firefox/test-failed-1.png]]
]]>
</system-out>
</testcase>
<testcase name="Comprehensive CRUD Tests - All Categories › Cases › should delete Cases item" classname="e2e/comprehensive-crud-all-categories.spec.ts" time="0.852">
<failure message="comprehensive-crud-all-categories.spec.ts:72:7 should delete Cases item" type="FAILURE">
<![CDATA[  [firefox] › e2e/comprehensive-crud-all-categories.spec.ts:72:7 › Comprehensive CRUD Tests - All Categories › Cases › should delete Cases item 

    TypeError: page.click(...).first is not a function

      72 |       test(`should delete ${category.name} item`, async ({ page }) => {
      73 |         // Click on first item
    > 74 |         await page.click('[data-testid="item-card"]').first();
         |                                                       ^
      75 |         
      76 |         // Click delete button
      77 |         await page.click('button:has-text("Delete")');
        at /Users/ghogue/Library/CloudStorage/OneDrive-InsightfulOutcomes,LLC/IS-LTD/APPS/CaliberVaultII/src/test/e2e/comprehensive-crud-all-categories.spec.ts:74:55

    Error: page.click: Test ended.
    Call log:
      - waiting for locator('[data-testid="item-card"]')


      72 |       test(`should delete ${category.name} item`, async ({ page }) => {
      73 |         // Click on first item
    > 74 |         await page.click('[data-testid="item-card"]').first();
         |                    ^
      75 |         
      76 |         // Click delete button
      77 |         await page.click('button:has-text("Delete")');
        at /Users/ghogue/Library/CloudStorage/OneDrive-InsightfulOutcomes,LLC/IS-LTD/APPS/CaliberVaultII/src/test/e2e/comprehensive-crud-all-categories.spec.ts:74:20

    attachment #1: screenshot (image/png) ──────────────────────────────────────────────────────────
    ../../test-results/e2e-comprehensive-crud-all-46899-es-should-delete-Cases-item-firefox/test-failed-1.png
    ────────────────────────────────────────────────────────────────────────────────────────────────
]]>
</failure>
<system-out>
<![CDATA[
[[ATTACHMENT|e2e-comprehensive-crud-all-46899-es-should-delete-Cases-item-firefox/test-failed-1.png]]
]]>
</system-out>
</testcase>
<testcase name="Comprehensive CRUD Tests - All Categories › Primers › should create Primers item" classname="e2e/comprehensive-crud-all-categories.spec.ts" time="30.039">
<failure message="comprehensive-crud-all-categories.spec.ts:24:7 should create Primers item" type="FAILURE">
<![CDATA[  [firefox] › e2e/comprehensive-crud-all-categories.spec.ts:24:7 › Comprehensive CRUD Tests - All Categories › Primers › should create Primers item 

    Test timeout of 30000ms exceeded.

    Error: page.click: Test timeout of 30000ms exceeded.
    Call log:
      - waiting for locator('button:has-text("Add Item")')


      24 |       test(`should create ${category.name} item`, async ({ page }) => {
      25 |         // Click Add Item button
    > 26 |         await page.click('button:has-text("Add Item")');
         |                    ^
      27 |         
      28 |         // Select category
      29 |         await page.click(`text=${category.name}`);
        at /Users/ghogue/Library/CloudStorage/OneDrive-InsightfulOutcomes,LLC/IS-LTD/APPS/CaliberVaultII/src/test/e2e/comprehensive-crud-all-categories.spec.ts:26:20

    attachment #1: screenshot (image/png) ──────────────────────────────────────────────────────────
    ../../test-results/e2e-comprehensive-crud-all-fadab--should-create-Primers-item-firefox/test-failed-1.png
    ────────────────────────────────────────────────────────────────────────────────────────────────

    attachment #2: video (video/webm) ──────────────────────────────────────────────────────────────
    ../../test-results/e2e-comprehensive-crud-all-fadab--should-create-Primers-item-firefox/video.webm
    ────────────────────────────────────────────────────────────────────────────────────────────────
]]>
</failure>
<system-out>
<![CDATA[
[[ATTACHMENT|e2e-comprehensive-crud-all-fadab--should-create-Primers-item-firefox/test-failed-1.png]]

[[ATTACHMENT|e2e-comprehensive-crud-all-fadab--should-create-Primers-item-firefox/video.webm]]
]]>
</system-out>
</testcase>
<testcase name="Comprehensive CRUD Tests - All Categories › Primers › should read Primers item" classname="e2e/comprehensive-crud-all-categories.spec.ts" time="30.036">
<failure message="comprehensive-crud-all-categories.spec.ts:44:7 should read Primers item" type="FAILURE">
<![CDATA[  [firefox] › e2e/comprehensive-crud-all-categories.spec.ts:44:7 › Comprehensive CRUD Tests - All Categories › Primers › should read Primers item 

    Test timeout of 30000ms exceeded.

    Error: page.click: Test timeout of 30000ms exceeded.
    Call log:
      - waiting for locator('button:has-text("Filter")')


      44 |       test(`should read ${category.name} item`, async ({ page }) => {
      45 |         // Filter by category
    > 46 |         await page.click('button:has-text("Filter")');
         |                    ^
      47 |         await page.click(`text=${category.name}`);
      48 |         
      49 |         // Verify items are displayed
        at /Users/ghogue/Library/CloudStorage/OneDrive-InsightfulOutcomes,LLC/IS-LTD/APPS/CaliberVaultII/src/test/e2e/comprehensive-crud-all-categories.spec.ts:46:20

    attachment #1: screenshot (image/png) ──────────────────────────────────────────────────────────
    ../../test-results/e2e-comprehensive-crud-all-e4044-rs-should-read-Primers-item-firefox/test-failed-1.png
    ────────────────────────────────────────────────────────────────────────────────────────────────

    attachment #2: video (video/webm) ──────────────────────────────────────────────────────────────
    ../../test-results/e2e-comprehensive-crud-all-e4044-rs-should-read-Primers-item-firefox/video.webm
    ────────────────────────────────────────────────────────────────────────────────────────────────
]]>
</failure>
<system-out>
<![CDATA[
[[ATTACHMENT|e2e-comprehensive-crud-all-e4044-rs-should-read-Primers-item-firefox/test-failed-1.png]]

[[ATTACHMENT|e2e-comprehensive-crud-all-e4044-rs-should-read-Primers-item-firefox/video.webm]]
]]>
</system-out>
</testcase>
<testcase name="Comprehensive CRUD Tests - All Categories › Primers › should update Primers item" classname="e2e/comprehensive-crud-all-categories.spec.ts" time="0.815">
<failure message="comprehensive-crud-all-categories.spec.ts:53:7 should update Primers item" type="FAILURE">
<![CDATA[  [firefox] › e2e/comprehensive-crud-all-categories.spec.ts:53:7 › Comprehensive CRUD Tests - All Categories › Primers › should update Primers item 

    TypeError: page.click(...).first is not a function

      53 |       test(`should update ${category.name} item`, async ({ page }) => {
      54 |         // Click on first item
    > 55 |         await page.click('[data-testid="item-card"]').first();
         |                                                       ^
      56 |         
      57 |         // Click edit button
      58 |         await page.click('button:has-text("Edit")');
        at /Users/ghogue/Library/CloudStorage/OneDrive-InsightfulOutcomes,LLC/IS-LTD/APPS/CaliberVaultII/src/test/e2e/comprehensive-crud-all-categories.spec.ts:55:55

    Error: page.click: Test ended.
    Call log:
      - waiting for locator('[data-testid="item-card"]')


      53 |       test(`should update ${category.name} item`, async ({ page }) => {
      54 |         // Click on first item
    > 55 |         await page.click('[data-testid="item-card"]').first();
         |                    ^
      56 |         
      57 |         // Click edit button
      58 |         await page.click('button:has-text("Edit")');
        at /Users/ghogue/Library/CloudStorage/OneDrive-InsightfulOutcomes,LLC/IS-LTD/APPS/CaliberVaultII/src/test/e2e/comprehensive-crud-all-categories.spec.ts:55:20

    attachment #1: screenshot (image/png) ──────────────────────────────────────────────────────────
    ../../test-results/e2e-comprehensive-crud-all-1e5ef--should-update-Primers-item-firefox/test-failed-1.png
    ────────────────────────────────────────────────────────────────────────────────────────────────
]]>
</failure>
<system-out>
<![CDATA[
[[ATTACHMENT|e2e-comprehensive-crud-all-1e5ef--should-update-Primers-item-firefox/test-failed-1.png]]
]]>
</system-out>
</testcase>
<testcase name="Comprehensive CRUD Tests - All Categories › Primers › should delete Primers item" classname="e2e/comprehensive-crud-all-categories.spec.ts" time="0.832">
<failure message="comprehensive-crud-all-categories.spec.ts:72:7 should delete Primers item" type="FAILURE">
<![CDATA[  [firefox] › e2e/comprehensive-crud-all-categories.spec.ts:72:7 › Comprehensive CRUD Tests - All Categories › Primers › should delete Primers item 

    TypeError: page.click(...).first is not a function

      72 |       test(`should delete ${category.name} item`, async ({ page }) => {
      73 |         // Click on first item
    > 74 |         await page.click('[data-testid="item-card"]').first();
         |                                                       ^
      75 |         
      76 |         // Click delete button
      77 |         await page.click('button:has-text("Delete")');
        at /Users/ghogue/Library/CloudStorage/OneDrive-InsightfulOutcomes,LLC/IS-LTD/APPS/CaliberVaultII/src/test/e2e/comprehensive-crud-all-categories.spec.ts:74:55

    Error: page.click: Test ended.
    Call log:
      - waiting for locator('[data-testid="item-card"]')


      72 |       test(`should delete ${category.name} item`, async ({ page }) => {
      73 |         // Click on first item
    > 74 |         await page.click('[data-testid="item-card"]').first();
         |                    ^
      75 |         
      76 |         // Click delete button
      77 |         await page.click('button:has-text("Delete")');
        at /Users/ghogue/Library/CloudStorage/OneDrive-InsightfulOutcomes,LLC/IS-LTD/APPS/CaliberVaultII/src/test/e2e/comprehensive-crud-all-categories.spec.ts:74:20

    attachment #1: screenshot (image/png) ──────────────────────────────────────────────────────────
    ../../test-results/e2e-comprehensive-crud-all-3b0de--should-delete-Primers-item-firefox/test-failed-1.png
    ────────────────────────────────────────────────────────────────────────────────────────────────
]]>
</failure>
<system-out>
<![CDATA[
[[ATTACHMENT|e2e-comprehensive-crud-all-3b0de--should-delete-Primers-item-firefox/test-failed-1.png]]
]]>
</system-out>
</testcase>
<testcase name="Comprehensive CRUD Tests - All Categories › Powder › should create Powder item" classname="e2e/comprehensive-crud-all-categories.spec.ts" time="30.054">
<failure message="comprehensive-crud-all-categories.spec.ts:24:7 should create Powder item" type="FAILURE">
<![CDATA[  [firefox] › e2e/comprehensive-crud-all-categories.spec.ts:24:7 › Comprehensive CRUD Tests - All Categories › Powder › should create Powder item 

    Test timeout of 30000ms exceeded.

    Error: page.click: Test timeout of 30000ms exceeded.
    Call log:
      - waiting for locator('button:has-text("Add Item")')


      24 |       test(`should create ${category.name} item`, async ({ page }) => {
      25 |         // Click Add Item button
    > 26 |         await page.click('button:has-text("Add Item")');
         |                    ^
      27 |         
      28 |         // Select category
      29 |         await page.click(`text=${category.name}`);
        at /Users/ghogue/Library/CloudStorage/OneDrive-InsightfulOutcomes,LLC/IS-LTD/APPS/CaliberVaultII/src/test/e2e/comprehensive-crud-all-categories.spec.ts:26:20

    attachment #1: screenshot (image/png) ──────────────────────────────────────────────────────────
    ../../test-results/e2e-comprehensive-crud-all-00d89-r-should-create-Powder-item-firefox/test-failed-1.png
    ────────────────────────────────────────────────────────────────────────────────────────────────

    attachment #2: video (video/webm) ──────────────────────────────────────────────────────────────
    ../../test-results/e2e-comprehensive-crud-all-00d89-r-should-create-Powder-item-firefox/video.webm
    ────────────────────────────────────────────────────────────────────────────────────────────────
]]>
</failure>
<system-out>
<![CDATA[
[[ATTACHMENT|e2e-comprehensive-crud-all-00d89-r-should-create-Powder-item-firefox/test-failed-1.png]]

[[ATTACHMENT|e2e-comprehensive-crud-all-00d89-r-should-create-Powder-item-firefox/video.webm]]
]]>
</system-out>
</testcase>
<testcase name="Comprehensive CRUD Tests - All Categories › Powder › should read Powder item" classname="e2e/comprehensive-crud-all-categories.spec.ts" time="30.035">
<failure message="comprehensive-crud-all-categories.spec.ts:44:7 should read Powder item" type="FAILURE">
<![CDATA[  [firefox] › e2e/comprehensive-crud-all-categories.spec.ts:44:7 › Comprehensive CRUD Tests - All Categories › Powder › should read Powder item 

    Test timeout of 30000ms exceeded.

    Error: page.click: Test timeout of 30000ms exceeded.
    Call log:
      - waiting for locator('button:has-text("Filter")')


      44 |       test(`should read ${category.name} item`, async ({ page }) => {
      45 |         // Filter by category
    > 46 |         await page.click('button:has-text("Filter")');
         |                    ^
      47 |         await page.click(`text=${category.name}`);
      48 |         
      49 |         // Verify items are displayed
        at /Users/ghogue/Library/CloudStorage/OneDrive-InsightfulOutcomes,LLC/IS-LTD/APPS/CaliberVaultII/src/test/e2e/comprehensive-crud-all-categories.spec.ts:46:20

    attachment #1: screenshot (image/png) ──────────────────────────────────────────────────────────
    ../../test-results/e2e-comprehensive-crud-all-e446e-der-should-read-Powder-item-firefox/test-failed-1.png
    ────────────────────────────────────────────────────────────────────────────────────────────────

    attachment #2: video (video/webm) ──────────────────────────────────────────────────────────────
    ../../test-results/e2e-comprehensive-crud-all-e446e-der-should-read-Powder-item-firefox/video.webm
    ────────────────────────────────────────────────────────────────────────────────────────────────
]]>
</failure>
<system-out>
<![CDATA[
[[ATTACHMENT|e2e-comprehensive-crud-all-e446e-der-should-read-Powder-item-firefox/test-failed-1.png]]

[[ATTACHMENT|e2e-comprehensive-crud-all-e446e-der-should-read-Powder-item-firefox/video.webm]]
]]>
</system-out>
</testcase>
<testcase name="Comprehensive CRUD Tests - All Categories › Powder › should update Powder item" classname="e2e/comprehensive-crud-all-categories.spec.ts" time="1.301">
<failure message="comprehensive-crud-all-categories.spec.ts:53:7 should update Powder item" type="FAILURE">
<![CDATA[  [firefox] › e2e/comprehensive-crud-all-categories.spec.ts:53:7 › Comprehensive CRUD Tests - All Categories › Powder › should update Powder item 

    TypeError: page.click(...).first is not a function

      53 |       test(`should update ${category.name} item`, async ({ page }) => {
      54 |         // Click on first item
    > 55 |         await page.click('[data-testid="item-card"]').first();
         |                                                       ^
      56 |         
      57 |         // Click edit button
      58 |         await page.click('button:has-text("Edit")');
        at /Users/ghogue/Library/CloudStorage/OneDrive-InsightfulOutcomes,LLC/IS-LTD/APPS/CaliberVaultII/src/test/e2e/comprehensive-crud-all-categories.spec.ts:55:55

    Error: page.click: Test ended.
    Call log:
      - waiting for locator('[data-testid="item-card"]')


      53 |       test(`should update ${category.name} item`, async ({ page }) => {
      54 |         // Click on first item
    > 55 |         await page.click('[data-testid="item-card"]').first();
         |                    ^
      56 |         
      57 |         // Click edit button
      58 |         await page.click('button:has-text("Edit")');
        at /Users/ghogue/Library/CloudStorage/OneDrive-InsightfulOutcomes,LLC/IS-LTD/APPS/CaliberVaultII/src/test/e2e/comprehensive-crud-all-categories.spec.ts:55:20

    attachment #1: screenshot (image/png) ──────────────────────────────────────────────────────────
    ../../test-results/e2e-comprehensive-crud-all-d8344-r-should-update-Powder-item-firefox/test-failed-1.png
    ────────────────────────────────────────────────────────────────────────────────────────────────
]]>
</failure>
<system-out>
<![CDATA[
[[ATTACHMENT|e2e-comprehensive-crud-all-d8344-r-should-update-Powder-item-firefox/test-failed-1.png]]
]]>
</system-out>
</testcase>
<testcase name="Comprehensive CRUD Tests - All Categories › Powder › should delete Powder item" classname="e2e/comprehensive-crud-all-categories.spec.ts" time="0.795">
<failure message="comprehensive-crud-all-categories.spec.ts:72:7 should delete Powder item" type="FAILURE">
<![CDATA[  [firefox] › e2e/comprehensive-crud-all-categories.spec.ts:72:7 › Comprehensive CRUD Tests - All Categories › Powder › should delete Powder item 

    TypeError: page.click(...).first is not a function

      72 |       test(`should delete ${category.name} item`, async ({ page }) => {
      73 |         // Click on first item
    > 74 |         await page.click('[data-testid="item-card"]').first();
         |                                                       ^
      75 |         
      76 |         // Click delete button
      77 |         await page.click('button:has-text("Delete")');
        at /Users/ghogue/Library/CloudStorage/OneDrive-InsightfulOutcomes,LLC/IS-LTD/APPS/CaliberVaultII/src/test/e2e/comprehensive-crud-all-categories.spec.ts:74:55

    Error: page.click: Test ended.
    Call log:
      - waiting for locator('[data-testid="item-card"]')


      72 |       test(`should delete ${category.name} item`, async ({ page }) => {
      73 |         // Click on first item
    > 74 |         await page.click('[data-testid="item-card"]').first();
         |                    ^
      75 |         
      76 |         // Click delete button
      77 |         await page.click('button:has-text("Delete")');
        at /Users/ghogue/Library/CloudStorage/OneDrive-InsightfulOutcomes,LLC/IS-LTD/APPS/CaliberVaultII/src/test/e2e/comprehensive-crud-all-categories.spec.ts:74:20

    attachment #1: screenshot (image/png) ──────────────────────────────────────────────────────────
    ../../test-results/e2e-comprehensive-crud-all-d92dd-r-should-delete-Powder-item-firefox/test-failed-1.png
    ────────────────────────────────────────────────────────────────────────────────────────────────
]]>
</failure>
<system-out>
<![CDATA[
[[ATTACHMENT|e2e-comprehensive-crud-all-d92dd-r-should-delete-Powder-item-firefox/test-failed-1.png]]
]]>
</system-out>
</testcase>
<testcase name="Comprehensive CRUD Tests - All Categories › should handle bulk operations across categories" classname="e2e/comprehensive-crud-all-categories.spec.ts" time="30.04">
<failure message="comprehensive-crud-all-categories.spec.ts:88:3 should handle bulk operations across categories" type="FAILURE">
<![CDATA[  [firefox] › e2e/comprehensive-crud-all-categories.spec.ts:88:3 › Comprehensive CRUD Tests - All Categories › should handle bulk operations across categories 

    Test timeout of 30000ms exceeded.

    Error: page.click: Test timeout of 30000ms exceeded.
    Call log:
      - waiting for locator('[data-testid="select-all"]')


      88 |   test('should handle bulk operations across categories', async ({ page }) => {
      89 |     // Select multiple items
    > 90 |     await page.click('[data-testid="select-all"]');
         |                ^
      91 |     
      92 |     // Verify bulk actions are available
      93 |     await expect(page.locator('button:has-text("Bulk Actions")')).toBeVisible();
        at /Users/ghogue/Library/CloudStorage/OneDrive-InsightfulOutcomes,LLC/IS-LTD/APPS/CaliberVaultII/src/test/e2e/comprehensive-crud-all-categories.spec.ts:90:16

    attachment #1: screenshot (image/png) ──────────────────────────────────────────────────────────
    ../../test-results/e2e-comprehensive-crud-all-b1907-perations-across-categories-firefox/test-failed-1.png
    ────────────────────────────────────────────────────────────────────────────────────────────────

    attachment #2: video (video/webm) ──────────────────────────────────────────────────────────────
    ../../test-results/e2e-comprehensive-crud-all-b1907-perations-across-categories-firefox/video.webm
    ────────────────────────────────────────────────────────────────────────────────────────────────
]]>
</failure>
<system-out>
<![CDATA[
[[ATTACHMENT|e2e-comprehensive-crud-all-b1907-perations-across-categories-firefox/test-failed-1.png]]

[[ATTACHMENT|e2e-comprehensive-crud-all-b1907-perations-across-categories-firefox/video.webm]]
]]>
</system-out>
</testcase>
<testcase name="Comprehensive CRUD Tests - All Categories › should export data from all categories" classname="e2e/comprehensive-crud-all-categories.spec.ts" time="30.066">
<failure message="comprehensive-crud-all-categories.spec.ts:96:3 should export data from all categories" type="FAILURE">
<![CDATA[  [firefox] › e2e/comprehensive-crud-all-categories.spec.ts:96:3 › Comprehensive CRUD Tests - All Categories › should export data from all categories 

    Test timeout of 30000ms exceeded.

    Error: page.click: Test timeout of 30000ms exceeded.
    Call log:
      - waiting for locator('button:has-text("Export")')


       96 |   test('should export data from all categories', async ({ page }) => {
       97 |     // Click export button
    >  98 |     await page.click('button:has-text("Export")');
          |                ^
       99 |     
      100 |     // Select all categories
      101 |     await page.click('text=Select All');
        at /Users/ghogue/Library/CloudStorage/OneDrive-InsightfulOutcomes,LLC/IS-LTD/APPS/CaliberVaultII/src/test/e2e/comprehensive-crud-all-categories.spec.ts:98:16

    attachment #1: screenshot (image/png) ──────────────────────────────────────────────────────────
    ../../test-results/e2e-comprehensive-crud-all-69f7b-rt-data-from-all-categories-firefox/test-failed-1.png
    ────────────────────────────────────────────────────────────────────────────────────────────────

    attachment #2: video (video/webm) ──────────────────────────────────────────────────────────────
    ../../test-results/e2e-comprehensive-crud-all-69f7b-rt-data-from-all-categories-firefox/video.webm
    ────────────────────────────────────────────────────────────────────────────────────────────────
]]>
</failure>
<system-out>
<![CDATA[
[[ATTACHMENT|e2e-comprehensive-crud-all-69f7b-rt-data-from-all-categories-firefox/test-failed-1.png]]

[[ATTACHMENT|e2e-comprehensive-crud-all-69f7b-rt-data-from-all-categories-firefox/video.webm]]
]]>
</system-out>
</testcase>
</testsuite>
<testsuite name="e2e/comprehensive-inventory-crud.spec.ts" timestamp="2025-11-07T02:55:58.284Z" hostname="firefox" tests="5" failures="5" skipped="0" time="55.13" errors="0">
<testcase name="Comprehensive Inventory CRUD Operations › should add items for all 11 categories" classname="e2e/comprehensive-inventory-crud.spec.ts" time="11.751">
<failure message="comprehensive-inventory-crud.spec.ts:11:3 should add items for all 11 categories" type="FAILURE">
<![CDATA[  [firefox] › e2e/comprehensive-inventory-crud.spec.ts:11:3 › Comprehensive Inventory CRUD Operations › should add items for all 11 categories 

    TimeoutError: page.waitForSelector: Timeout 10000ms exceeded.
    Call log:
      - waiting for locator('[data-testid="inventory-dashboard"]') to be visible


       6 |     await page.goto('/');
       7 |     // Wait for app to load
    >  8 |     await page.waitForSelector('[data-testid="inventory-dashboard"]', { timeout: 10000 });
         |                ^
       9 |   });
      10 |
      11 |   test('should add items for all 11 categories', async ({ page }) => {
        at /Users/ghogue/Library/CloudStorage/OneDrive-InsightfulOutcomes,LLC/IS-LTD/APPS/CaliberVaultII/src/test/e2e/comprehensive-inventory-crud.spec.ts:8:16

    attachment #1: screenshot (image/png) ──────────────────────────────────────────────────────────
    ../../test-results/e2e-comprehensive-inventor-21d71-items-for-all-11-categories-firefox/test-failed-1.png
    ────────────────────────────────────────────────────────────────────────────────────────────────

    attachment #2: video (video/webm) ──────────────────────────────────────────────────────────────
    ../../test-results/e2e-comprehensive-inventor-21d71-items-for-all-11-categories-firefox/video.webm
    ────────────────────────────────────────────────────────────────────────────────────────────────
]]>
</failure>
<system-out>
<![CDATA[
[[ATTACHMENT|e2e-comprehensive-inventor-21d71-items-for-all-11-categories-firefox/test-failed-1.png]]

[[ATTACHMENT|e2e-comprehensive-inventor-21d71-items-for-all-11-categories-firefox/video.webm]]
]]>
</system-out>
</testcase>
<testcase name="Comprehensive Inventory CRUD Operations › should filter items by category" classname="e2e/comprehensive-inventory-crud.spec.ts" time="10.807">
<failure message="comprehensive-inventory-crud.spec.ts:43:3 should filter items by category" type="FAILURE">
<![CDATA[  [firefox] › e2e/comprehensive-inventory-crud.spec.ts:43:3 › Comprehensive Inventory CRUD Operations › should filter items by category 

    TimeoutError: page.waitForSelector: Timeout 10000ms exceeded.
    Call log:
      - waiting for locator('[data-testid="inventory-dashboard"]') to be visible


       6 |     await page.goto('/');
       7 |     // Wait for app to load
    >  8 |     await page.waitForSelector('[data-testid="inventory-dashboard"]', { timeout: 10000 });
         |                ^
       9 |   });
      10 |
      11 |   test('should add items for all 11 categories', async ({ page }) => {
        at /Users/ghogue/Library/CloudStorage/OneDrive-InsightfulOutcomes,LLC/IS-LTD/APPS/CaliberVaultII/src/test/e2e/comprehensive-inventory-crud.spec.ts:8:16

    attachment #1: screenshot (image/png) ──────────────────────────────────────────────────────────
    ../../test-results/e2e-comprehensive-inventor-0d4c3-ld-filter-items-by-category-firefox/test-failed-1.png
    ────────────────────────────────────────────────────────────────────────────────────────────────

    attachment #2: video (video/webm) ──────────────────────────────────────────────────────────────
    ../../test-results/e2e-comprehensive-inventor-0d4c3-ld-filter-items-by-category-firefox/video.webm
    ────────────────────────────────────────────────────────────────────────────────────────────────
]]>
</failure>
<system-out>
<![CDATA[
[[ATTACHMENT|e2e-comprehensive-inventor-0d4c3-ld-filter-items-by-category-firefox/test-failed-1.png]]

[[ATTACHMENT|e2e-comprehensive-inventor-0d4c3-ld-filter-items-by-category-firefox/video.webm]]
]]>
</system-out>
</testcase>
<testcase name="Comprehensive Inventory CRUD Operations › should search items by name" classname="e2e/comprehensive-inventory-crud.spec.ts" time="10.828">
<failure message="comprehensive-inventory-crud.spec.ts:59:3 should search items by name" type="FAILURE">
<![CDATA[  [firefox] › e2e/comprehensive-inventory-crud.spec.ts:59:3 › Comprehensive Inventory CRUD Operations › should search items by name 

    TimeoutError: page.waitForSelector: Timeout 10000ms exceeded.
    Call log:
      - waiting for locator('[data-testid="inventory-dashboard"]') to be visible


       6 |     await page.goto('/');
       7 |     // Wait for app to load
    >  8 |     await page.waitForSelector('[data-testid="inventory-dashboard"]', { timeout: 10000 });
         |                ^
       9 |   });
      10 |
      11 |   test('should add items for all 11 categories', async ({ page }) => {
        at /Users/ghogue/Library/CloudStorage/OneDrive-InsightfulOutcomes,LLC/IS-LTD/APPS/CaliberVaultII/src/test/e2e/comprehensive-inventory-crud.spec.ts:8:16

    attachment #1: screenshot (image/png) ──────────────────────────────────────────────────────────
    ../../test-results/e2e-comprehensive-inventor-0bc85-should-search-items-by-name-firefox/test-failed-1.png
    ────────────────────────────────────────────────────────────────────────────────────────────────

    attachment #2: video (video/webm) ──────────────────────────────────────────────────────────────
    ../../test-results/e2e-comprehensive-inventor-0bc85-should-search-items-by-name-firefox/video.webm
    ────────────────────────────────────────────────────────────────────────────────────────────────
]]>
</failure>
<system-out>
<![CDATA[
[[ATTACHMENT|e2e-comprehensive-inventor-0bc85-should-search-items-by-name-firefox/test-failed-1.png]]

[[ATTACHMENT|e2e-comprehensive-inventor-0bc85-should-search-items-by-name-firefox/video.webm]]
]]>
</system-out>
</testcase>
<testcase name="Comprehensive Inventory CRUD Operations › should edit an item" classname="e2e/comprehensive-inventory-crud.spec.ts" time="10.922">
<failure message="comprehensive-inventory-crud.spec.ts:72:3 should edit an item" type="FAILURE">
<![CDATA[  [firefox] › e2e/comprehensive-inventory-crud.spec.ts:72:3 › Comprehensive Inventory CRUD Operations › should edit an item 

    TimeoutError: page.waitForSelector: Timeout 10000ms exceeded.
    Call log:
      - waiting for locator('[data-testid="inventory-dashboard"]') to be visible


       6 |     await page.goto('/');
       7 |     // Wait for app to load
    >  8 |     await page.waitForSelector('[data-testid="inventory-dashboard"]', { timeout: 10000 });
         |                ^
       9 |   });
      10 |
      11 |   test('should add items for all 11 categories', async ({ page }) => {
        at /Users/ghogue/Library/CloudStorage/OneDrive-InsightfulOutcomes,LLC/IS-LTD/APPS/CaliberVaultII/src/test/e2e/comprehensive-inventory-crud.spec.ts:8:16

    attachment #1: screenshot (image/png) ──────────────────────────────────────────────────────────
    ../../test-results/e2e-comprehensive-inventor-9cd63-rations-should-edit-an-item-firefox/test-failed-1.png
    ────────────────────────────────────────────────────────────────────────────────────────────────

    attachment #2: video (video/webm) ──────────────────────────────────────────────────────────────
    ../../test-results/e2e-comprehensive-inventor-9cd63-rations-should-edit-an-item-firefox/video.webm
    ────────────────────────────────────────────────────────────────────────────────────────────────
]]>
</failure>
<system-out>
<![CDATA[
[[ATTACHMENT|e2e-comprehensive-inventor-9cd63-rations-should-edit-an-item-firefox/test-failed-1.png]]

[[ATTACHMENT|e2e-comprehensive-inventor-9cd63-rations-should-edit-an-item-firefox/video.webm]]
]]>
</system-out>
</testcase>
<testcase name="Comprehensive Inventory CRUD Operations › should delete an item" classname="e2e/comprehensive-inventory-crud.spec.ts" time="10.822">
<failure message="comprehensive-inventory-crud.spec.ts:90:3 should delete an item" type="FAILURE">
<![CDATA[  [firefox] › e2e/comprehensive-inventory-crud.spec.ts:90:3 › Comprehensive Inventory CRUD Operations › should delete an item 

    TimeoutError: page.waitForSelector: Timeout 10000ms exceeded.
    Call log:
      - waiting for locator('[data-testid="inventory-dashboard"]') to be visible


       6 |     await page.goto('/');
       7 |     // Wait for app to load
    >  8 |     await page.waitForSelector('[data-testid="inventory-dashboard"]', { timeout: 10000 });
         |                ^
       9 |   });
      10 |
      11 |   test('should add items for all 11 categories', async ({ page }) => {
        at /Users/ghogue/Library/CloudStorage/OneDrive-InsightfulOutcomes,LLC/IS-LTD/APPS/CaliberVaultII/src/test/e2e/comprehensive-inventory-crud.spec.ts:8:16

    attachment #1: screenshot (image/png) ──────────────────────────────────────────────────────────
    ../../test-results/e2e-comprehensive-inventor-519a0-tions-should-delete-an-item-firefox/test-failed-1.png
    ────────────────────────────────────────────────────────────────────────────────────────────────

    attachment #2: video (video/webm) ──────────────────────────────────────────────────────────────
    ../../test-results/e2e-comprehensive-inventor-519a0-tions-should-delete-an-item-firefox/video.webm
    ────────────────────────────────────────────────────────────────────────────────────────────────
]]>
</failure>
<system-out>
<![CDATA[
[[ATTACHMENT|e2e-comprehensive-inventor-519a0-tions-should-delete-an-item-firefox/test-failed-1.png]]

[[ATTACHMENT|e2e-comprehensive-inventor-519a0-tions-should-delete-an-item-firefox/video.webm]]
]]>
</system-out>
</testcase>
</testsuite>
<testsuite name="e2e/comprehensive-user-flows.spec.ts" timestamp="2025-11-07T02:55:58.284Z" hostname="firefox" tests="3" failures="3" skipped="0" time="90.131" errors="0">
<testcase name="Comprehensive User Flows › complete inventory workflow" classname="e2e/comprehensive-user-flows.spec.ts" time="30.054">
<failure message="comprehensive-user-flows.spec.ts:8:3 complete inventory workflow" type="FAILURE">
<![CDATA[  [firefox] › e2e/comprehensive-user-flows.spec.ts:8:3 › Comprehensive User Flows › complete inventory workflow 

    Test timeout of 30000ms exceeded.

    Error: page.click: Test timeout of 30000ms exceeded.
    Call log:
      - waiting for locator('text=Login')


       8 |   test('complete inventory workflow', async ({ page }) => {
       9 |     // Login
    > 10 |     await page.click('text=Login');
         |                ^
      11 |     await page.fill('input[type="email"]', 'test@example.com');
      12 |     await page.fill('input[type="password"]', 'password123');
      13 |     await page.click('button[type="submit"]');
        at /Users/ghogue/Library/CloudStorage/OneDrive-InsightfulOutcomes,LLC/IS-LTD/APPS/CaliberVaultII/src/test/e2e/comprehensive-user-flows.spec.ts:10:16

    attachment #1: screenshot (image/png) ──────────────────────────────────────────────────────────
    ../../test-results/e2e-comprehensive-user-flo-a8cdc-complete-inventory-workflow-firefox/test-failed-1.png
    ────────────────────────────────────────────────────────────────────────────────────────────────

    attachment #2: video (video/webm) ──────────────────────────────────────────────────────────────
    ../../test-results/e2e-comprehensive-user-flo-a8cdc-complete-inventory-workflow-firefox/video.webm
    ────────────────────────────────────────────────────────────────────────────────────────────────
]]>
</failure>
<system-out>
<![CDATA[
[[ATTACHMENT|e2e-comprehensive-user-flo-a8cdc-complete-inventory-workflow-firefox/test-failed-1.png]]

[[ATTACHMENT|e2e-comprehensive-user-flo-a8cdc-complete-inventory-workflow-firefox/video.webm]]
]]>
</system-out>
</testcase>
<testcase name="Comprehensive User Flows › barcode scanning workflow" classname="e2e/comprehensive-user-flows.spec.ts" time="30.037">
<failure message="comprehensive-user-flows.spec.ts:44:3 barcode scanning workflow" type="FAILURE">
<![CDATA[  [firefox] › e2e/comprehensive-user-flows.spec.ts:44:3 › Comprehensive User Flows › barcode scanning workflow 

    Test timeout of 30000ms exceeded.

    Error: page.click: Test timeout of 30000ms exceeded.
    Call log:
      - waiting for locator('text=Scan Barcode')


      43 |
      44 |   test('barcode scanning workflow', async ({ page }) => {
    > 45 |     await page.click('text=Scan Barcode');
         |                ^
      46 |     await expect(page.locator('video')).toBeVisible();
      47 |     // Simulate barcode detection would happen here
      48 |   });
        at /Users/ghogue/Library/CloudStorage/OneDrive-InsightfulOutcomes,LLC/IS-LTD/APPS/CaliberVaultII/src/test/e2e/comprehensive-user-flows.spec.ts:45:16

    attachment #1: screenshot (image/png) ──────────────────────────────────────────────────────────
    ../../test-results/e2e-comprehensive-user-flo-b97ca-s-barcode-scanning-workflow-firefox/test-failed-1.png
    ────────────────────────────────────────────────────────────────────────────────────────────────

    attachment #2: video (video/webm) ──────────────────────────────────────────────────────────────
    ../../test-results/e2e-comprehensive-user-flo-b97ca-s-barcode-scanning-workflow-firefox/video.webm
    ────────────────────────────────────────────────────────────────────────────────────────────────
]]>
</failure>
<system-out>
<![CDATA[
[[ATTACHMENT|e2e-comprehensive-user-flo-b97ca-s-barcode-scanning-workflow-firefox/test-failed-1.png]]

[[ATTACHMENT|e2e-comprehensive-user-flo-b97ca-s-barcode-scanning-workflow-firefox/video.webm]]
]]>
</system-out>
</testcase>
<testcase name="Comprehensive User Flows › export and reporting workflow" classname="e2e/comprehensive-user-flows.spec.ts" time="30.04">
<failure message="comprehensive-user-flows.spec.ts:50:3 export and reporting workflow" type="FAILURE">
<![CDATA[  [firefox] › e2e/comprehensive-user-flows.spec.ts:50:3 › Comprehensive User Flows › export and reporting workflow 

    Test timeout of 30000ms exceeded.

    Error: page.click: Test timeout of 30000ms exceeded.
    Call log:
      - waiting for locator('text=Reports')


      49 |
      50 |   test('export and reporting workflow', async ({ page }) => {
    > 51 |     await page.click('text=Reports');
         |                ^
      52 |     await page.click('text=Export PDF');
      53 |     // Verify download initiated
      54 |   });
        at /Users/ghogue/Library/CloudStorage/OneDrive-InsightfulOutcomes,LLC/IS-LTD/APPS/CaliberVaultII/src/test/e2e/comprehensive-user-flows.spec.ts:51:16

    attachment #1: screenshot (image/png) ──────────────────────────────────────────────────────────
    ../../test-results/e2e-comprehensive-user-flo-74dd6-port-and-reporting-workflow-firefox/test-failed-1.png
    ────────────────────────────────────────────────────────────────────────────────────────────────

    attachment #2: video (video/webm) ──────────────────────────────────────────────────────────────
    ../../test-results/e2e-comprehensive-user-flo-74dd6-port-and-reporting-workflow-firefox/video.webm
    ────────────────────────────────────────────────────────────────────────────────────────────────
]]>
</failure>
<system-out>
<![CDATA[
[[ATTACHMENT|e2e-comprehensive-user-flo-74dd6-port-and-reporting-workflow-firefox/test-failed-1.png]]

[[ATTACHMENT|e2e-comprehensive-user-flo-74dd6-port-and-reporting-workflow-firefox/video.webm]]
]]>
</system-out>
</testcase>
</testsuite>
<testsuite name="e2e/comprehensive.spec.ts" timestamp="2025-11-07T02:55:58.284Z" hostname="firefox" tests="1" failures="1" skipped="0" time="30.047" errors="0">
<testcase name="Comprehensive User Journey › complete user workflow" classname="e2e/comprehensive.spec.ts" time="30.047">
<failure message="comprehensive.spec.ts:4:3 complete user workflow" type="FAILURE">
<![CDATA[  [firefox] › e2e/comprehensive.spec.ts:4:3 › Comprehensive User Journey › complete user workflow ──

    Test timeout of 30000ms exceeded.

    Error: page.click: Test timeout of 30000ms exceeded.
    Call log:
      - waiting for locator('button:has-text("Add Item")')


      22 |
      23 |     // 3. Add new item
    > 24 |     await page.click('button:has-text("Add Item")');
         |                ^
      25 |     await page.fill('input[name="name"]', 'Test Firearm E2E');
      26 |     await page.fill('input[name="manufacturer"]', 'Test Manufacturer');
      27 |     await page.fill('input[name="model"]', 'Test Model');
        at /Users/ghogue/Library/CloudStorage/OneDrive-InsightfulOutcomes,LLC/IS-LTD/APPS/CaliberVaultII/src/test/e2e/comprehensive.spec.ts:24:16

    attachment #1: screenshot (image/png) ──────────────────────────────────────────────────────────
    ../../test-results/e2e-comprehensive-Comprehe-c0adc-rney-complete-user-workflow-firefox/test-failed-1.png
    ────────────────────────────────────────────────────────────────────────────────────────────────

    attachment #2: video (video/webm) ──────────────────────────────────────────────────────────────
    ../../test-results/e2e-comprehensive-Comprehe-c0adc-rney-complete-user-workflow-firefox/video.webm
    ────────────────────────────────────────────────────────────────────────────────────────────────
]]>
</failure>
<system-out>
<![CDATA[
[[ATTACHMENT|e2e-comprehensive-Comprehe-c0adc-rney-complete-user-workflow-firefox/test-failed-1.png]]

[[ATTACHMENT|e2e-comprehensive-Comprehe-c0adc-rney-complete-user-workflow-firefox/video.webm]]
]]>
</system-out>
</testcase>
</testsuite>
<testsuite name="e2e/editItem.spec.ts" timestamp="2025-11-07T02:55:58.284Z" hostname="firefox" tests="2" failures="2" skipped="0" time="60.075" errors="0">
<testcase name="Edit Item Flow › should edit an existing item" classname="e2e/editItem.spec.ts" time="30.037">
<failure message="editItem.spec.ts:9:3 should edit an existing item" type="FAILURE">
<![CDATA[  [firefox] › e2e/editItem.spec.ts:9:3 › Edit Item Flow › should edit an existing item ─────────────

    Test timeout of 30000ms exceeded.

    Error: page.click: Test timeout of 30000ms exceeded.
    Call log:
      - waiting for locator('.item-card:first-child')


       9 |   test('should edit an existing item', async ({ page }) => {
      10 |     // Click on first item card
    > 11 |     await page.click('.item-card:first-child');
         |                ^
      12 |     
      13 |     // Click edit button
      14 |     await page.click('button:has-text("Edit")');
        at /Users/ghogue/Library/CloudStorage/OneDrive-InsightfulOutcomes,LLC/IS-LTD/APPS/CaliberVaultII/src/test/e2e/editItem.spec.ts:11:16

    attachment #1: screenshot (image/png) ──────────────────────────────────────────────────────────
    ../../test-results/e2e-editItem-Edit-Item-Flow-should-edit-an-existing-item-firefox/test-failed-1.png
    ────────────────────────────────────────────────────────────────────────────────────────────────

    attachment #2: video (video/webm) ──────────────────────────────────────────────────────────────
    ../../test-results/e2e-editItem-Edit-Item-Flow-should-edit-an-existing-item-firefox/video.webm
    ────────────────────────────────────────────────────────────────────────────────────────────────
]]>
</failure>
<system-out>
<![CDATA[
[[ATTACHMENT|e2e-editItem-Edit-Item-Flow-should-edit-an-existing-item-firefox/test-failed-1.png]]

[[ATTACHMENT|e2e-editItem-Edit-Item-Flow-should-edit-an-existing-item-firefox/video.webm]]
]]>
</system-out>
</testcase>
<testcase name="Edit Item Flow › should cancel edit without saving" classname="e2e/editItem.spec.ts" time="30.038">
<failure message="editItem.spec.ts:28:3 should cancel edit without saving" type="FAILURE">
<![CDATA[  [firefox] › e2e/editItem.spec.ts:28:3 › Edit Item Flow › should cancel edit without saving ───────

    Test timeout of 30000ms exceeded.

    Error: page.click: Test timeout of 30000ms exceeded.
    Call log:
      - waiting for locator('.item-card:first-child')


      27 |
      28 |   test('should cancel edit without saving', async ({ page }) => {
    > 29 |     await page.click('.item-card:first-child');
         |                ^
      30 |     await page.click('button:has-text("Edit")');
      31 |     
      32 |     await page.fill('input[name="name"]', 'Should Not Save');
        at /Users/ghogue/Library/CloudStorage/OneDrive-InsightfulOutcomes,LLC/IS-LTD/APPS/CaliberVaultII/src/test/e2e/editItem.spec.ts:29:16

    attachment #1: screenshot (image/png) ──────────────────────────────────────────────────────────
    ../../test-results/e2e-editItem-Edit-Item-Flo-d3676--cancel-edit-without-saving-firefox/test-failed-1.png
    ────────────────────────────────────────────────────────────────────────────────────────────────

    attachment #2: video (video/webm) ──────────────────────────────────────────────────────────────
    ../../test-results/e2e-editItem-Edit-Item-Flo-d3676--cancel-edit-without-saving-firefox/video.webm
    ────────────────────────────────────────────────────────────────────────────────────────────────
]]>
</failure>
<system-out>
<![CDATA[
[[ATTACHMENT|e2e-editItem-Edit-Item-Flo-d3676--cancel-edit-without-saving-firefox/test-failed-1.png]]

[[ATTACHMENT|e2e-editItem-Edit-Item-Flo-d3676--cancel-edit-without-saving-firefox/video.webm]]
]]>
</system-out>
</testcase>
</testsuite>
<testsuite name="e2e/export.spec.ts" timestamp="2025-11-07T02:55:58.284Z" hostname="firefox" tests="3" failures="3" skipped="0" time="90.088" errors="0">
<testcase name="Export Functionality › should export inventory to CSV" classname="e2e/export.spec.ts" time="30.022">
<failure message="export.spec.ts:10:3 should export inventory to CSV" type="FAILURE">
<![CDATA[  [firefox] › e2e/export.spec.ts:10:3 › Export Functionality › should export inventory to CSV ──────

    Test timeout of 30000ms exceeded.

    Error: page.waitForEvent: Test timeout of 30000ms exceeded.
    =========================== logs ===========================
    waiting for event "download"
    ============================================================

       9 |
      10 |   test('should export inventory to CSV', async ({ page }) => {
    > 11 |     const downloadPromise = page.waitForEvent('download');
         |                                  ^
      12 |     
      13 |     await page.click('button:has-text("Export")');
      14 |     await page.click('text="Export to CSV"');
        at /Users/ghogue/Library/CloudStorage/OneDrive-InsightfulOutcomes,LLC/IS-LTD/APPS/CaliberVaultII/src/test/e2e/export.spec.ts:11:34

    Error: page.click: Test timeout of 30000ms exceeded.
    Call log:
      - waiting for locator('button:has-text("Export")')


      11 |     const downloadPromise = page.waitForEvent('download');
      12 |     
    > 13 |     await page.click('button:has-text("Export")');
         |                ^
      14 |     await page.click('text="Export to CSV"');
      15 |     
      16 |     const download = await downloadPromise;
        at /Users/ghogue/Library/CloudStorage/OneDrive-InsightfulOutcomes,LLC/IS-LTD/APPS/CaliberVaultII/src/test/e2e/export.spec.ts:13:16

    attachment #1: screenshot (image/png) ──────────────────────────────────────────────────────────
    ../../test-results/e2e-export-Export-Function-fb66d-uld-export-inventory-to-CSV-firefox/test-failed-1.png
    ────────────────────────────────────────────────────────────────────────────────────────────────
]]>
</failure>
<system-out>
<![CDATA[
[[ATTACHMENT|e2e-export-Export-Function-fb66d-uld-export-inventory-to-CSV-firefox/test-failed-1.png]]
]]>
</system-out>
</testcase>
<testcase name="Export Functionality › should export inventory to PDF" classname="e2e/export.spec.ts" time="30.022">
<failure message="export.spec.ts:20:3 should export inventory to PDF" type="FAILURE">
<![CDATA[  [firefox] › e2e/export.spec.ts:20:3 › Export Functionality › should export inventory to PDF ──────

    Test timeout of 30000ms exceeded.

    Error: page.waitForEvent: Test timeout of 30000ms exceeded.
    =========================== logs ===========================
    waiting for event "download"
    ============================================================

      19 |
      20 |   test('should export inventory to PDF', async ({ page }) => {
    > 21 |     const downloadPromise = page.waitForEvent('download');
         |                                  ^
      22 |     
      23 |     await page.click('button:has-text("Export")');
      24 |     await page.click('text="Export to PDF"');
        at /Users/ghogue/Library/CloudStorage/OneDrive-InsightfulOutcomes,LLC/IS-LTD/APPS/CaliberVaultII/src/test/e2e/export.spec.ts:21:34

    Error: page.click: Test timeout of 30000ms exceeded.
    Call log:
      - waiting for locator('button:has-text("Export")')


      21 |     const downloadPromise = page.waitForEvent('download');
      22 |     
    > 23 |     await page.click('button:has-text("Export")');
         |                ^
      24 |     await page.click('text="Export to PDF"');
      25 |     
      26 |     const download = await downloadPromise;
        at /Users/ghogue/Library/CloudStorage/OneDrive-InsightfulOutcomes,LLC/IS-LTD/APPS/CaliberVaultII/src/test/e2e/export.spec.ts:23:16

    attachment #1: screenshot (image/png) ──────────────────────────────────────────────────────────
    ../../test-results/e2e-export-Export-Function-db966-uld-export-inventory-to-PDF-firefox/test-failed-1.png
    ────────────────────────────────────────────────────────────────────────────────────────────────
]]>
</failure>
<system-out>
<![CDATA[
[[ATTACHMENT|e2e-export-Export-Function-db966-uld-export-inventory-to-PDF-firefox/test-failed-1.png]]
]]>
</system-out>
</testcase>
<testcase name="Export Functionality › should export with filters applied" classname="e2e/export.spec.ts" time="30.044">
<failure message="export.spec.ts:30:3 should export with filters applied" type="FAILURE">
<![CDATA[  [firefox] › e2e/export.spec.ts:30:3 › Export Functionality › should export with filters applied ──

    Test timeout of 30000ms exceeded.

    Error: page.fill: Test timeout of 30000ms exceeded.
    Call log:
      - waiting for locator('input[placeholder*="Search"]')


      29 |
      30 |   test('should export with filters applied', async ({ page }) => {
    > 31 |     await page.fill('input[placeholder*="Search"]', 'Glock');
         |                ^
      32 |     
      33 |     const downloadPromise = page.waitForEvent('download');
      34 |     await page.click('button:has-text("Export")');
        at /Users/ghogue/Library/CloudStorage/OneDrive-InsightfulOutcomes,LLC/IS-LTD/APPS/CaliberVaultII/src/test/e2e/export.spec.ts:31:16

    attachment #1: screenshot (image/png) ──────────────────────────────────────────────────────────
    ../../test-results/e2e-export-Export-Function-bd061-export-with-filters-applied-firefox/test-failed-1.png
    ────────────────────────────────────────────────────────────────────────────────────────────────

    attachment #2: video (video/webm) ──────────────────────────────────────────────────────────────
    ../../test-results/e2e-export-Export-Function-bd061-export-with-filters-applied-firefox/video.webm
    ────────────────────────────────────────────────────────────────────────────────────────────────
]]>
</failure>
<system-out>
<![CDATA[
[[ATTACHMENT|e2e-export-Export-Function-bd061-export-with-filters-applied-firefox/test-failed-1.png]]

[[ATTACHMENT|e2e-export-Export-Function-bd061-export-with-filters-applied-firefox/video.webm]]
]]>
</system-out>
</testcase>
</testsuite>
<testsuite name="e2e/filtering-and-search.spec.ts" timestamp="2025-11-07T02:55:58.284Z" hostname="firefox" tests="5" failures="5" skipped="0" time="150.222" errors="0">
<testcase name="Filtering and Search › should filter by multiple categories" classname="e2e/filtering-and-search.spec.ts" time="30.036">
<failure message="filtering-and-search.spec.ts:9:3 should filter by multiple categories" type="FAILURE">
<![CDATA[  [firefox] › e2e/filtering-and-search.spec.ts:9:3 › Filtering and Search › should filter by multiple categories 

    Test timeout of 30000ms exceeded while running "beforeEach" hook.

      2 |
      3 | test.describe('Filtering and Search', () => {
    > 4 |   test.beforeEach(async ({ page }) => {
        |        ^
      5 |     await page.goto('/');
      6 |     await page.waitForSelector('[data-testid="inventory-dashboard"]');
      7 |   });
        at /Users/ghogue/Library/CloudStorage/OneDrive-InsightfulOutcomes,LLC/IS-LTD/APPS/CaliberVaultII/src/test/e2e/filtering-and-search.spec.ts:4:8

    Error: page.waitForSelector: Test timeout of 30000ms exceeded.
    Call log:
      - waiting for locator('[data-testid="inventory-dashboard"]') to be visible


      4 |   test.beforeEach(async ({ page }) => {
      5 |     await page.goto('/');
    > 6 |     await page.waitForSelector('[data-testid="inventory-dashboard"]');
        |                ^
      7 |   });
      8 |
      9 |   test('should filter by multiple categories', async ({ page }) => {
        at /Users/ghogue/Library/CloudStorage/OneDrive-InsightfulOutcomes,LLC/IS-LTD/APPS/CaliberVaultII/src/test/e2e/filtering-and-search.spec.ts:6:16

    attachment #1: screenshot (image/png) ──────────────────────────────────────────────────────────
    ../../test-results/e2e-filtering-and-search-F-7299d-lter-by-multiple-categories-firefox/test-failed-1.png
    ────────────────────────────────────────────────────────────────────────────────────────────────

    attachment #2: video (video/webm) ──────────────────────────────────────────────────────────────
    ../../test-results/e2e-filtering-and-search-F-7299d-lter-by-multiple-categories-firefox/video.webm
    ────────────────────────────────────────────────────────────────────────────────────────────────
]]>
</failure>
<system-out>
<![CDATA[
[[ATTACHMENT|e2e-filtering-and-search-F-7299d-lter-by-multiple-categories-firefox/test-failed-1.png]]

[[ATTACHMENT|e2e-filtering-and-search-F-7299d-lter-by-multiple-categories-firefox/video.webm]]
]]>
</system-out>
</testcase>
<testcase name="Filtering and Search › should search with filters applied" classname="e2e/filtering-and-search.spec.ts" time="30.047">
<failure message="filtering-and-search.spec.ts:27:3 should search with filters applied" type="FAILURE">
<![CDATA[  [firefox] › e2e/filtering-and-search.spec.ts:27:3 › Filtering and Search › should search with filters applied 

    Test timeout of 30000ms exceeded while running "beforeEach" hook.

      2 |
      3 | test.describe('Filtering and Search', () => {
    > 4 |   test.beforeEach(async ({ page }) => {
        |        ^
      5 |     await page.goto('/');
      6 |     await page.waitForSelector('[data-testid="inventory-dashboard"]');
      7 |   });
        at /Users/ghogue/Library/CloudStorage/OneDrive-InsightfulOutcomes,LLC/IS-LTD/APPS/CaliberVaultII/src/test/e2e/filtering-and-search.spec.ts:4:8

    Error: page.waitForSelector: Test timeout of 30000ms exceeded.
    Call log:
      - waiting for locator('[data-testid="inventory-dashboard"]') to be visible


      4 |   test.beforeEach(async ({ page }) => {
      5 |     await page.goto('/');
    > 6 |     await page.waitForSelector('[data-testid="inventory-dashboard"]');
        |                ^
      7 |   });
      8 |
      9 |   test('should filter by multiple categories', async ({ page }) => {
        at /Users/ghogue/Library/CloudStorage/OneDrive-InsightfulOutcomes,LLC/IS-LTD/APPS/CaliberVaultII/src/test/e2e/filtering-and-search.spec.ts:6:16

    attachment #1: screenshot (image/png) ──────────────────────────────────────────────────────────
    ../../test-results/e2e-filtering-and-search-F-bb6b6-search-with-filters-applied-firefox/test-failed-1.png
    ────────────────────────────────────────────────────────────────────────────────────────────────

    attachment #2: video (video/webm) ──────────────────────────────────────────────────────────────
    ../../test-results/e2e-filtering-and-search-F-bb6b6-search-with-filters-applied-firefox/video.webm
    ────────────────────────────────────────────────────────────────────────────────────────────────
]]>
</failure>
<system-out>
<![CDATA[
[[ATTACHMENT|e2e-filtering-and-search-F-bb6b6-search-with-filters-applied-firefox/test-failed-1.png]]

[[ATTACHMENT|e2e-filtering-and-search-F-bb6b6-search-with-filters-applied-firefox/video.webm]]
]]>
</system-out>
</testcase>
<testcase name="Filtering and Search › should clear all filters" classname="e2e/filtering-and-search.spec.ts" time="30.041">
<failure message="filtering-and-search.spec.ts:46:3 should clear all filters" type="FAILURE">
<![CDATA[  [firefox] › e2e/filtering-and-search.spec.ts:46:3 › Filtering and Search › should clear all filters 

    Test timeout of 30000ms exceeded while running "beforeEach" hook.

      2 |
      3 | test.describe('Filtering and Search', () => {
    > 4 |   test.beforeEach(async ({ page }) => {
        |        ^
      5 |     await page.goto('/');
      6 |     await page.waitForSelector('[data-testid="inventory-dashboard"]');
      7 |   });
        at /Users/ghogue/Library/CloudStorage/OneDrive-InsightfulOutcomes,LLC/IS-LTD/APPS/CaliberVaultII/src/test/e2e/filtering-and-search.spec.ts:4:8

    Error: page.waitForSelector: Test timeout of 30000ms exceeded.
    Call log:
      - waiting for locator('[data-testid="inventory-dashboard"]') to be visible


      4 |   test.beforeEach(async ({ page }) => {
      5 |     await page.goto('/');
    > 6 |     await page.waitForSelector('[data-testid="inventory-dashboard"]');
        |                ^
      7 |   });
      8 |
      9 |   test('should filter by multiple categories', async ({ page }) => {
        at /Users/ghogue/Library/CloudStorage/OneDrive-InsightfulOutcomes,LLC/IS-LTD/APPS/CaliberVaultII/src/test/e2e/filtering-and-search.spec.ts:6:16

    attachment #1: screenshot (image/png) ──────────────────────────────────────────────────────────
    ../../test-results/e2e-filtering-and-search-F-340ac-ch-should-clear-all-filters-firefox/test-failed-1.png
    ────────────────────────────────────────────────────────────────────────────────────────────────

    attachment #2: video (video/webm) ──────────────────────────────────────────────────────────────
    ../../test-results/e2e-filtering-and-search-F-340ac-ch-should-clear-all-filters-firefox/video.webm
    ────────────────────────────────────────────────────────────────────────────────────────────────
]]>
</failure>
<system-out>
<![CDATA[
[[ATTACHMENT|e2e-filtering-and-search-F-340ac-ch-should-clear-all-filters-firefox/test-failed-1.png]]

[[ATTACHMENT|e2e-filtering-and-search-F-340ac-ch-should-clear-all-filters-firefox/video.webm]]
]]>
</system-out>
</testcase>
<testcase name="Filtering and Search › should sort items by price" classname="e2e/filtering-and-search.spec.ts" time="30.053">
<failure message="filtering-and-search.spec.ts:62:3 should sort items by price" type="FAILURE">
<![CDATA[  [firefox] › e2e/filtering-and-search.spec.ts:62:3 › Filtering and Search › should sort items by price 

    Test timeout of 30000ms exceeded while running "beforeEach" hook.

      2 |
      3 | test.describe('Filtering and Search', () => {
    > 4 |   test.beforeEach(async ({ page }) => {
        |        ^
      5 |     await page.goto('/');
      6 |     await page.waitForSelector('[data-testid="inventory-dashboard"]');
      7 |   });
        at /Users/ghogue/Library/CloudStorage/OneDrive-InsightfulOutcomes,LLC/IS-LTD/APPS/CaliberVaultII/src/test/e2e/filtering-and-search.spec.ts:4:8

    Error: page.waitForSelector: Test timeout of 30000ms exceeded.
    Call log:
      - waiting for locator('[data-testid="inventory-dashboard"]') to be visible


      4 |   test.beforeEach(async ({ page }) => {
      5 |     await page.goto('/');
    > 6 |     await page.waitForSelector('[data-testid="inventory-dashboard"]');
        |                ^
      7 |   });
      8 |
      9 |   test('should filter by multiple categories', async ({ page }) => {
        at /Users/ghogue/Library/CloudStorage/OneDrive-InsightfulOutcomes,LLC/IS-LTD/APPS/CaliberVaultII/src/test/e2e/filtering-and-search.spec.ts:6:16

    attachment #1: screenshot (image/png) ──────────────────────────────────────────────────────────
    ../../test-results/e2e-filtering-and-search-F-d6320--should-sort-items-by-price-firefox/test-failed-1.png
    ────────────────────────────────────────────────────────────────────────────────────────────────

    attachment #2: video (video/webm) ──────────────────────────────────────────────────────────────
    ../../test-results/e2e-filtering-and-search-F-d6320--should-sort-items-by-price-firefox/video.webm
    ────────────────────────────────────────────────────────────────────────────────────────────────
]]>
</failure>
<system-out>
<![CDATA[
[[ATTACHMENT|e2e-filtering-and-search-F-d6320--should-sort-items-by-price-firefox/test-failed-1.png]]

[[ATTACHMENT|e2e-filtering-and-search-F-d6320--should-sort-items-by-price-firefox/video.webm]]
]]>
</system-out>
</testcase>
<testcase name="Filtering and Search › should filter by condition" classname="e2e/filtering-and-search.spec.ts" time="30.045">
<failure message="filtering-and-search.spec.ts:76:3 should filter by condition" type="FAILURE">
<![CDATA[  [firefox] › e2e/filtering-and-search.spec.ts:76:3 › Filtering and Search › should filter by condition 

    Test timeout of 30000ms exceeded while running "beforeEach" hook.

      2 |
      3 | test.describe('Filtering and Search', () => {
    > 4 |   test.beforeEach(async ({ page }) => {
        |        ^
      5 |     await page.goto('/');
      6 |     await page.waitForSelector('[data-testid="inventory-dashboard"]');
      7 |   });
        at /Users/ghogue/Library/CloudStorage/OneDrive-InsightfulOutcomes,LLC/IS-LTD/APPS/CaliberVaultII/src/test/e2e/filtering-and-search.spec.ts:4:8

    Error: page.waitForSelector: Test timeout of 30000ms exceeded.
    Call log:
      - waiting for locator('[data-testid="inventory-dashboard"]') to be visible


      4 |   test.beforeEach(async ({ page }) => {
      5 |     await page.goto('/');
    > 6 |     await page.waitForSelector('[data-testid="inventory-dashboard"]');
        |                ^
      7 |   });
      8 |
      9 |   test('should filter by multiple categories', async ({ page }) => {
        at /Users/ghogue/Library/CloudStorage/OneDrive-InsightfulOutcomes,LLC/IS-LTD/APPS/CaliberVaultII/src/test/e2e/filtering-and-search.spec.ts:6:16

    attachment #1: screenshot (image/png) ──────────────────────────────────────────────────────────
    ../../test-results/e2e-filtering-and-search-F-a47ee--should-filter-by-condition-firefox/test-failed-1.png
    ────────────────────────────────────────────────────────────────────────────────────────────────

    attachment #2: video (video/webm) ──────────────────────────────────────────────────────────────
    ../../test-results/e2e-filtering-and-search-F-a47ee--should-filter-by-condition-firefox/video.webm
    ────────────────────────────────────────────────────────────────────────────────────────────────
]]>
</failure>
<system-out>
<![CDATA[
[[ATTACHMENT|e2e-filtering-and-search-F-a47ee--should-filter-by-condition-firefox/test-failed-1.png]]

[[ATTACHMENT|e2e-filtering-and-search-F-a47ee--should-filter-by-condition-firefox/video.webm]]
]]>
</system-out>
</testcase>
</testsuite>
<testsuite name="e2e/inventory-crud.spec.ts" timestamp="2025-11-07T02:55:58.284Z" hostname="firefox" tests="4" failures="4" skipped="0" time="96.004" errors="0">
<testcase name="Inventory CRUD Operations › should open add item modal" classname="e2e/inventory-crud.spec.ts" time="30.062">
<failure message="inventory-crud.spec.ts:9:3 should open add item modal" type="FAILURE">
<![CDATA[  [firefox] › e2e/inventory-crud.spec.ts:9:3 › Inventory CRUD Operations › should open add item modal 

    Test timeout of 30000ms exceeded.

    Error: locator.click: Test timeout of 30000ms exceeded.
    Call log:
      - waiting for getByRole('button', { name: /add item/i })


       9 |   test('should open add item modal', async ({ page }) => {
      10 |     const addButton = page.getByRole('button', { name: /add item/i });
    > 11 |     await addButton.click();
         |                     ^
      12 |     
      13 |     const modal = page.locator('[role="dialog"]');
      14 |     await expect(modal).toBeVisible();
        at /Users/ghogue/Library/CloudStorage/OneDrive-InsightfulOutcomes,LLC/IS-LTD/APPS/CaliberVaultII/src/test/e2e/inventory-crud.spec.ts:11:21

    attachment #1: screenshot (image/png) ──────────────────────────────────────────────────────────
    ../../test-results/e2e-inventory-crud-Invento-edcc7--should-open-add-item-modal-firefox/test-failed-1.png
    ────────────────────────────────────────────────────────────────────────────────────────────────

    attachment #2: video (video/webm) ──────────────────────────────────────────────────────────────
    ../../test-results/e2e-inventory-crud-Invento-edcc7--should-open-add-item-modal-firefox/video.webm
    ────────────────────────────────────────────────────────────────────────────────────────────────
]]>
</failure>
<system-out>
<![CDATA[
[[ATTACHMENT|e2e-inventory-crud-Invento-edcc7--should-open-add-item-modal-firefox/test-failed-1.png]]

[[ATTACHMENT|e2e-inventory-crud-Invento-edcc7--should-open-add-item-modal-firefox/video.webm]]
]]>
</system-out>
</testcase>
<testcase name="Inventory CRUD Operations › should add new firearm" classname="e2e/inventory-crud.spec.ts" time="30.082">
<failure message="inventory-crud.spec.ts:17:3 should add new firearm" type="FAILURE">
<![CDATA[  [firefox] › e2e/inventory-crud.spec.ts:17:3 › Inventory CRUD Operations › should add new firearm ─

    Test timeout of 30000ms exceeded.

    Error: page.click: Test timeout of 30000ms exceeded.
    Call log:
      - waiting for locator('button:has-text("Add Item")')


      16 |
      17 |   test('should add new firearm', async ({ page }) => {
    > 18 |     await page.click('button:has-text("Add Item")');
         |                ^
      19 |     
      20 |     await page.fill('input[name="name"]', 'Test Firearm');
      21 |     await page.fill('input[name="manufacturer"]', 'Test Manufacturer');
        at /Users/ghogue/Library/CloudStorage/OneDrive-InsightfulOutcomes,LLC/IS-LTD/APPS/CaliberVaultII/src/test/e2e/inventory-crud.spec.ts:18:16

    attachment #1: screenshot (image/png) ──────────────────────────────────────────────────────────
    ../../test-results/e2e-inventory-crud-Invento-567e0-ions-should-add-new-firearm-firefox/test-failed-1.png
    ────────────────────────────────────────────────────────────────────────────────────────────────

    attachment #2: video (video/webm) ──────────────────────────────────────────────────────────────
    ../../test-results/e2e-inventory-crud-Invento-567e0-ions-should-add-new-firearm-firefox/video.webm
    ────────────────────────────────────────────────────────────────────────────────────────────────
]]>
</failure>
<system-out>
<![CDATA[
[[ATTACHMENT|e2e-inventory-crud-Invento-567e0-ions-should-add-new-firearm-firefox/test-failed-1.png]]

[[ATTACHMENT|e2e-inventory-crud-Invento-567e0-ions-should-add-new-firearm-firefox/video.webm]]
]]>
</system-out>
</testcase>
<testcase name="Inventory CRUD Operations › should display inventory items" classname="e2e/inventory-crud.spec.ts" time="5.823">
<failure message="inventory-crud.spec.ts:31:3 should display inventory items" type="FAILURE">
<![CDATA[  [firefox] › e2e/inventory-crud.spec.ts:31:3 › Inventory CRUD Operations › should display inventory items 

    Error: expect(locator).toBeVisible() failed

    Locator: locator('[data-testid="item-card"]').first()
    Expected: visible
    Timeout: 5000ms
    Error: element(s) not found

    Call log:
      - Expect "toBeVisible" with timeout 5000ms
      - waiting for locator('[data-testid="item-card"]').first()


      31 |   test('should display inventory items', async ({ page }) => {
      32 |     const itemCards = page.locator('[data-testid="item-card"]');
    > 33 |     await expect(itemCards.first()).toBeVisible({ timeout: 5000 });
         |                                     ^
      34 |   });
      35 |
      36 |   test('should filter by category', async ({ page }) => {
        at /Users/ghogue/Library/CloudStorage/OneDrive-InsightfulOutcomes,LLC/IS-LTD/APPS/CaliberVaultII/src/test/e2e/inventory-crud.spec.ts:33:37

    attachment #1: screenshot (image/png) ──────────────────────────────────────────────────────────
    ../../test-results/e2e-inventory-crud-Invento-65f16-uld-display-inventory-items-firefox/test-failed-1.png
    ────────────────────────────────────────────────────────────────────────────────────────────────

    attachment #2: video (video/webm) ──────────────────────────────────────────────────────────────
    ../../test-results/e2e-inventory-crud-Invento-65f16-uld-display-inventory-items-firefox/video.webm
    ────────────────────────────────────────────────────────────────────────────────────────────────
]]>
</failure>
<system-out>
<![CDATA[
[[ATTACHMENT|e2e-inventory-crud-Invento-65f16-uld-display-inventory-items-firefox/test-failed-1.png]]

[[ATTACHMENT|e2e-inventory-crud-Invento-65f16-uld-display-inventory-items-firefox/video.webm]]
]]>
</system-out>
</testcase>
<testcase name="Inventory CRUD Operations › should filter by category" classname="e2e/inventory-crud.spec.ts" time="30.037">
<failure message="inventory-crud.spec.ts:36:3 should filter by category" type="FAILURE">
<![CDATA[  [firefox] › e2e/inventory-crud.spec.ts:36:3 › Inventory CRUD Operations › should filter by category 

    Test timeout of 30000ms exceeded.

    Error: page.click: Test timeout of 30000ms exceeded.
    Call log:
      - waiting for locator('button:has-text("Firearms")')


      35 |
      36 |   test('should filter by category', async ({ page }) => {
    > 37 |     await page.click('button:has-text("Firearms")');
         |                ^
      38 |     
      39 |     const firearmsItems = page.locator('[data-category="firearms"]');
      40 |     await expect(firearmsItems.first()).toBeVisible({ timeout: 3000 });
        at /Users/ghogue/Library/CloudStorage/OneDrive-InsightfulOutcomes,LLC/IS-LTD/APPS/CaliberVaultII/src/test/e2e/inventory-crud.spec.ts:37:16

    attachment #1: screenshot (image/png) ──────────────────────────────────────────────────────────
    ../../test-results/e2e-inventory-crud-Invento-43eaa-s-should-filter-by-category-firefox/test-failed-1.png
    ────────────────────────────────────────────────────────────────────────────────────────────────

    attachment #2: video (video/webm) ──────────────────────────────────────────────────────────────
    ../../test-results/e2e-inventory-crud-Invento-43eaa-s-should-filter-by-category-firefox/video.webm
    ────────────────────────────────────────────────────────────────────────────────────────────────
]]>
</failure>
<system-out>
<![CDATA[
[[ATTACHMENT|e2e-inventory-crud-Invento-43eaa-s-should-filter-by-category-firefox/test-failed-1.png]]

[[ATTACHMENT|e2e-inventory-crud-Invento-43eaa-s-should-filter-by-category-firefox/video.webm]]
]]>
</system-out>
</testcase>
</testsuite>
<testsuite name="e2e/mobile-features.spec.ts" timestamp="2025-11-07T02:55:58.284Z" hostname="firefox" tests="4" failures="4" skipped="0" time="39.064" errors="0">
<testcase name="Mobile Features › should support pull-to-refresh" classname="e2e/mobile-features.spec.ts" time="6.653">
<failure message="mobile-features.spec.ts:10:3 should support pull-to-refresh" type="FAILURE">
<![CDATA[  [firefox] › e2e/mobile-features.spec.ts:10:3 › Mobile Features › should support pull-to-refresh ──

    Error: expect(locator).toBeVisible() failed

    Locator: locator('[data-testid="refresh-indicator"]')
    Expected: visible
    Timeout: 5000ms
    Error: element(s) not found

    Call log:
      - Expect "toBeVisible" with timeout 5000ms
      - waiting for locator('[data-testid="refresh-indicator"]')


      15 |     await page.mouse.move(200, startY + 300, { steps: 10 });
      16 |     await page.mouse.up();
    > 17 |     await expect(page.locator('[data-testid="refresh-indicator"]')).toBeVisible();
         |                                                                     ^
      18 |   });
      19 |
      20 |   test('should open camera for barcode scanning', async ({ page, context }) => {
        at /Users/ghogue/Library/CloudStorage/OneDrive-InsightfulOutcomes,LLC/IS-LTD/APPS/CaliberVaultII/src/test/e2e/mobile-features.spec.ts:17:69

    attachment #1: screenshot (image/png) ──────────────────────────────────────────────────────────
    ../../test-results/e2e-mobile-features-Mobile-2f528-uld-support-pull-to-refresh-firefox/test-failed-1.png
    ────────────────────────────────────────────────────────────────────────────────────────────────

    attachment #2: video (video/webm) ──────────────────────────────────────────────────────────────
    ../../test-results/e2e-mobile-features-Mobile-2f528-uld-support-pull-to-refresh-firefox/video.webm
    ────────────────────────────────────────────────────────────────────────────────────────────────
]]>
</failure>
<system-out>
<![CDATA[
[[ATTACHMENT|e2e-mobile-features-Mobile-2f528-uld-support-pull-to-refresh-firefox/test-failed-1.png]]

[[ATTACHMENT|e2e-mobile-features-Mobile-2f528-uld-support-pull-to-refresh-firefox/video.webm]]
]]>
</system-out>
</testcase>
<testcase name="Mobile Features › should open camera for barcode scanning" classname="e2e/mobile-features.spec.ts" time="1.655">
<failure message="mobile-features.spec.ts:20:3 should open camera for barcode scanning" type="FAILURE">
<![CDATA[  [firefox] › e2e/mobile-features.spec.ts:20:3 › Mobile Features › should open camera for barcode scanning 

    Error: browserContext.grantPermissions: Unknown permission: camera

      19 |
      20 |   test('should open camera for barcode scanning', async ({ page, context }) => {
    > 21 |     await context.grantPermissions(['camera']);
         |                   ^
      22 |     await page.goto('/inventory');
      23 |     await page.getByRole('button', { name: /scan/i }).click();
      24 |     await expect(page.locator('video')).toBeVisible();
        at /Users/ghogue/Library/CloudStorage/OneDrive-InsightfulOutcomes,LLC/IS-LTD/APPS/CaliberVaultII/src/test/e2e/mobile-features.spec.ts:21:19

    attachment #1: screenshot (image/png) ──────────────────────────────────────────────────────────
    ../../test-results/e2e-mobile-features-Mobile-da77e-camera-for-barcode-scanning-firefox/test-failed-1.png
    ────────────────────────────────────────────────────────────────────────────────────────────────

    attachment #2: video (video/webm) ──────────────────────────────────────────────────────────────
    ../../test-results/e2e-mobile-features-Mobile-da77e-camera-for-barcode-scanning-firefox/video.webm
    ────────────────────────────────────────────────────────────────────────────────────────────────
]]>
</failure>
<system-out>
<![CDATA[
[[ATTACHMENT|e2e-mobile-features-Mobile-da77e-camera-for-barcode-scanning-firefox/test-failed-1.png]]

[[ATTACHMENT|e2e-mobile-features-Mobile-da77e-camera-for-barcode-scanning-firefox/video.webm]]
]]>
</system-out>
</testcase>
<testcase name="Mobile Features › should work offline" classname="e2e/mobile-features.spec.ts" time="0.677">
<failure message="mobile-features.spec.ts:27:3 should work offline" type="FAILURE">
<![CDATA[  [firefox] › e2e/mobile-features.spec.ts:27:3 › Mobile Features › should work offline ─────────────

    Error: page.reload: WebKit encountered an internal error
    Call log:
      - waiting for navigation until "load"


      28 |     await page.goto('/inventory');
      29 |     await context.setOffline(true);
    > 30 |     await page.reload();
         |                ^
      31 |     await expect(page.getByText(/offline mode/i)).toBeVisible();
      32 |     await expect(page.locator('.item-card').first()).toBeVisible();
      33 |   });
        at /Users/ghogue/Library/CloudStorage/OneDrive-InsightfulOutcomes,LLC/IS-LTD/APPS/CaliberVaultII/src/test/e2e/mobile-features.spec.ts:30:16

    attachment #1: screenshot (image/png) ──────────────────────────────────────────────────────────
    ../../test-results/e2e-mobile-features-Mobile-Features-should-work-offline-firefox/test-failed-1.png
    ────────────────────────────────────────────────────────────────────────────────────────────────

    attachment #2: video (video/webm) ──────────────────────────────────────────────────────────────
    ../../test-results/e2e-mobile-features-Mobile-Features-should-work-offline-firefox/video.webm
    ────────────────────────────────────────────────────────────────────────────────────────────────
]]>
</failure>
<system-out>
<![CDATA[
[[ATTACHMENT|e2e-mobile-features-Mobile-Features-should-work-offline-firefox/test-failed-1.png]]

[[ATTACHMENT|e2e-mobile-features-Mobile-Features-should-work-offline-firefox/video.webm]]
]]>
</system-out>
</testcase>
<testcase name="Mobile Features › should support swipe gestures" classname="e2e/mobile-features.spec.ts" time="30.079">
<failure message="mobile-features.spec.ts:35:3 should support swipe gestures" type="FAILURE">
<![CDATA[  [firefox] › e2e/mobile-features.spec.ts:35:3 › Mobile Features › should support swipe gestures ───

    Test timeout of 30000ms exceeded.

    Error: locator.boundingBox: Test timeout of 30000ms exceeded.
    Call log:
      - waiting for locator('.item-card').first()


      36 |     await page.goto('/inventory');
      37 |     const card = page.locator('.item-card').first();
    > 38 |     const box = await card.boundingBox();
         |                            ^
      39 |     if (box) {
      40 |       await page.mouse.move(box.x + 10, box.y + box.height / 2);
      41 |       await page.mouse.down();
        at /Users/ghogue/Library/CloudStorage/OneDrive-InsightfulOutcomes,LLC/IS-LTD/APPS/CaliberVaultII/src/test/e2e/mobile-features.spec.ts:38:28

    attachment #1: screenshot (image/png) ──────────────────────────────────────────────────────────
    ../../test-results/e2e-mobile-features-Mobile-e3146-ould-support-swipe-gestures-firefox/test-failed-1.png
    ────────────────────────────────────────────────────────────────────────────────────────────────

    attachment #2: video (video/webm) ──────────────────────────────────────────────────────────────
    ../../test-results/e2e-mobile-features-Mobile-e3146-ould-support-swipe-gestures-firefox/video.webm
    ────────────────────────────────────────────────────────────────────────────────────────────────
]]>
</failure>
<system-out>
<![CDATA[
[[ATTACHMENT|e2e-mobile-features-Mobile-e3146-ould-support-swipe-gestures-firefox/test-failed-1.png]]

[[ATTACHMENT|e2e-mobile-features-Mobile-e3146-ould-support-swipe-gestures-firefox/video.webm]]
]]>
</system-out>
</testcase>
</testsuite>
<testsuite name="e2e/search-filter.spec.ts" timestamp="2025-11-07T02:55:58.284Z" hostname="firefox" tests="4" failures="4" skipped="0" time="120.342" errors="0">
<testcase name="Search and Filter › should search inventory items" classname="e2e/search-filter.spec.ts" time="30.041">
<failure message="search-filter.spec.ts:8:3 should search inventory items" type="FAILURE">
<![CDATA[  [firefox] › e2e/search-filter.spec.ts:8:3 › Search and Filter › should search inventory items ────

    Test timeout of 30000ms exceeded.

    Error: locator.fill: Test timeout of 30000ms exceeded.
    Call log:
      - waiting for locator('input[placeholder*="Search"]')


       8 |   test('should search inventory items', async ({ page }) => {
       9 |     const searchInput = page.locator('input[placeholder*="Search"]');
    > 10 |     await searchInput.fill('Glock');
         |                       ^
      11 |     
      12 |     await page.waitForTimeout(500); // Debounce
      13 |     
        at /Users/ghogue/Library/CloudStorage/OneDrive-InsightfulOutcomes,LLC/IS-LTD/APPS/CaliberVaultII/src/test/e2e/search-filter.spec.ts:10:23

    attachment #1: screenshot (image/png) ──────────────────────────────────────────────────────────
    ../../test-results/e2e-search-filter-Search-a-d1228-ould-search-inventory-items-firefox/test-failed-1.png
    ────────────────────────────────────────────────────────────────────────────────────────────────

    attachment #2: video (video/webm) ──────────────────────────────────────────────────────────────
    ../../test-results/e2e-search-filter-Search-a-d1228-ould-search-inventory-items-firefox/video.webm
    ────────────────────────────────────────────────────────────────────────────────────────────────
]]>
</failure>
<system-out>
<![CDATA[
[[ATTACHMENT|e2e-search-filter-Search-a-d1228-ould-search-inventory-items-firefox/test-failed-1.png]]

[[ATTACHMENT|e2e-search-filter-Search-a-d1228-ould-search-inventory-items-firefox/video.webm]]
]]>
</system-out>
</testcase>
<testcase name="Search and Filter › should filter by manufacturer" classname="e2e/search-filter.spec.ts" time="30.04">
<failure message="search-filter.spec.ts:18:3 should filter by manufacturer" type="FAILURE">
<![CDATA[  [firefox] › e2e/search-filter.spec.ts:18:3 › Search and Filter › should filter by manufacturer ───

    Test timeout of 30000ms exceeded.

    Error: page.click: Test timeout of 30000ms exceeded.
    Call log:
      - waiting for locator('button:has-text("Manufacturer")')


      17 |
      18 |   test('should filter by manufacturer', async ({ page }) => {
    > 19 |     await page.click('button:has-text("Manufacturer")');
         |                ^
      20 |     await page.click('text="Glock"');
      21 |     
      22 |     const filteredItems = page.locator('[data-manufacturer="Glock"]');
        at /Users/ghogue/Library/CloudStorage/OneDrive-InsightfulOutcomes,LLC/IS-LTD/APPS/CaliberVaultII/src/test/e2e/search-filter.spec.ts:19:16

    attachment #1: screenshot (image/png) ──────────────────────────────────────────────────────────
    ../../test-results/e2e-search-filter-Search-a-19f97-ould-filter-by-manufacturer-firefox/test-failed-1.png
    ────────────────────────────────────────────────────────────────────────────────────────────────

    attachment #2: video (video/webm) ──────────────────────────────────────────────────────────────
    ../../test-results/e2e-search-filter-Search-a-19f97-ould-filter-by-manufacturer-firefox/video.webm
    ────────────────────────────────────────────────────────────────────────────────────────────────
]]>
</failure>
<system-out>
<![CDATA[
[[ATTACHMENT|e2e-search-filter-Search-a-19f97-ould-filter-by-manufacturer-firefox/test-failed-1.png]]

[[ATTACHMENT|e2e-search-filter-Search-a-19f97-ould-filter-by-manufacturer-firefox/video.webm]]
]]>
</system-out>
</testcase>
<testcase name="Search and Filter › should clear all filters" classname="e2e/search-filter.spec.ts" time="30.209">
<failure message="search-filter.spec.ts:26:3 should clear all filters" type="FAILURE">
<![CDATA[  [firefox] › e2e/search-filter.spec.ts:26:3 › Search and Filter › should clear all filters ────────

    Test timeout of 30000ms exceeded.

    Error: page.fill: Test timeout of 30000ms exceeded.
    Call log:
      - waiting for locator('input[placeholder*="Search"]')


      25 |
      26 |   test('should clear all filters', async ({ page }) => {
    > 27 |     await page.fill('input[placeholder*="Search"]', 'test');
         |                ^
      28 |     await page.click('button:has-text("Clear Filters")');
      29 |     
      30 |     const searchInput = page.locator('input[placeholder*="Search"]');
        at /Users/ghogue/Library/CloudStorage/OneDrive-InsightfulOutcomes,LLC/IS-LTD/APPS/CaliberVaultII/src/test/e2e/search-filter.spec.ts:27:16

    attachment #1: screenshot (image/png) ──────────────────────────────────────────────────────────
    ../../test-results/e2e-search-filter-Search-and-Filter-should-clear-all-filters-firefox/test-failed-1.png
    ────────────────────────────────────────────────────────────────────────────────────────────────

    attachment #2: video (video/webm) ──────────────────────────────────────────────────────────────
    ../../test-results/e2e-search-filter-Search-and-Filter-should-clear-all-filters-firefox/video.webm
    ────────────────────────────────────────────────────────────────────────────────────────────────
]]>
</failure>
<system-out>
<![CDATA[
[[ATTACHMENT|e2e-search-filter-Search-and-Filter-should-clear-all-filters-firefox/test-failed-1.png]]

[[ATTACHMENT|e2e-search-filter-Search-and-Filter-should-clear-all-filters-firefox/video.webm]]
]]>
</system-out>
</testcase>
<testcase name="Search and Filter › should combine multiple filters" classname="e2e/search-filter.spec.ts" time="30.052">
<failure message="search-filter.spec.ts:34:3 should combine multiple filters" type="FAILURE">
<![CDATA[  [firefox] › e2e/search-filter.spec.ts:34:3 › Search and Filter › should combine multiple filters ─

    Test timeout of 30000ms exceeded.

    Error: page.fill: Test timeout of 30000ms exceeded.
    Call log:
      - waiting for locator('input[placeholder*="Search"]')


      33 |
      34 |   test('should combine multiple filters', async ({ page }) => {
    > 35 |     await page.fill('input[placeholder*="Search"]', 'rifle');
         |                ^
      36 |     await page.click('button:has-text("Category")');
      37 |     await page.click('text="Firearms"');
      38 |     
        at /Users/ghogue/Library/CloudStorage/OneDrive-InsightfulOutcomes,LLC/IS-LTD/APPS/CaliberVaultII/src/test/e2e/search-filter.spec.ts:35:16

    attachment #1: screenshot (image/png) ──────────────────────────────────────────────────────────
    ../../test-results/e2e-search-filter-Search-a-a21e3-ld-combine-multiple-filters-firefox/test-failed-1.png
    ────────────────────────────────────────────────────────────────────────────────────────────────

    attachment #2: video (video/webm) ──────────────────────────────────────────────────────────────
    ../../test-results/e2e-search-filter-Search-a-a21e3-ld-combine-multiple-filters-firefox/video.webm
    ────────────────────────────────────────────────────────────────────────────────────────────────
]]>
</failure>
<system-out>
<![CDATA[
[[ATTACHMENT|e2e-search-filter-Search-a-a21e3-ld-combine-multiple-filters-firefox/test-failed-1.png]]

[[ATTACHMENT|e2e-search-filter-Search-a-a21e3-ld-combine-multiple-filters-firefox/video.webm]]
]]>
</system-out>
</testcase>
</testsuite>
<testsuite name="e2e/subscription-tiers.spec.ts" timestamp="2025-11-07T02:55:58.284Z" hostname="firefox" tests="3" failures="3" skipped="0" time="90.413" errors="0">
<testcase name="Subscription Tiers › free tier should enforce 50 item limit" classname="e2e/subscription-tiers.spec.ts" time="30.073">
<failure message="subscription-tiers.spec.ts:4:3 free tier should enforce 50 item limit" type="FAILURE">
<![CDATA[  [firefox] › e2e/subscription-tiers.spec.ts:4:3 › Subscription Tiers › free tier should enforce 50 item limit 

    Test timeout of 30000ms exceeded.

    Error: locator.click: Test timeout of 30000ms exceeded.
    Call log:
      - waiting for getByRole('button', { name: /add item/i })


      17 |     
      18 |     await page.reload();
    > 19 |     await page.getByRole('button', { name: /add item/i }).click();
         |                                                           ^
      20 |     await expect(page.getByText(/upgrade.*premium/i)).toBeVisible();
      21 |   });
      22 |
        at /Users/ghogue/Library/CloudStorage/OneDrive-InsightfulOutcomes,LLC/IS-LTD/APPS/CaliberVaultII/src/test/e2e/subscription-tiers.spec.ts:19:59

    attachment #1: screenshot (image/png) ──────────────────────────────────────────────────────────
    ../../test-results/e2e-subscription-tiers-Sub-14679-hould-enforce-50-item-limit-firefox/test-failed-1.png
    ────────────────────────────────────────────────────────────────────────────────────────────────

    attachment #2: video (video/webm) ──────────────────────────────────────────────────────────────
    ../../test-results/e2e-subscription-tiers-Sub-14679-hould-enforce-50-item-limit-firefox/video.webm
    ────────────────────────────────────────────────────────────────────────────────────────────────
]]>
</failure>
<system-out>
<![CDATA[
[[ATTACHMENT|e2e-subscription-tiers-Sub-14679-hould-enforce-50-item-limit-firefox/test-failed-1.png]]

[[ATTACHMENT|e2e-subscription-tiers-Sub-14679-hould-enforce-50-item-limit-firefox/video.webm]]
]]>
</system-out>
</testcase>
<testcase name="Subscription Tiers › premium tier should allow unlimited items" classname="e2e/subscription-tiers.spec.ts" time="30.141">
<failure message="subscription-tiers.spec.ts:23:3 premium tier should allow unlimited items" type="FAILURE">
<![CDATA[  [firefox] › e2e/subscription-tiers.spec.ts:23:3 › Subscription Tiers › premium tier should allow unlimited items 

    Test timeout of 30000ms exceeded.

    Error: locator.click: Test timeout of 30000ms exceeded.
    Call log:
      - waiting for getByRole('button', { name: /add item/i })


      25 |     await page.evaluate(() => localStorage.setItem('tier', 'premium'));
      26 |     await page.goto('/inventory');
    > 27 |     await page.getByRole('button', { name: /add item/i }).click();
         |                                                           ^
      28 |     await expect(page.getByRole('dialog')).toBeVisible();
      29 |   });
      30 |
        at /Users/ghogue/Library/CloudStorage/OneDrive-InsightfulOutcomes,LLC/IS-LTD/APPS/CaliberVaultII/src/test/e2e/subscription-tiers.spec.ts:27:59

    attachment #1: screenshot (image/png) ──────────────────────────────────────────────────────────
    ../../test-results/e2e-subscription-tiers-Sub-3c3c5-hould-allow-unlimited-items-firefox/test-failed-1.png
    ────────────────────────────────────────────────────────────────────────────────────────────────

    attachment #2: video (video/webm) ──────────────────────────────────────────────────────────────
    ../../test-results/e2e-subscription-tiers-Sub-3c3c5-hould-allow-unlimited-items-firefox/video.webm
    ────────────────────────────────────────────────────────────────────────────────────────────────
]]>
</failure>
<system-out>
<![CDATA[
[[ATTACHMENT|e2e-subscription-tiers-Sub-3c3c5-hould-allow-unlimited-items-firefox/test-failed-1.png]]

[[ATTACHMENT|e2e-subscription-tiers-Sub-3c3c5-hould-allow-unlimited-items-firefox/video.webm]]
]]>
</system-out>
</testcase>
<testcase name="Subscription Tiers › should show upgrade prompt for team features" classname="e2e/subscription-tiers.spec.ts" time="30.199">
<failure message="subscription-tiers.spec.ts:31:3 should show upgrade prompt for team features" type="FAILURE">
<![CDATA[  [firefox] › e2e/subscription-tiers.spec.ts:31:3 › Subscription Tiers › should show upgrade prompt for team features 

    Test timeout of 30000ms exceeded.

    Error: locator.click: Test timeout of 30000ms exceeded.
    Call log:
      - waiting for getByRole('button', { name: /team/i })


      32 |     await page.goto('/');
      33 |     await page.evaluate(() => localStorage.setItem('tier', 'free'));
    > 34 |     await page.getByRole('button', { name: /team/i }).click();
         |                                                       ^
      35 |     await expect(page.getByText(/upgrade.*team/i)).toBeVisible();
      36 |   });
      37 | });
        at /Users/ghogue/Library/CloudStorage/OneDrive-InsightfulOutcomes,LLC/IS-LTD/APPS/CaliberVaultII/src/test/e2e/subscription-tiers.spec.ts:34:55

    attachment #1: screenshot (image/png) ──────────────────────────────────────────────────────────
    ../../test-results/e2e-subscription-tiers-Sub-5e319-de-prompt-for-team-features-firefox/test-failed-1.png
    ────────────────────────────────────────────────────────────────────────────────────────────────

    attachment #2: video (video/webm) ──────────────────────────────────────────────────────────────
    ../../test-results/e2e-subscription-tiers-Sub-5e319-de-prompt-for-team-features-firefox/video.webm
    ────────────────────────────────────────────────────────────────────────────────────────────────
]]>
</failure>
<system-out>
<![CDATA[
[[ATTACHMENT|e2e-subscription-tiers-Sub-5e319-de-prompt-for-team-features-firefox/test-failed-1.png]]

[[ATTACHMENT|e2e-subscription-tiers-Sub-5e319-de-prompt-for-team-features-firefox/video.webm]]
]]>
</system-out>
</testcase>
</testsuite>
<testsuite name="e2e/team-collaboration.spec.ts" timestamp="2025-11-07T02:55:58.284Z" hostname="firefox" tests="3" failures="3" skipped="0" time="90.238" errors="0">
<testcase name="Team Collaboration › should invite team member" classname="e2e/team-collaboration.spec.ts" time="30.078">
<failure message="team-collaboration.spec.ts:13:3 should invite team member" type="FAILURE">
<![CDATA[  [firefox] › e2e/team-collaboration.spec.ts:13:3 › Team Collaboration › should invite team member ─

    Test timeout of 30000ms exceeded while running "beforeEach" hook.

      2 |
      3 | test.describe('Team Collaboration', () => {
    > 4 |   test.beforeEach(async ({ page }) => {
        |        ^
      5 |     await page.goto('/');
      6 |     await page.getByRole('button', { name: /login/i }).click();
      7 |     await page.fill('input[type="email"]', 'test@example.com');
        at /Users/ghogue/Library/CloudStorage/OneDrive-InsightfulOutcomes,LLC/IS-LTD/APPS/CaliberVaultII/src/test/e2e/team-collaboration.spec.ts:4:8

    Error: locator.click: Test timeout of 30000ms exceeded.
    Call log:
      - waiting for getByRole('button', { name: /login/i })


      4 |   test.beforeEach(async ({ page }) => {
      5 |     await page.goto('/');
    > 6 |     await page.getByRole('button', { name: /login/i }).click();
        |                                                        ^
      7 |     await page.fill('input[type="email"]', 'test@example.com');
      8 |     await page.fill('input[type="password"]', 'password123');
      9 |     await page.getByRole('button', { name: /sign in/i }).click();
        at /Users/ghogue/Library/CloudStorage/OneDrive-InsightfulOutcomes,LLC/IS-LTD/APPS/CaliberVaultII/src/test/e2e/team-collaboration.spec.ts:6:56

    attachment #1: screenshot (image/png) ──────────────────────────────────────────────────────────
    ../../test-results/e2e-team-collaboration-Tea-48ee3-n-should-invite-team-member-firefox/test-failed-1.png
    ────────────────────────────────────────────────────────────────────────────────────────────────

    attachment #2: video (video/webm) ──────────────────────────────────────────────────────────────
    ../../test-results/e2e-team-collaboration-Tea-48ee3-n-should-invite-team-member-firefox/video.webm
    ────────────────────────────────────────────────────────────────────────────────────────────────
]]>
</failure>
<system-out>
<![CDATA[
[[ATTACHMENT|e2e-team-collaboration-Tea-48ee3-n-should-invite-team-member-firefox/test-failed-1.png]]

[[ATTACHMENT|e2e-team-collaboration-Tea-48ee3-n-should-invite-team-member-firefox/video.webm]]
]]>
</system-out>
</testcase>
<testcase name="Team Collaboration › should share inventory item" classname="e2e/team-collaboration.spec.ts" time="30.068">
<failure message="team-collaboration.spec.ts:22:3 should share inventory item" type="FAILURE">
<![CDATA[  [firefox] › e2e/team-collaboration.spec.ts:22:3 › Team Collaboration › should share inventory item 

    Test timeout of 30000ms exceeded while running "beforeEach" hook.

      2 |
      3 | test.describe('Team Collaboration', () => {
    > 4 |   test.beforeEach(async ({ page }) => {
        |        ^
      5 |     await page.goto('/');
      6 |     await page.getByRole('button', { name: /login/i }).click();
      7 |     await page.fill('input[type="email"]', 'test@example.com');
        at /Users/ghogue/Library/CloudStorage/OneDrive-InsightfulOutcomes,LLC/IS-LTD/APPS/CaliberVaultII/src/test/e2e/team-collaboration.spec.ts:4:8

    Error: locator.click: Test timeout of 30000ms exceeded.
    Call log:
      - waiting for getByRole('button', { name: /login/i })


      4 |   test.beforeEach(async ({ page }) => {
      5 |     await page.goto('/');
    > 6 |     await page.getByRole('button', { name: /login/i }).click();
        |                                                        ^
      7 |     await page.fill('input[type="email"]', 'test@example.com');
      8 |     await page.fill('input[type="password"]', 'password123');
      9 |     await page.getByRole('button', { name: /sign in/i }).click();
        at /Users/ghogue/Library/CloudStorage/OneDrive-InsightfulOutcomes,LLC/IS-LTD/APPS/CaliberVaultII/src/test/e2e/team-collaboration.spec.ts:6:56

    attachment #1: screenshot (image/png) ──────────────────────────────────────────────────────────
    ../../test-results/e2e-team-collaboration-Tea-1ddf0-should-share-inventory-item-firefox/test-failed-1.png
    ────────────────────────────────────────────────────────────────────────────────────────────────

    attachment #2: video (video/webm) ──────────────────────────────────────────────────────────────
    ../../test-results/e2e-team-collaboration-Tea-1ddf0-should-share-inventory-item-firefox/video.webm
    ────────────────────────────────────────────────────────────────────────────────────────────────
]]>
</failure>
<system-out>
<![CDATA[
[[ATTACHMENT|e2e-team-collaboration-Tea-1ddf0-should-share-inventory-item-firefox/test-failed-1.png]]

[[ATTACHMENT|e2e-team-collaboration-Tea-1ddf0-should-share-inventory-item-firefox/video.webm]]
]]>
</system-out>
</testcase>
<testcase name="Team Collaboration › should add comment to item" classname="e2e/team-collaboration.spec.ts" time="30.092">
<failure message="team-collaboration.spec.ts:31:3 should add comment to item" type="FAILURE">
<![CDATA[  [firefox] › e2e/team-collaboration.spec.ts:31:3 › Team Collaboration › should add comment to item 

    Test timeout of 30000ms exceeded while running "beforeEach" hook.

      2 |
      3 | test.describe('Team Collaboration', () => {
    > 4 |   test.beforeEach(async ({ page }) => {
        |        ^
      5 |     await page.goto('/');
      6 |     await page.getByRole('button', { name: /login/i }).click();
      7 |     await page.fill('input[type="email"]', 'test@example.com');
        at /Users/ghogue/Library/CloudStorage/OneDrive-InsightfulOutcomes,LLC/IS-LTD/APPS/CaliberVaultII/src/test/e2e/team-collaboration.spec.ts:4:8

    Error: locator.click: Test timeout of 30000ms exceeded.
    Call log:
      - waiting for getByRole('button', { name: /login/i })


      4 |   test.beforeEach(async ({ page }) => {
      5 |     await page.goto('/');
    > 6 |     await page.getByRole('button', { name: /login/i }).click();
        |                                                        ^
      7 |     await page.fill('input[type="email"]', 'test@example.com');
      8 |     await page.fill('input[type="password"]', 'password123');
      9 |     await page.getByRole('button', { name: /sign in/i }).click();
        at /Users/ghogue/Library/CloudStorage/OneDrive-InsightfulOutcomes,LLC/IS-LTD/APPS/CaliberVaultII/src/test/e2e/team-collaboration.spec.ts:6:56

    attachment #1: screenshot (image/png) ──────────────────────────────────────────────────────────
    ../../test-results/e2e-team-collaboration-Tea-4b748--should-add-comment-to-item-firefox/test-failed-1.png
    ────────────────────────────────────────────────────────────────────────────────────────────────

    attachment #2: video (video/webm) ──────────────────────────────────────────────────────────────
    ../../test-results/e2e-team-collaboration-Tea-4b748--should-add-comment-to-item-firefox/video.webm
    ────────────────────────────────────────────────────────────────────────────────────────────────
]]>
</failure>
<system-out>
<![CDATA[
[[ATTACHMENT|e2e-team-collaboration-Tea-4b748--should-add-comment-to-item-firefox/test-failed-1.png]]

[[ATTACHMENT|e2e-team-collaboration-Tea-4b748--should-add-comment-to-item-firefox/video.webm]]
]]>
</system-out>
</testcase>
</testsuite>
<testsuite name="performance/load-testing.spec.ts" timestamp="2025-11-07T02:55:58.284Z" hostname="firefox" tests="3" failures="3" skipped="0" time="61.328" errors="0">
<testcase name="Load Testing › should handle 1000 inventory items" classname="performance/load-testing.spec.ts" time="1.254">
<failure message="load-testing.spec.ts:4:3 should handle 1000 inventory items" type="FAILURE">
<![CDATA[  [firefox] › performance/load-testing.spec.ts:4:3 › Load Testing › should handle 1000 inventory items 

    Error: expect(received).toBeGreaterThan(expected)

    Expected: > 0
    Received:   0

      24 |     
      25 |     const itemCount = await page.locator('.item-card').count();
    > 26 |     expect(itemCount).toBeGreaterThan(0);
         |                       ^
      27 |   });
      28 |
      29 |   test('should handle rapid filtering', async ({ page }) => {
        at /Users/ghogue/Library/CloudStorage/OneDrive-InsightfulOutcomes,LLC/IS-LTD/APPS/CaliberVaultII/src/test/performance/load-testing.spec.ts:26:23

    attachment #1: screenshot (image/png) ──────────────────────────────────────────────────────────
    ../../test-results/performance-load-testing-L-21deb-handle-1000-inventory-items-firefox/test-failed-1.png
    ────────────────────────────────────────────────────────────────────────────────────────────────

    attachment #2: video (video/webm) ──────────────────────────────────────────────────────────────
    ../../test-results/performance-load-testing-L-21deb-handle-1000-inventory-items-firefox/video.webm
    ────────────────────────────────────────────────────────────────────────────────────────────────
]]>
</failure>
<system-out>
<![CDATA[
[[ATTACHMENT|performance-load-testing-L-21deb-handle-1000-inventory-items-firefox/test-failed-1.png]]

[[ATTACHMENT|performance-load-testing-L-21deb-handle-1000-inventory-items-firefox/video.webm]]
]]>
</system-out>
</testcase>
<testcase name="Load Testing › should handle rapid filtering" classname="performance/load-testing.spec.ts" time="30.039">
<failure message="load-testing.spec.ts:29:3 should handle rapid filtering" type="FAILURE">
<![CDATA[  [firefox] › performance/load-testing.spec.ts:29:3 › Load Testing › should handle rapid filtering ─

    Test timeout of 30000ms exceeded.

    Error: page.selectOption: Test timeout of 30000ms exceeded.
    Call log:
      - waiting for locator('select[name="category"]')


      34 |     
      35 |     for (const category of categories) {
    > 36 |       await page.selectOption('select[name="category"]', category);
         |                  ^
      37 |       await page.waitForLoadState('networkidle');
      38 |     }
      39 |     
        at /Users/ghogue/Library/CloudStorage/OneDrive-InsightfulOutcomes,LLC/IS-LTD/APPS/CaliberVaultII/src/test/performance/load-testing.spec.ts:36:18

    attachment #1: screenshot (image/png) ──────────────────────────────────────────────────────────
    ../../test-results/performance-load-testing-L-9566d-ould-handle-rapid-filtering-firefox/test-failed-1.png
    ────────────────────────────────────────────────────────────────────────────────────────────────

    attachment #2: video (video/webm) ──────────────────────────────────────────────────────────────
    ../../test-results/performance-load-testing-L-9566d-ould-handle-rapid-filtering-firefox/video.webm
    ────────────────────────────────────────────────────────────────────────────────────────────────
]]>
</failure>
<system-out>
<![CDATA[
[[ATTACHMENT|performance-load-testing-L-9566d-ould-handle-rapid-filtering-firefox/test-failed-1.png]]

[[ATTACHMENT|performance-load-testing-L-9566d-ould-handle-rapid-filtering-firefox/video.webm]]
]]>
</system-out>
</testcase>
<testcase name="Load Testing › should handle concurrent operations" classname="performance/load-testing.spec.ts" time="30.035">
<failure message="load-testing.spec.ts:44:3 should handle concurrent operations" type="FAILURE">
<![CDATA[  [firefox] › performance/load-testing.spec.ts:44:3 › Load Testing › should handle concurrent operations 

    Test timeout of 30000ms exceeded.

    Error: page.fill: Test timeout of 30000ms exceeded.
    Call log:
      - waiting for locator('input[type="search"]')


      48 |       page.getByRole('button', { name: /filter/i }).click(),
      49 |       page.getByRole('button', { name: /sort/i }).click(),
    > 50 |       page.fill('input[type="search"]', 'test'),
         |            ^
      51 |     ];
      52 |     
      53 |     await Promise.all(operations);
        at /Users/ghogue/Library/CloudStorage/OneDrive-InsightfulOutcomes,LLC/IS-LTD/APPS/CaliberVaultII/src/test/performance/load-testing.spec.ts:50:12

    attachment #1: screenshot (image/png) ──────────────────────────────────────────────────────────
    ../../test-results/performance-load-testing-L-7d39d-andle-concurrent-operations-firefox/test-failed-1.png
    ────────────────────────────────────────────────────────────────────────────────────────────────

    attachment #2: video (video/webm) ──────────────────────────────────────────────────────────────
    ../../test-results/performance-load-testing-L-7d39d-andle-concurrent-operations-firefox/video.webm
    ────────────────────────────────────────────────────────────────────────────────────────────────
]]>
</failure>
<system-out>
<![CDATA[
[[ATTACHMENT|performance-load-testing-L-7d39d-andle-concurrent-operations-firefox/test-failed-1.png]]

[[ATTACHMENT|performance-load-testing-L-7d39d-andle-concurrent-operations-firefox/video.webm]]
]]>
</system-out>
</testcase>
</testsuite>
<testsuite name="performance/performance.spec.ts" timestamp="2025-11-07T02:55:58.284Z" hostname="firefox" tests="6" failures="4" skipped="0" time="127.13" errors="0">
<testcase name="Performance Tests › homepage loads within acceptable time" classname="performance/performance.spec.ts" time="30.041">
<failure message="performance.spec.ts:9:3 homepage loads within acceptable time" type="FAILURE">
<![CDATA[  [firefox] › performance/performance.spec.ts:9:3 › Performance Tests › homepage loads within acceptable time 

    Test timeout of 30000ms exceeded.

    Error: page.waitForSelector: Test timeout of 30000ms exceeded.
    Call log:
      - waiting for locator('[data-testid="app-layout"]') to be visible


      10 |     const startTime = Date.now();
      11 |     await page.goto('/');
    > 12 |     await page.waitForSelector('[data-testid="app-layout"]');
         |                ^
      13 |     const loadTime = Date.now() - startTime;
      14 |     
      15 |     expect(loadTime).toBeLessThan(3000); // Should load in under 3 seconds
        at /Users/ghogue/Library/CloudStorage/OneDrive-InsightfulOutcomes,LLC/IS-LTD/APPS/CaliberVaultII/src/test/performance/performance.spec.ts:12:16

    attachment #1: screenshot (image/png) ──────────────────────────────────────────────────────────
    ../../test-results/performance-performance-Pe-2daac-oads-within-acceptable-time-firefox/test-failed-1.png
    ────────────────────────────────────────────────────────────────────────────────────────────────

    attachment #2: video (video/webm) ──────────────────────────────────────────────────────────────
    ../../test-results/performance-performance-Pe-2daac-oads-within-acceptable-time-firefox/video.webm
    ────────────────────────────────────────────────────────────────────────────────────────────────
]]>
</failure>
<system-out>
<![CDATA[
[[ATTACHMENT|performance-performance-Pe-2daac-oads-within-acceptable-time-firefox/test-failed-1.png]]

[[ATTACHMENT|performance-performance-Pe-2daac-oads-within-acceptable-time-firefox/video.webm]]
]]>
</system-out>
</testcase>
<testcase name="Performance Tests › measures Core Web Vitals" classname="performance/performance.spec.ts" time="5.804">
<system-out>
<![CDATA[Core Web Vitals: {}
]]>
</system-out>
</testcase>
<testcase name="Performance Tests › inventory list renders efficiently with many items" classname="performance/performance.spec.ts" time="30.099">
<failure message="performance.spec.ts:46:3 inventory list renders efficiently with many items" type="FAILURE">
<![CDATA[  [firefox] › performance/performance.spec.ts:46:3 › Performance Tests › inventory list renders efficiently with many items 

    Test timeout of 30000ms exceeded.

    Error: page.waitForSelector: Test timeout of 30000ms exceeded.
    Call log:
      - waiting for locator('[data-testid="item-card"]') to be visible


      48 |     
      49 |     const startTime = Date.now();
    > 50 |     await page.waitForSelector('[data-testid="item-card"]');
         |                ^
      51 |     const renderTime = Date.now() - startTime;
      52 |     
      53 |     expect(renderTime).toBeLessThan(2000);
        at /Users/ghogue/Library/CloudStorage/OneDrive-InsightfulOutcomes,LLC/IS-LTD/APPS/CaliberVaultII/src/test/performance/performance.spec.ts:50:16

    attachment #1: screenshot (image/png) ──────────────────────────────────────────────────────────
    ../../test-results/performance-performance-Pe-7405e-efficiently-with-many-items-firefox/test-failed-1.png
    ────────────────────────────────────────────────────────────────────────────────────────────────

    attachment #2: video (video/webm) ──────────────────────────────────────────────────────────────
    ../../test-results/performance-performance-Pe-7405e-efficiently-with-many-items-firefox/video.webm
    ────────────────────────────────────────────────────────────────────────────────────────────────
]]>
</failure>
<system-out>
<![CDATA[
[[ATTACHMENT|performance-performance-Pe-7405e-efficiently-with-many-items-firefox/test-failed-1.png]]

[[ATTACHMENT|performance-performance-Pe-7405e-efficiently-with-many-items-firefox/video.webm]]
]]>
</system-out>
</testcase>
<testcase name="Performance Tests › search performs efficiently" classname="performance/performance.spec.ts" time="30.15">
<failure message="performance.spec.ts:56:3 search performs efficiently" type="FAILURE">
<![CDATA[  [firefox] › performance/performance.spec.ts:56:3 › Performance Tests › search performs efficiently 

    Test timeout of 30000ms exceeded.

    Error: page.fill: Test timeout of 30000ms exceeded.
    Call log:
      - waiting for locator('input[placeholder*="Search"]')


      56 |   test('search performs efficiently', async ({ page }) => {
      57 |     await page.goto('/');
    > 58 |     await page.fill('input[placeholder*="Search"]', 'test');
         |                ^
      59 |     
      60 |     const startTime = Date.now();
      61 |     await page.waitForTimeout(300); // Debounce time
        at /Users/ghogue/Library/CloudStorage/OneDrive-InsightfulOutcomes,LLC/IS-LTD/APPS/CaliberVaultII/src/test/performance/performance.spec.ts:58:16

    attachment #1: screenshot (image/png) ──────────────────────────────────────────────────────────
    ../../test-results/performance-performance-Pe-2f0b2-search-performs-efficiently-firefox/test-failed-1.png
    ────────────────────────────────────────────────────────────────────────────────────────────────

    attachment #2: video (video/webm) ──────────────────────────────────────────────────────────────
    ../../test-results/performance-performance-Pe-2f0b2-search-performs-efficiently-firefox/video.webm
    ────────────────────────────────────────────────────────────────────────────────────────────────
]]>
</failure>
<system-out>
<![CDATA[
[[ATTACHMENT|performance-performance-Pe-2f0b2-search-performs-efficiently-firefox/test-failed-1.png]]

[[ATTACHMENT|performance-performance-Pe-2f0b2-search-performs-efficiently-firefox/video.webm]]
]]>
</system-out>
</testcase>
<testcase name="Performance Tests › filter application is performant" classname="performance/performance.spec.ts" time="30.059">
<failure message="performance.spec.ts:67:3 filter application is performant" type="FAILURE">
<![CDATA[  [firefox] › performance/performance.spec.ts:67:3 › Performance Tests › filter application is performant 

    Test timeout of 30000ms exceeded.

    Error: page.click: Test timeout of 30000ms exceeded.
    Call log:
      - waiting for locator('button:has-text("Firearms")')


      69 |     
      70 |     const startTime = Date.now();
    > 71 |     await page.click('button:has-text("Firearms")');
         |                ^
      72 |     await page.waitForTimeout(100);
      73 |     const filterTime = Date.now() - startTime;
      74 |     
        at /Users/ghogue/Library/CloudStorage/OneDrive-InsightfulOutcomes,LLC/IS-LTD/APPS/CaliberVaultII/src/test/performance/performance.spec.ts:71:16

    attachment #1: screenshot (image/png) ──────────────────────────────────────────────────────────
    ../../test-results/performance-performance-Pe-8f890-r-application-is-performant-firefox/test-failed-1.png
    ────────────────────────────────────────────────────────────────────────────────────────────────

    attachment #2: video (video/webm) ──────────────────────────────────────────────────────────────
    ../../test-results/performance-performance-Pe-8f890-r-application-is-performant-firefox/video.webm
    ────────────────────────────────────────────────────────────────────────────────────────────────
]]>
</failure>
<system-out>
<![CDATA[
[[ATTACHMENT|performance-performance-Pe-8f890-r-application-is-performant-firefox/test-failed-1.png]]

[[ATTACHMENT|performance-performance-Pe-8f890-r-application-is-performant-firefox/video.webm]]
]]>
</system-out>
</testcase>
<testcase name="Performance Tests › image loading is optimized" classname="performance/performance.spec.ts" time="0.977">
</testcase>
</testsuite>
<testsuite name="security/security.spec.ts" timestamp="2025-11-07T02:55:58.284Z" hostname="firefox" tests="16" failures="6" skipped="0" time="103.088" errors="0">
<testcase name="Security Testing Suite › Authentication Security › should prevent access to protected routes without authentication" classname="security/security.spec.ts" time="6.038">
<failure message="security.spec.ts:6:5 should prevent access to protected routes without authentication" type="FAILURE">
<![CDATA[  [firefox] › security/security.spec.ts:6:5 › Security Testing Suite › Authentication Security › should prevent access to protected routes without authentication 

    Error: expect(locator).toBeVisible() failed

    Locator: locator('text=Sign In').or(locator('text=Login'))
    Expected: visible
    Timeout: 5000ms
    Error: element(s) not found

    Call log:
      - Expect "toBeVisible" with timeout 5000ms
      - waiting for locator('text=Sign In').or(locator('text=Login'))


      11 |       
      12 |       // Should redirect to login or show login modal
    > 13 |       await expect(page.locator('text=Sign In').or(page.locator('text=Login'))).toBeVisible({ timeout: 5000 });
         |                                                                                 ^
      14 |     });
      15 |
      16 |     test('should enforce password complexity requirements', async ({ page }) => {
        at /Users/ghogue/Library/CloudStorage/OneDrive-InsightfulOutcomes,LLC/IS-LTD/APPS/CaliberVaultII/src/test/security/security.spec.ts:13:81

    attachment #1: screenshot (image/png) ──────────────────────────────────────────────────────────
    ../../test-results/security-security-Security-ee871-utes-without-authentication-firefox/test-failed-1.png
    ────────────────────────────────────────────────────────────────────────────────────────────────

    attachment #2: video (video/webm) ──────────────────────────────────────────────────────────────
    ../../test-results/security-security-Security-ee871-utes-without-authentication-firefox/video.webm
    ────────────────────────────────────────────────────────────────────────────────────────────────
]]>
</failure>
<system-out>
<![CDATA[
[[ATTACHMENT|security-security-Security-ee871-utes-without-authentication-firefox/test-failed-1.png]]

[[ATTACHMENT|security-security-Security-ee871-utes-without-authentication-firefox/video.webm]]
]]>
</system-out>
</testcase>
<testcase name="Security Testing Suite › Authentication Security › should enforce password complexity requirements" classname="security/security.spec.ts" time="30.056">
<failure message="security.spec.ts:16:5 should enforce password complexity requirements" type="FAILURE">
<![CDATA[  [firefox] › security/security.spec.ts:16:5 › Security Testing Suite › Authentication Security › should enforce password complexity requirements 

    Test timeout of 30000ms exceeded.

    Error: locator.click: Test timeout of 30000ms exceeded.
    Call log:
      - waiting for locator('button:has-text("Sign Up"), button:has-text("Get Started")').first()


      19 |       // Open signup modal
      20 |       const signupButton = page.locator('button:has-text("Sign Up"), button:has-text("Get Started")').first();
    > 21 |       await signupButton.click();
         |                          ^
      22 |       
      23 |       // Try weak password
      24 |       await page.fill('input[type="email"]', 'test@example.com');
        at /Users/ghogue/Library/CloudStorage/OneDrive-InsightfulOutcomes,LLC/IS-LTD/APPS/CaliberVaultII/src/test/security/security.spec.ts:21:26

    attachment #1: screenshot (image/png) ──────────────────────────────────────────────────────────
    ../../test-results/security-security-Security-fc5fe-ord-complexity-requirements-firefox/test-failed-1.png
    ────────────────────────────────────────────────────────────────────────────────────────────────

    attachment #2: video (video/webm) ──────────────────────────────────────────────────────────────
    ../../test-results/security-security-Security-fc5fe-ord-complexity-requirements-firefox/video.webm
    ────────────────────────────────────────────────────────────────────────────────────────────────
]]>
</failure>
<system-out>
<![CDATA[
[[ATTACHMENT|security-security-Security-fc5fe-ord-complexity-requirements-firefox/test-failed-1.png]]

[[ATTACHMENT|security-security-Security-fc5fe-ord-complexity-requirements-firefox/video.webm]]
]]>
</system-out>
</testcase>
<testcase name="Security Testing Suite › Authentication Security › should implement rate limiting on login attempts" classname="security/security.spec.ts" time="30.108">
<failure message="security.spec.ts:34:5 should implement rate limiting on login attempts" type="FAILURE">
<![CDATA[  [firefox] › security/security.spec.ts:34:5 › Security Testing Suite › Authentication Security › should implement rate limiting on login attempts 

    Test timeout of 30000ms exceeded.

    Error: page.fill: Test timeout of 30000ms exceeded.
    Call log:
      - waiting for locator('input[type="email"]')


      37 |       // Attempt multiple failed logins
      38 |       for (let i = 0; i < 6; i++) {
    > 39 |         await page.fill('input[type="email"]', 'test@example.com');
         |                    ^
      40 |         await page.fill('input[type="password"]', 'wrongpassword');
      41 |         await page.locator('button[type="submit"]').click();
      42 |         await page.waitForTimeout(500);
        at /Users/ghogue/Library/CloudStorage/OneDrive-InsightfulOutcomes,LLC/IS-LTD/APPS/CaliberVaultII/src/test/security/security.spec.ts:39:20

    attachment #1: screenshot (image/png) ──────────────────────────────────────────────────────────
    ../../test-results/security-security-Security-06d6e--limiting-on-login-attempts-firefox/test-failed-1.png
    ────────────────────────────────────────────────────────────────────────────────────────────────

    attachment #2: video (video/webm) ──────────────────────────────────────────────────────────────
    ../../test-results/security-security-Security-06d6e--limiting-on-login-attempts-firefox/video.webm
    ────────────────────────────────────────────────────────────────────────────────────────────────
]]>
</failure>
<system-out>
<![CDATA[
[[ATTACHMENT|security-security-Security-06d6e--limiting-on-login-attempts-firefox/test-failed-1.png]]

[[ATTACHMENT|security-security-Security-06d6e--limiting-on-login-attempts-firefox/video.webm]]
]]>
</system-out>
</testcase>
<testcase name="Security Testing Suite › Authorization Security › should prevent unauthorized access to other users data" classname="security/security.spec.ts" time="0.979">
</testcase>
<testcase name="Security Testing Suite › Authorization Security › should enforce role-based access control" classname="security/security.spec.ts" time="0.876">
</testcase>
<testcase name="Security Testing Suite › SQL Injection Prevention › should sanitize search input to prevent SQL injection" classname="security/security.spec.ts" time="30.035">
<failure message="security.spec.ts:76:5 should sanitize search input to prevent SQL injection" type="FAILURE">
<![CDATA[  [firefox] › security/security.spec.ts:76:5 › Security Testing Suite › SQL Injection Prevention › should sanitize search input to prevent SQL injection 

    Test timeout of 30000ms exceeded.

    Error: locator.fill: Test timeout of 30000ms exceeded.
    Call log:
      - waiting for locator('input[placeholder*="Search"], input[type="search"]').first()


      86 |       for (const payload of sqlInjectionPayloads) {
      87 |         const searchInput = page.locator('input[placeholder*="Search"], input[type="search"]').first();
    > 88 |         await searchInput.fill(payload);
         |                           ^
      89 |         await page.keyboard.press('Enter');
      90 |         
      91 |         // Should not cause errors or expose data
        at /Users/ghogue/Library/CloudStorage/OneDrive-InsightfulOutcomes,LLC/IS-LTD/APPS/CaliberVaultII/src/test/security/security.spec.ts:88:27

    attachment #1: screenshot (image/png) ──────────────────────────────────────────────────────────
    ../../test-results/security-security-Security-a108f-ut-to-prevent-SQL-injection-firefox/test-failed-1.png
    ────────────────────────────────────────────────────────────────────────────────────────────────

    attachment #2: video (video/webm) ──────────────────────────────────────────────────────────────
    ../../test-results/security-security-Security-a108f-ut-to-prevent-SQL-injection-firefox/video.webm
    ────────────────────────────────────────────────────────────────────────────────────────────────
]]>
</failure>
<system-out>
<![CDATA[
[[ATTACHMENT|security-security-Security-a108f-ut-to-prevent-SQL-injection-firefox/test-failed-1.png]]

[[ATTACHMENT|security-security-Security-a108f-ut-to-prevent-SQL-injection-firefox/video.webm]]
]]>
</system-out>
</testcase>
<testcase name="Security Testing Suite › XSS Prevention › should sanitize user input to prevent XSS attacks" classname="security/security.spec.ts" time="0.342">
</testcase>
<testcase name="Security Testing Suite › CSRF Protection › should include CSRF tokens in forms" classname="security/security.spec.ts" time="0.312">
</testcase>
<testcase name="Security Testing Suite › Sensitive Data Protection › should not expose sensitive data in client-side code" classname="security/security.spec.ts" time="0.336">
</testcase>
<testcase name="Security Testing Suite › Sensitive Data Protection › should use HTTPS for all API calls" classname="security/security.spec.ts" time="0.323">
</testcase>
<testcase name="Security Testing Suite › Session Security › should implement secure session management" classname="security/security.spec.ts" time="0.316">
</testcase>
<testcase name="Security Testing Suite › Session Security › should expire sessions after inactivity" classname="security/security.spec.ts" time="0.333">
</testcase>
<testcase name="Security Testing Suite › Input Validation › should validate file uploads" classname="security/security.spec.ts" time="1.041">
</testcase>
<testcase name="Security Testing Suite › Input Validation › should validate numeric inputs" classname="security/security.spec.ts" time="0.33">
</testcase>
<testcase name="Security Testing Suite › Content Security Policy › should have proper CSP headers" classname="security/security.spec.ts" time="0.477">
<failure message="security.spec.ts:229:5 should have proper CSP headers" type="FAILURE">
<![CDATA[  [firefox] › security/security.spec.ts:229:5 › Security Testing Suite › Content Security Policy › should have proper CSP headers 

    Error: expect(received).toBeTruthy()

    Received: undefined

      235 |         headers?.['content-security-policy'] ||
      236 |         headers?.['x-content-security-policy']
    > 237 |       ).toBeTruthy();
          |         ^
      238 |     });
      239 |
      240 |     test('should have X-Frame-Options header', async ({ page }) => {
        at /Users/ghogue/Library/CloudStorage/OneDrive-InsightfulOutcomes,LLC/IS-LTD/APPS/CaliberVaultII/src/test/security/security.spec.ts:237:9

    attachment #1: screenshot (image/png) ──────────────────────────────────────────────────────────
    ../../test-results/security-security-Security-8b499-uld-have-proper-CSP-headers-firefox/test-failed-1.png
    ────────────────────────────────────────────────────────────────────────────────────────────────

    attachment #2: video (video/webm) ──────────────────────────────────────────────────────────────
    ../../test-results/security-security-Security-8b499-uld-have-proper-CSP-headers-firefox/video.webm
    ────────────────────────────────────────────────────────────────────────────────────────────────
]]>
</failure>
<system-out>
<![CDATA[
[[ATTACHMENT|security-security-Security-8b499-uld-have-proper-CSP-headers-firefox/test-failed-1.png]]

[[ATTACHMENT|security-security-Security-8b499-uld-have-proper-CSP-headers-firefox/video.webm]]
]]>
</system-out>
</testcase>
<testcase name="Security Testing Suite › Content Security Policy › should have X-Frame-Options header" classname="security/security.spec.ts" time="1.186">
<failure message="security.spec.ts:240:5 should have X-Frame-Options header" type="FAILURE">
<![CDATA[  [firefox] › security/security.spec.ts:240:5 › Security Testing Suite › Content Security Policy › should have X-Frame-Options header 

    Error: expect(received).toMatch(expected)

    Matcher error: received value must be a string

    Received has value: undefined

      242 |       const headers = response?.headers();
      243 |       
    > 244 |       expect(headers?.['x-frame-options']).toMatch(/DENY|SAMEORIGIN/i);
          |                                            ^
      245 |     });
      246 |   });
      247 | });
        at /Users/ghogue/Library/CloudStorage/OneDrive-InsightfulOutcomes,LLC/IS-LTD/APPS/CaliberVaultII/src/test/security/security.spec.ts:244:44

    attachment #1: screenshot (image/png) ──────────────────────────────────────────────────────────
    ../../test-results/security-security-Security-ae6db-have-X-Frame-Options-header-firefox/test-failed-1.png
    ────────────────────────────────────────────────────────────────────────────────────────────────

    attachment #2: video (video/webm) ──────────────────────────────────────────────────────────────
    ../../test-results/security-security-Security-ae6db-have-X-Frame-Options-header-firefox/video.webm
    ────────────────────────────────────────────────────────────────────────────────────────────────
]]>
</failure>
<system-out>
<![CDATA[
[[ATTACHMENT|security-security-Security-ae6db-have-X-Frame-Options-header-firefox/test-failed-1.png]]

[[ATTACHMENT|security-security-Security-ae6db-have-X-Frame-Options-header-firefox/video.webm]]
]]>
</system-out>
</testcase>
</testsuite>
<testsuite name="visual/visual-regression.spec.ts" timestamp="2025-11-07T02:55:58.284Z" hostname="firefox" tests="9" failures="9" skipped="0" time="101.198" errors="0">
<testcase name="Visual Regression Tests › homepage renders correctly" classname="visual/visual-regression.spec.ts" time="11.747">
<failure message="visual-regression.spec.ts:15:3 homepage renders correctly" type="FAILURE">
<![CDATA[  [firefox] › visual/visual-regression.spec.ts:15:3 › Visual Regression Tests › homepage renders correctly 

    TimeoutError: page.waitForSelector: Timeout 10000ms exceeded.
    Call log:
      - waiting for locator('[data-testid="app-layout"]') to be visible


      10 |     await page.goto('/');
      11 |     // Wait for app to be fully loaded
    > 12 |     await page.waitForSelector('[data-testid="app-layout"]', { timeout: 10000 });
         |                ^
      13 |   });
      14 |
      15 |   test('homepage renders correctly', async ({ page }) => {
        at /Users/ghogue/Library/CloudStorage/OneDrive-InsightfulOutcomes,LLC/IS-LTD/APPS/CaliberVaultII/src/test/visual/visual-regression.spec.ts:12:16

    attachment #1: screenshot (image/png) ──────────────────────────────────────────────────────────
    ../../test-results/visual-visual-regression-V-9b275--homepage-renders-correctly-firefox/test-failed-1.png
    ────────────────────────────────────────────────────────────────────────────────────────────────

    attachment #2: video (video/webm) ──────────────────────────────────────────────────────────────
    ../../test-results/visual-visual-regression-V-9b275--homepage-renders-correctly-firefox/video.webm
    ────────────────────────────────────────────────────────────────────────────────────────────────
]]>
</failure>
<system-out>
<![CDATA[
[[ATTACHMENT|visual-visual-regression-V-9b275--homepage-renders-correctly-firefox/test-failed-1.png]]

[[ATTACHMENT|visual-visual-regression-V-9b275--homepage-renders-correctly-firefox/video.webm]]
]]>
</system-out>
</testcase>
<testcase name="Visual Regression Tests › inventory dashboard renders correctly" classname="visual/visual-regression.spec.ts" time="10.659">
<failure message="visual-regression.spec.ts:22:3 inventory dashboard renders correctly" type="FAILURE">
<![CDATA[  [firefox] › visual/visual-regression.spec.ts:22:3 › Visual Regression Tests › inventory dashboard renders correctly 

    TimeoutError: page.waitForSelector: Timeout 10000ms exceeded.
    Call log:
      - waiting for locator('[data-testid="app-layout"]') to be visible


      10 |     await page.goto('/');
      11 |     // Wait for app to be fully loaded
    > 12 |     await page.waitForSelector('[data-testid="app-layout"]', { timeout: 10000 });
         |                ^
      13 |   });
      14 |
      15 |   test('homepage renders correctly', async ({ page }) => {
        at /Users/ghogue/Library/CloudStorage/OneDrive-InsightfulOutcomes,LLC/IS-LTD/APPS/CaliberVaultII/src/test/visual/visual-regression.spec.ts:12:16

    attachment #1: screenshot (image/png) ──────────────────────────────────────────────────────────
    ../../test-results/visual-visual-regression-V-5fa01-dashboard-renders-correctly-firefox/test-failed-1.png
    ────────────────────────────────────────────────────────────────────────────────────────────────

    attachment #2: video (video/webm) ──────────────────────────────────────────────────────────────
    ../../test-results/visual-visual-regression-V-5fa01-dashboard-renders-correctly-firefox/video.webm
    ────────────────────────────────────────────────────────────────────────────────────────────────
]]>
</failure>
<system-out>
<![CDATA[
[[ATTACHMENT|visual-visual-regression-V-5fa01-dashboard-renders-correctly-firefox/test-failed-1.png]]

[[ATTACHMENT|visual-visual-regression-V-5fa01-dashboard-renders-correctly-firefox/video.webm]]
]]>
</system-out>
</testcase>
<testcase name="Visual Regression Tests › add item modal renders correctly" classname="visual/visual-regression.spec.ts" time="11.64">
<failure message="visual-regression.spec.ts:31:3 add item modal renders correctly" type="FAILURE">
<![CDATA[  [firefox] › visual/visual-regression.spec.ts:31:3 › Visual Regression Tests › add item modal renders correctly 

    TimeoutError: page.waitForSelector: Timeout 10000ms exceeded.
    Call log:
      - waiting for locator('[data-testid="app-layout"]') to be visible


      10 |     await page.goto('/');
      11 |     // Wait for app to be fully loaded
    > 12 |     await page.waitForSelector('[data-testid="app-layout"]', { timeout: 10000 });
         |                ^
      13 |   });
      14 |
      15 |   test('homepage renders correctly', async ({ page }) => {
        at /Users/ghogue/Library/CloudStorage/OneDrive-InsightfulOutcomes,LLC/IS-LTD/APPS/CaliberVaultII/src/test/visual/visual-regression.spec.ts:12:16

    attachment #1: screenshot (image/png) ──────────────────────────────────────────────────────────
    ../../test-results/visual-visual-regression-V-d08d4-tem-modal-renders-correctly-firefox/test-failed-1.png
    ────────────────────────────────────────────────────────────────────────────────────────────────

    attachment #2: video (video/webm) ──────────────────────────────────────────────────────────────
    ../../test-results/visual-visual-regression-V-d08d4-tem-modal-renders-correctly-firefox/video.webm
    ────────────────────────────────────────────────────────────────────────────────────────────────
]]>
</failure>
<system-out>
<![CDATA[
[[ATTACHMENT|visual-visual-regression-V-d08d4-tem-modal-renders-correctly-firefox/test-failed-1.png]]

[[ATTACHMENT|visual-visual-regression-V-d08d4-tem-modal-renders-correctly-firefox/video.webm]]
]]>
</system-out>
</testcase>
<testcase name="Visual Regression Tests › filter panel renders correctly" classname="visual/visual-regression.spec.ts" time="11.087">
<failure message="visual-regression.spec.ts:39:3 filter panel renders correctly" type="FAILURE">
<![CDATA[  [firefox] › visual/visual-regression.spec.ts:39:3 › Visual Regression Tests › filter panel renders correctly 

    TimeoutError: page.waitForSelector: Timeout 10000ms exceeded.
    Call log:
      - waiting for locator('[data-testid="app-layout"]') to be visible


      10 |     await page.goto('/');
      11 |     // Wait for app to be fully loaded
    > 12 |     await page.waitForSelector('[data-testid="app-layout"]', { timeout: 10000 });
         |                ^
      13 |   });
      14 |
      15 |   test('homepage renders correctly', async ({ page }) => {
        at /Users/ghogue/Library/CloudStorage/OneDrive-InsightfulOutcomes,LLC/IS-LTD/APPS/CaliberVaultII/src/test/visual/visual-regression.spec.ts:12:16

    attachment #1: screenshot (image/png) ──────────────────────────────────────────────────────────
    ../../test-results/visual-visual-regression-V-b8dba-ter-panel-renders-correctly-firefox/test-failed-1.png
    ────────────────────────────────────────────────────────────────────────────────────────────────

    attachment #2: video (video/webm) ──────────────────────────────────────────────────────────────
    ../../test-results/visual-visual-regression-V-b8dba-ter-panel-renders-correctly-firefox/video.webm
    ────────────────────────────────────────────────────────────────────────────────────────────────
]]>
</failure>
<system-out>
<![CDATA[
[[ATTACHMENT|visual-visual-regression-V-b8dba-ter-panel-renders-correctly-firefox/test-failed-1.png]]

[[ATTACHMENT|visual-visual-regression-V-b8dba-ter-panel-renders-correctly-firefox/video.webm]]
]]>
</system-out>
</testcase>
<testcase name="Visual Regression Tests › item card renders correctly" classname="visual/visual-regression.spec.ts" time="11.03">
<failure message="visual-regression.spec.ts:47:3 item card renders correctly" type="FAILURE">
<![CDATA[  [firefox] › visual/visual-regression.spec.ts:47:3 › Visual Regression Tests › item card renders correctly 

    TimeoutError: page.waitForSelector: Timeout 10000ms exceeded.
    Call log:
      - waiting for locator('[data-testid="app-layout"]') to be visible


      10 |     await page.goto('/');
      11 |     // Wait for app to be fully loaded
    > 12 |     await page.waitForSelector('[data-testid="app-layout"]', { timeout: 10000 });
         |                ^
      13 |   });
      14 |
      15 |   test('homepage renders correctly', async ({ page }) => {
        at /Users/ghogue/Library/CloudStorage/OneDrive-InsightfulOutcomes,LLC/IS-LTD/APPS/CaliberVaultII/src/test/visual/visual-regression.spec.ts:12:16

    attachment #1: screenshot (image/png) ──────────────────────────────────────────────────────────
    ../../test-results/visual-visual-regression-V-f7414-item-card-renders-correctly-firefox/test-failed-1.png
    ────────────────────────────────────────────────────────────────────────────────────────────────

    attachment #2: video (video/webm) ──────────────────────────────────────────────────────────────
    ../../test-results/visual-visual-regression-V-f7414-item-card-renders-correctly-firefox/video.webm
    ────────────────────────────────────────────────────────────────────────────────────────────────
]]>
</failure>
<system-out>
<![CDATA[
[[ATTACHMENT|visual-visual-regression-V-f7414-item-card-renders-correctly-firefox/test-failed-1.png]]

[[ATTACHMENT|visual-visual-regression-V-f7414-item-card-renders-correctly-firefox/video.webm]]
]]>
</system-out>
</testcase>
<testcase name="Visual Regression Tests › category icons display correctly" classname="visual/visual-regression.spec.ts" time="11.047">
<failure message="visual-regression.spec.ts:55:3 category icons display correctly" type="FAILURE">
<![CDATA[  [firefox] › visual/visual-regression.spec.ts:55:3 › Visual Regression Tests › category icons display correctly 

    TimeoutError: page.waitForSelector: Timeout 10000ms exceeded.
    Call log:
      - waiting for locator('[data-testid="app-layout"]') to be visible


      10 |     await page.goto('/');
      11 |     // Wait for app to be fully loaded
    > 12 |     await page.waitForSelector('[data-testid="app-layout"]', { timeout: 10000 });
         |                ^
      13 |   });
      14 |
      15 |   test('homepage renders correctly', async ({ page }) => {
        at /Users/ghogue/Library/CloudStorage/OneDrive-InsightfulOutcomes,LLC/IS-LTD/APPS/CaliberVaultII/src/test/visual/visual-regression.spec.ts:12:16

    attachment #1: screenshot (image/png) ──────────────────────────────────────────────────────────
    ../../test-results/visual-visual-regression-V-60946-ory-icons-display-correctly-firefox/test-failed-1.png
    ────────────────────────────────────────────────────────────────────────────────────────────────

    attachment #2: video (video/webm) ──────────────────────────────────────────────────────────────
    ../../test-results/visual-visual-regression-V-60946-ory-icons-display-correctly-firefox/video.webm
    ────────────────────────────────────────────────────────────────────────────────────────────────
]]>
</failure>
<system-out>
<![CDATA[
[[ATTACHMENT|visual-visual-regression-V-60946-ory-icons-display-correctly-firefox/test-failed-1.png]]

[[ATTACHMENT|visual-visual-regression-V-60946-ory-icons-display-correctly-firefox/video.webm]]
]]>
</system-out>
</testcase>
<testcase name="Visual Regression Tests › mobile view renders correctly" classname="visual/visual-regression.spec.ts" time="11.74">
<failure message="visual-regression.spec.ts:67:3 mobile view renders correctly" type="FAILURE">
<![CDATA[  [firefox] › visual/visual-regression.spec.ts:67:3 › Visual Regression Tests › mobile view renders correctly 

    TimeoutError: page.waitForSelector: Timeout 10000ms exceeded.
    Call log:
      - waiting for locator('[data-testid="app-layout"]') to be visible


      10 |     await page.goto('/');
      11 |     // Wait for app to be fully loaded
    > 12 |     await page.waitForSelector('[data-testid="app-layout"]', { timeout: 10000 });
         |                ^
      13 |   });
      14 |
      15 |   test('homepage renders correctly', async ({ page }) => {
        at /Users/ghogue/Library/CloudStorage/OneDrive-InsightfulOutcomes,LLC/IS-LTD/APPS/CaliberVaultII/src/test/visual/visual-regression.spec.ts:12:16

    attachment #1: screenshot (image/png) ──────────────────────────────────────────────────────────
    ../../test-results/visual-visual-regression-V-d0a6c-bile-view-renders-correctly-firefox/test-failed-1.png
    ────────────────────────────────────────────────────────────────────────────────────────────────

    attachment #2: video (video/webm) ──────────────────────────────────────────────────────────────
    ../../test-results/visual-visual-regression-V-d0a6c-bile-view-renders-correctly-firefox/video.webm
    ────────────────────────────────────────────────────────────────────────────────────────────────
]]>
</failure>
<system-out>
<![CDATA[
[[ATTACHMENT|visual-visual-regression-V-d0a6c-bile-view-renders-correctly-firefox/test-failed-1.png]]

[[ATTACHMENT|visual-visual-regression-V-d0a6c-bile-view-renders-correctly-firefox/video.webm]]
]]>
</system-out>
</testcase>
<testcase name="Visual Regression Tests › tablet view renders correctly" classname="visual/visual-regression.spec.ts" time="10.93">
<failure message="visual-regression.spec.ts:75:3 tablet view renders correctly" type="FAILURE">
<![CDATA[  [firefox] › visual/visual-regression.spec.ts:75:3 › Visual Regression Tests › tablet view renders correctly 

    TimeoutError: page.waitForSelector: Timeout 10000ms exceeded.
    Call log:
      - waiting for locator('[data-testid="app-layout"]') to be visible


      10 |     await page.goto('/');
      11 |     // Wait for app to be fully loaded
    > 12 |     await page.waitForSelector('[data-testid="app-layout"]', { timeout: 10000 });
         |                ^
      13 |   });
      14 |
      15 |   test('homepage renders correctly', async ({ page }) => {
        at /Users/ghogue/Library/CloudStorage/OneDrive-InsightfulOutcomes,LLC/IS-LTD/APPS/CaliberVaultII/src/test/visual/visual-regression.spec.ts:12:16

    attachment #1: screenshot (image/png) ──────────────────────────────────────────────────────────
    ../../test-results/visual-visual-regression-V-7678f-blet-view-renders-correctly-firefox/test-failed-1.png
    ────────────────────────────────────────────────────────────────────────────────────────────────

    attachment #2: video (video/webm) ──────────────────────────────────────────────────────────────
    ../../test-results/visual-visual-regression-V-7678f-blet-view-renders-correctly-firefox/video.webm
    ────────────────────────────────────────────────────────────────────────────────────────────────
]]>
</failure>
<system-out>
<![CDATA[
[[ATTACHMENT|visual-visual-regression-V-7678f-blet-view-renders-correctly-firefox/test-failed-1.png]]

[[ATTACHMENT|visual-visual-regression-V-7678f-blet-view-renders-correctly-firefox/video.webm]]
]]>
</system-out>
</testcase>
<testcase name="Visual Regression Tests › dark mode renders correctly" classname="visual/visual-regression.spec.ts" time="11.318">
<failure message="visual-regression.spec.ts:83:3 dark mode renders correctly" type="FAILURE">
<![CDATA[  [firefox] › visual/visual-regression.spec.ts:83:3 › Visual Regression Tests › dark mode renders correctly 

    TimeoutError: page.waitForSelector: Timeout 10000ms exceeded.
    Call log:
      - waiting for locator('[data-testid="app-layout"]') to be visible


      10 |     await page.goto('/');
      11 |     // Wait for app to be fully loaded
    > 12 |     await page.waitForSelector('[data-testid="app-layout"]', { timeout: 10000 });
         |                ^
      13 |   });
      14 |
      15 |   test('homepage renders correctly', async ({ page }) => {
        at /Users/ghogue/Library/CloudStorage/OneDrive-InsightfulOutcomes,LLC/IS-LTD/APPS/CaliberVaultII/src/test/visual/visual-regression.spec.ts:12:16

    attachment #1: screenshot (image/png) ──────────────────────────────────────────────────────────
    ../../test-results/visual-visual-regression-V-87d8c-dark-mode-renders-correctly-firefox/test-failed-1.png
    ────────────────────────────────────────────────────────────────────────────────────────────────

    attachment #2: video (video/webm) ──────────────────────────────────────────────────────────────
    ../../test-results/visual-visual-regression-V-87d8c-dark-mode-renders-correctly-firefox/video.webm
    ────────────────────────────────────────────────────────────────────────────────────────────────
]]>
</failure>
<system-out>
<![CDATA[
[[ATTACHMENT|visual-visual-regression-V-87d8c-dark-mode-renders-correctly-firefox/test-failed-1.png]]

[[ATTACHMENT|visual-visual-regression-V-87d8c-dark-mode-renders-correctly-firefox/video.webm]]
]]>
</system-out>
</testcase>
</testsuite>
<testsuite name="visual/visual-tests.spec.ts" timestamp="2025-11-07T02:55:58.284Z" hostname="firefox" tests="7" failures="7" skipped="0" time="125.044" errors="0">
<testcase name="Visual Regression Tests › Login page visual snapshot" classname="visual/visual-tests.spec.ts" time="1.22">
<failure message="visual-tests.spec.ts:8:3 Login page visual snapshot" type="FAILURE">
<![CDATA[  [firefox] › visual/visual-tests.spec.ts:8:3 › Visual Regression Tests › Login page visual snapshot 

    Error: A snapshot doesn't exist at /Users/ghogue/Library/CloudStorage/OneDrive-InsightfulOutcomes,LLC/IS-LTD/APPS/CaliberVaultII/src/test/visual/visual-tests.spec.ts-snapshots/login-page-firefox-darwin.png, writing actual.

       7 |
       8 |   test('Login page visual snapshot', async ({ page }) => {
    >  9 |     await expect(page).toHaveScreenshot('login-page.png', {
         |     ^
      10 |       fullPage: true,
      11 |       animations: 'disabled',
      12 |     });
        at /Users/ghogue/Library/CloudStorage/OneDrive-InsightfulOutcomes,LLC/IS-LTD/APPS/CaliberVaultII/src/test/visual/visual-tests.spec.ts:9:5

    attachment #1: login-page (image/png) ──────────────────────────────────────────────────────────
    Expected: visual/visual-tests.spec.ts-snapshots/login-page-firefox-darwin.png
    Received: ../../test-results/visual-visual-tests-Visual-c418a--Login-page-visual-snapshot-firefox/login-page-actual.png
    ────────────────────────────────────────────────────────────────────────────────────────────────

    attachment #2: screenshot (image/png) ──────────────────────────────────────────────────────────
    ../../test-results/visual-visual-tests-Visual-c418a--Login-page-visual-snapshot-firefox/test-failed-1.png
    ────────────────────────────────────────────────────────────────────────────────────────────────

    attachment #3: video (video/webm) ──────────────────────────────────────────────────────────────
    ../../test-results/visual-visual-tests-Visual-c418a--Login-page-visual-snapshot-firefox/video.webm
    ────────────────────────────────────────────────────────────────────────────────────────────────
]]>
</failure>
<system-out>
<![CDATA[
[[ATTACHMENT|../src/test/visual/visual-tests.spec.ts-snapshots/login-page-firefox-darwin.png]]

[[ATTACHMENT|visual-visual-tests-Visual-c418a--Login-page-visual-snapshot-firefox/login-page-actual.png]]

[[ATTACHMENT|visual-visual-tests-Visual-c418a--Login-page-visual-snapshot-firefox/test-failed-1.png]]

[[ATTACHMENT|visual-visual-tests-Visual-c418a--Login-page-visual-snapshot-firefox/video.webm]]
]]>
</system-out>
</testcase>
<testcase name="Visual Regression Tests › Dashboard visual snapshot" classname="visual/visual-tests.spec.ts" time="30.039">
<failure message="visual-tests.spec.ts:15:3 Dashboard visual snapshot" type="FAILURE">
<![CDATA[  [firefox] › visual/visual-tests.spec.ts:15:3 › Visual Regression Tests › Dashboard visual snapshot 

    Test timeout of 30000ms exceeded.

    Error: page.fill: Test timeout of 30000ms exceeded.
    Call log:
      - waiting for locator('input[type="email"]')


      15 |   test('Dashboard visual snapshot', async ({ page }) => {
      16 |     // Login first
    > 17 |     await page.fill('input[type="email"]', 'test@example.com');
         |                ^
      18 |     await page.fill('input[type="password"]', 'password123');
      19 |     await page.click('button[type="submit"]');
      20 |     await page.waitForURL('/dashboard');
        at /Users/ghogue/Library/CloudStorage/OneDrive-InsightfulOutcomes,LLC/IS-LTD/APPS/CaliberVaultII/src/test/visual/visual-tests.spec.ts:17:16

    attachment #1: screenshot (image/png) ──────────────────────────────────────────────────────────
    ../../test-results/visual-visual-tests-Visual-be416-s-Dashboard-visual-snapshot-firefox/test-failed-1.png
    ────────────────────────────────────────────────────────────────────────────────────────────────

    attachment #2: video (video/webm) ──────────────────────────────────────────────────────────────
    ../../test-results/visual-visual-tests-Visual-be416-s-Dashboard-visual-snapshot-firefox/video.webm
    ────────────────────────────────────────────────────────────────────────────────────────────────
]]>
</failure>
<system-out>
<![CDATA[
[[ATTACHMENT|visual-visual-tests-Visual-be416-s-Dashboard-visual-snapshot-firefox/test-failed-1.png]]

[[ATTACHMENT|visual-visual-tests-Visual-be416-s-Dashboard-visual-snapshot-firefox/video.webm]]
]]>
</system-out>
</testcase>
<testcase name="Visual Regression Tests › Add item modal visual snapshot" classname="visual/visual-tests.spec.ts" time="30.066">
<failure message="visual-tests.spec.ts:28:3 Add item modal visual snapshot" type="FAILURE">
<![CDATA[  [firefox] › visual/visual-tests.spec.ts:28:3 › Visual Regression Tests › Add item modal visual snapshot 

    Test timeout of 30000ms exceeded.

    Error: page.click: Test timeout of 30000ms exceeded.
    Call log:
      - waiting for locator('button:has-text("Add Item")')


      28 |   test('Add item modal visual snapshot', async ({ page }) => {
      29 |     await page.goto('/dashboard');
    > 30 |     await page.click('button:has-text("Add Item")');
         |                ^
      31 |     await page.waitForSelector('[role="dialog"]');
      32 |     
      33 |     await expect(page).toHaveScreenshot('add-item-modal.png', {
        at /Users/ghogue/Library/CloudStorage/OneDrive-InsightfulOutcomes,LLC/IS-LTD/APPS/CaliberVaultII/src/test/visual/visual-tests.spec.ts:30:16

    attachment #1: screenshot (image/png) ──────────────────────────────────────────────────────────
    ../../test-results/visual-visual-tests-Visual-3df36--item-modal-visual-snapshot-firefox/test-failed-1.png
    ────────────────────────────────────────────────────────────────────────────────────────────────

    attachment #2: video (video/webm) ──────────────────────────────────────────────────────────────
    ../../test-results/visual-visual-tests-Visual-3df36--item-modal-visual-snapshot-firefox/video.webm
    ────────────────────────────────────────────────────────────────────────────────────────────────
]]>
</failure>
<system-out>
<![CDATA[
[[ATTACHMENT|visual-visual-tests-Visual-3df36--item-modal-visual-snapshot-firefox/test-failed-1.png]]

[[ATTACHMENT|visual-visual-tests-Visual-3df36--item-modal-visual-snapshot-firefox/video.webm]]
]]>
</system-out>
</testcase>
<testcase name="Visual Regression Tests › Inventory grid visual snapshot" classname="visual/visual-tests.spec.ts" time="30.043">
<failure message="visual-tests.spec.ts:38:3 Inventory grid visual snapshot" type="FAILURE">
<![CDATA[  [firefox] › visual/visual-tests.spec.ts:38:3 › Visual Regression Tests › Inventory grid visual snapshot 

    Test timeout of 30000ms exceeded.

    Error: page.waitForSelector: Test timeout of 30000ms exceeded.
    Call log:
      - waiting for locator('[data-testid="inventory-grid"]') to be visible


      38 |   test('Inventory grid visual snapshot', async ({ page }) => {
      39 |     await page.goto('/dashboard');
    > 40 |     await page.waitForSelector('[data-testid="inventory-grid"]');
         |                ^
      41 |     
      42 |     await expect(page).toHaveScreenshot('inventory-grid.png', {
      43 |       fullPage: true,
        at /Users/ghogue/Library/CloudStorage/OneDrive-InsightfulOutcomes,LLC/IS-LTD/APPS/CaliberVaultII/src/test/visual/visual-tests.spec.ts:40:16

    attachment #1: screenshot (image/png) ──────────────────────────────────────────────────────────
    ../../test-results/visual-visual-tests-Visual-79048-entory-grid-visual-snapshot-firefox/test-failed-1.png
    ────────────────────────────────────────────────────────────────────────────────────────────────

    attachment #2: video (video/webm) ──────────────────────────────────────────────────────────────
    ../../test-results/visual-visual-tests-Visual-79048-entory-grid-visual-snapshot-firefox/video.webm
    ────────────────────────────────────────────────────────────────────────────────────────────────
]]>
</failure>
<system-out>
<![CDATA[
[[ATTACHMENT|visual-visual-tests-Visual-79048-entory-grid-visual-snapshot-firefox/test-failed-1.png]]

[[ATTACHMENT|visual-visual-tests-Visual-79048-entory-grid-visual-snapshot-firefox/video.webm]]
]]>
</system-out>
</testcase>
<testcase name="Visual Regression Tests › Mobile responsive - 375px" classname="visual/visual-tests.spec.ts" time="2.19">
<failure message="visual-tests.spec.ts:48:3 Mobile responsive - 375px" type="FAILURE">
<![CDATA[  [firefox] › visual/visual-tests.spec.ts:48:3 › Visual Regression Tests › Mobile responsive - 375px 

    Error: A snapshot doesn't exist at /Users/ghogue/Library/CloudStorage/OneDrive-InsightfulOutcomes,LLC/IS-LTD/APPS/CaliberVaultII/src/test/visual/visual-tests.spec.ts-snapshots/mobile-375-firefox-darwin.png, writing actual.

      50 |     await page.goto('/dashboard');
      51 |     
    > 52 |     await expect(page).toHaveScreenshot('mobile-375.png', {
         |     ^
      53 |       fullPage: true,
      54 |       animations: 'disabled',
      55 |     });
        at /Users/ghogue/Library/CloudStorage/OneDrive-InsightfulOutcomes,LLC/IS-LTD/APPS/CaliberVaultII/src/test/visual/visual-tests.spec.ts:52:5

    attachment #1: mobile-375 (image/png) ──────────────────────────────────────────────────────────
    Expected: visual/visual-tests.spec.ts-snapshots/mobile-375-firefox-darwin.png
    Received: ../../test-results/visual-visual-tests-Visual-4cb13-s-Mobile-responsive---375px-firefox/mobile-375-actual.png
    ────────────────────────────────────────────────────────────────────────────────────────────────

    attachment #2: screenshot (image/png) ──────────────────────────────────────────────────────────
    ../../test-results/visual-visual-tests-Visual-4cb13-s-Mobile-responsive---375px-firefox/test-failed-1.png
    ────────────────────────────────────────────────────────────────────────────────────────────────

    attachment #3: video (video/webm) ──────────────────────────────────────────────────────────────
    ../../test-results/visual-visual-tests-Visual-4cb13-s-Mobile-responsive---375px-firefox/video.webm
    ────────────────────────────────────────────────────────────────────────────────────────────────
]]>
</failure>
<system-out>
<![CDATA[
[[ATTACHMENT|../src/test/visual/visual-tests.spec.ts-snapshots/mobile-375-firefox-darwin.png]]

[[ATTACHMENT|visual-visual-tests-Visual-4cb13-s-Mobile-responsive---375px-firefox/mobile-375-actual.png]]

[[ATTACHMENT|visual-visual-tests-Visual-4cb13-s-Mobile-responsive---375px-firefox/test-failed-1.png]]

[[ATTACHMENT|visual-visual-tests-Visual-4cb13-s-Mobile-responsive---375px-firefox/video.webm]]
]]>
</system-out>
</testcase>
<testcase name="Visual Regression Tests › Tablet responsive - 768px" classname="visual/visual-tests.spec.ts" time="1.441">
<failure message="visual-tests.spec.ts:58:3 Tablet responsive - 768px" type="FAILURE">
<![CDATA[  [firefox] › visual/visual-tests.spec.ts:58:3 › Visual Regression Tests › Tablet responsive - 768px 

    Error: A snapshot doesn't exist at /Users/ghogue/Library/CloudStorage/OneDrive-InsightfulOutcomes,LLC/IS-LTD/APPS/CaliberVaultII/src/test/visual/visual-tests.spec.ts-snapshots/tablet-768-firefox-darwin.png, writing actual.

      60 |     await page.goto('/dashboard');
      61 |     
    > 62 |     await expect(page).toHaveScreenshot('tablet-768.png', {
         |     ^
      63 |       fullPage: true,
      64 |       animations: 'disabled',
      65 |     });
        at /Users/ghogue/Library/CloudStorage/OneDrive-InsightfulOutcomes,LLC/IS-LTD/APPS/CaliberVaultII/src/test/visual/visual-tests.spec.ts:62:5

    attachment #1: tablet-768 (image/png) ──────────────────────────────────────────────────────────
    Expected: visual/visual-tests.spec.ts-snapshots/tablet-768-firefox-darwin.png
    Received: ../../test-results/visual-visual-tests-Visual-34bcf-s-Tablet-responsive---768px-firefox/tablet-768-actual.png
    ────────────────────────────────────────────────────────────────────────────────────────────────

    attachment #2: screenshot (image/png) ──────────────────────────────────────────────────────────
    ../../test-results/visual-visual-tests-Visual-34bcf-s-Tablet-responsive---768px-firefox/test-failed-1.png
    ────────────────────────────────────────────────────────────────────────────────────────────────

    attachment #3: video (video/webm) ──────────────────────────────────────────────────────────────
    ../../test-results/visual-visual-tests-Visual-34bcf-s-Tablet-responsive---768px-firefox/video.webm
    ────────────────────────────────────────────────────────────────────────────────────────────────
]]>
</failure>
<system-out>
<![CDATA[
[[ATTACHMENT|../src/test/visual/visual-tests.spec.ts-snapshots/tablet-768-firefox-darwin.png]]

[[ATTACHMENT|visual-visual-tests-Visual-34bcf-s-Tablet-responsive---768px-firefox/tablet-768-actual.png]]

[[ATTACHMENT|visual-visual-tests-Visual-34bcf-s-Tablet-responsive---768px-firefox/test-failed-1.png]]

[[ATTACHMENT|visual-visual-tests-Visual-34bcf-s-Tablet-responsive---768px-firefox/video.webm]]
]]>
</system-out>
</testcase>
<testcase name="Visual Regression Tests › Dark mode visual snapshot" classname="visual/visual-tests.spec.ts" time="30.045">
<failure message="visual-tests.spec.ts:68:3 Dark mode visual snapshot" type="FAILURE">
<![CDATA[  [firefox] › visual/visual-tests.spec.ts:68:3 › Visual Regression Tests › Dark mode visual snapshot 

    Test timeout of 30000ms exceeded.

    Error: page.click: Test timeout of 30000ms exceeded.
    Call log:
      - waiting for locator('[data-testid="theme-toggle"]')


      68 |   test('Dark mode visual snapshot', async ({ page }) => {
      69 |     await page.goto('/dashboard');
    > 70 |     await page.click('[data-testid="theme-toggle"]');
         |                ^
      71 |     
      72 |     await expect(page).toHaveScreenshot('dark-mode.png', {
      73 |       fullPage: true,
        at /Users/ghogue/Library/CloudStorage/OneDrive-InsightfulOutcomes,LLC/IS-LTD/APPS/CaliberVaultII/src/test/visual/visual-tests.spec.ts:70:16

    attachment #1: screenshot (image/png) ──────────────────────────────────────────────────────────
    ../../test-results/visual-visual-tests-Visual-47108-s-Dark-mode-visual-snapshot-firefox/test-failed-1.png
    ────────────────────────────────────────────────────────────────────────────────────────────────

    attachment #2: video (video/webm) ──────────────────────────────────────────────────────────────
    ../../test-results/visual-visual-tests-Visual-47108-s-Dark-mode-visual-snapshot-firefox/video.webm
    ────────────────────────────────────────────────────────────────────────────────────────────────
]]>
</failure>
<system-out>
<![CDATA[
[[ATTACHMENT|visual-visual-tests-Visual-47108-s-Dark-mode-visual-snapshot-firefox/test-failed-1.png]]

[[ATTACHMENT|visual-visual-tests-Visual-47108-s-Dark-mode-visual-snapshot-firefox/video.webm]]
]]>
</system-out>
</testcase>
</testsuite>
<testsuite name="accessibility/accessibility.spec.ts" timestamp="2025-11-07T02:55:58.284Z" hostname="webkit" tests="10" failures="5" skipped="0" time="95.004" errors="0">
<testcase name="Accessibility Tests › homepage has no accessibility violations" classname="accessibility/accessibility.spec.ts" time="30.062">
<failure message="accessibility.spec.ts:10:3 homepage has no accessibility violations" type="FAILURE">
<![CDATA[  [webkit] › accessibility/accessibility.spec.ts:10:3 › Accessibility Tests › homepage has no accessibility violations 

    Test timeout of 30000ms exceeded.

    Error: page.waitForSelector: Test timeout of 30000ms exceeded.
    Call log:
      - waiting for locator('[data-testid="app-layout"]') to be visible


      10 |   test('homepage has no accessibility violations', async ({ page }) => {
      11 |     await page.goto('/');
    > 12 |     await page.waitForSelector('[data-testid="app-layout"]');
         |                ^
      13 |     
      14 |     const accessibilityScanResults = await new AxeBuilder({ page })
      15 |       .withTags(['wcag2a', 'wcag2aa', 'wcag21a', 'wcag21aa'])
        at /Users/ghogue/Library/CloudStorage/OneDrive-InsightfulOutcomes,LLC/IS-LTD/APPS/CaliberVaultII/src/test/accessibility/accessibility.spec.ts:12:16

    attachment #1: screenshot (image/png) ──────────────────────────────────────────────────────────
    ../../test-results/accessibility-accessibilit-24b69-no-accessibility-violations-webkit/test-failed-1.png
    ────────────────────────────────────────────────────────────────────────────────────────────────

    attachment #2: video (video/webm) ──────────────────────────────────────────────────────────────
    ../../test-results/accessibility-accessibilit-24b69-no-accessibility-violations-webkit/video.webm
    ────────────────────────────────────────────────────────────────────────────────────────────────
]]>
</failure>
<system-out>
<![CDATA[
[[ATTACHMENT|accessibility-accessibilit-24b69-no-accessibility-violations-webkit/test-failed-1.png]]

[[ATTACHMENT|accessibility-accessibilit-24b69-no-accessibility-violations-webkit/video.webm]]
]]>
</system-out>
</testcase>
<testcase name="Accessibility Tests › inventory dashboard is accessible" classname="accessibility/accessibility.spec.ts" time="0.518">
<failure message="accessibility.spec.ts:21:3 inventory dashboard is accessible" type="FAILURE">
<![CDATA[  [webkit] › accessibility/accessibility.spec.ts:21:3 › Accessibility Tests › inventory dashboard is accessible 

    Error: frame.evaluate: Error: No elements found for include in page Context

      22 |     await page.goto('/');
      23 |     
    > 24 |     const results = await new AxeBuilder({ page })
         |                     ^
      25 |       .include('[data-testid="inventory-dashboard"]')
      26 |       .analyze();
      27 |     
        at AxeBuilder.runPartialRecursive (/Users/ghogue/Library/CloudStorage/OneDrive-InsightfulOutcomes,LLC/IS-LTD/APPS/CaliberVaultII/node_modules/@axe-core/playwright/dist/index.mjs:280:39)
        at AxeBuilder.analyze (/Users/ghogue/Library/CloudStorage/OneDrive-InsightfulOutcomes,LLC/IS-LTD/APPS/CaliberVaultII/node_modules/@axe-core/playwright/dist/index.mjs:210:39)
        at /Users/ghogue/Library/CloudStorage/OneDrive-InsightfulOutcomes,LLC/IS-LTD/APPS/CaliberVaultII/src/test/accessibility/accessibility.spec.ts:24:21

    attachment #1: screenshot (image/png) ──────────────────────────────────────────────────────────
    ../../test-results/accessibility-accessibilit-33d59-ory-dashboard-is-accessible-webkit/test-failed-1.png
    ────────────────────────────────────────────────────────────────────────────────────────────────

    attachment #2: video (video/webm) ──────────────────────────────────────────────────────────────
    ../../test-results/accessibility-accessibilit-33d59-ory-dashboard-is-accessible-webkit/video.webm
    ────────────────────────────────────────────────────────────────────────────────────────────────
]]>
</failure>
<system-out>
<![CDATA[
[[ATTACHMENT|accessibility-accessibilit-33d59-ory-dashboard-is-accessible-webkit/test-failed-1.png]]

[[ATTACHMENT|accessibility-accessibilit-33d59-ory-dashboard-is-accessible-webkit/video.webm]]
]]>
</system-out>
</testcase>
<testcase name="Accessibility Tests › add item modal is accessible" classname="accessibility/accessibility.spec.ts" time="30.075">
<failure message="accessibility.spec.ts:31:3 add item modal is accessible" type="FAILURE">
<![CDATA[  [webkit] › accessibility/accessibility.spec.ts:31:3 › Accessibility Tests › add item modal is accessible 

    Test timeout of 30000ms exceeded.

    Error: page.click: Test timeout of 30000ms exceeded.
    Call log:
      - waiting for locator('button:has-text("Add Item")')


      31 |   test('add item modal is accessible', async ({ page }) => {
      32 |     await page.goto('/');
    > 33 |     await page.click('button:has-text("Add Item")');
         |                ^
      34 |     await page.waitForSelector('[role="dialog"]');
      35 |     
      36 |     const results = await new AxeBuilder({ page })
        at /Users/ghogue/Library/CloudStorage/OneDrive-InsightfulOutcomes,LLC/IS-LTD/APPS/CaliberVaultII/src/test/accessibility/accessibility.spec.ts:33:16

    attachment #1: screenshot (image/png) ──────────────────────────────────────────────────────────
    ../../test-results/accessibility-accessibilit-a6bdb-dd-item-modal-is-accessible-webkit/test-failed-1.png
    ────────────────────────────────────────────────────────────────────────────────────────────────

    attachment #2: video (video/webm) ──────────────────────────────────────────────────────────────
    ../../test-results/accessibility-accessibilit-a6bdb-dd-item-modal-is-accessible-webkit/video.webm
    ────────────────────────────────────────────────────────────────────────────────────────────────
]]>
</failure>
<system-out>
<![CDATA[
[[ATTACHMENT|accessibility-accessibilit-a6bdb-dd-item-modal-is-accessible-webkit/test-failed-1.png]]

[[ATTACHMENT|accessibility-accessibilit-a6bdb-dd-item-modal-is-accessible-webkit/video.webm]]
]]>
</system-out>
</testcase>
<testcase name="Accessibility Tests › keyboard navigation works correctly" classname="accessibility/accessibility.spec.ts" time="0.487">
<failure message="accessibility.spec.ts:43:3 keyboard navigation works correctly" type="FAILURE">
<![CDATA[  [webkit] › accessibility/accessibility.spec.ts:43:3 › Accessibility Tests › keyboard navigation works correctly 

    Error: expect(received).toContain(expected) // indexOf

    Expected value: "BODY"
    Received array: ["BUTTON", "A", "INPUT"]

      47 |     await page.keyboard.press('Tab');
      48 |     let focusedElement = await page.evaluate(() => document.activeElement?.tagName);
    > 49 |     expect(['BUTTON', 'A', 'INPUT']).toContain(focusedElement);
         |                                      ^
      50 |     
      51 |     // Continue tabbing
      52 |     await page.keyboard.press('Tab');
        at /Users/ghogue/Library/CloudStorage/OneDrive-InsightfulOutcomes,LLC/IS-LTD/APPS/CaliberVaultII/src/test/accessibility/accessibility.spec.ts:49:38

    attachment #1: screenshot (image/png) ──────────────────────────────────────────────────────────
    ../../test-results/accessibility-accessibilit-6a8f5--navigation-works-correctly-webkit/test-failed-1.png
    ────────────────────────────────────────────────────────────────────────────────────────────────

    attachment #2: video (video/webm) ──────────────────────────────────────────────────────────────
    ../../test-results/accessibility-accessibilit-6a8f5--navigation-works-correctly-webkit/video.webm
    ────────────────────────────────────────────────────────────────────────────────────────────────
]]>
</failure>
<system-out>
<![CDATA[
[[ATTACHMENT|accessibility-accessibilit-6a8f5--navigation-works-correctly-webkit/test-failed-1.png]]

[[ATTACHMENT|accessibility-accessibilit-6a8f5--navigation-works-correctly-webkit/video.webm]]
]]>
</system-out>
</testcase>
<testcase name="Accessibility Tests › all images have alt text" classname="accessibility/accessibility.spec.ts" time="0.5">
</testcase>
<testcase name="Accessibility Tests › form inputs have labels" classname="accessibility/accessibility.spec.ts" time="30.064">
<failure message="accessibility.spec.ts:65:3 form inputs have labels" type="FAILURE">
<![CDATA[  [webkit] › accessibility/accessibility.spec.ts:65:3 › Accessibility Tests › form inputs have labels 

    Test timeout of 30000ms exceeded.

    Error: page.click: Test timeout of 30000ms exceeded.
    Call log:
      - waiting for locator('button:has-text("Add Item")')


      65 |   test('form inputs have labels', async ({ page }) => {
      66 |     await page.goto('/');
    > 67 |     await page.click('button:has-text("Add Item")');
         |                ^
      68 |     await page.waitForSelector('[role="dialog"]');
      69 |     
      70 |     const results = await new AxeBuilder({ page })
        at /Users/ghogue/Library/CloudStorage/OneDrive-InsightfulOutcomes,LLC/IS-LTD/APPS/CaliberVaultII/src/test/accessibility/accessibility.spec.ts:67:16

    attachment #1: screenshot (image/png) ──────────────────────────────────────────────────────────
    ../../test-results/accessibility-accessibilit-622f2-sts-form-inputs-have-labels-webkit/test-failed-1.png
    ────────────────────────────────────────────────────────────────────────────────────────────────

    attachment #2: video (video/webm) ──────────────────────────────────────────────────────────────
    ../../test-results/accessibility-accessibilit-622f2-sts-form-inputs-have-labels-webkit/video.webm
    ────────────────────────────────────────────────────────────────────────────────────────────────
]]>
</failure>
<system-out>
<![CDATA[
[[ATTACHMENT|accessibility-accessibilit-622f2-sts-form-inputs-have-labels-webkit/test-failed-1.png]]

[[ATTACHMENT|accessibility-accessibilit-622f2-sts-form-inputs-have-labels-webkit/video.webm]]
]]>
</system-out>
</testcase>
<testcase name="Accessibility Tests › color contrast meets WCAG AA standards" classname="accessibility/accessibility.spec.ts" time="0.828">
</testcase>
<testcase name="Accessibility Tests › buttons have accessible names" classname="accessibility/accessibility.spec.ts" time="0.861">
</testcase>
<testcase name="Accessibility Tests › headings are in correct order" classname="accessibility/accessibility.spec.ts" time="0.844">
</testcase>
<testcase name="Accessibility Tests › ARIA attributes are valid" classname="accessibility/accessibility.spec.ts" time="0.765">
</testcase>
</testsuite>
<testsuite name="e2e/addItem.spec.ts" timestamp="2025-11-07T02:55:58.284Z" hostname="webkit" tests="2" failures="2" skipped="0" time="60.137" errors="0">
<testcase name="Add Item Flow › should add a new firearm item" classname="e2e/addItem.spec.ts" time="30.071">
<failure message="addItem.spec.ts:10:3 should add a new firearm item" type="FAILURE">
<![CDATA[  [webkit] › e2e/addItem.spec.ts:10:3 › Add Item Flow › should add a new firearm item ──────────────

    Test timeout of 30000ms exceeded.

    Error: page.click: Test timeout of 30000ms exceeded.
    Call log:
      - waiting for locator('button:has-text("Add Item")')


      10 |   test('should add a new firearm item', async ({ page }) => {
      11 |     // Click add item button
    > 12 |     await page.click('button:has-text("Add Item")');
         |                ^
      13 |     
      14 |     // Fill form
      15 |     await page.fill('input[name="name"]', 'Test AR-15');
        at /Users/ghogue/Library/CloudStorage/OneDrive-InsightfulOutcomes,LLC/IS-LTD/APPS/CaliberVaultII/src/test/e2e/addItem.spec.ts:12:16

    attachment #1: screenshot (image/png) ──────────────────────────────────────────────────────────
    ../../test-results/e2e-addItem-Add-Item-Flow-should-add-a-new-firearm-item-webkit/test-failed-1.png
    ────────────────────────────────────────────────────────────────────────────────────────────────

    attachment #2: video (video/webm) ──────────────────────────────────────────────────────────────
    ../../test-results/e2e-addItem-Add-Item-Flow-should-add-a-new-firearm-item-webkit/video.webm
    ────────────────────────────────────────────────────────────────────────────────────────────────
]]>
</failure>
<system-out>
<![CDATA[
[[ATTACHMENT|e2e-addItem-Add-Item-Flow-should-add-a-new-firearm-item-webkit/test-failed-1.png]]

[[ATTACHMENT|e2e-addItem-Add-Item-Flow-should-add-a-new-firearm-item-webkit/video.webm]]
]]>
</system-out>
</testcase>
<testcase name="Add Item Flow › should show validation errors" classname="e2e/addItem.spec.ts" time="30.066">
<failure message="addItem.spec.ts:31:3 should show validation errors" type="FAILURE">
<![CDATA[  [webkit] › e2e/addItem.spec.ts:31:3 › Add Item Flow › should show validation errors ──────────────

    Test timeout of 30000ms exceeded.

    Error: page.click: Test timeout of 30000ms exceeded.
    Call log:
      - waiting for locator('button:has-text("Add Item")')


      30 |
      31 |   test('should show validation errors', async ({ page }) => {
    > 32 |     await page.click('button:has-text("Add Item")');
         |                ^
      33 |     await page.click('button[type="submit"]');
      34 |     
      35 |     await expect(page.locator('text=Name is required')).toBeVisible();
        at /Users/ghogue/Library/CloudStorage/OneDrive-InsightfulOutcomes,LLC/IS-LTD/APPS/CaliberVaultII/src/test/e2e/addItem.spec.ts:32:16

    attachment #1: screenshot (image/png) ──────────────────────────────────────────────────────────
    ../../test-results/e2e-addItem-Add-Item-Flow-should-show-validation-errors-webkit/test-failed-1.png
    ────────────────────────────────────────────────────────────────────────────────────────────────

    attachment #2: video (video/webm) ──────────────────────────────────────────────────────────────
    ../../test-results/e2e-addItem-Add-Item-Flow-should-show-validation-errors-webkit/video.webm
    ────────────────────────────────────────────────────────────────────────────────────────────────
]]>
</failure>
<system-out>
<![CDATA[
[[ATTACHMENT|e2e-addItem-Add-Item-Flow-should-show-validation-errors-webkit/test-failed-1.png]]

[[ATTACHMENT|e2e-addItem-Add-Item-Flow-should-show-validation-errors-webkit/video.webm]]
]]>
</system-out>
</testcase>
</testsuite>
<testsuite name="e2e/aiValuation.spec.ts" timestamp="2025-11-07T02:55:58.284Z" hostname="webkit" tests="2" failures="2" skipped="0" time="60.168" errors="0">
<testcase name="AI Valuation Flow › should get AI valuation for an item" classname="e2e/aiValuation.spec.ts" time="30.107">
<failure message="aiValuation.spec.ts:9:3 should get AI valuation for an item" type="FAILURE">
<![CDATA[  [webkit] › e2e/aiValuation.spec.ts:9:3 › AI Valuation Flow › should get AI valuation for an item ─

    Test timeout of 30000ms exceeded.

    Error: page.click: Test timeout of 30000ms exceeded.
    Call log:
      - waiting for locator('.item-card:first-child')


       9 |   test('should get AI valuation for an item', async ({ page }) => {
      10 |     // Open item details
    > 11 |     await page.click('.item-card:first-child');
         |                ^
      12 |     
      13 |     // Click valuation tab
      14 |     await page.click('button:has-text("Financial")');
        at /Users/ghogue/Library/CloudStorage/OneDrive-InsightfulOutcomes,LLC/IS-LTD/APPS/CaliberVaultII/src/test/e2e/aiValuation.spec.ts:11:16

    attachment #1: screenshot (image/png) ──────────────────────────────────────────────────────────
    ../../test-results/e2e-aiValuation-AI-Valuati-582ea-et-AI-valuation-for-an-item-webkit/test-failed-1.png
    ────────────────────────────────────────────────────────────────────────────────────────────────

    attachment #2: video (video/webm) ──────────────────────────────────────────────────────────────
    ../../test-results/e2e-aiValuation-AI-Valuati-582ea-et-AI-valuation-for-an-item-webkit/video.webm
    ────────────────────────────────────────────────────────────────────────────────────────────────
]]>
</failure>
<system-out>
<![CDATA[
[[ATTACHMENT|e2e-aiValuation-AI-Valuati-582ea-et-AI-valuation-for-an-item-webkit/test-failed-1.png]]

[[ATTACHMENT|e2e-aiValuation-AI-Valuati-582ea-et-AI-valuation-for-an-item-webkit/video.webm]]
]]>
</system-out>
</testcase>
<testcase name="AI Valuation Flow › should perform batch valuation" classname="e2e/aiValuation.spec.ts" time="30.061">
<failure message="aiValuation.spec.ts:26:3 should perform batch valuation" type="FAILURE">
<![CDATA[  [webkit] › e2e/aiValuation.spec.ts:26:3 › AI Valuation Flow › should perform batch valuation ─────

    Test timeout of 30000ms exceeded.

    Error: page.click: Test timeout of 30000ms exceeded.
    Call log:
      - waiting for locator('.item-card:first-child input[type="checkbox"]')


      26 |   test('should perform batch valuation', async ({ page }) => {
      27 |     // Select multiple items
    > 28 |     await page.click('.item-card:first-child input[type="checkbox"]');
         |                ^
      29 |     await page.click('.item-card:nth-child(2) input[type="checkbox"]');
      30 |     
      31 |     // Click batch valuation
        at /Users/ghogue/Library/CloudStorage/OneDrive-InsightfulOutcomes,LLC/IS-LTD/APPS/CaliberVaultII/src/test/e2e/aiValuation.spec.ts:28:16

    attachment #1: screenshot (image/png) ──────────────────────────────────────────────────────────
    ../../test-results/e2e-aiValuation-AI-Valuati-64099-uld-perform-batch-valuation-webkit/test-failed-1.png
    ────────────────────────────────────────────────────────────────────────────────────────────────

    attachment #2: video (video/webm) ──────────────────────────────────────────────────────────────
    ../../test-results/e2e-aiValuation-AI-Valuati-64099-uld-perform-batch-valuation-webkit/video.webm
    ────────────────────────────────────────────────────────────────────────────────────────────────
]]>
</failure>
<system-out>
<![CDATA[
[[ATTACHMENT|e2e-aiValuation-AI-Valuati-64099-uld-perform-batch-valuation-webkit/test-failed-1.png]]

[[ATTACHMENT|e2e-aiValuation-AI-Valuati-64099-uld-perform-batch-valuation-webkit/video.webm]]
]]>
</system-out>
</testcase>
</testsuite>
<testsuite name="e2e/all-11-categories-complete.spec.ts" timestamp="2025-11-07T02:55:58.284Z" hostname="webkit" tests="11" failures="11" skipped="0" time="330.812" errors="0">
<testcase name="All 11 Categories CRUD Operations › should add, edit, and delete Firearms" classname="e2e/all-11-categories-complete.spec.ts" time="30.061">
<failure message="all-11-categories-complete.spec.ts:10:3 should add, edit, and delete Firearms" type="FAILURE">
<![CDATA[  [webkit] › e2e/all-11-categories-complete.spec.ts:10:3 › All 11 Categories CRUD Operations › should add, edit, and delete Firearms 

    Test timeout of 30000ms exceeded.

    Error: page.click: Test timeout of 30000ms exceeded.
    Call log:
      - waiting for locator('text=Add Item')


       9 |
      10 |   test('should add, edit, and delete Firearms', async ({ page }) => {
    > 11 |     await page.click('text=Add Item');
         |                ^
      12 |     await page.selectOption('select[name="category"]', 'firearms');
      13 |     await page.fill('input[name="manufacturer"]', 'Glock');
      14 |     await page.fill('input[name="model"]', '19');
        at /Users/ghogue/Library/CloudStorage/OneDrive-InsightfulOutcomes,LLC/IS-LTD/APPS/CaliberVaultII/src/test/e2e/all-11-categories-complete.spec.ts:11:16

    attachment #1: screenshot (image/png) ──────────────────────────────────────────────────────────
    ../../test-results/e2e-all-11-categories-comp-dd1da-dd-edit-and-delete-Firearms-webkit/test-failed-1.png
    ────────────────────────────────────────────────────────────────────────────────────────────────

    attachment #2: video (video/webm) ──────────────────────────────────────────────────────────────
    ../../test-results/e2e-all-11-categories-comp-dd1da-dd-edit-and-delete-Firearms-webkit/video.webm
    ────────────────────────────────────────────────────────────────────────────────────────────────
]]>
</failure>
<system-out>
<![CDATA[
[[ATTACHMENT|e2e-all-11-categories-comp-dd1da-dd-edit-and-delete-Firearms-webkit/test-failed-1.png]]

[[ATTACHMENT|e2e-all-11-categories-comp-dd1da-dd-edit-and-delete-Firearms-webkit/video.webm]]
]]>
</system-out>
</testcase>
<testcase name="All 11 Categories CRUD Operations › should add, edit, and delete Optics" classname="e2e/all-11-categories-complete.spec.ts" time="30.069">
<failure message="all-11-categories-complete.spec.ts:20:3 should add, edit, and delete Optics" type="FAILURE">
<![CDATA[  [webkit] › e2e/all-11-categories-complete.spec.ts:20:3 › All 11 Categories CRUD Operations › should add, edit, and delete Optics 

    Test timeout of 30000ms exceeded.

    Error: page.click: Test timeout of 30000ms exceeded.
    Call log:
      - waiting for locator('text=Add Item')


      19 |
      20 |   test('should add, edit, and delete Optics', async ({ page }) => {
    > 21 |     await page.click('text=Add Item');
         |                ^
      22 |     await page.selectOption('select[name="category"]', 'optics');
      23 |     await page.fill('input[name="manufacturer"]', 'Vortex');
      24 |     await page.fill('input[name="model"]', 'Strike Eagle');
        at /Users/ghogue/Library/CloudStorage/OneDrive-InsightfulOutcomes,LLC/IS-LTD/APPS/CaliberVaultII/src/test/e2e/all-11-categories-complete.spec.ts:21:16

    attachment #1: screenshot (image/png) ──────────────────────────────────────────────────────────
    ../../test-results/e2e-all-11-categories-comp-0eeee--add-edit-and-delete-Optics-webkit/test-failed-1.png
    ────────────────────────────────────────────────────────────────────────────────────────────────

    attachment #2: video (video/webm) ──────────────────────────────────────────────────────────────
    ../../test-results/e2e-all-11-categories-comp-0eeee--add-edit-and-delete-Optics-webkit/video.webm
    ────────────────────────────────────────────────────────────────────────────────────────────────
]]>
</failure>
<system-out>
<![CDATA[
[[ATTACHMENT|e2e-all-11-categories-comp-0eeee--add-edit-and-delete-Optics-webkit/test-failed-1.png]]

[[ATTACHMENT|e2e-all-11-categories-comp-0eeee--add-edit-and-delete-Optics-webkit/video.webm]]
]]>
</system-out>
</testcase>
<testcase name="All 11 Categories CRUD Operations › should add, edit, and delete Ammunition" classname="e2e/all-11-categories-complete.spec.ts" time="30.074">
<failure message="all-11-categories-complete.spec.ts:29:3 should add, edit, and delete Ammunition" type="FAILURE">
<![CDATA[  [webkit] › e2e/all-11-categories-complete.spec.ts:29:3 › All 11 Categories CRUD Operations › should add, edit, and delete Ammunition 

    Test timeout of 30000ms exceeded.

    Error: page.click: Test timeout of 30000ms exceeded.
    Call log:
      - waiting for locator('text=Add Item')


      28 |
      29 |   test('should add, edit, and delete Ammunition', async ({ page }) => {
    > 30 |     await page.click('text=Add Item');
         |                ^
      31 |     await page.selectOption('select[name="category"]', 'ammunition');
      32 |     await page.fill('input[name="manufacturer"]', 'Federal');
      33 |     await page.fill('input[name="model"]', 'HST');
        at /Users/ghogue/Library/CloudStorage/OneDrive-InsightfulOutcomes,LLC/IS-LTD/APPS/CaliberVaultII/src/test/e2e/all-11-categories-complete.spec.ts:30:16

    attachment #1: screenshot (image/png) ──────────────────────────────────────────────────────────
    ../../test-results/e2e-all-11-categories-comp-eaef0--edit-and-delete-Ammunition-webkit/test-failed-1.png
    ────────────────────────────────────────────────────────────────────────────────────────────────

    attachment #2: video (video/webm) ──────────────────────────────────────────────────────────────
    ../../test-results/e2e-all-11-categories-comp-eaef0--edit-and-delete-Ammunition-webkit/video.webm
    ────────────────────────────────────────────────────────────────────────────────────────────────
]]>
</failure>
<system-out>
<![CDATA[
[[ATTACHMENT|e2e-all-11-categories-comp-eaef0--edit-and-delete-Ammunition-webkit/test-failed-1.png]]

[[ATTACHMENT|e2e-all-11-categories-comp-eaef0--edit-and-delete-Ammunition-webkit/video.webm]]
]]>
</system-out>
</testcase>
<testcase name="All 11 Categories CRUD Operations › should add, edit, and delete Suppressors" classname="e2e/all-11-categories-complete.spec.ts" time="30.066">
<failure message="all-11-categories-complete.spec.ts:39:3 should add, edit, and delete Suppressors" type="FAILURE">
<![CDATA[  [webkit] › e2e/all-11-categories-complete.spec.ts:39:3 › All 11 Categories CRUD Operations › should add, edit, and delete Suppressors 

    Test timeout of 30000ms exceeded.

    Error: page.click: Test timeout of 30000ms exceeded.
    Call log:
      - waiting for locator('text=Add Item')


      38 |
      39 |   test('should add, edit, and delete Suppressors', async ({ page }) => {
    > 40 |     await page.click('text=Add Item');
         |                ^
      41 |     await page.selectOption('select[name="category"]', 'suppressors');
      42 |     await page.fill('input[name="manufacturer"]', 'SilencerCo');
      43 |     await page.fill('input[name="model"]', 'Omega 9K');
        at /Users/ghogue/Library/CloudStorage/OneDrive-InsightfulOutcomes,LLC/IS-LTD/APPS/CaliberVaultII/src/test/e2e/all-11-categories-complete.spec.ts:40:16

    attachment #1: screenshot (image/png) ──────────────────────────────────────────────────────────
    ../../test-results/e2e-all-11-categories-comp-99900-edit-and-delete-Suppressors-webkit/test-failed-1.png
    ────────────────────────────────────────────────────────────────────────────────────────────────

    attachment #2: video (video/webm) ──────────────────────────────────────────────────────────────
    ../../test-results/e2e-all-11-categories-comp-99900-edit-and-delete-Suppressors-webkit/video.webm
    ────────────────────────────────────────────────────────────────────────────────────────────────
]]>
</failure>
<system-out>
<![CDATA[
[[ATTACHMENT|e2e-all-11-categories-comp-99900-edit-and-delete-Suppressors-webkit/test-failed-1.png]]

[[ATTACHMENT|e2e-all-11-categories-comp-99900-edit-and-delete-Suppressors-webkit/video.webm]]
]]>
</system-out>
</testcase>
<testcase name="All 11 Categories CRUD Operations › should add, edit, and delete Magazines" classname="e2e/all-11-categories-complete.spec.ts" time="30.059">
<failure message="all-11-categories-complete.spec.ts:48:3 should add, edit, and delete Magazines" type="FAILURE">
<![CDATA[  [webkit] › e2e/all-11-categories-complete.spec.ts:48:3 › All 11 Categories CRUD Operations › should add, edit, and delete Magazines 

    Test timeout of 30000ms exceeded.

    Error: page.click: Test timeout of 30000ms exceeded.
    Call log:
      - waiting for locator('text=Add Item')


      47 |
      48 |   test('should add, edit, and delete Magazines', async ({ page }) => {
    > 49 |     await page.click('text=Add Item');
         |                ^
      50 |     await page.selectOption('select[name="category"]', 'magazines');
      51 |     await page.fill('input[name="manufacturer"]', 'Magpul');
      52 |     await page.fill('input[name="model"]', 'PMAG');
        at /Users/ghogue/Library/CloudStorage/OneDrive-InsightfulOutcomes,LLC/IS-LTD/APPS/CaliberVaultII/src/test/e2e/all-11-categories-complete.spec.ts:49:16

    attachment #1: screenshot (image/png) ──────────────────────────────────────────────────────────
    ../../test-results/e2e-all-11-categories-comp-9f2ec-d-edit-and-delete-Magazines-webkit/test-failed-1.png
    ────────────────────────────────────────────────────────────────────────────────────────────────

    attachment #2: video (video/webm) ──────────────────────────────────────────────────────────────
    ../../test-results/e2e-all-11-categories-comp-9f2ec-d-edit-and-delete-Magazines-webkit/video.webm
    ────────────────────────────────────────────────────────────────────────────────────────────────
]]>
</failure>
<system-out>
<![CDATA[
[[ATTACHMENT|e2e-all-11-categories-comp-9f2ec-d-edit-and-delete-Magazines-webkit/test-failed-1.png]]

[[ATTACHMENT|e2e-all-11-categories-comp-9f2ec-d-edit-and-delete-Magazines-webkit/video.webm]]
]]>
</system-out>
</testcase>
<testcase name="All 11 Categories CRUD Operations › should add, edit, and delete Accessories" classname="e2e/all-11-categories-complete.spec.ts" time="30.063">
<failure message="all-11-categories-complete.spec.ts:57:3 should add, edit, and delete Accessories" type="FAILURE">
<![CDATA[  [webkit] › e2e/all-11-categories-complete.spec.ts:57:3 › All 11 Categories CRUD Operations › should add, edit, and delete Accessories 

    Test timeout of 30000ms exceeded.

    Error: page.click: Test timeout of 30000ms exceeded.
    Call log:
      - waiting for locator('text=Add Item')


      56 |
      57 |   test('should add, edit, and delete Accessories', async ({ page }) => {
    > 58 |     await page.click('text=Add Item');
         |                ^
      59 |     await page.selectOption('select[name="category"]', 'accessories');
      60 |     await page.fill('input[name="manufacturer"]', 'Streamlight');
      61 |     await page.fill('input[name="model"]', 'TLR-1');
        at /Users/ghogue/Library/CloudStorage/OneDrive-InsightfulOutcomes,LLC/IS-LTD/APPS/CaliberVaultII/src/test/e2e/all-11-categories-complete.spec.ts:58:16

    attachment #1: screenshot (image/png) ──────────────────────────────────────────────────────────
    ../../test-results/e2e-all-11-categories-comp-f4435-edit-and-delete-Accessories-webkit/test-failed-1.png
    ────────────────────────────────────────────────────────────────────────────────────────────────

    attachment #2: video (video/webm) ──────────────────────────────────────────────────────────────
    ../../test-results/e2e-all-11-categories-comp-f4435-edit-and-delete-Accessories-webkit/video.webm
    ────────────────────────────────────────────────────────────────────────────────────────────────
]]>
</failure>
<system-out>
<![CDATA[
[[ATTACHMENT|e2e-all-11-categories-comp-f4435-edit-and-delete-Accessories-webkit/test-failed-1.png]]

[[ATTACHMENT|e2e-all-11-categories-comp-f4435-edit-and-delete-Accessories-webkit/video.webm]]
]]>
</system-out>
</testcase>
<testcase name="All 11 Categories CRUD Operations › should add, edit, and delete Reloading Components" classname="e2e/all-11-categories-complete.spec.ts" time="30.09">
<failure message="all-11-categories-complete.spec.ts:66:3 should add, edit, and delete Reloading Components" type="FAILURE">
<![CDATA[  [webkit] › e2e/all-11-categories-complete.spec.ts:66:3 › All 11 Categories CRUD Operations › should add, edit, and delete Reloading Components 

    Test timeout of 30000ms exceeded.

    Error: page.click: Test timeout of 30000ms exceeded.
    Call log:
      - waiting for locator('text=Add Item')


      65 |
      66 |   test('should add, edit, and delete Reloading Components', async ({ page }) => {
    > 67 |     await page.click('text=Add Item');
         |                ^
      68 |     await page.selectOption('select[name="category"]', 'reloading');
      69 |     await page.fill('input[name="manufacturer"]', 'RCBS');
      70 |     await page.fill('input[name="model"]', 'Rock Chucker');
        at /Users/ghogue/Library/CloudStorage/OneDrive-InsightfulOutcomes,LLC/IS-LTD/APPS/CaliberVaultII/src/test/e2e/all-11-categories-complete.spec.ts:67:16

    attachment #1: screenshot (image/png) ──────────────────────────────────────────────────────────
    ../../test-results/e2e-all-11-categories-comp-68e9b-delete-Reloading-Components-webkit/test-failed-1.png
    ────────────────────────────────────────────────────────────────────────────────────────────────

    attachment #2: video (video/webm) ──────────────────────────────────────────────────────────────
    ../../test-results/e2e-all-11-categories-comp-68e9b-delete-Reloading-Components-webkit/video.webm
    ────────────────────────────────────────────────────────────────────────────────────────────────
]]>
</failure>
<system-out>
<![CDATA[
[[ATTACHMENT|e2e-all-11-categories-comp-68e9b-delete-Reloading-Components-webkit/test-failed-1.png]]

[[ATTACHMENT|e2e-all-11-categories-comp-68e9b-delete-Reloading-Components-webkit/video.webm]]
]]>
</system-out>
</testcase>
<testcase name="All 11 Categories CRUD Operations › should add, edit, and delete Bullets" classname="e2e/all-11-categories-complete.spec.ts" time="30.081">
<failure message="all-11-categories-complete.spec.ts:75:3 should add, edit, and delete Bullets" type="FAILURE">
<![CDATA[  [webkit] › e2e/all-11-categories-complete.spec.ts:75:3 › All 11 Categories CRUD Operations › should add, edit, and delete Bullets 

    Test timeout of 30000ms exceeded.

    Error: page.click: Test timeout of 30000ms exceeded.
    Call log:
      - waiting for locator('text=Add Item')


      74 |
      75 |   test('should add, edit, and delete Bullets', async ({ page }) => {
    > 76 |     await page.click('text=Add Item');
         |                ^
      77 |     await page.selectOption('select[name="category"]', 'bullets');
      78 |     await page.fill('input[name="manufacturer"]', 'Hornady');
      79 |     await page.fill('input[name="model"]', 'ELD-X');
        at /Users/ghogue/Library/CloudStorage/OneDrive-InsightfulOutcomes,LLC/IS-LTD/APPS/CaliberVaultII/src/test/e2e/all-11-categories-complete.spec.ts:76:16

    attachment #1: screenshot (image/png) ──────────────────────────────────────────────────────────
    ../../test-results/e2e-all-11-categories-comp-46174-add-edit-and-delete-Bullets-webkit/test-failed-1.png
    ────────────────────────────────────────────────────────────────────────────────────────────────

    attachment #2: video (video/webm) ──────────────────────────────────────────────────────────────
    ../../test-results/e2e-all-11-categories-comp-46174-add-edit-and-delete-Bullets-webkit/video.webm
    ────────────────────────────────────────────────────────────────────────────────────────────────
]]>
</failure>
<system-out>
<![CDATA[
[[ATTACHMENT|e2e-all-11-categories-comp-46174-add-edit-and-delete-Bullets-webkit/test-failed-1.png]]

[[ATTACHMENT|e2e-all-11-categories-comp-46174-add-edit-and-delete-Bullets-webkit/video.webm]]
]]>
</system-out>
</testcase>
<testcase name="All 11 Categories CRUD Operations › should add, edit, and delete Cases" classname="e2e/all-11-categories-complete.spec.ts" time="30.097">
<failure message="all-11-categories-complete.spec.ts:84:3 should add, edit, and delete Cases" type="FAILURE">
<![CDATA[  [webkit] › e2e/all-11-categories-complete.spec.ts:84:3 › All 11 Categories CRUD Operations › should add, edit, and delete Cases 

    Test timeout of 30000ms exceeded.

    Error: page.click: Test timeout of 30000ms exceeded.
    Call log:
      - waiting for locator('text=Add Item')


      83 |
      84 |   test('should add, edit, and delete Cases', async ({ page }) => {
    > 85 |     await page.click('text=Add Item');
         |                ^
      86 |     await page.selectOption('select[name="category"]', 'cases');
      87 |     await page.fill('input[name="manufacturer"]', 'Lapua');
      88 |     await page.fill('input[name="model"]', '308 Brass');
        at /Users/ghogue/Library/CloudStorage/OneDrive-InsightfulOutcomes,LLC/IS-LTD/APPS/CaliberVaultII/src/test/e2e/all-11-categories-complete.spec.ts:85:16

    attachment #1: screenshot (image/png) ──────────────────────────────────────────────────────────
    ../../test-results/e2e-all-11-categories-comp-bb016-d-add-edit-and-delete-Cases-webkit/test-failed-1.png
    ────────────────────────────────────────────────────────────────────────────────────────────────

    attachment #2: video (video/webm) ──────────────────────────────────────────────────────────────
    ../../test-results/e2e-all-11-categories-comp-bb016-d-add-edit-and-delete-Cases-webkit/video.webm
    ────────────────────────────────────────────────────────────────────────────────────────────────
]]>
</failure>
<system-out>
<![CDATA[
[[ATTACHMENT|e2e-all-11-categories-comp-bb016-d-add-edit-and-delete-Cases-webkit/test-failed-1.png]]

[[ATTACHMENT|e2e-all-11-categories-comp-bb016-d-add-edit-and-delete-Cases-webkit/video.webm]]
]]>
</system-out>
</testcase>
<testcase name="All 11 Categories CRUD Operations › should add, edit, and delete Primers" classname="e2e/all-11-categories-complete.spec.ts" time="30.091">
<failure message="all-11-categories-complete.spec.ts:93:3 should add, edit, and delete Primers" type="FAILURE">
<![CDATA[  [webkit] › e2e/all-11-categories-complete.spec.ts:93:3 › All 11 Categories CRUD Operations › should add, edit, and delete Primers 

    Test timeout of 30000ms exceeded.

    Error: page.click: Test timeout of 30000ms exceeded.
    Call log:
      - waiting for locator('text=Add Item')


      92 |
      93 |   test('should add, edit, and delete Primers', async ({ page }) => {
    > 94 |     await page.click('text=Add Item');
         |                ^
      95 |     await page.selectOption('select[name="category"]', 'primers');
      96 |     await page.fill('input[name="manufacturer"]', 'CCI');
      97 |     await page.fill('input[name="model"]', 'BR2');
        at /Users/ghogue/Library/CloudStorage/OneDrive-InsightfulOutcomes,LLC/IS-LTD/APPS/CaliberVaultII/src/test/e2e/all-11-categories-complete.spec.ts:94:16

    attachment #1: screenshot (image/png) ──────────────────────────────────────────────────────────
    ../../test-results/e2e-all-11-categories-comp-736d3-add-edit-and-delete-Primers-webkit/test-failed-1.png
    ────────────────────────────────────────────────────────────────────────────────────────────────

    attachment #2: video (video/webm) ──────────────────────────────────────────────────────────────
    ../../test-results/e2e-all-11-categories-comp-736d3-add-edit-and-delete-Primers-webkit/video.webm
    ────────────────────────────────────────────────────────────────────────────────────────────────
]]>
</failure>
<system-out>
<![CDATA[
[[ATTACHMENT|e2e-all-11-categories-comp-736d3-add-edit-and-delete-Primers-webkit/test-failed-1.png]]

[[ATTACHMENT|e2e-all-11-categories-comp-736d3-add-edit-and-delete-Primers-webkit/video.webm]]
]]>
</system-out>
</testcase>
<testcase name="All 11 Categories CRUD Operations › should add, edit, and delete Powder" classname="e2e/all-11-categories-complete.spec.ts" time="30.061">
<failure message="all-11-categories-complete.spec.ts:102:3 should add, edit, and delete Powder" type="FAILURE">
<![CDATA[  [webkit] › e2e/all-11-categories-complete.spec.ts:102:3 › All 11 Categories CRUD Operations › should add, edit, and delete Powder 

    Test timeout of 30000ms exceeded.

    Error: page.click: Test timeout of 30000ms exceeded.
    Call log:
      - waiting for locator('text=Add Item')


      101 |
      102 |   test('should add, edit, and delete Powder', async ({ page }) => {
    > 103 |     await page.click('text=Add Item');
          |                ^
      104 |     await page.selectOption('select[name="category"]', 'powder');
      105 |     await page.fill('input[name="manufacturer"]', 'Hodgdon');
      106 |     await page.fill('input[name="model"]', 'H4350');
        at /Users/ghogue/Library/CloudStorage/OneDrive-InsightfulOutcomes,LLC/IS-LTD/APPS/CaliberVaultII/src/test/e2e/all-11-categories-complete.spec.ts:103:16

    attachment #1: screenshot (image/png) ──────────────────────────────────────────────────────────
    ../../test-results/e2e-all-11-categories-comp-cd09a--add-edit-and-delete-Powder-webkit/test-failed-1.png
    ────────────────────────────────────────────────────────────────────────────────────────────────

    attachment #2: video (video/webm) ──────────────────────────────────────────────────────────────
    ../../test-results/e2e-all-11-categories-comp-cd09a--add-edit-and-delete-Powder-webkit/video.webm
    ────────────────────────────────────────────────────────────────────────────────────────────────
]]>
</failure>
<system-out>
<![CDATA[
[[ATTACHMENT|e2e-all-11-categories-comp-cd09a--add-edit-and-delete-Powder-webkit/test-failed-1.png]]

[[ATTACHMENT|e2e-all-11-categories-comp-cd09a--add-edit-and-delete-Powder-webkit/video.webm]]
]]>
</system-out>
</testcase>
</testsuite>
<testsuite name="e2e/all-categories.spec.ts" timestamp="2025-11-07T02:55:58.284Z" hostname="webkit" tests="12" failures="12" skipped="0" time="126.957" errors="0">
<testcase name="All Categories CRUD Operations › Firearms: Create, Read, Update, Delete" classname="e2e/all-categories.spec.ts" time="10.562">
<failure message="all-categories.spec.ts:26:5 Firearms: Create, Read, Update, Delete" type="FAILURE">
<![CDATA[  [webkit] › e2e/all-categories.spec.ts:26:5 › All Categories CRUD Operations › Firearms: Create, Read, Update, Delete 

    TimeoutError: page.waitForSelector: Timeout 10000ms exceeded.
    Call log:
      - waiting for locator('[data-testid="inventory-dashboard"]') to be visible


       5 |     await page.goto('/');
       6 |     // Wait for app to load
    >  7 |     await page.waitForSelector('[data-testid="inventory-dashboard"]', { timeout: 10000 });
         |                ^
       8 |   });
       9 |
      10 |   const categories = [
        at /Users/ghogue/Library/CloudStorage/OneDrive-InsightfulOutcomes,LLC/IS-LTD/APPS/CaliberVaultII/src/test/e2e/all-categories.spec.ts:7:16

    attachment #1: screenshot (image/png) ──────────────────────────────────────────────────────────
    ../../test-results/e2e-all-categories-All-Cat-27fde-s-Create-Read-Update-Delete-webkit/test-failed-1.png
    ────────────────────────────────────────────────────────────────────────────────────────────────

    attachment #2: video (video/webm) ──────────────────────────────────────────────────────────────
    ../../test-results/e2e-all-categories-All-Cat-27fde-s-Create-Read-Update-Delete-webkit/video.webm
    ────────────────────────────────────────────────────────────────────────────────────────────────
]]>
</failure>
<system-out>
<![CDATA[
[[ATTACHMENT|e2e-all-categories-All-Cat-27fde-s-Create-Read-Update-Delete-webkit/test-failed-1.png]]

[[ATTACHMENT|e2e-all-categories-All-Cat-27fde-s-Create-Read-Update-Delete-webkit/video.webm]]
]]>
</system-out>
</testcase>
<testcase name="All Categories CRUD Operations › Optics: Create, Read, Update, Delete" classname="e2e/all-categories.spec.ts" time="10.564">
<failure message="all-categories.spec.ts:26:5 Optics: Create, Read, Update, Delete" type="FAILURE">
<![CDATA[  [webkit] › e2e/all-categories.spec.ts:26:5 › All Categories CRUD Operations › Optics: Create, Read, Update, Delete 

    TimeoutError: page.waitForSelector: Timeout 10000ms exceeded.
    Call log:
      - waiting for locator('[data-testid="inventory-dashboard"]') to be visible


       5 |     await page.goto('/');
       6 |     // Wait for app to load
    >  7 |     await page.waitForSelector('[data-testid="inventory-dashboard"]', { timeout: 10000 });
         |                ^
       8 |   });
       9 |
      10 |   const categories = [
        at /Users/ghogue/Library/CloudStorage/OneDrive-InsightfulOutcomes,LLC/IS-LTD/APPS/CaliberVaultII/src/test/e2e/all-categories.spec.ts:7:16

    attachment #1: screenshot (image/png) ──────────────────────────────────────────────────────────
    ../../test-results/e2e-all-categories-All-Cat-bf962-s-Create-Read-Update-Delete-webkit/test-failed-1.png
    ────────────────────────────────────────────────────────────────────────────────────────────────

    attachment #2: video (video/webm) ──────────────────────────────────────────────────────────────
    ../../test-results/e2e-all-categories-All-Cat-bf962-s-Create-Read-Update-Delete-webkit/video.webm
    ────────────────────────────────────────────────────────────────────────────────────────────────
]]>
</failure>
<system-out>
<![CDATA[
[[ATTACHMENT|e2e-all-categories-All-Cat-bf962-s-Create-Read-Update-Delete-webkit/test-failed-1.png]]

[[ATTACHMENT|e2e-all-categories-All-Cat-bf962-s-Create-Read-Update-Delete-webkit/video.webm]]
]]>
</system-out>
</testcase>
<testcase name="All Categories CRUD Operations › Ammunition: Create, Read, Update, Delete" classname="e2e/all-categories.spec.ts" time="10.662">
<failure message="all-categories.spec.ts:26:5 Ammunition: Create, Read, Update, Delete" type="FAILURE">
<![CDATA[  [webkit] › e2e/all-categories.spec.ts:26:5 › All Categories CRUD Operations › Ammunition: Create, Read, Update, Delete 

    TimeoutError: page.waitForSelector: Timeout 10000ms exceeded.
    Call log:
      - waiting for locator('[data-testid="inventory-dashboard"]') to be visible


       5 |     await page.goto('/');
       6 |     // Wait for app to load
    >  7 |     await page.waitForSelector('[data-testid="inventory-dashboard"]', { timeout: 10000 });
         |                ^
       8 |   });
       9 |
      10 |   const categories = [
        at /Users/ghogue/Library/CloudStorage/OneDrive-InsightfulOutcomes,LLC/IS-LTD/APPS/CaliberVaultII/src/test/e2e/all-categories.spec.ts:7:16

    attachment #1: screenshot (image/png) ──────────────────────────────────────────────────────────
    ../../test-results/e2e-all-categories-All-Cat-b6d6a-n-Create-Read-Update-Delete-webkit/test-failed-1.png
    ────────────────────────────────────────────────────────────────────────────────────────────────

    attachment #2: video (video/webm) ──────────────────────────────────────────────────────────────
    ../../test-results/e2e-all-categories-All-Cat-b6d6a-n-Create-Read-Update-Delete-webkit/video.webm
    ────────────────────────────────────────────────────────────────────────────────────────────────
]]>
</failure>
<system-out>
<![CDATA[
[[ATTACHMENT|e2e-all-categories-All-Cat-b6d6a-n-Create-Read-Update-Delete-webkit/test-failed-1.png]]

[[ATTACHMENT|e2e-all-categories-All-Cat-b6d6a-n-Create-Read-Update-Delete-webkit/video.webm]]
]]>
</system-out>
</testcase>
<testcase name="All Categories CRUD Operations › Suppressors: Create, Read, Update, Delete" classname="e2e/all-categories.spec.ts" time="10.661">
<failure message="all-categories.spec.ts:26:5 Suppressors: Create, Read, Update, Delete" type="FAILURE">
<![CDATA[  [webkit] › e2e/all-categories.spec.ts:26:5 › All Categories CRUD Operations › Suppressors: Create, Read, Update, Delete 

    TimeoutError: page.waitForSelector: Timeout 10000ms exceeded.
    Call log:
      - waiting for locator('[data-testid="inventory-dashboard"]') to be visible


       5 |     await page.goto('/');
       6 |     // Wait for app to load
    >  7 |     await page.waitForSelector('[data-testid="inventory-dashboard"]', { timeout: 10000 });
         |                ^
       8 |   });
       9 |
      10 |   const categories = [
        at /Users/ghogue/Library/CloudStorage/OneDrive-InsightfulOutcomes,LLC/IS-LTD/APPS/CaliberVaultII/src/test/e2e/all-categories.spec.ts:7:16

    attachment #1: screenshot (image/png) ──────────────────────────────────────────────────────────
    ../../test-results/e2e-all-categories-All-Cat-d1131-s-Create-Read-Update-Delete-webkit/test-failed-1.png
    ────────────────────────────────────────────────────────────────────────────────────────────────

    attachment #2: video (video/webm) ──────────────────────────────────────────────────────────────
    ../../test-results/e2e-all-categories-All-Cat-d1131-s-Create-Read-Update-Delete-webkit/video.webm
    ────────────────────────────────────────────────────────────────────────────────────────────────
]]>
</failure>
<system-out>
<![CDATA[
[[ATTACHMENT|e2e-all-categories-All-Cat-d1131-s-Create-Read-Update-Delete-webkit/test-failed-1.png]]

[[ATTACHMENT|e2e-all-categories-All-Cat-d1131-s-Create-Read-Update-Delete-webkit/video.webm]]
]]>
</system-out>
</testcase>
<testcase name="All Categories CRUD Operations › Bullets: Create, Read, Update, Delete" classname="e2e/all-categories.spec.ts" time="10.482">
<failure message="all-categories.spec.ts:26:5 Bullets: Create, Read, Update, Delete" type="FAILURE">
<![CDATA[  [webkit] › e2e/all-categories.spec.ts:26:5 › All Categories CRUD Operations › Bullets: Create, Read, Update, Delete 

    TimeoutError: page.waitForSelector: Timeout 10000ms exceeded.
    Call log:
      - waiting for locator('[data-testid="inventory-dashboard"]') to be visible


       5 |     await page.goto('/');
       6 |     // Wait for app to load
    >  7 |     await page.waitForSelector('[data-testid="inventory-dashboard"]', { timeout: 10000 });
         |                ^
       8 |   });
       9 |
      10 |   const categories = [
        at /Users/ghogue/Library/CloudStorage/OneDrive-InsightfulOutcomes,LLC/IS-LTD/APPS/CaliberVaultII/src/test/e2e/all-categories.spec.ts:7:16

    attachment #1: screenshot (image/png) ──────────────────────────────────────────────────────────
    ../../test-results/e2e-all-categories-All-Cat-688f4-s-Create-Read-Update-Delete-webkit/test-failed-1.png
    ────────────────────────────────────────────────────────────────────────────────────────────────

    attachment #2: video (video/webm) ──────────────────────────────────────────────────────────────
    ../../test-results/e2e-all-categories-All-Cat-688f4-s-Create-Read-Update-Delete-webkit/video.webm
    ────────────────────────────────────────────────────────────────────────────────────────────────
]]>
</failure>
<system-out>
<![CDATA[
[[ATTACHMENT|e2e-all-categories-All-Cat-688f4-s-Create-Read-Update-Delete-webkit/test-failed-1.png]]

[[ATTACHMENT|e2e-all-categories-All-Cat-688f4-s-Create-Read-Update-Delete-webkit/video.webm]]
]]>
</system-out>
</testcase>
<testcase name="All Categories CRUD Operations › Magazines: Create, Read, Update, Delete" classname="e2e/all-categories.spec.ts" time="10.547">
<failure message="all-categories.spec.ts:26:5 Magazines: Create, Read, Update, Delete" type="FAILURE">
<![CDATA[  [webkit] › e2e/all-categories.spec.ts:26:5 › All Categories CRUD Operations › Magazines: Create, Read, Update, Delete 

    TimeoutError: page.waitForSelector: Timeout 10000ms exceeded.
    Call log:
      - waiting for locator('[data-testid="inventory-dashboard"]') to be visible


       5 |     await page.goto('/');
       6 |     // Wait for app to load
    >  7 |     await page.waitForSelector('[data-testid="inventory-dashboard"]', { timeout: 10000 });
         |                ^
       8 |   });
       9 |
      10 |   const categories = [
        at /Users/ghogue/Library/CloudStorage/OneDrive-InsightfulOutcomes,LLC/IS-LTD/APPS/CaliberVaultII/src/test/e2e/all-categories.spec.ts:7:16

    attachment #1: screenshot (image/png) ──────────────────────────────────────────────────────────
    ../../test-results/e2e-all-categories-All-Cat-18a6d-s-Create-Read-Update-Delete-webkit/test-failed-1.png
    ────────────────────────────────────────────────────────────────────────────────────────────────

    attachment #2: video (video/webm) ──────────────────────────────────────────────────────────────
    ../../test-results/e2e-all-categories-All-Cat-18a6d-s-Create-Read-Update-Delete-webkit/video.webm
    ────────────────────────────────────────────────────────────────────────────────────────────────
]]>
</failure>
<system-out>
<![CDATA[
[[ATTACHMENT|e2e-all-categories-All-Cat-18a6d-s-Create-Read-Update-Delete-webkit/test-failed-1.png]]

[[ATTACHMENT|e2e-all-categories-All-Cat-18a6d-s-Create-Read-Update-Delete-webkit/video.webm]]
]]>
</system-out>
</testcase>
<testcase name="All Categories CRUD Operations › Accessories: Create, Read, Update, Delete" classname="e2e/all-categories.spec.ts" time="10.509">
<failure message="all-categories.spec.ts:26:5 Accessories: Create, Read, Update, Delete" type="FAILURE">
<![CDATA[  [webkit] › e2e/all-categories.spec.ts:26:5 › All Categories CRUD Operations › Accessories: Create, Read, Update, Delete 

    TimeoutError: page.waitForSelector: Timeout 10000ms exceeded.
    Call log:
      - waiting for locator('[data-testid="inventory-dashboard"]') to be visible


       5 |     await page.goto('/');
       6 |     // Wait for app to load
    >  7 |     await page.waitForSelector('[data-testid="inventory-dashboard"]', { timeout: 10000 });
         |                ^
       8 |   });
       9 |
      10 |   const categories = [
        at /Users/ghogue/Library/CloudStorage/OneDrive-InsightfulOutcomes,LLC/IS-LTD/APPS/CaliberVaultII/src/test/e2e/all-categories.spec.ts:7:16

    attachment #1: screenshot (image/png) ──────────────────────────────────────────────────────────
    ../../test-results/e2e-all-categories-All-Cat-02660-s-Create-Read-Update-Delete-webkit/test-failed-1.png
    ────────────────────────────────────────────────────────────────────────────────────────────────

    attachment #2: video (video/webm) ──────────────────────────────────────────────────────────────
    ../../test-results/e2e-all-categories-All-Cat-02660-s-Create-Read-Update-Delete-webkit/video.webm
    ────────────────────────────────────────────────────────────────────────────────────────────────
]]>
</failure>
<system-out>
<![CDATA[
[[ATTACHMENT|e2e-all-categories-All-Cat-02660-s-Create-Read-Update-Delete-webkit/test-failed-1.png]]

[[ATTACHMENT|e2e-all-categories-All-Cat-02660-s-Create-Read-Update-Delete-webkit/video.webm]]
]]>
</system-out>
</testcase>
<testcase name="All Categories CRUD Operations › Powder: Create, Read, Update, Delete" classname="e2e/all-categories.spec.ts" time="10.614">
<failure message="all-categories.spec.ts:26:5 Powder: Create, Read, Update, Delete" type="FAILURE">
<![CDATA[  [webkit] › e2e/all-categories.spec.ts:26:5 › All Categories CRUD Operations › Powder: Create, Read, Update, Delete 

    TimeoutError: page.waitForSelector: Timeout 10000ms exceeded.
    Call log:
      - waiting for locator('[data-testid="inventory-dashboard"]') to be visible


       5 |     await page.goto('/');
       6 |     // Wait for app to load
    >  7 |     await page.waitForSelector('[data-testid="inventory-dashboard"]', { timeout: 10000 });
         |                ^
       8 |   });
       9 |
      10 |   const categories = [
        at /Users/ghogue/Library/CloudStorage/OneDrive-InsightfulOutcomes,LLC/IS-LTD/APPS/CaliberVaultII/src/test/e2e/all-categories.spec.ts:7:16

    attachment #1: screenshot (image/png) ──────────────────────────────────────────────────────────
    ../../test-results/e2e-all-categories-All-Cat-13a27-r-Create-Read-Update-Delete-webkit/test-failed-1.png
    ────────────────────────────────────────────────────────────────────────────────────────────────

    attachment #2: video (video/webm) ──────────────────────────────────────────────────────────────
    ../../test-results/e2e-all-categories-All-Cat-13a27-r-Create-Read-Update-Delete-webkit/video.webm
    ────────────────────────────────────────────────────────────────────────────────────────────────
]]>
</failure>
<system-out>
<![CDATA[
[[ATTACHMENT|e2e-all-categories-All-Cat-13a27-r-Create-Read-Update-Delete-webkit/test-failed-1.png]]

[[ATTACHMENT|e2e-all-categories-All-Cat-13a27-r-Create-Read-Update-Delete-webkit/video.webm]]
]]>
</system-out>
</testcase>
<testcase name="All Categories CRUD Operations › Primers: Create, Read, Update, Delete" classname="e2e/all-categories.spec.ts" time="10.613">
<failure message="all-categories.spec.ts:26:5 Primers: Create, Read, Update, Delete" type="FAILURE">
<![CDATA[  [webkit] › e2e/all-categories.spec.ts:26:5 › All Categories CRUD Operations › Primers: Create, Read, Update, Delete 

    TimeoutError: page.waitForSelector: Timeout 10000ms exceeded.
    Call log:
      - waiting for locator('[data-testid="inventory-dashboard"]') to be visible


       5 |     await page.goto('/');
       6 |     // Wait for app to load
    >  7 |     await page.waitForSelector('[data-testid="inventory-dashboard"]', { timeout: 10000 });
         |                ^
       8 |   });
       9 |
      10 |   const categories = [
        at /Users/ghogue/Library/CloudStorage/OneDrive-InsightfulOutcomes,LLC/IS-LTD/APPS/CaliberVaultII/src/test/e2e/all-categories.spec.ts:7:16

    attachment #1: screenshot (image/png) ──────────────────────────────────────────────────────────
    ../../test-results/e2e-all-categories-All-Cat-b69a5-s-Create-Read-Update-Delete-webkit/test-failed-1.png
    ────────────────────────────────────────────────────────────────────────────────────────────────

    attachment #2: video (video/webm) ──────────────────────────────────────────────────────────────
    ../../test-results/e2e-all-categories-All-Cat-b69a5-s-Create-Read-Update-Delete-webkit/video.webm
    ────────────────────────────────────────────────────────────────────────────────────────────────
]]>
</failure>
<system-out>
<![CDATA[
[[ATTACHMENT|e2e-all-categories-All-Cat-b69a5-s-Create-Read-Update-Delete-webkit/test-failed-1.png]]

[[ATTACHMENT|e2e-all-categories-All-Cat-b69a5-s-Create-Read-Update-Delete-webkit/video.webm]]
]]>
</system-out>
</testcase>
<testcase name="All Categories CRUD Operations › Brass: Create, Read, Update, Delete" classname="e2e/all-categories.spec.ts" time="10.581">
<failure message="all-categories.spec.ts:26:5 Brass: Create, Read, Update, Delete" type="FAILURE">
<![CDATA[  [webkit] › e2e/all-categories.spec.ts:26:5 › All Categories CRUD Operations › Brass: Create, Read, Update, Delete 

    TimeoutError: page.waitForSelector: Timeout 10000ms exceeded.
    Call log:
      - waiting for locator('[data-testid="inventory-dashboard"]') to be visible


       5 |     await page.goto('/');
       6 |     // Wait for app to load
    >  7 |     await page.waitForSelector('[data-testid="inventory-dashboard"]', { timeout: 10000 });
         |                ^
       8 |   });
       9 |
      10 |   const categories = [
        at /Users/ghogue/Library/CloudStorage/OneDrive-InsightfulOutcomes,LLC/IS-LTD/APPS/CaliberVaultII/src/test/e2e/all-categories.spec.ts:7:16

    attachment #1: screenshot (image/png) ──────────────────────────────────────────────────────────
    ../../test-results/e2e-all-categories-All-Cat-106b8-s-Create-Read-Update-Delete-webkit/test-failed-1.png
    ────────────────────────────────────────────────────────────────────────────────────────────────

    attachment #2: video (video/webm) ──────────────────────────────────────────────────────────────
    ../../test-results/e2e-all-categories-All-Cat-106b8-s-Create-Read-Update-Delete-webkit/video.webm
    ────────────────────────────────────────────────────────────────────────────────────────────────
]]>
</failure>
<system-out>
<![CDATA[
[[ATTACHMENT|e2e-all-categories-All-Cat-106b8-s-Create-Read-Update-Delete-webkit/test-failed-1.png]]

[[ATTACHMENT|e2e-all-categories-All-Cat-106b8-s-Create-Read-Update-Delete-webkit/video.webm]]
]]>
</system-out>
</testcase>
<testcase name="All Categories CRUD Operations › Dies: Create, Read, Update, Delete" classname="e2e/all-categories.spec.ts" time="10.581">
<failure message="all-categories.spec.ts:26:5 Dies: Create, Read, Update, Delete" type="FAILURE">
<![CDATA[  [webkit] › e2e/all-categories.spec.ts:26:5 › All Categories CRUD Operations › Dies: Create, Read, Update, Delete 

    TimeoutError: page.waitForSelector: Timeout 10000ms exceeded.
    Call log:
      - waiting for locator('[data-testid="inventory-dashboard"]') to be visible


       5 |     await page.goto('/');
       6 |     // Wait for app to load
    >  7 |     await page.waitForSelector('[data-testid="inventory-dashboard"]', { timeout: 10000 });
         |                ^
       8 |   });
       9 |
      10 |   const categories = [
        at /Users/ghogue/Library/CloudStorage/OneDrive-InsightfulOutcomes,LLC/IS-LTD/APPS/CaliberVaultII/src/test/e2e/all-categories.spec.ts:7:16

    attachment #1: screenshot (image/png) ──────────────────────────────────────────────────────────
    ../../test-results/e2e-all-categories-All-Cat-116da-s-Create-Read-Update-Delete-webkit/test-failed-1.png
    ────────────────────────────────────────────────────────────────────────────────────────────────

    attachment #2: video (video/webm) ──────────────────────────────────────────────────────────────
    ../../test-results/e2e-all-categories-All-Cat-116da-s-Create-Read-Update-Delete-webkit/video.webm
    ────────────────────────────────────────────────────────────────────────────────────────────────
]]>
</failure>
<system-out>
<![CDATA[
[[ATTACHMENT|e2e-all-categories-All-Cat-116da-s-Create-Read-Update-Delete-webkit/test-failed-1.png]]

[[ATTACHMENT|e2e-all-categories-All-Cat-116da-s-Create-Read-Update-Delete-webkit/video.webm]]
]]>
</system-out>
</testcase>
<testcase name="All Categories CRUD Operations › Tools: Create, Read, Update, Delete" classname="e2e/all-categories.spec.ts" time="10.581">
<failure message="all-categories.spec.ts:26:5 Tools: Create, Read, Update, Delete" type="FAILURE">
<![CDATA[  [webkit] › e2e/all-categories.spec.ts:26:5 › All Categories CRUD Operations › Tools: Create, Read, Update, Delete 

    TimeoutError: page.waitForSelector: Timeout 10000ms exceeded.
    Call log:
      - waiting for locator('[data-testid="inventory-dashboard"]') to be visible


       5 |     await page.goto('/');
       6 |     // Wait for app to load
    >  7 |     await page.waitForSelector('[data-testid="inventory-dashboard"]', { timeout: 10000 });
         |                ^
       8 |   });
       9 |
      10 |   const categories = [
        at /Users/ghogue/Library/CloudStorage/OneDrive-InsightfulOutcomes,LLC/IS-LTD/APPS/CaliberVaultII/src/test/e2e/all-categories.spec.ts:7:16

    attachment #1: screenshot (image/png) ──────────────────────────────────────────────────────────
    ../../test-results/e2e-all-categories-All-Cat-ac045-s-Create-Read-Update-Delete-webkit/test-failed-1.png
    ────────────────────────────────────────────────────────────────────────────────────────────────

    attachment #2: video (video/webm) ──────────────────────────────────────────────────────────────
    ../../test-results/e2e-all-categories-All-Cat-ac045-s-Create-Read-Update-Delete-webkit/video.webm
    ────────────────────────────────────────────────────────────────────────────────────────────────
]]>
</failure>
<system-out>
<![CDATA[
[[ATTACHMENT|e2e-all-categories-All-Cat-ac045-s-Create-Read-Update-Delete-webkit/test-failed-1.png]]

[[ATTACHMENT|e2e-all-categories-All-Cat-ac045-s-Create-Read-Update-Delete-webkit/video.webm]]
]]>
</system-out>
</testcase>
</testsuite>
<testsuite name="e2e/auth.spec.ts" timestamp="2025-11-07T02:55:58.284Z" hostname="webkit" tests="4" failures="4" skipped="0" time="95.787" errors="0">
<testcase name="Authentication Flow › should display login modal" classname="e2e/auth.spec.ts" time="5.596">
<failure message="auth.spec.ts:8:3 should display login modal" type="FAILURE">
<![CDATA[  [webkit] › e2e/auth.spec.ts:8:3 › Authentication Flow › should display login modal ───────────────

    Error: expect(locator).toBeVisible() failed

    Locator: getByRole('button', { name: /sign in/i })
    Expected: visible
    Timeout: 5000ms
    Error: element(s) not found

    Call log:
      - Expect "toBeVisible" with timeout 5000ms
      - waiting for getByRole('button', { name: /sign in/i })


       8 |   test('should display login modal', async ({ page }) => {
       9 |     const loginButton = page.getByRole('button', { name: /sign in/i });
    > 10 |     await expect(loginButton).toBeVisible();
         |                               ^
      11 |   });
      12 |
      13 |   test('should show validation errors for empty fields', async ({ page }) => {
        at /Users/ghogue/Library/CloudStorage/OneDrive-InsightfulOutcomes,LLC/IS-LTD/APPS/CaliberVaultII/src/test/e2e/auth.spec.ts:10:31

    attachment #1: screenshot (image/png) ──────────────────────────────────────────────────────────
    ../../test-results/e2e-auth-Authentication-Flow-should-display-login-modal-webkit/test-failed-1.png
    ────────────────────────────────────────────────────────────────────────────────────────────────

    attachment #2: video (video/webm) ──────────────────────────────────────────────────────────────
    ../../test-results/e2e-auth-Authentication-Flow-should-display-login-modal-webkit/video.webm
    ────────────────────────────────────────────────────────────────────────────────────────────────
]]>
</failure>
<system-out>
<![CDATA[
[[ATTACHMENT|e2e-auth-Authentication-Flow-should-display-login-modal-webkit/test-failed-1.png]]

[[ATTACHMENT|e2e-auth-Authentication-Flow-should-display-login-modal-webkit/video.webm]]
]]>
</system-out>
</testcase>
<testcase name="Authentication Flow › should show validation errors for empty fields" classname="e2e/auth.spec.ts" time="30.065">
<failure message="auth.spec.ts:13:3 should show validation errors for empty fields" type="FAILURE">
<![CDATA[  [webkit] › e2e/auth.spec.ts:13:3 › Authentication Flow › should show validation errors for empty fields 

    Test timeout of 30000ms exceeded.

    Error: page.click: Test timeout of 30000ms exceeded.
    Call log:
      - waiting for locator('button:has-text("Sign In")')


      12 |
      13 |   test('should show validation errors for empty fields', async ({ page }) => {
    > 14 |     await page.click('button:has-text("Sign In")');
         |                ^
      15 |     await page.fill('input[type="email"]', '');
      16 |     await page.fill('input[type="password"]', '');
      17 |     await page.click('button[type="submit"]');
        at /Users/ghogue/Library/CloudStorage/OneDrive-InsightfulOutcomes,LLC/IS-LTD/APPS/CaliberVaultII/src/test/e2e/auth.spec.ts:14:16

    attachment #1: screenshot (image/png) ──────────────────────────────────────────────────────────
    ../../test-results/e2e-auth-Authentication-Fl-9394c-ion-errors-for-empty-fields-webkit/test-failed-1.png
    ────────────────────────────────────────────────────────────────────────────────────────────────

    attachment #2: video (video/webm) ──────────────────────────────────────────────────────────────
    ../../test-results/e2e-auth-Authentication-Fl-9394c-ion-errors-for-empty-fields-webkit/video.webm
    ────────────────────────────────────────────────────────────────────────────────────────────────
]]>
</failure>
<system-out>
<![CDATA[
[[ATTACHMENT|e2e-auth-Authentication-Fl-9394c-ion-errors-for-empty-fields-webkit/test-failed-1.png]]

[[ATTACHMENT|e2e-auth-Authentication-Fl-9394c-ion-errors-for-empty-fields-webkit/video.webm]]
]]>
</system-out>
</testcase>
<testcase name="Authentication Flow › should handle invalid credentials" classname="e2e/auth.spec.ts" time="30.058">
<failure message="auth.spec.ts:23:3 should handle invalid credentials" type="FAILURE">
<![CDATA[  [webkit] › e2e/auth.spec.ts:23:3 › Authentication Flow › should handle invalid credentials ───────

    Test timeout of 30000ms exceeded.

    Error: page.click: Test timeout of 30000ms exceeded.
    Call log:
      - waiting for locator('button:has-text("Sign In")')


      22 |
      23 |   test('should handle invalid credentials', async ({ page }) => {
    > 24 |     await page.click('button:has-text("Sign In")');
         |                ^
      25 |     await page.fill('input[type="email"]', 'invalid@example.com');
      26 |     await page.fill('input[type="password"]', 'wrongpassword');
      27 |     await page.click('button[type="submit"]');
        at /Users/ghogue/Library/CloudStorage/OneDrive-InsightfulOutcomes,LLC/IS-LTD/APPS/CaliberVaultII/src/test/e2e/auth.spec.ts:24:16

    attachment #1: screenshot (image/png) ──────────────────────────────────────────────────────────
    ../../test-results/e2e-auth-Authentication-Fl-f7095--handle-invalid-credentials-webkit/test-failed-1.png
    ────────────────────────────────────────────────────────────────────────────────────────────────

    attachment #2: video (video/webm) ──────────────────────────────────────────────────────────────
    ../../test-results/e2e-auth-Authentication-Fl-f7095--handle-invalid-credentials-webkit/video.webm
    ────────────────────────────────────────────────────────────────────────────────────────────────
]]>
</failure>
<system-out>
<![CDATA[
[[ATTACHMENT|e2e-auth-Authentication-Fl-f7095--handle-invalid-credentials-webkit/test-failed-1.png]]

[[ATTACHMENT|e2e-auth-Authentication-Fl-f7095--handle-invalid-credentials-webkit/video.webm]]
]]>
</system-out>
</testcase>
<testcase name="Authentication Flow › should navigate to signup form" classname="e2e/auth.spec.ts" time="30.068">
<failure message="auth.spec.ts:33:3 should navigate to signup form" type="FAILURE">
<![CDATA[  [webkit] › e2e/auth.spec.ts:33:3 › Authentication Flow › should navigate to signup form ──────────

    Test timeout of 30000ms exceeded.

    Error: page.click: Test timeout of 30000ms exceeded.
    Call log:
      - waiting for locator('button:has-text("Sign In")')


      32 |
      33 |   test('should navigate to signup form', async ({ page }) => {
    > 34 |     await page.click('button:has-text("Sign In")');
         |                ^
      35 |     await page.click('text=/sign up|create account/i');
      36 |     
      37 |     const signupForm = page.locator('form:has(input[type="email"])');
        at /Users/ghogue/Library/CloudStorage/OneDrive-InsightfulOutcomes,LLC/IS-LTD/APPS/CaliberVaultII/src/test/e2e/auth.spec.ts:34:16

    attachment #1: screenshot (image/png) ──────────────────────────────────────────────────────────
    ../../test-results/e2e-auth-Authentication-Flow-should-navigate-to-signup-form-webkit/test-failed-1.png
    ────────────────────────────────────────────────────────────────────────────────────────────────

    attachment #2: video (video/webm) ──────────────────────────────────────────────────────────────
    ../../test-results/e2e-auth-Authentication-Flow-should-navigate-to-signup-form-webkit/video.webm
    ────────────────────────────────────────────────────────────────────────────────────────────────
]]>
</failure>
<system-out>
<![CDATA[
[[ATTACHMENT|e2e-auth-Authentication-Flow-should-navigate-to-signup-form-webkit/test-failed-1.png]]

[[ATTACHMENT|e2e-auth-Authentication-Flow-should-navigate-to-signup-form-webkit/video.webm]]
]]>
</system-out>
</testcase>
</testsuite>
<testsuite name="e2e/authentication.spec.ts" timestamp="2025-11-07T02:55:58.284Z" hostname="webkit" tests="5" failures="5" skipped="0" time="150.345" errors="0">
<testcase name="Authentication Flows › user can sign up" classname="e2e/authentication.spec.ts" time="30.068">
<failure message="authentication.spec.ts:8:3 user can sign up" type="FAILURE">
<![CDATA[  [webkit] › e2e/authentication.spec.ts:8:3 › Authentication Flows › user can sign up ──────────────

    Test timeout of 30000ms exceeded.

    Error: page.click: Test timeout of 30000ms exceeded.
    Call log:
      - waiting for locator('text=Sign Up')


       7 |
       8 |   test('user can sign up', async ({ page }) => {
    >  9 |     await page.click('text=Sign Up');
         |                ^
      10 |     
      11 |     await page.fill('input[name="email"]', 'newuser@example.com');
      12 |     await page.fill('input[name="password"]', 'SecurePass123!');
        at /Users/ghogue/Library/CloudStorage/OneDrive-InsightfulOutcomes,LLC/IS-LTD/APPS/CaliberVaultII/src/test/e2e/authentication.spec.ts:9:16

    attachment #1: screenshot (image/png) ──────────────────────────────────────────────────────────
    ../../test-results/e2e-authentication-Authentication-Flows-user-can-sign-up-webkit/test-failed-1.png
    ────────────────────────────────────────────────────────────────────────────────────────────────

    attachment #2: video (video/webm) ──────────────────────────────────────────────────────────────
    ../../test-results/e2e-authentication-Authentication-Flows-user-can-sign-up-webkit/video.webm
    ────────────────────────────────────────────────────────────────────────────────────────────────
]]>
</failure>
<system-out>
<![CDATA[
[[ATTACHMENT|e2e-authentication-Authentication-Flows-user-can-sign-up-webkit/test-failed-1.png]]

[[ATTACHMENT|e2e-authentication-Authentication-Flows-user-can-sign-up-webkit/video.webm]]
]]>
</system-out>
</testcase>
<testcase name="Authentication Flows › user can login" classname="e2e/authentication.spec.ts" time="30.061">
<failure message="authentication.spec.ts:20:3 user can login" type="FAILURE">
<![CDATA[  [webkit] › e2e/authentication.spec.ts:20:3 › Authentication Flows › user can login ───────────────

    Test timeout of 30000ms exceeded.

    Error: page.click: Test timeout of 30000ms exceeded.
    Call log:
      - waiting for locator('text=Login')


      19 |
      20 |   test('user can login', async ({ page }) => {
    > 21 |     await page.click('text=Login');
         |                ^
      22 |     
      23 |     await page.fill('input[type="email"]', 'test@example.com');
      24 |     await page.fill('input[type="password"]', 'password123');
        at /Users/ghogue/Library/CloudStorage/OneDrive-InsightfulOutcomes,LLC/IS-LTD/APPS/CaliberVaultII/src/test/e2e/authentication.spec.ts:21:16

    attachment #1: screenshot (image/png) ──────────────────────────────────────────────────────────
    ../../test-results/e2e-authentication-Authentication-Flows-user-can-login-webkit/test-failed-1.png
    ────────────────────────────────────────────────────────────────────────────────────────────────

    attachment #2: video (video/webm) ──────────────────────────────────────────────────────────────
    ../../test-results/e2e-authentication-Authentication-Flows-user-can-login-webkit/video.webm
    ────────────────────────────────────────────────────────────────────────────────────────────────
]]>
</failure>
<system-out>
<![CDATA[
[[ATTACHMENT|e2e-authentication-Authentication-Flows-user-can-login-webkit/test-failed-1.png]]

[[ATTACHMENT|e2e-authentication-Authentication-Flows-user-can-login-webkit/video.webm]]
]]>
</system-out>
</testcase>
<testcase name="Authentication Flows › user can logout" classname="e2e/authentication.spec.ts" time="30.057">
<failure message="authentication.spec.ts:31:3 user can logout" type="FAILURE">
<![CDATA[  [webkit] › e2e/authentication.spec.ts:31:3 › Authentication Flows › user can logout ──────────────

    Test timeout of 30000ms exceeded.

    Error: page.click: Test timeout of 30000ms exceeded.
    Call log:
      - waiting for locator('text=Login')


      31 |   test('user can logout', async ({ page }) => {
      32 |     // Login first
    > 33 |     await page.click('text=Login');
         |                ^
      34 |     await page.fill('input[type="email"]', 'test@example.com');
      35 |     await page.fill('input[type="password"]', 'password123');
      36 |     await page.click('button[type="submit"]');
        at /Users/ghogue/Library/CloudStorage/OneDrive-InsightfulOutcomes,LLC/IS-LTD/APPS/CaliberVaultII/src/test/e2e/authentication.spec.ts:33:16

    attachment #1: screenshot (image/png) ──────────────────────────────────────────────────────────
    ../../test-results/e2e-authentication-Authentication-Flows-user-can-logout-webkit/test-failed-1.png
    ────────────────────────────────────────────────────────────────────────────────────────────────

    attachment #2: video (video/webm) ──────────────────────────────────────────────────────────────
    ../../test-results/e2e-authentication-Authentication-Flows-user-can-logout-webkit/video.webm
    ────────────────────────────────────────────────────────────────────────────────────────────────
]]>
</failure>
<system-out>
<![CDATA[
[[ATTACHMENT|e2e-authentication-Authentication-Flows-user-can-logout-webkit/test-failed-1.png]]

[[ATTACHMENT|e2e-authentication-Authentication-Flows-user-can-logout-webkit/video.webm]]
]]>
</system-out>
</testcase>
<testcase name="Authentication Flows › shows error for invalid credentials" classname="e2e/authentication.spec.ts" time="30.061">
<failure message="authentication.spec.ts:47:3 shows error for invalid credentials" type="FAILURE">
<![CDATA[  [webkit] › e2e/authentication.spec.ts:47:3 › Authentication Flows › shows error for invalid credentials 

    Test timeout of 30000ms exceeded.

    Error: page.click: Test timeout of 30000ms exceeded.
    Call log:
      - waiting for locator('text=Login')


      46 |
      47 |   test('shows error for invalid credentials', async ({ page }) => {
    > 48 |     await page.click('text=Login');
         |                ^
      49 |     
      50 |     await page.fill('input[type="email"]', 'wrong@example.com');
      51 |     await page.fill('input[type="password"]', 'wrongpassword');
        at /Users/ghogue/Library/CloudStorage/OneDrive-InsightfulOutcomes,LLC/IS-LTD/APPS/CaliberVaultII/src/test/e2e/authentication.spec.ts:48:16

    attachment #1: screenshot (image/png) ──────────────────────────────────────────────────────────
    ../../test-results/e2e-authentication-Authent-4b3b9-ror-for-invalid-credentials-webkit/test-failed-1.png
    ────────────────────────────────────────────────────────────────────────────────────────────────

    attachment #2: video (video/webm) ──────────────────────────────────────────────────────────────
    ../../test-results/e2e-authentication-Authent-4b3b9-ror-for-invalid-credentials-webkit/video.webm
    ────────────────────────────────────────────────────────────────────────────────────────────────
]]>
</failure>
<system-out>
<![CDATA[
[[ATTACHMENT|e2e-authentication-Authent-4b3b9-ror-for-invalid-credentials-webkit/test-failed-1.png]]

[[ATTACHMENT|e2e-authentication-Authent-4b3b9-ror-for-invalid-credentials-webkit/video.webm]]
]]>
</system-out>
</testcase>
<testcase name="Authentication Flows › password reset flow" classname="e2e/authentication.spec.ts" time="30.098">
<failure message="authentication.spec.ts:58:3 password reset flow" type="FAILURE">
<![CDATA[  [webkit] › e2e/authentication.spec.ts:58:3 › Authentication Flows › password reset flow ──────────

    Test timeout of 30000ms exceeded.

    Error: page.click: Test timeout of 30000ms exceeded.
    Call log:
      - waiting for locator('text=Login')


      57 |
      58 |   test('password reset flow', async ({ page }) => {
    > 59 |     await page.click('text=Login');
         |                ^
      60 |     await page.click('text=Forgot Password');
      61 |     
      62 |     await page.fill('input[type="email"]', 'test@example.com');
        at /Users/ghogue/Library/CloudStorage/OneDrive-InsightfulOutcomes,LLC/IS-LTD/APPS/CaliberVaultII/src/test/e2e/authentication.spec.ts:59:16

    attachment #1: screenshot (image/png) ──────────────────────────────────────────────────────────
    ../../test-results/e2e-authentication-Authentication-Flows-password-reset-flow-webkit/test-failed-1.png
    ────────────────────────────────────────────────────────────────────────────────────────────────

    attachment #2: video (video/webm) ──────────────────────────────────────────────────────────────
    ../../test-results/e2e-authentication-Authentication-Flows-password-reset-flow-webkit/video.webm
    ────────────────────────────────────────────────────────────────────────────────────────────────
]]>
</failure>
<system-out>
<![CDATA[
[[ATTACHMENT|e2e-authentication-Authentication-Flows-password-reset-flow-webkit/test-failed-1.png]]

[[ATTACHMENT|e2e-authentication-Authentication-Flows-password-reset-flow-webkit/video.webm]]
]]>
</system-out>
</testcase>
</testsuite>
<testsuite name="e2e/barcode-scanning.spec.ts" timestamp="2025-11-07T02:55:58.284Z" hostname="webkit" tests="6" failures="6" skipped="0" time="180.396" errors="0">
<testcase name="Barcode Scanning E2E Tests › opens barcode scanner" classname="e2e/barcode-scanning.spec.ts" time="30.058">
<failure message="barcode-scanning.spec.ts:14:3 opens barcode scanner" type="FAILURE">
<![CDATA[  [webkit] › e2e/barcode-scanning.spec.ts:14:3 › Barcode Scanning E2E Tests › opens barcode scanner 

    Test timeout of 30000ms exceeded while running "beforeEach" hook.

      2 |
      3 | test.describe('Barcode Scanning E2E Tests', () => {
    > 4 |   test.beforeEach(async ({ page }) => {
        |        ^
      5 |     await page.goto('/');
      6 |     // Login
      7 |     await page.click('text=Login');
        at /Users/ghogue/Library/CloudStorage/OneDrive-InsightfulOutcomes,LLC/IS-LTD/APPS/CaliberVaultII/src/test/e2e/barcode-scanning.spec.ts:4:8

    Error: page.click: Test timeout of 30000ms exceeded.
    Call log:
      - waiting for locator('text=Login')


       5 |     await page.goto('/');
       6 |     // Login
    >  7 |     await page.click('text=Login');
         |                ^
       8 |     await page.fill('input[type="email"]', 'test@example.com');
       9 |     await page.fill('input[type="password"]', 'password123');
      10 |     await page.click('button[type="submit"]');
        at /Users/ghogue/Library/CloudStorage/OneDrive-InsightfulOutcomes,LLC/IS-LTD/APPS/CaliberVaultII/src/test/e2e/barcode-scanning.spec.ts:7:16

    attachment #1: screenshot (image/png) ──────────────────────────────────────────────────────────
    ../../test-results/e2e-barcode-scanning-Barco-480f8-Tests-opens-barcode-scanner-webkit/test-failed-1.png
    ────────────────────────────────────────────────────────────────────────────────────────────────

    attachment #2: video (video/webm) ──────────────────────────────────────────────────────────────
    ../../test-results/e2e-barcode-scanning-Barco-480f8-Tests-opens-barcode-scanner-webkit/video.webm
    ────────────────────────────────────────────────────────────────────────────────────────────────
]]>
</failure>
<system-out>
<![CDATA[
[[ATTACHMENT|e2e-barcode-scanning-Barco-480f8-Tests-opens-barcode-scanner-webkit/test-failed-1.png]]

[[ATTACHMENT|e2e-barcode-scanning-Barco-480f8-Tests-opens-barcode-scanner-webkit/video.webm]]
]]>
</system-out>
</testcase>
<testcase name="Barcode Scanning E2E Tests › displays camera permission prompt" classname="e2e/barcode-scanning.spec.ts" time="30.058">
<failure message="barcode-scanning.spec.ts:19:3 displays camera permission prompt" type="FAILURE">
<![CDATA[  [webkit] › e2e/barcode-scanning.spec.ts:19:3 › Barcode Scanning E2E Tests › displays camera permission prompt 

    Test timeout of 30000ms exceeded while running "beforeEach" hook.

      2 |
      3 | test.describe('Barcode Scanning E2E Tests', () => {
    > 4 |   test.beforeEach(async ({ page }) => {
        |        ^
      5 |     await page.goto('/');
      6 |     // Login
      7 |     await page.click('text=Login');
        at /Users/ghogue/Library/CloudStorage/OneDrive-InsightfulOutcomes,LLC/IS-LTD/APPS/CaliberVaultII/src/test/e2e/barcode-scanning.spec.ts:4:8

    Error: page.click: Test timeout of 30000ms exceeded.
    Call log:
      - waiting for locator('text=Login')


       5 |     await page.goto('/');
       6 |     // Login
    >  7 |     await page.click('text=Login');
         |                ^
       8 |     await page.fill('input[type="email"]', 'test@example.com');
       9 |     await page.fill('input[type="password"]', 'password123');
      10 |     await page.click('button[type="submit"]');
        at /Users/ghogue/Library/CloudStorage/OneDrive-InsightfulOutcomes,LLC/IS-LTD/APPS/CaliberVaultII/src/test/e2e/barcode-scanning.spec.ts:7:16

    attachment #1: screenshot (image/png) ──────────────────────────────────────────────────────────
    ../../test-results/e2e-barcode-scanning-Barco-9ec99-ys-camera-permission-prompt-webkit/test-failed-1.png
    ────────────────────────────────────────────────────────────────────────────────────────────────

    attachment #2: video (video/webm) ──────────────────────────────────────────────────────────────
    ../../test-results/e2e-barcode-scanning-Barco-9ec99-ys-camera-permission-prompt-webkit/video.webm
    ────────────────────────────────────────────────────────────────────────────────────────────────
]]>
</failure>
<system-out>
<![CDATA[
[[ATTACHMENT|e2e-barcode-scanning-Barco-9ec99-ys-camera-permission-prompt-webkit/test-failed-1.png]]

[[ATTACHMENT|e2e-barcode-scanning-Barco-9ec99-ys-camera-permission-prompt-webkit/video.webm]]
]]>
</system-out>
</testcase>
<testcase name="Barcode Scanning E2E Tests › handles camera permission denial" classname="e2e/barcode-scanning.spec.ts" time="30.07">
<failure message="barcode-scanning.spec.ts:27:3 handles camera permission denial" type="FAILURE">
<![CDATA[  [webkit] › e2e/barcode-scanning.spec.ts:27:3 › Barcode Scanning E2E Tests › handles camera permission denial 

    Test timeout of 30000ms exceeded while running "beforeEach" hook.

      2 |
      3 | test.describe('Barcode Scanning E2E Tests', () => {
    > 4 |   test.beforeEach(async ({ page }) => {
        |        ^
      5 |     await page.goto('/');
      6 |     // Login
      7 |     await page.click('text=Login');
        at /Users/ghogue/Library/CloudStorage/OneDrive-InsightfulOutcomes,LLC/IS-LTD/APPS/CaliberVaultII/src/test/e2e/barcode-scanning.spec.ts:4:8

    Error: page.click: Test timeout of 30000ms exceeded.
    Call log:
      - waiting for locator('text=Login')


       5 |     await page.goto('/');
       6 |     // Login
    >  7 |     await page.click('text=Login');
         |                ^
       8 |     await page.fill('input[type="email"]', 'test@example.com');
       9 |     await page.fill('input[type="password"]', 'password123');
      10 |     await page.click('button[type="submit"]');
        at /Users/ghogue/Library/CloudStorage/OneDrive-InsightfulOutcomes,LLC/IS-LTD/APPS/CaliberVaultII/src/test/e2e/barcode-scanning.spec.ts:7:16

    attachment #1: screenshot (image/png) ──────────────────────────────────────────────────────────
    ../../test-results/e2e-barcode-scanning-Barco-3a78e-es-camera-permission-denial-webkit/test-failed-1.png
    ────────────────────────────────────────────────────────────────────────────────────────────────

    attachment #2: video (video/webm) ──────────────────────────────────────────────────────────────
    ../../test-results/e2e-barcode-scanning-Barco-3a78e-es-camera-permission-denial-webkit/video.webm
    ────────────────────────────────────────────────────────────────────────────────────────────────
]]>
</failure>
<system-out>
<![CDATA[
[[ATTACHMENT|e2e-barcode-scanning-Barco-3a78e-es-camera-permission-denial-webkit/test-failed-1.png]]

[[ATTACHMENT|e2e-barcode-scanning-Barco-3a78e-es-camera-permission-denial-webkit/video.webm]]
]]>
</system-out>
</testcase>
<testcase name="Barcode Scanning E2E Tests › batch scanning workflow" classname="e2e/barcode-scanning.spec.ts" time="30.068">
<failure message="barcode-scanning.spec.ts:35:3 batch scanning workflow" type="FAILURE">
<![CDATA[  [webkit] › e2e/barcode-scanning.spec.ts:35:3 › Barcode Scanning E2E Tests › batch scanning workflow 

    Test timeout of 30000ms exceeded while running "beforeEach" hook.

      2 |
      3 | test.describe('Barcode Scanning E2E Tests', () => {
    > 4 |   test.beforeEach(async ({ page }) => {
        |        ^
      5 |     await page.goto('/');
      6 |     // Login
      7 |     await page.click('text=Login');
        at /Users/ghogue/Library/CloudStorage/OneDrive-InsightfulOutcomes,LLC/IS-LTD/APPS/CaliberVaultII/src/test/e2e/barcode-scanning.spec.ts:4:8

    Error: page.click: Test timeout of 30000ms exceeded.
    Call log:
      - waiting for locator('text=Login')


       5 |     await page.goto('/');
       6 |     // Login
    >  7 |     await page.click('text=Login');
         |                ^
       8 |     await page.fill('input[type="email"]', 'test@example.com');
       9 |     await page.fill('input[type="password"]', 'password123');
      10 |     await page.click('button[type="submit"]');
        at /Users/ghogue/Library/CloudStorage/OneDrive-InsightfulOutcomes,LLC/IS-LTD/APPS/CaliberVaultII/src/test/e2e/barcode-scanning.spec.ts:7:16

    attachment #1: screenshot (image/png) ──────────────────────────────────────────────────────────
    ../../test-results/e2e-barcode-scanning-Barco-0af77-sts-batch-scanning-workflow-webkit/test-failed-1.png
    ────────────────────────────────────────────────────────────────────────────────────────────────

    attachment #2: video (video/webm) ──────────────────────────────────────────────────────────────
    ../../test-results/e2e-barcode-scanning-Barco-0af77-sts-batch-scanning-workflow-webkit/video.webm
    ────────────────────────────────────────────────────────────────────────────────────────────────
]]>
</failure>
<system-out>
<![CDATA[
[[ATTACHMENT|e2e-barcode-scanning-Barco-0af77-sts-batch-scanning-workflow-webkit/test-failed-1.png]]

[[ATTACHMENT|e2e-barcode-scanning-Barco-0af77-sts-batch-scanning-workflow-webkit/video.webm]]
]]>
</system-out>
</testcase>
<testcase name="Barcode Scanning E2E Tests › barcode cache management" classname="e2e/barcode-scanning.spec.ts" time="30.079">
<failure message="barcode-scanning.spec.ts:40:3 barcode cache management" type="FAILURE">
<![CDATA[  [webkit] › e2e/barcode-scanning.spec.ts:40:3 › Barcode Scanning E2E Tests › barcode cache management 

    Test timeout of 30000ms exceeded while running "beforeEach" hook.

      2 |
      3 | test.describe('Barcode Scanning E2E Tests', () => {
    > 4 |   test.beforeEach(async ({ page }) => {
        |        ^
      5 |     await page.goto('/');
      6 |     // Login
      7 |     await page.click('text=Login');
        at /Users/ghogue/Library/CloudStorage/OneDrive-InsightfulOutcomes,LLC/IS-LTD/APPS/CaliberVaultII/src/test/e2e/barcode-scanning.spec.ts:4:8

    Error: page.click: Test timeout of 30000ms exceeded.
    Call log:
      - waiting for locator('text=Login')


       5 |     await page.goto('/');
       6 |     // Login
    >  7 |     await page.click('text=Login');
         |                ^
       8 |     await page.fill('input[type="email"]', 'test@example.com');
       9 |     await page.fill('input[type="password"]', 'password123');
      10 |     await page.click('button[type="submit"]');
        at /Users/ghogue/Library/CloudStorage/OneDrive-InsightfulOutcomes,LLC/IS-LTD/APPS/CaliberVaultII/src/test/e2e/barcode-scanning.spec.ts:7:16

    attachment #1: screenshot (image/png) ──────────────────────────────────────────────────────────
    ../../test-results/e2e-barcode-scanning-Barco-478d7-ts-barcode-cache-management-webkit/test-failed-1.png
    ────────────────────────────────────────────────────────────────────────────────────────────────

    attachment #2: video (video/webm) ──────────────────────────────────────────────────────────────
    ../../test-results/e2e-barcode-scanning-Barco-478d7-ts-barcode-cache-management-webkit/video.webm
    ────────────────────────────────────────────────────────────────────────────────────────────────
]]>
</failure>
<system-out>
<![CDATA[
[[ATTACHMENT|e2e-barcode-scanning-Barco-478d7-ts-barcode-cache-management-webkit/test-failed-1.png]]

[[ATTACHMENT|e2e-barcode-scanning-Barco-478d7-ts-barcode-cache-management-webkit/video.webm]]
]]>
</system-out>
</testcase>
<testcase name="Barcode Scanning E2E Tests › offline barcode lookup" classname="e2e/barcode-scanning.spec.ts" time="30.063">
<failure message="barcode-scanning.spec.ts:46:3 offline barcode lookup" type="FAILURE">
<![CDATA[  [webkit] › e2e/barcode-scanning.spec.ts:46:3 › Barcode Scanning E2E Tests › offline barcode lookup 

    Test timeout of 30000ms exceeded while running "beforeEach" hook.

      2 |
      3 | test.describe('Barcode Scanning E2E Tests', () => {
    > 4 |   test.beforeEach(async ({ page }) => {
        |        ^
      5 |     await page.goto('/');
      6 |     // Login
      7 |     await page.click('text=Login');
        at /Users/ghogue/Library/CloudStorage/OneDrive-InsightfulOutcomes,LLC/IS-LTD/APPS/CaliberVaultII/src/test/e2e/barcode-scanning.spec.ts:4:8

    Error: page.click: Test timeout of 30000ms exceeded.
    Call log:
      - waiting for locator('text=Login')


       5 |     await page.goto('/');
       6 |     // Login
    >  7 |     await page.click('text=Login');
         |                ^
       8 |     await page.fill('input[type="email"]', 'test@example.com');
       9 |     await page.fill('input[type="password"]', 'password123');
      10 |     await page.click('button[type="submit"]');
        at /Users/ghogue/Library/CloudStorage/OneDrive-InsightfulOutcomes,LLC/IS-LTD/APPS/CaliberVaultII/src/test/e2e/barcode-scanning.spec.ts:7:16

    attachment #1: screenshot (image/png) ──────────────────────────────────────────────────────────
    ../../test-results/e2e-barcode-scanning-Barco-f36e8-ests-offline-barcode-lookup-webkit/test-failed-1.png
    ────────────────────────────────────────────────────────────────────────────────────────────────

    attachment #2: video (video/webm) ──────────────────────────────────────────────────────────────
    ../../test-results/e2e-barcode-scanning-Barco-f36e8-ests-offline-barcode-lookup-webkit/video.webm
    ────────────────────────────────────────────────────────────────────────────────────────────────
]]>
</failure>
<system-out>
<![CDATA[
[[ATTACHMENT|e2e-barcode-scanning-Barco-f36e8-ests-offline-barcode-lookup-webkit/test-failed-1.png]]

[[ATTACHMENT|e2e-barcode-scanning-Barco-f36e8-ests-offline-barcode-lookup-webkit/video.webm]]
]]>
</system-out>
</testcase>
</testsuite>
<testsuite name="e2e/bulkImport.spec.ts" timestamp="2025-11-07T02:55:58.284Z" hostname="webkit" tests="4" failures="4" skipped="0" time="120.377" errors="0">
<testcase name="Bulk Import Flow › should open bulk import modal" classname="e2e/bulkImport.spec.ts" time="30.073">
<failure message="bulkImport.spec.ts:8:3 should open bulk import modal" type="FAILURE">
<![CDATA[  [webkit] › e2e/bulkImport.spec.ts:8:3 › Bulk Import Flow › should open bulk import modal ─────────

    Test timeout of 30000ms exceeded.

    Error: page.click: Test timeout of 30000ms exceeded.
    Call log:
      - waiting for locator('button:has-text("Import CSV")')


       7 |
       8 |   test('should open bulk import modal', async ({ page }) => {
    >  9 |     await page.click('button:has-text("Import CSV")');
         |                ^
      10 |     await expect(page.locator('text=Enhanced Bulk Import System')).toBeVisible();
      11 |   });
      12 |
        at /Users/ghogue/Library/CloudStorage/OneDrive-InsightfulOutcomes,LLC/IS-LTD/APPS/CaliberVaultII/src/test/e2e/bulkImport.spec.ts:9:16

    attachment #1: screenshot (image/png) ──────────────────────────────────────────────────────────
    ../../test-results/e2e-bulkImport-Bulk-Import-75373-ould-open-bulk-import-modal-webkit/test-failed-1.png
    ────────────────────────────────────────────────────────────────────────────────────────────────

    attachment #2: video (video/webm) ──────────────────────────────────────────────────────────────
    ../../test-results/e2e-bulkImport-Bulk-Import-75373-ould-open-bulk-import-modal-webkit/video.webm
    ────────────────────────────────────────────────────────────────────────────────────────────────
]]>
</failure>
<system-out>
<![CDATA[
[[ATTACHMENT|e2e-bulkImport-Bulk-Import-75373-ould-open-bulk-import-modal-webkit/test-failed-1.png]]

[[ATTACHMENT|e2e-bulkImport-Bulk-Import-75373-ould-open-bulk-import-modal-webkit/video.webm]]
]]>
</system-out>
</testcase>
<testcase name="Bulk Import Flow › should download CSV template" classname="e2e/bulkImport.spec.ts" time="30.073">
<failure message="bulkImport.spec.ts:13:3 should download CSV template" type="FAILURE">
<![CDATA[  [webkit] › e2e/bulkImport.spec.ts:13:3 › Bulk Import Flow › should download CSV template ─────────

    Test timeout of 30000ms exceeded.

    Error: page.click: Test timeout of 30000ms exceeded.
    Call log:
      - waiting for locator('button:has-text("Import CSV")')


      12 |
      13 |   test('should download CSV template', async ({ page }) => {
    > 14 |     await page.click('button:has-text("Import CSV")');
         |                ^
      15 |     const downloadPromise = page.waitForEvent('download');
      16 |     await page.click('button:has-text("Download CSV Template")');
      17 |     const download = await downloadPromise;
        at /Users/ghogue/Library/CloudStorage/OneDrive-InsightfulOutcomes,LLC/IS-LTD/APPS/CaliberVaultII/src/test/e2e/bulkImport.spec.ts:14:16

    attachment #1: screenshot (image/png) ──────────────────────────────────────────────────────────
    ../../test-results/e2e-bulkImport-Bulk-Import-Flow-should-download-CSV-template-webkit/test-failed-1.png
    ────────────────────────────────────────────────────────────────────────────────────────────────

    attachment #2: video (video/webm) ──────────────────────────────────────────────────────────────
    ../../test-results/e2e-bulkImport-Bulk-Import-Flow-should-download-CSV-template-webkit/video.webm
    ────────────────────────────────────────────────────────────────────────────────────────────────
]]>
</failure>
<system-out>
<![CDATA[
[[ATTACHMENT|e2e-bulkImport-Bulk-Import-Flow-should-download-CSV-template-webkit/test-failed-1.png]]

[[ATTACHMENT|e2e-bulkImport-Bulk-Import-Flow-should-download-CSV-template-webkit/video.webm]]
]]>
</system-out>
</testcase>
<testcase name="Bulk Import Flow › should show file upload area" classname="e2e/bulkImport.spec.ts" time="30.129">
<failure message="bulkImport.spec.ts:21:3 should show file upload area" type="FAILURE">
<![CDATA[  [webkit] › e2e/bulkImport.spec.ts:21:3 › Bulk Import Flow › should show file upload area ─────────

    Test timeout of 30000ms exceeded.

    Error: page.click: Test timeout of 30000ms exceeded.
    Call log:
      - waiting for locator('button:has-text("Import CSV")')


      20 |
      21 |   test('should show file upload area', async ({ page }) => {
    > 22 |     await page.click('button:has-text("Import CSV")');
         |                ^
      23 |     await expect(page.locator('text=/drag.*drop/i')).toBeVisible();
      24 |   });
      25 |
        at /Users/ghogue/Library/CloudStorage/OneDrive-InsightfulOutcomes,LLC/IS-LTD/APPS/CaliberVaultII/src/test/e2e/bulkImport.spec.ts:22:16

    attachment #1: screenshot (image/png) ──────────────────────────────────────────────────────────
    ../../test-results/e2e-bulkImport-Bulk-Import-Flow-should-show-file-upload-area-webkit/test-failed-1.png
    ────────────────────────────────────────────────────────────────────────────────────────────────

    attachment #2: video (video/webm) ──────────────────────────────────────────────────────────────
    ../../test-results/e2e-bulkImport-Bulk-Import-Flow-should-show-file-upload-area-webkit/video.webm
    ────────────────────────────────────────────────────────────────────────────────────────────────
]]>
</failure>
<system-out>
<![CDATA[
[[ATTACHMENT|e2e-bulkImport-Bulk-Import-Flow-should-show-file-upload-area-webkit/test-failed-1.png]]

[[ATTACHMENT|e2e-bulkImport-Bulk-Import-Flow-should-show-file-upload-area-webkit/video.webm]]
]]>
</system-out>
</testcase>
<testcase name="Bulk Import Flow › should validate CSV format" classname="e2e/bulkImport.spec.ts" time="30.102">
<failure message="bulkImport.spec.ts:26:3 should validate CSV format" type="FAILURE">
<![CDATA[  [webkit] › e2e/bulkImport.spec.ts:26:3 › Bulk Import Flow › should validate CSV format ───────────

    Test timeout of 30000ms exceeded.

    Error: page.click: Test timeout of 30000ms exceeded.
    Call log:
      - waiting for locator('button:has-text("Import CSV")')


      25 |
      26 |   test('should validate CSV format', async ({ page }) => {
    > 27 |     await page.click('button:has-text("Import CSV")');
         |                ^
      28 |     // Test would upload invalid CSV and check for error messages
      29 |     await expect(page.locator('input[type="file"]')).toBeVisible();
      30 |   });
        at /Users/ghogue/Library/CloudStorage/OneDrive-InsightfulOutcomes,LLC/IS-LTD/APPS/CaliberVaultII/src/test/e2e/bulkImport.spec.ts:27:16

    attachment #1: screenshot (image/png) ──────────────────────────────────────────────────────────
    ../../test-results/e2e-bulkImport-Bulk-Import-Flow-should-validate-CSV-format-webkit/test-failed-1.png
    ────────────────────────────────────────────────────────────────────────────────────────────────

    attachment #2: video (video/webm) ──────────────────────────────────────────────────────────────
    ../../test-results/e2e-bulkImport-Bulk-Import-Flow-should-validate-CSV-format-webkit/video.webm
    ────────────────────────────────────────────────────────────────────────────────────────────────
]]>
</failure>
<system-out>
<![CDATA[
[[ATTACHMENT|e2e-bulkImport-Bulk-Import-Flow-should-validate-CSV-format-webkit/test-failed-1.png]]

[[ATTACHMENT|e2e-bulkImport-Bulk-Import-Flow-should-validate-CSV-format-webkit/video.webm]]
]]>
</system-out>
</testcase>
</testsuite>
<testsuite name="e2e/category-filters.spec.ts" timestamp="2025-11-07T02:55:58.284Z" hostname="webkit" tests="3" failures="3" skipped="0" time="31.686" errors="0">
<testcase name="Category Filter Verification › All 12 categories appear in filter dropdown" classname="e2e/category-filters.spec.ts" time="10.585">
<failure message="category-filters.spec.ts:9:3 All 12 categories appear in filter dropdown" type="FAILURE">
<![CDATA[  [webkit] › e2e/category-filters.spec.ts:9:3 › Category Filter Verification › All 12 categories appear in filter dropdown 

    TimeoutError: page.waitForSelector: Timeout 10000ms exceeded.
    Call log:
      - waiting for locator('[data-testid="inventory-dashboard"]') to be visible


      4 |   test.beforeEach(async ({ page }) => {
      5 |     await page.goto('/');
    > 6 |     await page.waitForSelector('[data-testid="inventory-dashboard"]', { timeout: 10000 });
        |                ^
      7 |   });
      8 |
      9 |   test('All 12 categories appear in filter dropdown', async ({ page }) => {
        at /Users/ghogue/Library/CloudStorage/OneDrive-InsightfulOutcomes,LLC/IS-LTD/APPS/CaliberVaultII/src/test/e2e/category-filters.spec.ts:6:16

    attachment #1: screenshot (image/png) ──────────────────────────────────────────────────────────
    ../../test-results/e2e-category-filters-Categ-f79cc-s-appear-in-filter-dropdown-webkit/test-failed-1.png
    ────────────────────────────────────────────────────────────────────────────────────────────────

    attachment #2: video (video/webm) ──────────────────────────────────────────────────────────────
    ../../test-results/e2e-category-filters-Categ-f79cc-s-appear-in-filter-dropdown-webkit/video.webm
    ────────────────────────────────────────────────────────────────────────────────────────────────
]]>
</failure>
<system-out>
<![CDATA[
[[ATTACHMENT|e2e-category-filters-Categ-f79cc-s-appear-in-filter-dropdown-webkit/test-failed-1.png]]

[[ATTACHMENT|e2e-category-filters-Categ-f79cc-s-appear-in-filter-dropdown-webkit/video.webm]]
]]>
</system-out>
</testcase>
<testcase name="Category Filter Verification › Filtering by each category shows correct items" classname="e2e/category-filters.spec.ts" time="10.585">
<failure message="category-filters.spec.ts:24:3 Filtering by each category shows correct items" type="FAILURE">
<![CDATA[  [webkit] › e2e/category-filters.spec.ts:24:3 › Category Filter Verification › Filtering by each category shows correct items 

    TimeoutError: page.waitForSelector: Timeout 10000ms exceeded.
    Call log:
      - waiting for locator('[data-testid="inventory-dashboard"]') to be visible


      4 |   test.beforeEach(async ({ page }) => {
      5 |     await page.goto('/');
    > 6 |     await page.waitForSelector('[data-testid="inventory-dashboard"]', { timeout: 10000 });
        |                ^
      7 |   });
      8 |
      9 |   test('All 12 categories appear in filter dropdown', async ({ page }) => {
        at /Users/ghogue/Library/CloudStorage/OneDrive-InsightfulOutcomes,LLC/IS-LTD/APPS/CaliberVaultII/src/test/e2e/category-filters.spec.ts:6:16

    attachment #1: screenshot (image/png) ──────────────────────────────────────────────────────────
    ../../test-results/e2e-category-filters-Categ-a8751-ategory-shows-correct-items-webkit/test-failed-1.png
    ────────────────────────────────────────────────────────────────────────────────────────────────

    attachment #2: video (video/webm) ──────────────────────────────────────────────────────────────
    ../../test-results/e2e-category-filters-Categ-a8751-ategory-shows-correct-items-webkit/video.webm
    ────────────────────────────────────────────────────────────────────────────────────────────────
]]>
</failure>
<system-out>
<![CDATA[
[[ATTACHMENT|e2e-category-filters-Categ-a8751-ategory-shows-correct-items-webkit/test-failed-1.png]]

[[ATTACHMENT|e2e-category-filters-Categ-a8751-ategory-shows-correct-items-webkit/video.webm]]
]]>
</system-out>
</testcase>
<testcase name="Category Filter Verification › Category count badges are accurate" classname="e2e/category-filters.spec.ts" time="10.516">
<failure message="category-filters.spec.ts:47:3 Category count badges are accurate" type="FAILURE">
<![CDATA[  [webkit] › e2e/category-filters.spec.ts:47:3 › Category Filter Verification › Category count badges are accurate 

    TimeoutError: page.waitForSelector: Timeout 10000ms exceeded.
    Call log:
      - waiting for locator('[data-testid="inventory-dashboard"]') to be visible


      4 |   test.beforeEach(async ({ page }) => {
      5 |     await page.goto('/');
    > 6 |     await page.waitForSelector('[data-testid="inventory-dashboard"]', { timeout: 10000 });
        |                ^
      7 |   });
      8 |
      9 |   test('All 12 categories appear in filter dropdown', async ({ page }) => {
        at /Users/ghogue/Library/CloudStorage/OneDrive-InsightfulOutcomes,LLC/IS-LTD/APPS/CaliberVaultII/src/test/e2e/category-filters.spec.ts:6:16

    attachment #1: screenshot (image/png) ──────────────────────────────────────────────────────────
    ../../test-results/e2e-category-filters-Categ-77b37-y-count-badges-are-accurate-webkit/test-failed-1.png
    ────────────────────────────────────────────────────────────────────────────────────────────────

    attachment #2: video (video/webm) ──────────────────────────────────────────────────────────────
    ../../test-results/e2e-category-filters-Categ-77b37-y-count-badges-are-accurate-webkit/video.webm
    ────────────────────────────────────────────────────────────────────────────────────────────────
]]>
</failure>
<system-out>
<![CDATA[
[[ATTACHMENT|e2e-category-filters-Categ-77b37-y-count-badges-are-accurate-webkit/test-failed-1.png]]

[[ATTACHMENT|e2e-category-filters-Categ-77b37-y-count-badges-are-accurate-webkit/video.webm]]
]]>
</system-out>
</testcase>
</testsuite>
<testsuite name="e2e/comprehensive-categories.spec.ts" timestamp="2025-11-07T02:55:58.284Z" hostname="webkit" tests="7" failures="7" skipped="0" time="73.938" errors="0">
<testcase name="Comprehensive Category Testing › Firearms: Full CRUD Lifecycle" classname="e2e/comprehensive-categories.spec.ts" time="10.477">
<failure message="comprehensive-categories.spec.ts:49:5 Firearms: Full CRUD Lifecycle" type="FAILURE">
<![CDATA[  [webkit] › e2e/comprehensive-categories.spec.ts:49:5 › Comprehensive Category Testing › Firearms: Full CRUD Lifecycle 

    TimeoutError: page.waitForSelector: Timeout 10000ms exceeded.
    Call log:
      - waiting for locator('[data-testid="inventory-dashboard"]') to be visible


      4 |   test.beforeEach(async ({ page }) => {
      5 |     await page.goto('/');
    > 6 |     await page.waitForSelector('[data-testid="inventory-dashboard"]', { timeout: 10000 });
        |                ^
      7 |   });
      8 |
      9 |   const categories = [
        at /Users/ghogue/Library/CloudStorage/OneDrive-InsightfulOutcomes,LLC/IS-LTD/APPS/CaliberVaultII/src/test/e2e/comprehensive-categories.spec.ts:6:16

    attachment #1: screenshot (image/png) ──────────────────────────────────────────────────────────
    ../../test-results/e2e-comprehensive-categori-f7362-irearms-Full-CRUD-Lifecycle-webkit/test-failed-1.png
    ────────────────────────────────────────────────────────────────────────────────────────────────

    attachment #2: video (video/webm) ──────────────────────────────────────────────────────────────
    ../../test-results/e2e-comprehensive-categori-f7362-irearms-Full-CRUD-Lifecycle-webkit/video.webm
    ────────────────────────────────────────────────────────────────────────────────────────────────
]]>
</failure>
<system-out>
<![CDATA[
[[ATTACHMENT|e2e-comprehensive-categori-f7362-irearms-Full-CRUD-Lifecycle-webkit/test-failed-1.png]]

[[ATTACHMENT|e2e-comprehensive-categori-f7362-irearms-Full-CRUD-Lifecycle-webkit/video.webm]]
]]>
</system-out>
</testcase>
<testcase name="Comprehensive Category Testing › Optics: Full CRUD Lifecycle" classname="e2e/comprehensive-categories.spec.ts" time="10.585">
<failure message="comprehensive-categories.spec.ts:49:5 Optics: Full CRUD Lifecycle" type="FAILURE">
<![CDATA[  [webkit] › e2e/comprehensive-categories.spec.ts:49:5 › Comprehensive Category Testing › Optics: Full CRUD Lifecycle 

    TimeoutError: page.waitForSelector: Timeout 10000ms exceeded.
    Call log:
      - waiting for locator('[data-testid="inventory-dashboard"]') to be visible


      4 |   test.beforeEach(async ({ page }) => {
      5 |     await page.goto('/');
    > 6 |     await page.waitForSelector('[data-testid="inventory-dashboard"]', { timeout: 10000 });
        |                ^
      7 |   });
      8 |
      9 |   const categories = [
        at /Users/ghogue/Library/CloudStorage/OneDrive-InsightfulOutcomes,LLC/IS-LTD/APPS/CaliberVaultII/src/test/e2e/comprehensive-categories.spec.ts:6:16

    attachment #1: screenshot (image/png) ──────────────────────────────────────────────────────────
    ../../test-results/e2e-comprehensive-categori-f3791--Optics-Full-CRUD-Lifecycle-webkit/test-failed-1.png
    ────────────────────────────────────────────────────────────────────────────────────────────────

    attachment #2: video (video/webm) ──────────────────────────────────────────────────────────────
    ../../test-results/e2e-comprehensive-categori-f3791--Optics-Full-CRUD-Lifecycle-webkit/video.webm
    ────────────────────────────────────────────────────────────────────────────────────────────────
]]>
</failure>
<system-out>
<![CDATA[
[[ATTACHMENT|e2e-comprehensive-categori-f3791--Optics-Full-CRUD-Lifecycle-webkit/test-failed-1.png]]

[[ATTACHMENT|e2e-comprehensive-categori-f3791--Optics-Full-CRUD-Lifecycle-webkit/video.webm]]
]]>
</system-out>
</testcase>
<testcase name="Comprehensive Category Testing › Ammunition: Full CRUD Lifecycle" classname="e2e/comprehensive-categories.spec.ts" time="10.585">
<failure message="comprehensive-categories.spec.ts:49:5 Ammunition: Full CRUD Lifecycle" type="FAILURE">
<![CDATA[  [webkit] › e2e/comprehensive-categories.spec.ts:49:5 › Comprehensive Category Testing › Ammunition: Full CRUD Lifecycle 

    TimeoutError: page.waitForSelector: Timeout 10000ms exceeded.
    Call log:
      - waiting for locator('[data-testid="inventory-dashboard"]') to be visible


      4 |   test.beforeEach(async ({ page }) => {
      5 |     await page.goto('/');
    > 6 |     await page.waitForSelector('[data-testid="inventory-dashboard"]', { timeout: 10000 });
        |                ^
      7 |   });
      8 |
      9 |   const categories = [
        at /Users/ghogue/Library/CloudStorage/OneDrive-InsightfulOutcomes,LLC/IS-LTD/APPS/CaliberVaultII/src/test/e2e/comprehensive-categories.spec.ts:6:16

    attachment #1: screenshot (image/png) ──────────────────────────────────────────────────────────
    ../../test-results/e2e-comprehensive-categori-935a8-unition-Full-CRUD-Lifecycle-webkit/test-failed-1.png
    ────────────────────────────────────────────────────────────────────────────────────────────────

    attachment #2: video (video/webm) ──────────────────────────────────────────────────────────────
    ../../test-results/e2e-comprehensive-categori-935a8-unition-Full-CRUD-Lifecycle-webkit/video.webm
    ────────────────────────────────────────────────────────────────────────────────────────────────
]]>
</failure>
<system-out>
<![CDATA[
[[ATTACHMENT|e2e-comprehensive-categori-935a8-unition-Full-CRUD-Lifecycle-webkit/test-failed-1.png]]

[[ATTACHMENT|e2e-comprehensive-categori-935a8-unition-Full-CRUD-Lifecycle-webkit/video.webm]]
]]>
</system-out>
</testcase>
<testcase name="Comprehensive Category Testing › Suppressors: Full CRUD Lifecycle" classname="e2e/comprehensive-categories.spec.ts" time="10.643">
<failure message="comprehensive-categories.spec.ts:49:5 Suppressors: Full CRUD Lifecycle" type="FAILURE">
<![CDATA[  [webkit] › e2e/comprehensive-categories.spec.ts:49:5 › Comprehensive Category Testing › Suppressors: Full CRUD Lifecycle 

    TimeoutError: page.waitForSelector: Timeout 10000ms exceeded.
    Call log:
      - waiting for locator('[data-testid="inventory-dashboard"]') to be visible


      4 |   test.beforeEach(async ({ page }) => {
      5 |     await page.goto('/');
    > 6 |     await page.waitForSelector('[data-testid="inventory-dashboard"]', { timeout: 10000 });
        |                ^
      7 |   });
      8 |
      9 |   const categories = [
        at /Users/ghogue/Library/CloudStorage/OneDrive-InsightfulOutcomes,LLC/IS-LTD/APPS/CaliberVaultII/src/test/e2e/comprehensive-categories.spec.ts:6:16

    attachment #1: screenshot (image/png) ──────────────────────────────────────────────────────────
    ../../test-results/e2e-comprehensive-categori-f0aea-ressors-Full-CRUD-Lifecycle-webkit/test-failed-1.png
    ────────────────────────────────────────────────────────────────────────────────────────────────

    attachment #2: video (video/webm) ──────────────────────────────────────────────────────────────
    ../../test-results/e2e-comprehensive-categori-f0aea-ressors-Full-CRUD-Lifecycle-webkit/video.webm
    ────────────────────────────────────────────────────────────────────────────────────────────────
]]>
</failure>
<system-out>
<![CDATA[
[[ATTACHMENT|e2e-comprehensive-categori-f0aea-ressors-Full-CRUD-Lifecycle-webkit/test-failed-1.png]]

[[ATTACHMENT|e2e-comprehensive-categori-f0aea-ressors-Full-CRUD-Lifecycle-webkit/video.webm]]
]]>
</system-out>
</testcase>
<testcase name="Comprehensive Category Testing › Magazines: Full CRUD Lifecycle" classname="e2e/comprehensive-categories.spec.ts" time="10.643">
<failure message="comprehensive-categories.spec.ts:49:5 Magazines: Full CRUD Lifecycle" type="FAILURE">
<![CDATA[  [webkit] › e2e/comprehensive-categories.spec.ts:49:5 › Comprehensive Category Testing › Magazines: Full CRUD Lifecycle 

    TimeoutError: page.waitForSelector: Timeout 10000ms exceeded.
    Call log:
      - waiting for locator('[data-testid="inventory-dashboard"]') to be visible


      4 |   test.beforeEach(async ({ page }) => {
      5 |     await page.goto('/');
    > 6 |     await page.waitForSelector('[data-testid="inventory-dashboard"]', { timeout: 10000 });
        |                ^
      7 |   });
      8 |
      9 |   const categories = [
        at /Users/ghogue/Library/CloudStorage/OneDrive-InsightfulOutcomes,LLC/IS-LTD/APPS/CaliberVaultII/src/test/e2e/comprehensive-categories.spec.ts:6:16

    attachment #1: screenshot (image/png) ──────────────────────────────────────────────────────────
    ../../test-results/e2e-comprehensive-categori-0030e-gazines-Full-CRUD-Lifecycle-webkit/test-failed-1.png
    ────────────────────────────────────────────────────────────────────────────────────────────────

    attachment #2: video (video/webm) ──────────────────────────────────────────────────────────────
    ../../test-results/e2e-comprehensive-categori-0030e-gazines-Full-CRUD-Lifecycle-webkit/video.webm
    ────────────────────────────────────────────────────────────────────────────────────────────────
]]>
</failure>
<system-out>
<![CDATA[
[[ATTACHMENT|e2e-comprehensive-categori-0030e-gazines-Full-CRUD-Lifecycle-webkit/test-failed-1.png]]

[[ATTACHMENT|e2e-comprehensive-categori-0030e-gazines-Full-CRUD-Lifecycle-webkit/video.webm]]
]]>
</system-out>
</testcase>
<testcase name="Comprehensive Category Testing › Accessories: Full CRUD Lifecycle" classname="e2e/comprehensive-categories.spec.ts" time="10.493">
<failure message="comprehensive-categories.spec.ts:49:5 Accessories: Full CRUD Lifecycle" type="FAILURE">
<![CDATA[  [webkit] › e2e/comprehensive-categories.spec.ts:49:5 › Comprehensive Category Testing › Accessories: Full CRUD Lifecycle 

    TimeoutError: page.waitForSelector: Timeout 10000ms exceeded.
    Call log:
      - waiting for locator('[data-testid="inventory-dashboard"]') to be visible


      4 |   test.beforeEach(async ({ page }) => {
      5 |     await page.goto('/');
    > 6 |     await page.waitForSelector('[data-testid="inventory-dashboard"]', { timeout: 10000 });
        |                ^
      7 |   });
      8 |
      9 |   const categories = [
        at /Users/ghogue/Library/CloudStorage/OneDrive-InsightfulOutcomes,LLC/IS-LTD/APPS/CaliberVaultII/src/test/e2e/comprehensive-categories.spec.ts:6:16

    attachment #1: screenshot (image/png) ──────────────────────────────────────────────────────────
    ../../test-results/e2e-comprehensive-categori-c7e32-ssories-Full-CRUD-Lifecycle-webkit/test-failed-1.png
    ────────────────────────────────────────────────────────────────────────────────────────────────

    attachment #2: video (video/webm) ──────────────────────────────────────────────────────────────
    ../../test-results/e2e-comprehensive-categori-c7e32-ssories-Full-CRUD-Lifecycle-webkit/video.webm
    ────────────────────────────────────────────────────────────────────────────────────────────────
]]>
</failure>
<system-out>
<![CDATA[
[[ATTACHMENT|e2e-comprehensive-categori-c7e32-ssories-Full-CRUD-Lifecycle-webkit/test-failed-1.png]]

[[ATTACHMENT|e2e-comprehensive-categori-c7e32-ssories-Full-CRUD-Lifecycle-webkit/video.webm]]
]]>
</system-out>
</testcase>
<testcase name="Comprehensive Category Testing › Reloading: Full CRUD Lifecycle" classname="e2e/comprehensive-categories.spec.ts" time="10.512">
<failure message="comprehensive-categories.spec.ts:49:5 Reloading: Full CRUD Lifecycle" type="FAILURE">
<![CDATA[  [webkit] › e2e/comprehensive-categories.spec.ts:49:5 › Comprehensive Category Testing › Reloading: Full CRUD Lifecycle 

    TimeoutError: page.waitForSelector: Timeout 10000ms exceeded.
    Call log:
      - waiting for locator('[data-testid="inventory-dashboard"]') to be visible


      4 |   test.beforeEach(async ({ page }) => {
      5 |     await page.goto('/');
    > 6 |     await page.waitForSelector('[data-testid="inventory-dashboard"]', { timeout: 10000 });
        |                ^
      7 |   });
      8 |
      9 |   const categories = [
        at /Users/ghogue/Library/CloudStorage/OneDrive-InsightfulOutcomes,LLC/IS-LTD/APPS/CaliberVaultII/src/test/e2e/comprehensive-categories.spec.ts:6:16

    attachment #1: screenshot (image/png) ──────────────────────────────────────────────────────────
    ../../test-results/e2e-comprehensive-categori-6d0c0-loading-Full-CRUD-Lifecycle-webkit/test-failed-1.png
    ────────────────────────────────────────────────────────────────────────────────────────────────

    attachment #2: video (video/webm) ──────────────────────────────────────────────────────────────
    ../../test-results/e2e-comprehensive-categori-6d0c0-loading-Full-CRUD-Lifecycle-webkit/video.webm
    ────────────────────────────────────────────────────────────────────────────────────────────────
]]>
</failure>
<system-out>
<![CDATA[
[[ATTACHMENT|e2e-comprehensive-categori-6d0c0-loading-Full-CRUD-Lifecycle-webkit/test-failed-1.png]]

[[ATTACHMENT|e2e-comprehensive-categori-6d0c0-loading-Full-CRUD-Lifecycle-webkit/video.webm]]
]]>
</system-out>
</testcase>
</testsuite>
<testsuite name="e2e/comprehensive-crud-all-categories.spec.ts" timestamp="2025-11-07T02:55:58.284Z" hostname="webkit" tests="42" failures="42" skipped="0" time="673.358" errors="0">
<testcase name="Comprehensive CRUD Tests - All Categories › Firearms › should create Firearms item" classname="e2e/comprehensive-crud-all-categories.spec.ts" time="30.074">
<failure message="comprehensive-crud-all-categories.spec.ts:24:7 should create Firearms item" type="FAILURE">
<![CDATA[  [webkit] › e2e/comprehensive-crud-all-categories.spec.ts:24:7 › Comprehensive CRUD Tests - All Categories › Firearms › should create Firearms item 

    Test timeout of 30000ms exceeded.

    Error: page.click: Test timeout of 30000ms exceeded.
    Call log:
      - waiting for locator('button:has-text("Add Item")')


      24 |       test(`should create ${category.name} item`, async ({ page }) => {
      25 |         // Click Add Item button
    > 26 |         await page.click('button:has-text("Add Item")');
         |                    ^
      27 |         
      28 |         // Select category
      29 |         await page.click(`text=${category.name}`);
        at /Users/ghogue/Library/CloudStorage/OneDrive-InsightfulOutcomes,LLC/IS-LTD/APPS/CaliberVaultII/src/test/e2e/comprehensive-crud-all-categories.spec.ts:26:20

    attachment #1: screenshot (image/png) ──────────────────────────────────────────────────────────
    ../../test-results/e2e-comprehensive-crud-all-666d1-should-create-Firearms-item-webkit/test-failed-1.png
    ────────────────────────────────────────────────────────────────────────────────────────────────

    attachment #2: video (video/webm) ──────────────────────────────────────────────────────────────
    ../../test-results/e2e-comprehensive-crud-all-666d1-should-create-Firearms-item-webkit/video.webm
    ────────────────────────────────────────────────────────────────────────────────────────────────
]]>
</failure>
<system-out>
<![CDATA[
[[ATTACHMENT|e2e-comprehensive-crud-all-666d1-should-create-Firearms-item-webkit/test-failed-1.png]]

[[ATTACHMENT|e2e-comprehensive-crud-all-666d1-should-create-Firearms-item-webkit/video.webm]]
]]>
</system-out>
</testcase>
<testcase name="Comprehensive CRUD Tests - All Categories › Firearms › should read Firearms item" classname="e2e/comprehensive-crud-all-categories.spec.ts" time="30.077">
<failure message="comprehensive-crud-all-categories.spec.ts:44:7 should read Firearms item" type="FAILURE">
<![CDATA[  [webkit] › e2e/comprehensive-crud-all-categories.spec.ts:44:7 › Comprehensive CRUD Tests - All Categories › Firearms › should read Firearms item 

    Test timeout of 30000ms exceeded.

    Error: page.click: Test timeout of 30000ms exceeded.
    Call log:
      - waiting for locator('button:has-text("Filter")')


      44 |       test(`should read ${category.name} item`, async ({ page }) => {
      45 |         // Filter by category
    > 46 |         await page.click('button:has-text("Filter")');
         |                    ^
      47 |         await page.click(`text=${category.name}`);
      48 |         
      49 |         // Verify items are displayed
        at /Users/ghogue/Library/CloudStorage/OneDrive-InsightfulOutcomes,LLC/IS-LTD/APPS/CaliberVaultII/src/test/e2e/comprehensive-crud-all-categories.spec.ts:46:20

    attachment #1: screenshot (image/png) ──────────────────────────────────────────────────────────
    ../../test-results/e2e-comprehensive-crud-all-02e86-s-should-read-Firearms-item-webkit/test-failed-1.png
    ────────────────────────────────────────────────────────────────────────────────────────────────

    attachment #2: video (video/webm) ──────────────────────────────────────────────────────────────
    ../../test-results/e2e-comprehensive-crud-all-02e86-s-should-read-Firearms-item-webkit/video.webm
    ────────────────────────────────────────────────────────────────────────────────────────────────
]]>
</failure>
<system-out>
<![CDATA[
[[ATTACHMENT|e2e-comprehensive-crud-all-02e86-s-should-read-Firearms-item-webkit/test-failed-1.png]]

[[ATTACHMENT|e2e-comprehensive-crud-all-02e86-s-should-read-Firearms-item-webkit/video.webm]]
]]>
</system-out>
</testcase>
<testcase name="Comprehensive CRUD Tests - All Categories › Firearms › should update Firearms item" classname="e2e/comprehensive-crud-all-categories.spec.ts" time="0.588">
<failure message="comprehensive-crud-all-categories.spec.ts:53:7 should update Firearms item" type="FAILURE">
<![CDATA[  [webkit] › e2e/comprehensive-crud-all-categories.spec.ts:53:7 › Comprehensive CRUD Tests - All Categories › Firearms › should update Firearms item 

    TypeError: page.click(...).first is not a function

      53 |       test(`should update ${category.name} item`, async ({ page }) => {
      54 |         // Click on first item
    > 55 |         await page.click('[data-testid="item-card"]').first();
         |                                                       ^
      56 |         
      57 |         // Click edit button
      58 |         await page.click('button:has-text("Edit")');
        at /Users/ghogue/Library/CloudStorage/OneDrive-InsightfulOutcomes,LLC/IS-LTD/APPS/CaliberVaultII/src/test/e2e/comprehensive-crud-all-categories.spec.ts:55:55

    Error: page.click: Test ended.
    Call log:
      - waiting for locator('[data-testid="item-card"]')


      53 |       test(`should update ${category.name} item`, async ({ page }) => {
      54 |         // Click on first item
    > 55 |         await page.click('[data-testid="item-card"]').first();
         |                    ^
      56 |         
      57 |         // Click edit button
      58 |         await page.click('button:has-text("Edit")');
        at /Users/ghogue/Library/CloudStorage/OneDrive-InsightfulOutcomes,LLC/IS-LTD/APPS/CaliberVaultII/src/test/e2e/comprehensive-crud-all-categories.spec.ts:55:20

    attachment #1: screenshot (image/png) ──────────────────────────────────────────────────────────
    ../../test-results/e2e-comprehensive-crud-all-c0418-should-update-Firearms-item-webkit/test-failed-1.png
    ────────────────────────────────────────────────────────────────────────────────────────────────

    attachment #2: video (video/webm) ──────────────────────────────────────────────────────────────
    ../../test-results/e2e-comprehensive-crud-all-c0418-should-update-Firearms-item-webkit/video.webm
    ────────────────────────────────────────────────────────────────────────────────────────────────
]]>
</failure>
<system-out>
<![CDATA[
[[ATTACHMENT|e2e-comprehensive-crud-all-c0418-should-update-Firearms-item-webkit/test-failed-1.png]]

[[ATTACHMENT|e2e-comprehensive-crud-all-c0418-should-update-Firearms-item-webkit/video.webm]]
]]>
</system-out>
</testcase>
<testcase name="Comprehensive CRUD Tests - All Categories › Firearms › should delete Firearms item" classname="e2e/comprehensive-crud-all-categories.spec.ts" time="0.592">
<failure message="comprehensive-crud-all-categories.spec.ts:72:7 should delete Firearms item" type="FAILURE">
<![CDATA[  [webkit] › e2e/comprehensive-crud-all-categories.spec.ts:72:7 › Comprehensive CRUD Tests - All Categories › Firearms › should delete Firearms item 

    TypeError: page.click(...).first is not a function

      72 |       test(`should delete ${category.name} item`, async ({ page }) => {
      73 |         // Click on first item
    > 74 |         await page.click('[data-testid="item-card"]').first();
         |                                                       ^
      75 |         
      76 |         // Click delete button
      77 |         await page.click('button:has-text("Delete")');
        at /Users/ghogue/Library/CloudStorage/OneDrive-InsightfulOutcomes,LLC/IS-LTD/APPS/CaliberVaultII/src/test/e2e/comprehensive-crud-all-categories.spec.ts:74:55

    Error: page.click: Test ended.
    Call log:
      - waiting for locator('[data-testid="item-card"]')


      72 |       test(`should delete ${category.name} item`, async ({ page }) => {
      73 |         // Click on first item
    > 74 |         await page.click('[data-testid="item-card"]').first();
         |                    ^
      75 |         
      76 |         // Click delete button
      77 |         await page.click('button:has-text("Delete")');
        at /Users/ghogue/Library/CloudStorage/OneDrive-InsightfulOutcomes,LLC/IS-LTD/APPS/CaliberVaultII/src/test/e2e/comprehensive-crud-all-categories.spec.ts:74:20

    attachment #1: screenshot (image/png) ──────────────────────────────────────────────────────────
    ../../test-results/e2e-comprehensive-crud-all-4449d-should-delete-Firearms-item-webkit/test-failed-1.png
    ────────────────────────────────────────────────────────────────────────────────────────────────

    attachment #2: video (video/webm) ──────────────────────────────────────────────────────────────
    ../../test-results/e2e-comprehensive-crud-all-4449d-should-delete-Firearms-item-webkit/video.webm
    ────────────────────────────────────────────────────────────────────────────────────────────────
]]>
</failure>
<system-out>
<![CDATA[
[[ATTACHMENT|e2e-comprehensive-crud-all-4449d-should-delete-Firearms-item-webkit/test-failed-1.png]]

[[ATTACHMENT|e2e-comprehensive-crud-all-4449d-should-delete-Firearms-item-webkit/video.webm]]
]]>
</system-out>
</testcase>
<testcase name="Comprehensive CRUD Tests - All Categories › Ammunition › should create Ammunition item" classname="e2e/comprehensive-crud-all-categories.spec.ts" time="30.07">
<failure message="comprehensive-crud-all-categories.spec.ts:24:7 should create Ammunition item" type="FAILURE">
<![CDATA[  [webkit] › e2e/comprehensive-crud-all-categories.spec.ts:24:7 › Comprehensive CRUD Tests - All Categories › Ammunition › should create Ammunition item 

    Test timeout of 30000ms exceeded.

    Error: page.click: Test timeout of 30000ms exceeded.
    Call log:
      - waiting for locator('button:has-text("Add Item")')


      24 |       test(`should create ${category.name} item`, async ({ page }) => {
      25 |         // Click Add Item button
    > 26 |         await page.click('button:has-text("Add Item")');
         |                    ^
      27 |         
      28 |         // Select category
      29 |         await page.click(`text=${category.name}`);
        at /Users/ghogue/Library/CloudStorage/OneDrive-InsightfulOutcomes,LLC/IS-LTD/APPS/CaliberVaultII/src/test/e2e/comprehensive-crud-all-categories.spec.ts:26:20

    attachment #1: screenshot (image/png) ──────────────────────────────────────────────────────────
    ../../test-results/e2e-comprehensive-crud-all-57a4a-ould-create-Ammunition-item-webkit/test-failed-1.png
    ────────────────────────────────────────────────────────────────────────────────────────────────

    attachment #2: video (video/webm) ──────────────────────────────────────────────────────────────
    ../../test-results/e2e-comprehensive-crud-all-57a4a-ould-create-Ammunition-item-webkit/video.webm
    ────────────────────────────────────────────────────────────────────────────────────────────────
]]>
</failure>
<system-out>
<![CDATA[
[[ATTACHMENT|e2e-comprehensive-crud-all-57a4a-ould-create-Ammunition-item-webkit/test-failed-1.png]]

[[ATTACHMENT|e2e-comprehensive-crud-all-57a4a-ould-create-Ammunition-item-webkit/video.webm]]
]]>
</system-out>
</testcase>
<testcase name="Comprehensive CRUD Tests - All Categories › Ammunition › should read Ammunition item" classname="e2e/comprehensive-crud-all-categories.spec.ts" time="30.06">
<failure message="comprehensive-crud-all-categories.spec.ts:44:7 should read Ammunition item" type="FAILURE">
<![CDATA[  [webkit] › e2e/comprehensive-crud-all-categories.spec.ts:44:7 › Comprehensive CRUD Tests - All Categories › Ammunition › should read Ammunition item 

    Test timeout of 30000ms exceeded.

    Error: page.click: Test timeout of 30000ms exceeded.
    Call log:
      - waiting for locator('button:has-text("Filter")')


      44 |       test(`should read ${category.name} item`, async ({ page }) => {
      45 |         // Filter by category
    > 46 |         await page.click('button:has-text("Filter")');
         |                    ^
      47 |         await page.click(`text=${category.name}`);
      48 |         
      49 |         // Verify items are displayed
        at /Users/ghogue/Library/CloudStorage/OneDrive-InsightfulOutcomes,LLC/IS-LTD/APPS/CaliberVaultII/src/test/e2e/comprehensive-crud-all-categories.spec.ts:46:20

    attachment #1: screenshot (image/png) ──────────────────────────────────────────────────────────
    ../../test-results/e2e-comprehensive-crud-all-09f37-should-read-Ammunition-item-webkit/test-failed-1.png
    ────────────────────────────────────────────────────────────────────────────────────────────────

    attachment #2: video (video/webm) ──────────────────────────────────────────────────────────────
    ../../test-results/e2e-comprehensive-crud-all-09f37-should-read-Ammunition-item-webkit/video.webm
    ────────────────────────────────────────────────────────────────────────────────────────────────
]]>
</failure>
<system-out>
<![CDATA[
[[ATTACHMENT|e2e-comprehensive-crud-all-09f37-should-read-Ammunition-item-webkit/test-failed-1.png]]

[[ATTACHMENT|e2e-comprehensive-crud-all-09f37-should-read-Ammunition-item-webkit/video.webm]]
]]>
</system-out>
</testcase>
<testcase name="Comprehensive CRUD Tests - All Categories › Ammunition › should update Ammunition item" classname="e2e/comprehensive-crud-all-categories.spec.ts" time="0.568">
<failure message="comprehensive-crud-all-categories.spec.ts:53:7 should update Ammunition item" type="FAILURE">
<![CDATA[  [webkit] › e2e/comprehensive-crud-all-categories.spec.ts:53:7 › Comprehensive CRUD Tests - All Categories › Ammunition › should update Ammunition item 

    TypeError: page.click(...).first is not a function

      53 |       test(`should update ${category.name} item`, async ({ page }) => {
      54 |         // Click on first item
    > 55 |         await page.click('[data-testid="item-card"]').first();
         |                                                       ^
      56 |         
      57 |         // Click edit button
      58 |         await page.click('button:has-text("Edit")');
        at /Users/ghogue/Library/CloudStorage/OneDrive-InsightfulOutcomes,LLC/IS-LTD/APPS/CaliberVaultII/src/test/e2e/comprehensive-crud-all-categories.spec.ts:55:55

    Error: page.click: Test ended.
    Call log:
      - waiting for locator('[data-testid="item-card"]')


      53 |       test(`should update ${category.name} item`, async ({ page }) => {
      54 |         // Click on first item
    > 55 |         await page.click('[data-testid="item-card"]').first();
         |                    ^
      56 |         
      57 |         // Click edit button
      58 |         await page.click('button:has-text("Edit")');
        at /Users/ghogue/Library/CloudStorage/OneDrive-InsightfulOutcomes,LLC/IS-LTD/APPS/CaliberVaultII/src/test/e2e/comprehensive-crud-all-categories.spec.ts:55:20

    attachment #1: screenshot (image/png) ──────────────────────────────────────────────────────────
    ../../test-results/e2e-comprehensive-crud-all-0b99f-ould-update-Ammunition-item-webkit/test-failed-1.png
    ────────────────────────────────────────────────────────────────────────────────────────────────

    attachment #2: video (video/webm) ──────────────────────────────────────────────────────────────
    ../../test-results/e2e-comprehensive-crud-all-0b99f-ould-update-Ammunition-item-webkit/video.webm
    ────────────────────────────────────────────────────────────────────────────────────────────────
]]>
</failure>
<system-out>
<![CDATA[
[[ATTACHMENT|e2e-comprehensive-crud-all-0b99f-ould-update-Ammunition-item-webkit/test-failed-1.png]]

[[ATTACHMENT|e2e-comprehensive-crud-all-0b99f-ould-update-Ammunition-item-webkit/video.webm]]
]]>
</system-out>
</testcase>
<testcase name="Comprehensive CRUD Tests - All Categories › Ammunition › should delete Ammunition item" classname="e2e/comprehensive-crud-all-categories.spec.ts" time="0.512">
<failure message="comprehensive-crud-all-categories.spec.ts:72:7 should delete Ammunition item" type="FAILURE">
<![CDATA[  [webkit] › e2e/comprehensive-crud-all-categories.spec.ts:72:7 › Comprehensive CRUD Tests - All Categories › Ammunition › should delete Ammunition item 

    TypeError: page.click(...).first is not a function

      72 |       test(`should delete ${category.name} item`, async ({ page }) => {
      73 |         // Click on first item
    > 74 |         await page.click('[data-testid="item-card"]').first();
         |                                                       ^
      75 |         
      76 |         // Click delete button
      77 |         await page.click('button:has-text("Delete")');
        at /Users/ghogue/Library/CloudStorage/OneDrive-InsightfulOutcomes,LLC/IS-LTD/APPS/CaliberVaultII/src/test/e2e/comprehensive-crud-all-categories.spec.ts:74:55

    Error: page.click: Test ended.
    Call log:
      - waiting for locator('[data-testid="item-card"]')


      72 |       test(`should delete ${category.name} item`, async ({ page }) => {
      73 |         // Click on first item
    > 74 |         await page.click('[data-testid="item-card"]').first();
         |                    ^
      75 |         
      76 |         // Click delete button
      77 |         await page.click('button:has-text("Delete")');
        at /Users/ghogue/Library/CloudStorage/OneDrive-InsightfulOutcomes,LLC/IS-LTD/APPS/CaliberVaultII/src/test/e2e/comprehensive-crud-all-categories.spec.ts:74:20

    attachment #1: screenshot (image/png) ──────────────────────────────────────────────────────────
    ../../test-results/e2e-comprehensive-crud-all-16a84-ould-delete-Ammunition-item-webkit/test-failed-1.png
    ────────────────────────────────────────────────────────────────────────────────────────────────

    attachment #2: video (video/webm) ──────────────────────────────────────────────────────────────
    ../../test-results/e2e-comprehensive-crud-all-16a84-ould-delete-Ammunition-item-webkit/video.webm
    ────────────────────────────────────────────────────────────────────────────────────────────────
]]>
</failure>
<system-out>
<![CDATA[
[[ATTACHMENT|e2e-comprehensive-crud-all-16a84-ould-delete-Ammunition-item-webkit/test-failed-1.png]]

[[ATTACHMENT|e2e-comprehensive-crud-all-16a84-ould-delete-Ammunition-item-webkit/video.webm]]
]]>
</system-out>
</testcase>
<testcase name="Comprehensive CRUD Tests - All Categories › Optics › should create Optics item" classname="e2e/comprehensive-crud-all-categories.spec.ts" time="30.073">
<failure message="comprehensive-crud-all-categories.spec.ts:24:7 should create Optics item" type="FAILURE">
<![CDATA[  [webkit] › e2e/comprehensive-crud-all-categories.spec.ts:24:7 › Comprehensive CRUD Tests - All Categories › Optics › should create Optics item 

    Test timeout of 30000ms exceeded.

    Error: page.click: Test timeout of 30000ms exceeded.
    Call log:
      - waiting for locator('button:has-text("Add Item")')


      24 |       test(`should create ${category.name} item`, async ({ page }) => {
      25 |         // Click Add Item button
    > 26 |         await page.click('button:has-text("Add Item")');
         |                    ^
      27 |         
      28 |         // Select category
      29 |         await page.click(`text=${category.name}`);
        at /Users/ghogue/Library/CloudStorage/OneDrive-InsightfulOutcomes,LLC/IS-LTD/APPS/CaliberVaultII/src/test/e2e/comprehensive-crud-all-categories.spec.ts:26:20

    attachment #1: screenshot (image/png) ──────────────────────────────────────────────────────────
    ../../test-results/e2e-comprehensive-crud-all-04dce-s-should-create-Optics-item-webkit/test-failed-1.png
    ────────────────────────────────────────────────────────────────────────────────────────────────

    attachment #2: video (video/webm) ──────────────────────────────────────────────────────────────
    ../../test-results/e2e-comprehensive-crud-all-04dce-s-should-create-Optics-item-webkit/video.webm
    ────────────────────────────────────────────────────────────────────────────────────────────────
]]>
</failure>
<system-out>
<![CDATA[
[[ATTACHMENT|e2e-comprehensive-crud-all-04dce-s-should-create-Optics-item-webkit/test-failed-1.png]]

[[ATTACHMENT|e2e-comprehensive-crud-all-04dce-s-should-create-Optics-item-webkit/video.webm]]
]]>
</system-out>
</testcase>
<testcase name="Comprehensive CRUD Tests - All Categories › Optics › should read Optics item" classname="e2e/comprehensive-crud-all-categories.spec.ts" time="30.101">
<failure message="comprehensive-crud-all-categories.spec.ts:44:7 should read Optics item" type="FAILURE">
<![CDATA[  [webkit] › e2e/comprehensive-crud-all-categories.spec.ts:44:7 › Comprehensive CRUD Tests - All Categories › Optics › should read Optics item 

    Test timeout of 30000ms exceeded.

    Error: page.click: Test timeout of 30000ms exceeded.
    Call log:
      - waiting for locator('button:has-text("Filter")')


      44 |       test(`should read ${category.name} item`, async ({ page }) => {
      45 |         // Filter by category
    > 46 |         await page.click('button:has-text("Filter")');
         |                    ^
      47 |         await page.click(`text=${category.name}`);
      48 |         
      49 |         // Verify items are displayed
        at /Users/ghogue/Library/CloudStorage/OneDrive-InsightfulOutcomes,LLC/IS-LTD/APPS/CaliberVaultII/src/test/e2e/comprehensive-crud-all-categories.spec.ts:46:20

    attachment #1: screenshot (image/png) ──────────────────────────────────────────────────────────
    ../../test-results/e2e-comprehensive-crud-all-c4d05-ics-should-read-Optics-item-webkit/test-failed-1.png
    ────────────────────────────────────────────────────────────────────────────────────────────────

    attachment #2: video (video/webm) ──────────────────────────────────────────────────────────────
    ../../test-results/e2e-comprehensive-crud-all-c4d05-ics-should-read-Optics-item-webkit/video.webm
    ────────────────────────────────────────────────────────────────────────────────────────────────
]]>
</failure>
<system-out>
<![CDATA[
[[ATTACHMENT|e2e-comprehensive-crud-all-c4d05-ics-should-read-Optics-item-webkit/test-failed-1.png]]

[[ATTACHMENT|e2e-comprehensive-crud-all-c4d05-ics-should-read-Optics-item-webkit/video.webm]]
]]>
</system-out>
</testcase>
<testcase name="Comprehensive CRUD Tests - All Categories › Optics › should update Optics item" classname="e2e/comprehensive-crud-all-categories.spec.ts" time="0.563">
<failure message="comprehensive-crud-all-categories.spec.ts:53:7 should update Optics item" type="FAILURE">
<![CDATA[  [webkit] › e2e/comprehensive-crud-all-categories.spec.ts:53:7 › Comprehensive CRUD Tests - All Categories › Optics › should update Optics item 

    TypeError: page.click(...).first is not a function

      53 |       test(`should update ${category.name} item`, async ({ page }) => {
      54 |         // Click on first item
    > 55 |         await page.click('[data-testid="item-card"]').first();
         |                                                       ^
      56 |         
      57 |         // Click edit button
      58 |         await page.click('button:has-text("Edit")');
        at /Users/ghogue/Library/CloudStorage/OneDrive-InsightfulOutcomes,LLC/IS-LTD/APPS/CaliberVaultII/src/test/e2e/comprehensive-crud-all-categories.spec.ts:55:55

    Error: page.click: Test ended.
    Call log:
      - waiting for locator('[data-testid="item-card"]')


      53 |       test(`should update ${category.name} item`, async ({ page }) => {
      54 |         // Click on first item
    > 55 |         await page.click('[data-testid="item-card"]').first();
         |                    ^
      56 |         
      57 |         // Click edit button
      58 |         await page.click('button:has-text("Edit")');
        at /Users/ghogue/Library/CloudStorage/OneDrive-InsightfulOutcomes,LLC/IS-LTD/APPS/CaliberVaultII/src/test/e2e/comprehensive-crud-all-categories.spec.ts:55:20

    attachment #1: screenshot (image/png) ──────────────────────────────────────────────────────────
    ../../test-results/e2e-comprehensive-crud-all-23546-s-should-update-Optics-item-webkit/test-failed-1.png
    ────────────────────────────────────────────────────────────────────────────────────────────────
]]>
</failure>
<system-out>
<![CDATA[
[[ATTACHMENT|e2e-comprehensive-crud-all-23546-s-should-update-Optics-item-webkit/test-failed-1.png]]
]]>
</system-out>
</testcase>
<testcase name="Comprehensive CRUD Tests - All Categories › Optics › should delete Optics item" classname="e2e/comprehensive-crud-all-categories.spec.ts" time="0.516">
<failure message="comprehensive-crud-all-categories.spec.ts:72:7 should delete Optics item" type="FAILURE">
<![CDATA[  [webkit] › e2e/comprehensive-crud-all-categories.spec.ts:72:7 › Comprehensive CRUD Tests - All Categories › Optics › should delete Optics item 

    TypeError: page.click(...).first is not a function

      72 |       test(`should delete ${category.name} item`, async ({ page }) => {
      73 |         // Click on first item
    > 74 |         await page.click('[data-testid="item-card"]').first();
         |                                                       ^
      75 |         
      76 |         // Click delete button
      77 |         await page.click('button:has-text("Delete")');
        at /Users/ghogue/Library/CloudStorage/OneDrive-InsightfulOutcomes,LLC/IS-LTD/APPS/CaliberVaultII/src/test/e2e/comprehensive-crud-all-categories.spec.ts:74:55

    Error: page.click: Test ended.
    Call log:
      - waiting for locator('[data-testid="item-card"]')


      72 |       test(`should delete ${category.name} item`, async ({ page }) => {
      73 |         // Click on first item
    > 74 |         await page.click('[data-testid="item-card"]').first();
         |                    ^
      75 |         
      76 |         // Click delete button
      77 |         await page.click('button:has-text("Delete")');
        at /Users/ghogue/Library/CloudStorage/OneDrive-InsightfulOutcomes,LLC/IS-LTD/APPS/CaliberVaultII/src/test/e2e/comprehensive-crud-all-categories.spec.ts:74:20

    attachment #1: screenshot (image/png) ──────────────────────────────────────────────────────────
    ../../test-results/e2e-comprehensive-crud-all-acf36-s-should-delete-Optics-item-webkit/test-failed-1.png
    ────────────────────────────────────────────────────────────────────────────────────────────────
]]>
</failure>
<system-out>
<![CDATA[
[[ATTACHMENT|e2e-comprehensive-crud-all-acf36-s-should-delete-Optics-item-webkit/test-failed-1.png]]
]]>
</system-out>
</testcase>
<testcase name="Comprehensive CRUD Tests - All Categories › Magazines › should create Magazines item" classname="e2e/comprehensive-crud-all-categories.spec.ts" time="30.067">
<failure message="comprehensive-crud-all-categories.spec.ts:24:7 should create Magazines item" type="FAILURE">
<![CDATA[  [webkit] › e2e/comprehensive-crud-all-categories.spec.ts:24:7 › Comprehensive CRUD Tests - All Categories › Magazines › should create Magazines item 

    Test timeout of 30000ms exceeded.

    Error: page.click: Test timeout of 30000ms exceeded.
    Call log:
      - waiting for locator('button:has-text("Add Item")')


      24 |       test(`should create ${category.name} item`, async ({ page }) => {
      25 |         // Click Add Item button
    > 26 |         await page.click('button:has-text("Add Item")');
         |                    ^
      27 |         
      28 |         // Select category
      29 |         await page.click(`text=${category.name}`);
        at /Users/ghogue/Library/CloudStorage/OneDrive-InsightfulOutcomes,LLC/IS-LTD/APPS/CaliberVaultII/src/test/e2e/comprehensive-crud-all-categories.spec.ts:26:20

    attachment #1: screenshot (image/png) ──────────────────────────────────────────────────────────
    ../../test-results/e2e-comprehensive-crud-all-11669-hould-create-Magazines-item-webkit/test-failed-1.png
    ────────────────────────────────────────────────────────────────────────────────────────────────

    attachment #2: video (video/webm) ──────────────────────────────────────────────────────────────
    ../../test-results/e2e-comprehensive-crud-all-11669-hould-create-Magazines-item-webkit/video.webm
    ────────────────────────────────────────────────────────────────────────────────────────────────
]]>
</failure>
<system-out>
<![CDATA[
[[ATTACHMENT|e2e-comprehensive-crud-all-11669-hould-create-Magazines-item-webkit/test-failed-1.png]]

[[ATTACHMENT|e2e-comprehensive-crud-all-11669-hould-create-Magazines-item-webkit/video.webm]]
]]>
</system-out>
</testcase>
<testcase name="Comprehensive CRUD Tests - All Categories › Magazines › should read Magazines item" classname="e2e/comprehensive-crud-all-categories.spec.ts" time="30.082">
<failure message="comprehensive-crud-all-categories.spec.ts:44:7 should read Magazines item" type="FAILURE">
<![CDATA[  [webkit] › e2e/comprehensive-crud-all-categories.spec.ts:44:7 › Comprehensive CRUD Tests - All Categories › Magazines › should read Magazines item 

    Test timeout of 30000ms exceeded.

    Error: page.click: Test timeout of 30000ms exceeded.
    Call log:
      - waiting for locator('button:has-text("Filter")')


      44 |       test(`should read ${category.name} item`, async ({ page }) => {
      45 |         // Filter by category
    > 46 |         await page.click('button:has-text("Filter")');
         |                    ^
      47 |         await page.click(`text=${category.name}`);
      48 |         
      49 |         // Verify items are displayed
        at /Users/ghogue/Library/CloudStorage/OneDrive-InsightfulOutcomes,LLC/IS-LTD/APPS/CaliberVaultII/src/test/e2e/comprehensive-crud-all-categories.spec.ts:46:20

    attachment #1: screenshot (image/png) ──────────────────────────────────────────────────────────
    ../../test-results/e2e-comprehensive-crud-all-2b1c4--should-read-Magazines-item-webkit/test-failed-1.png
    ────────────────────────────────────────────────────────────────────────────────────────────────

    attachment #2: video (video/webm) ──────────────────────────────────────────────────────────────
    ../../test-results/e2e-comprehensive-crud-all-2b1c4--should-read-Magazines-item-webkit/video.webm
    ────────────────────────────────────────────────────────────────────────────────────────────────
]]>
</failure>
<system-out>
<![CDATA[
[[ATTACHMENT|e2e-comprehensive-crud-all-2b1c4--should-read-Magazines-item-webkit/test-failed-1.png]]

[[ATTACHMENT|e2e-comprehensive-crud-all-2b1c4--should-read-Magazines-item-webkit/video.webm]]
]]>
</system-out>
</testcase>
<testcase name="Comprehensive CRUD Tests - All Categories › Magazines › should update Magazines item" classname="e2e/comprehensive-crud-all-categories.spec.ts" time="0.523">
<failure message="comprehensive-crud-all-categories.spec.ts:53:7 should update Magazines item" type="FAILURE">
<![CDATA[  [webkit] › e2e/comprehensive-crud-all-categories.spec.ts:53:7 › Comprehensive CRUD Tests - All Categories › Magazines › should update Magazines item 

    TypeError: page.click(...).first is not a function

      53 |       test(`should update ${category.name} item`, async ({ page }) => {
      54 |         // Click on first item
    > 55 |         await page.click('[data-testid="item-card"]').first();
         |                                                       ^
      56 |         
      57 |         // Click edit button
      58 |         await page.click('button:has-text("Edit")');
        at /Users/ghogue/Library/CloudStorage/OneDrive-InsightfulOutcomes,LLC/IS-LTD/APPS/CaliberVaultII/src/test/e2e/comprehensive-crud-all-categories.spec.ts:55:55

    Error: page.click: Test ended.
    Call log:
      - waiting for locator('[data-testid="item-card"]')


      53 |       test(`should update ${category.name} item`, async ({ page }) => {
      54 |         // Click on first item
    > 55 |         await page.click('[data-testid="item-card"]').first();
         |                    ^
      56 |         
      57 |         // Click edit button
      58 |         await page.click('button:has-text("Edit")');
        at /Users/ghogue/Library/CloudStorage/OneDrive-InsightfulOutcomes,LLC/IS-LTD/APPS/CaliberVaultII/src/test/e2e/comprehensive-crud-all-categories.spec.ts:55:20

    attachment #1: screenshot (image/png) ──────────────────────────────────────────────────────────
    ../../test-results/e2e-comprehensive-crud-all-fb515-hould-update-Magazines-item-webkit/test-failed-1.png
    ────────────────────────────────────────────────────────────────────────────────────────────────
]]>
</failure>
<system-out>
<![CDATA[
[[ATTACHMENT|e2e-comprehensive-crud-all-fb515-hould-update-Magazines-item-webkit/test-failed-1.png]]
]]>
</system-out>
</testcase>
<testcase name="Comprehensive CRUD Tests - All Categories › Magazines › should delete Magazines item" classname="e2e/comprehensive-crud-all-categories.spec.ts" time="0.522">
<failure message="comprehensive-crud-all-categories.spec.ts:72:7 should delete Magazines item" type="FAILURE">
<![CDATA[  [webkit] › e2e/comprehensive-crud-all-categories.spec.ts:72:7 › Comprehensive CRUD Tests - All Categories › Magazines › should delete Magazines item 

    TypeError: page.click(...).first is not a function

      72 |       test(`should delete ${category.name} item`, async ({ page }) => {
      73 |         // Click on first item
    > 74 |         await page.click('[data-testid="item-card"]').first();
         |                                                       ^
      75 |         
      76 |         // Click delete button
      77 |         await page.click('button:has-text("Delete")');
        at /Users/ghogue/Library/CloudStorage/OneDrive-InsightfulOutcomes,LLC/IS-LTD/APPS/CaliberVaultII/src/test/e2e/comprehensive-crud-all-categories.spec.ts:74:55

    Error: page.click: Test ended.
    Call log:
      - waiting for locator('[data-testid="item-card"]')


      72 |       test(`should delete ${category.name} item`, async ({ page }) => {
      73 |         // Click on first item
    > 74 |         await page.click('[data-testid="item-card"]').first();
         |                    ^
      75 |         
      76 |         // Click delete button
      77 |         await page.click('button:has-text("Delete")');
        at /Users/ghogue/Library/CloudStorage/OneDrive-InsightfulOutcomes,LLC/IS-LTD/APPS/CaliberVaultII/src/test/e2e/comprehensive-crud-all-categories.spec.ts:74:20

    attachment #1: screenshot (image/png) ──────────────────────────────────────────────────────────
    ../../test-results/e2e-comprehensive-crud-all-71bbd-hould-delete-Magazines-item-webkit/test-failed-1.png
    ────────────────────────────────────────────────────────────────────────────────────────────────

    attachment #2: video (video/webm) ──────────────────────────────────────────────────────────────
    ../../test-results/e2e-comprehensive-crud-all-71bbd-hould-delete-Magazines-item-webkit/video.webm
    ────────────────────────────────────────────────────────────────────────────────────────────────
]]>
</failure>
<system-out>
<![CDATA[
[[ATTACHMENT|e2e-comprehensive-crud-all-71bbd-hould-delete-Magazines-item-webkit/test-failed-1.png]]

[[ATTACHMENT|e2e-comprehensive-crud-all-71bbd-hould-delete-Magazines-item-webkit/video.webm]]
]]>
</system-out>
</testcase>
<testcase name="Comprehensive CRUD Tests - All Categories › Accessories › should create Accessories item" classname="e2e/comprehensive-crud-all-categories.spec.ts" time="30.086">
<failure message="comprehensive-crud-all-categories.spec.ts:24:7 should create Accessories item" type="FAILURE">
<![CDATA[  [webkit] › e2e/comprehensive-crud-all-categories.spec.ts:24:7 › Comprehensive CRUD Tests - All Categories › Accessories › should create Accessories item 

    Test timeout of 30000ms exceeded.

    Error: page.click: Test timeout of 30000ms exceeded.
    Call log:
      - waiting for locator('button:has-text("Add Item")')


      24 |       test(`should create ${category.name} item`, async ({ page }) => {
      25 |         // Click Add Item button
    > 26 |         await page.click('button:has-text("Add Item")');
         |                    ^
      27 |         
      28 |         // Select category
      29 |         await page.click(`text=${category.name}`);
        at /Users/ghogue/Library/CloudStorage/OneDrive-InsightfulOutcomes,LLC/IS-LTD/APPS/CaliberVaultII/src/test/e2e/comprehensive-crud-all-categories.spec.ts:26:20

    attachment #1: screenshot (image/png) ──────────────────────────────────────────────────────────
    ../../test-results/e2e-comprehensive-crud-all-598d0-uld-create-Accessories-item-webkit/test-failed-1.png
    ────────────────────────────────────────────────────────────────────────────────────────────────

    attachment #2: video (video/webm) ──────────────────────────────────────────────────────────────
    ../../test-results/e2e-comprehensive-crud-all-598d0-uld-create-Accessories-item-webkit/video.webm
    ────────────────────────────────────────────────────────────────────────────────────────────────
]]>
</failure>
<system-out>
<![CDATA[
[[ATTACHMENT|e2e-comprehensive-crud-all-598d0-uld-create-Accessories-item-webkit/test-failed-1.png]]

[[ATTACHMENT|e2e-comprehensive-crud-all-598d0-uld-create-Accessories-item-webkit/video.webm]]
]]>
</system-out>
</testcase>
<testcase name="Comprehensive CRUD Tests - All Categories › Accessories › should read Accessories item" classname="e2e/comprehensive-crud-all-categories.spec.ts" time="30.08">
<failure message="comprehensive-crud-all-categories.spec.ts:44:7 should read Accessories item" type="FAILURE">
<![CDATA[  [webkit] › e2e/comprehensive-crud-all-categories.spec.ts:44:7 › Comprehensive CRUD Tests - All Categories › Accessories › should read Accessories item 

    Test timeout of 30000ms exceeded.

    Error: page.click: Test timeout of 30000ms exceeded.
    Call log:
      - waiting for locator('button:has-text("Filter")')


      44 |       test(`should read ${category.name} item`, async ({ page }) => {
      45 |         // Filter by category
    > 46 |         await page.click('button:has-text("Filter")');
         |                    ^
      47 |         await page.click(`text=${category.name}`);
      48 |         
      49 |         // Verify items are displayed
        at /Users/ghogue/Library/CloudStorage/OneDrive-InsightfulOutcomes,LLC/IS-LTD/APPS/CaliberVaultII/src/test/e2e/comprehensive-crud-all-categories.spec.ts:46:20

    attachment #1: screenshot (image/png) ──────────────────────────────────────────────────────────
    ../../test-results/e2e-comprehensive-crud-all-67c34-hould-read-Accessories-item-webkit/test-failed-1.png
    ────────────────────────────────────────────────────────────────────────────────────────────────

    attachment #2: video (video/webm) ──────────────────────────────────────────────────────────────
    ../../test-results/e2e-comprehensive-crud-all-67c34-hould-read-Accessories-item-webkit/video.webm
    ────────────────────────────────────────────────────────────────────────────────────────────────
]]>
</failure>
<system-out>
<![CDATA[
[[ATTACHMENT|e2e-comprehensive-crud-all-67c34-hould-read-Accessories-item-webkit/test-failed-1.png]]

[[ATTACHMENT|e2e-comprehensive-crud-all-67c34-hould-read-Accessories-item-webkit/video.webm]]
]]>
</system-out>
</testcase>
<testcase name="Comprehensive CRUD Tests - All Categories › Accessories › should update Accessories item" classname="e2e/comprehensive-crud-all-categories.spec.ts" time="0.589">
<failure message="comprehensive-crud-all-categories.spec.ts:53:7 should update Accessories item" type="FAILURE">
<![CDATA[  [webkit] › e2e/comprehensive-crud-all-categories.spec.ts:53:7 › Comprehensive CRUD Tests - All Categories › Accessories › should update Accessories item 

    TypeError: page.click(...).first is not a function

      53 |       test(`should update ${category.name} item`, async ({ page }) => {
      54 |         // Click on first item
    > 55 |         await page.click('[data-testid="item-card"]').first();
         |                                                       ^
      56 |         
      57 |         // Click edit button
      58 |         await page.click('button:has-text("Edit")');
        at /Users/ghogue/Library/CloudStorage/OneDrive-InsightfulOutcomes,LLC/IS-LTD/APPS/CaliberVaultII/src/test/e2e/comprehensive-crud-all-categories.spec.ts:55:55

    Error: page.click: Test ended.
    Call log:
      - waiting for locator('[data-testid="item-card"]')


      53 |       test(`should update ${category.name} item`, async ({ page }) => {
      54 |         // Click on first item
    > 55 |         await page.click('[data-testid="item-card"]').first();
         |                    ^
      56 |         
      57 |         // Click edit button
      58 |         await page.click('button:has-text("Edit")');
        at /Users/ghogue/Library/CloudStorage/OneDrive-InsightfulOutcomes,LLC/IS-LTD/APPS/CaliberVaultII/src/test/e2e/comprehensive-crud-all-categories.spec.ts:55:20

    attachment #1: screenshot (image/png) ──────────────────────────────────────────────────────────
    ../../test-results/e2e-comprehensive-crud-all-18004-uld-update-Accessories-item-webkit/test-failed-1.png
    ────────────────────────────────────────────────────────────────────────────────────────────────
]]>
</failure>
<system-out>
<![CDATA[
[[ATTACHMENT|e2e-comprehensive-crud-all-18004-uld-update-Accessories-item-webkit/test-failed-1.png]]
]]>
</system-out>
</testcase>
<testcase name="Comprehensive CRUD Tests - All Categories › Accessories › should delete Accessories item" classname="e2e/comprehensive-crud-all-categories.spec.ts" time="0.595">
<failure message="comprehensive-crud-all-categories.spec.ts:72:7 should delete Accessories item" type="FAILURE">
<![CDATA[  [webkit] › e2e/comprehensive-crud-all-categories.spec.ts:72:7 › Comprehensive CRUD Tests - All Categories › Accessories › should delete Accessories item 

    TypeError: page.click(...).first is not a function

      72 |       test(`should delete ${category.name} item`, async ({ page }) => {
      73 |         // Click on first item
    > 74 |         await page.click('[data-testid="item-card"]').first();
         |                                                       ^
      75 |         
      76 |         // Click delete button
      77 |         await page.click('button:has-text("Delete")');
        at /Users/ghogue/Library/CloudStorage/OneDrive-InsightfulOutcomes,LLC/IS-LTD/APPS/CaliberVaultII/src/test/e2e/comprehensive-crud-all-categories.spec.ts:74:55

    Error: page.click: Test ended.
    Call log:
      - waiting for locator('[data-testid="item-card"]')


      72 |       test(`should delete ${category.name} item`, async ({ page }) => {
      73 |         // Click on first item
    > 74 |         await page.click('[data-testid="item-card"]').first();
         |                    ^
      75 |         
      76 |         // Click delete button
      77 |         await page.click('button:has-text("Delete")');
        at /Users/ghogue/Library/CloudStorage/OneDrive-InsightfulOutcomes,LLC/IS-LTD/APPS/CaliberVaultII/src/test/e2e/comprehensive-crud-all-categories.spec.ts:74:20

    attachment #1: screenshot (image/png) ──────────────────────────────────────────────────────────
    ../../test-results/e2e-comprehensive-crud-all-bd5d8-uld-delete-Accessories-item-webkit/test-failed-1.png
    ────────────────────────────────────────────────────────────────────────────────────────────────

    attachment #2: video (video/webm) ──────────────────────────────────────────────────────────────
    ../../test-results/e2e-comprehensive-crud-all-bd5d8-uld-delete-Accessories-item-webkit/video.webm
    ────────────────────────────────────────────────────────────────────────────────────────────────
]]>
</failure>
<system-out>
<![CDATA[
[[ATTACHMENT|e2e-comprehensive-crud-all-bd5d8-uld-delete-Accessories-item-webkit/test-failed-1.png]]

[[ATTACHMENT|e2e-comprehensive-crud-all-bd5d8-uld-delete-Accessories-item-webkit/video.webm]]
]]>
</system-out>
</testcase>
<testcase name="Comprehensive CRUD Tests - All Categories › Suppressors › should create Suppressors item" classname="e2e/comprehensive-crud-all-categories.spec.ts" time="30.073">
<failure message="comprehensive-crud-all-categories.spec.ts:24:7 should create Suppressors item" type="FAILURE">
<![CDATA[  [webkit] › e2e/comprehensive-crud-all-categories.spec.ts:24:7 › Comprehensive CRUD Tests - All Categories › Suppressors › should create Suppressors item 

    Test timeout of 30000ms exceeded.

    Error: page.click: Test timeout of 30000ms exceeded.
    Call log:
      - waiting for locator('button:has-text("Add Item")')


      24 |       test(`should create ${category.name} item`, async ({ page }) => {
      25 |         // Click Add Item button
    > 26 |         await page.click('button:has-text("Add Item")');
         |                    ^
      27 |         
      28 |         // Select category
      29 |         await page.click(`text=${category.name}`);
        at /Users/ghogue/Library/CloudStorage/OneDrive-InsightfulOutcomes,LLC/IS-LTD/APPS/CaliberVaultII/src/test/e2e/comprehensive-crud-all-categories.spec.ts:26:20

    attachment #1: screenshot (image/png) ──────────────────────────────────────────────────────────
    ../../test-results/e2e-comprehensive-crud-all-3e084-uld-create-Suppressors-item-webkit/test-failed-1.png
    ────────────────────────────────────────────────────────────────────────────────────────────────

    attachment #2: video (video/webm) ──────────────────────────────────────────────────────────────
    ../../test-results/e2e-comprehensive-crud-all-3e084-uld-create-Suppressors-item-webkit/video.webm
    ────────────────────────────────────────────────────────────────────────────────────────────────
]]>
</failure>
<system-out>
<![CDATA[
[[ATTACHMENT|e2e-comprehensive-crud-all-3e084-uld-create-Suppressors-item-webkit/test-failed-1.png]]

[[ATTACHMENT|e2e-comprehensive-crud-all-3e084-uld-create-Suppressors-item-webkit/video.webm]]
]]>
</system-out>
</testcase>
<testcase name="Comprehensive CRUD Tests - All Categories › Suppressors › should read Suppressors item" classname="e2e/comprehensive-crud-all-categories.spec.ts" time="30.076">
<failure message="comprehensive-crud-all-categories.spec.ts:44:7 should read Suppressors item" type="FAILURE">
<![CDATA[  [webkit] › e2e/comprehensive-crud-all-categories.spec.ts:44:7 › Comprehensive CRUD Tests - All Categories › Suppressors › should read Suppressors item 

    Test timeout of 30000ms exceeded.

    Error: page.click: Test timeout of 30000ms exceeded.
    Call log:
      - waiting for locator('button:has-text("Filter")')


      44 |       test(`should read ${category.name} item`, async ({ page }) => {
      45 |         // Filter by category
    > 46 |         await page.click('button:has-text("Filter")');
         |                    ^
      47 |         await page.click(`text=${category.name}`);
      48 |         
      49 |         // Verify items are displayed
        at /Users/ghogue/Library/CloudStorage/OneDrive-InsightfulOutcomes,LLC/IS-LTD/APPS/CaliberVaultII/src/test/e2e/comprehensive-crud-all-categories.spec.ts:46:20

    attachment #1: screenshot (image/png) ──────────────────────────────────────────────────────────
    ../../test-results/e2e-comprehensive-crud-all-4bb10-hould-read-Suppressors-item-webkit/test-failed-1.png
    ────────────────────────────────────────────────────────────────────────────────────────────────

    attachment #2: video (video/webm) ──────────────────────────────────────────────────────────────
    ../../test-results/e2e-comprehensive-crud-all-4bb10-hould-read-Suppressors-item-webkit/video.webm
    ────────────────────────────────────────────────────────────────────────────────────────────────
]]>
</failure>
<system-out>
<![CDATA[
[[ATTACHMENT|e2e-comprehensive-crud-all-4bb10-hould-read-Suppressors-item-webkit/test-failed-1.png]]

[[ATTACHMENT|e2e-comprehensive-crud-all-4bb10-hould-read-Suppressors-item-webkit/video.webm]]
]]>
</system-out>
</testcase>
<testcase name="Comprehensive CRUD Tests - All Categories › Suppressors › should update Suppressors item" classname="e2e/comprehensive-crud-all-categories.spec.ts" time="0.657">
<failure message="comprehensive-crud-all-categories.spec.ts:53:7 should update Suppressors item" type="FAILURE">
<![CDATA[  [webkit] › e2e/comprehensive-crud-all-categories.spec.ts:53:7 › Comprehensive CRUD Tests - All Categories › Suppressors › should update Suppressors item 

    TypeError: page.click(...).first is not a function

      53 |       test(`should update ${category.name} item`, async ({ page }) => {
      54 |         // Click on first item
    > 55 |         await page.click('[data-testid="item-card"]').first();
         |                                                       ^
      56 |         
      57 |         // Click edit button
      58 |         await page.click('button:has-text("Edit")');
        at /Users/ghogue/Library/CloudStorage/OneDrive-InsightfulOutcomes,LLC/IS-LTD/APPS/CaliberVaultII/src/test/e2e/comprehensive-crud-all-categories.spec.ts:55:55

    Error: page.click: Test ended.
    Call log:
      - waiting for locator('[data-testid="item-card"]')


      53 |       test(`should update ${category.name} item`, async ({ page }) => {
      54 |         // Click on first item
    > 55 |         await page.click('[data-testid="item-card"]').first();
         |                    ^
      56 |         
      57 |         // Click edit button
      58 |         await page.click('button:has-text("Edit")');
        at /Users/ghogue/Library/CloudStorage/OneDrive-InsightfulOutcomes,LLC/IS-LTD/APPS/CaliberVaultII/src/test/e2e/comprehensive-crud-all-categories.spec.ts:55:20

    attachment #1: screenshot (image/png) ──────────────────────────────────────────────────────────
    ../../test-results/e2e-comprehensive-crud-all-3735d-uld-update-Suppressors-item-webkit/test-failed-1.png
    ────────────────────────────────────────────────────────────────────────────────────────────────

    attachment #2: video (video/webm) ──────────────────────────────────────────────────────────────
    ../../test-results/e2e-comprehensive-crud-all-3735d-uld-update-Suppressors-item-webkit/video.webm
    ────────────────────────────────────────────────────────────────────────────────────────────────
]]>
</failure>
<system-out>
<![CDATA[
[[ATTACHMENT|e2e-comprehensive-crud-all-3735d-uld-update-Suppressors-item-webkit/test-failed-1.png]]

[[ATTACHMENT|e2e-comprehensive-crud-all-3735d-uld-update-Suppressors-item-webkit/video.webm]]
]]>
</system-out>
</testcase>
<testcase name="Comprehensive CRUD Tests - All Categories › Suppressors › should delete Suppressors item" classname="e2e/comprehensive-crud-all-categories.spec.ts" time="0.48">
<failure message="comprehensive-crud-all-categories.spec.ts:72:7 should delete Suppressors item" type="FAILURE">
<![CDATA[  [webkit] › e2e/comprehensive-crud-all-categories.spec.ts:72:7 › Comprehensive CRUD Tests - All Categories › Suppressors › should delete Suppressors item 

    TypeError: page.click(...).first is not a function

      72 |       test(`should delete ${category.name} item`, async ({ page }) => {
      73 |         // Click on first item
    > 74 |         await page.click('[data-testid="item-card"]').first();
         |                                                       ^
      75 |         
      76 |         // Click delete button
      77 |         await page.click('button:has-text("Delete")');
        at /Users/ghogue/Library/CloudStorage/OneDrive-InsightfulOutcomes,LLC/IS-LTD/APPS/CaliberVaultII/src/test/e2e/comprehensive-crud-all-categories.spec.ts:74:55

    Error: page.click: Test ended.
    Call log:
      - waiting for locator('[data-testid="item-card"]')


      72 |       test(`should delete ${category.name} item`, async ({ page }) => {
      73 |         // Click on first item
    > 74 |         await page.click('[data-testid="item-card"]').first();
         |                    ^
      75 |         
      76 |         // Click delete button
      77 |         await page.click('button:has-text("Delete")');
        at /Users/ghogue/Library/CloudStorage/OneDrive-InsightfulOutcomes,LLC/IS-LTD/APPS/CaliberVaultII/src/test/e2e/comprehensive-crud-all-categories.spec.ts:74:20

    attachment #1: screenshot (image/png) ──────────────────────────────────────────────────────────
    ../../test-results/e2e-comprehensive-crud-all-bf093-uld-delete-Suppressors-item-webkit/test-failed-1.png
    ────────────────────────────────────────────────────────────────────────────────────────────────
]]>
</failure>
<system-out>
<![CDATA[
[[ATTACHMENT|e2e-comprehensive-crud-all-bf093-uld-delete-Suppressors-item-webkit/test-failed-1.png]]
]]>
</system-out>
</testcase>
<testcase name="Comprehensive CRUD Tests - All Categories › Reloading Equipment › should create Reloading Equipment item" classname="e2e/comprehensive-crud-all-categories.spec.ts" time="30.05">
<failure message="comprehensive-crud-all-categories.spec.ts:24:7 should create Reloading Equipment item" type="FAILURE">
<![CDATA[  [webkit] › e2e/comprehensive-crud-all-categories.spec.ts:24:7 › Comprehensive CRUD Tests - All Categories › Reloading Equipment › should create Reloading Equipment item 

    Test timeout of 30000ms exceeded.

    Error: page.click: Test timeout of 30000ms exceeded.
    Call log:
      - waiting for locator('button:has-text("Add Item")')


      24 |       test(`should create ${category.name} item`, async ({ page }) => {
      25 |         // Click Add Item button
    > 26 |         await page.click('button:has-text("Add Item")');
         |                    ^
      27 |         
      28 |         // Select category
      29 |         await page.click(`text=${category.name}`);
        at /Users/ghogue/Library/CloudStorage/OneDrive-InsightfulOutcomes,LLC/IS-LTD/APPS/CaliberVaultII/src/test/e2e/comprehensive-crud-all-categories.spec.ts:26:20

    attachment #1: screenshot (image/png) ──────────────────────────────────────────────────────────
    ../../test-results/e2e-comprehensive-crud-all-9da24-te-Reloading-Equipment-item-webkit/test-failed-1.png
    ────────────────────────────────────────────────────────────────────────────────────────────────

    attachment #2: video (video/webm) ──────────────────────────────────────────────────────────────
    ../../test-results/e2e-comprehensive-crud-all-9da24-te-Reloading-Equipment-item-webkit/video.webm
    ────────────────────────────────────────────────────────────────────────────────────────────────
]]>
</failure>
<system-out>
<![CDATA[
[[ATTACHMENT|e2e-comprehensive-crud-all-9da24-te-Reloading-Equipment-item-webkit/test-failed-1.png]]

[[ATTACHMENT|e2e-comprehensive-crud-all-9da24-te-Reloading-Equipment-item-webkit/video.webm]]
]]>
</system-out>
</testcase>
<testcase name="Comprehensive CRUD Tests - All Categories › Reloading Equipment › should read Reloading Equipment item" classname="e2e/comprehensive-crud-all-categories.spec.ts" time="30.077">
<failure message="comprehensive-crud-all-categories.spec.ts:44:7 should read Reloading Equipment item" type="FAILURE">
<![CDATA[  [webkit] › e2e/comprehensive-crud-all-categories.spec.ts:44:7 › Comprehensive CRUD Tests - All Categories › Reloading Equipment › should read Reloading Equipment item 

    Test timeout of 30000ms exceeded.

    Error: page.click: Test timeout of 30000ms exceeded.
    Call log:
      - waiting for locator('button:has-text("Filter")')


      44 |       test(`should read ${category.name} item`, async ({ page }) => {
      45 |         // Filter by category
    > 46 |         await page.click('button:has-text("Filter")');
         |                    ^
      47 |         await page.click(`text=${category.name}`);
      48 |         
      49 |         // Verify items are displayed
        at /Users/ghogue/Library/CloudStorage/OneDrive-InsightfulOutcomes,LLC/IS-LTD/APPS/CaliberVaultII/src/test/e2e/comprehensive-crud-all-categories.spec.ts:46:20

    attachment #1: screenshot (image/png) ──────────────────────────────────────────────────────────
    ../../test-results/e2e-comprehensive-crud-all-f984d-ad-Reloading-Equipment-item-webkit/test-failed-1.png
    ────────────────────────────────────────────────────────────────────────────────────────────────

    attachment #2: video (video/webm) ──────────────────────────────────────────────────────────────
    ../../test-results/e2e-comprehensive-crud-all-f984d-ad-Reloading-Equipment-item-webkit/video.webm
    ────────────────────────────────────────────────────────────────────────────────────────────────
]]>
</failure>
<system-out>
<![CDATA[
[[ATTACHMENT|e2e-comprehensive-crud-all-f984d-ad-Reloading-Equipment-item-webkit/test-failed-1.png]]

[[ATTACHMENT|e2e-comprehensive-crud-all-f984d-ad-Reloading-Equipment-item-webkit/video.webm]]
]]>
</system-out>
</testcase>
<testcase name="Comprehensive CRUD Tests - All Categories › Reloading Equipment › should update Reloading Equipment item" classname="e2e/comprehensive-crud-all-categories.spec.ts" time="0.642">
<failure message="comprehensive-crud-all-categories.spec.ts:53:7 should update Reloading Equipment item" type="FAILURE">
<![CDATA[  [webkit] › e2e/comprehensive-crud-all-categories.spec.ts:53:7 › Comprehensive CRUD Tests - All Categories › Reloading Equipment › should update Reloading Equipment item 

    TypeError: page.click(...).first is not a function

      53 |       test(`should update ${category.name} item`, async ({ page }) => {
      54 |         // Click on first item
    > 55 |         await page.click('[data-testid="item-card"]').first();
         |                                                       ^
      56 |         
      57 |         // Click edit button
      58 |         await page.click('button:has-text("Edit")');
        at /Users/ghogue/Library/CloudStorage/OneDrive-InsightfulOutcomes,LLC/IS-LTD/APPS/CaliberVaultII/src/test/e2e/comprehensive-crud-all-categories.spec.ts:55:55

    Error: page.click: Test ended.
    Call log:
      - waiting for locator('[data-testid="item-card"]')


      53 |       test(`should update ${category.name} item`, async ({ page }) => {
      54 |         // Click on first item
    > 55 |         await page.click('[data-testid="item-card"]').first();
         |                    ^
      56 |         
      57 |         // Click edit button
      58 |         await page.click('button:has-text("Edit")');
        at /Users/ghogue/Library/CloudStorage/OneDrive-InsightfulOutcomes,LLC/IS-LTD/APPS/CaliberVaultII/src/test/e2e/comprehensive-crud-all-categories.spec.ts:55:20

    attachment #1: screenshot (image/png) ──────────────────────────────────────────────────────────
    ../../test-results/e2e-comprehensive-crud-all-4e5a8-te-Reloading-Equipment-item-webkit/test-failed-1.png
    ────────────────────────────────────────────────────────────────────────────────────────────────
]]>
</failure>
<system-out>
<![CDATA[
[[ATTACHMENT|e2e-comprehensive-crud-all-4e5a8-te-Reloading-Equipment-item-webkit/test-failed-1.png]]
]]>
</system-out>
</testcase>
<testcase name="Comprehensive CRUD Tests - All Categories › Reloading Equipment › should delete Reloading Equipment item" classname="e2e/comprehensive-crud-all-categories.spec.ts" time="0.593">
<failure message="comprehensive-crud-all-categories.spec.ts:72:7 should delete Reloading Equipment item" type="FAILURE">
<![CDATA[  [webkit] › e2e/comprehensive-crud-all-categories.spec.ts:72:7 › Comprehensive CRUD Tests - All Categories › Reloading Equipment › should delete Reloading Equipment item 

    TypeError: page.click(...).first is not a function

      72 |       test(`should delete ${category.name} item`, async ({ page }) => {
      73 |         // Click on first item
    > 74 |         await page.click('[data-testid="item-card"]').first();
         |                                                       ^
      75 |         
      76 |         // Click delete button
      77 |         await page.click('button:has-text("Delete")');
        at /Users/ghogue/Library/CloudStorage/OneDrive-InsightfulOutcomes,LLC/IS-LTD/APPS/CaliberVaultII/src/test/e2e/comprehensive-crud-all-categories.spec.ts:74:55

    Error: page.click: Test ended.
    Call log:
      - waiting for locator('[data-testid="item-card"]')


      72 |       test(`should delete ${category.name} item`, async ({ page }) => {
      73 |         // Click on first item
    > 74 |         await page.click('[data-testid="item-card"]').first();
         |                    ^
      75 |         
      76 |         // Click delete button
      77 |         await page.click('button:has-text("Delete")');
        at /Users/ghogue/Library/CloudStorage/OneDrive-InsightfulOutcomes,LLC/IS-LTD/APPS/CaliberVaultII/src/test/e2e/comprehensive-crud-all-categories.spec.ts:74:20

    attachment #1: screenshot (image/png) ──────────────────────────────────────────────────────────
    ../../test-results/e2e-comprehensive-crud-all-05b4c-te-Reloading-Equipment-item-webkit/test-failed-1.png
    ────────────────────────────────────────────────────────────────────────────────────────────────

    attachment #2: video (video/webm) ──────────────────────────────────────────────────────────────
    ../../test-results/e2e-comprehensive-crud-all-05b4c-te-Reloading-Equipment-item-webkit/video.webm
    ────────────────────────────────────────────────────────────────────────────────────────────────
]]>
</failure>
<system-out>
<![CDATA[
[[ATTACHMENT|e2e-comprehensive-crud-all-05b4c-te-Reloading-Equipment-item-webkit/test-failed-1.png]]

[[ATTACHMENT|e2e-comprehensive-crud-all-05b4c-te-Reloading-Equipment-item-webkit/video.webm]]
]]>
</system-out>
</testcase>
<testcase name="Comprehensive CRUD Tests - All Categories › Cases › should create Cases item" classname="e2e/comprehensive-crud-all-categories.spec.ts" time="30.052">
<failure message="comprehensive-crud-all-categories.spec.ts:24:7 should create Cases item" type="FAILURE">
<![CDATA[  [webkit] › e2e/comprehensive-crud-all-categories.spec.ts:24:7 › Comprehensive CRUD Tests - All Categories › Cases › should create Cases item 

    Test timeout of 30000ms exceeded.

    Error: page.click: Test timeout of 30000ms exceeded.
    Call log:
      - waiting for locator('button:has-text("Add Item")')


      24 |       test(`should create ${category.name} item`, async ({ page }) => {
      25 |         // Click Add Item button
    > 26 |         await page.click('button:has-text("Add Item")');
         |                    ^
      27 |         
      28 |         // Select category
      29 |         await page.click(`text=${category.name}`);
        at /Users/ghogue/Library/CloudStorage/OneDrive-InsightfulOutcomes,LLC/IS-LTD/APPS/CaliberVaultII/src/test/e2e/comprehensive-crud-all-categories.spec.ts:26:20

    attachment #1: screenshot (image/png) ──────────────────────────────────────────────────────────
    ../../test-results/e2e-comprehensive-crud-all-0bd1e-es-should-create-Cases-item-webkit/test-failed-1.png
    ────────────────────────────────────────────────────────────────────────────────────────────────

    attachment #2: video (video/webm) ──────────────────────────────────────────────────────────────
    ../../test-results/e2e-comprehensive-crud-all-0bd1e-es-should-create-Cases-item-webkit/video.webm
    ────────────────────────────────────────────────────────────────────────────────────────────────
]]>
</failure>
<system-out>
<![CDATA[
[[ATTACHMENT|e2e-comprehensive-crud-all-0bd1e-es-should-create-Cases-item-webkit/test-failed-1.png]]

[[ATTACHMENT|e2e-comprehensive-crud-all-0bd1e-es-should-create-Cases-item-webkit/video.webm]]
]]>
</system-out>
</testcase>
<testcase name="Comprehensive CRUD Tests - All Categories › Cases › should read Cases item" classname="e2e/comprehensive-crud-all-categories.spec.ts" time="30.062">
<failure message="comprehensive-crud-all-categories.spec.ts:44:7 should read Cases item" type="FAILURE">
<![CDATA[  [webkit] › e2e/comprehensive-crud-all-categories.spec.ts:44:7 › Comprehensive CRUD Tests - All Categories › Cases › should read Cases item 

    Test timeout of 30000ms exceeded.

    Error: page.click: Test timeout of 30000ms exceeded.
    Call log:
      - waiting for locator('button:has-text("Filter")')


      44 |       test(`should read ${category.name} item`, async ({ page }) => {
      45 |         // Filter by category
    > 46 |         await page.click('button:has-text("Filter")');
         |                    ^
      47 |         await page.click(`text=${category.name}`);
      48 |         
      49 |         // Verify items are displayed
        at /Users/ghogue/Library/CloudStorage/OneDrive-InsightfulOutcomes,LLC/IS-LTD/APPS/CaliberVaultII/src/test/e2e/comprehensive-crud-all-categories.spec.ts:46:20

    attachment #1: screenshot (image/png) ──────────────────────────────────────────────────────────
    ../../test-results/e2e-comprehensive-crud-all-175b5-ases-should-read-Cases-item-webkit/test-failed-1.png
    ────────────────────────────────────────────────────────────────────────────────────────────────

    attachment #2: video (video/webm) ──────────────────────────────────────────────────────────────
    ../../test-results/e2e-comprehensive-crud-all-175b5-ases-should-read-Cases-item-webkit/video.webm
    ────────────────────────────────────────────────────────────────────────────────────────────────
]]>
</failure>
<system-out>
<![CDATA[
[[ATTACHMENT|e2e-comprehensive-crud-all-175b5-ases-should-read-Cases-item-webkit/test-failed-1.png]]

[[ATTACHMENT|e2e-comprehensive-crud-all-175b5-ases-should-read-Cases-item-webkit/video.webm]]
]]>
</system-out>
</testcase>
<testcase name="Comprehensive CRUD Tests - All Categories › Cases › should update Cases item" classname="e2e/comprehensive-crud-all-categories.spec.ts" time="0.574">
<failure message="comprehensive-crud-all-categories.spec.ts:53:7 should update Cases item" type="FAILURE">
<![CDATA[  [webkit] › e2e/comprehensive-crud-all-categories.spec.ts:53:7 › Comprehensive CRUD Tests - All Categories › Cases › should update Cases item 

    TypeError: page.click(...).first is not a function

      53 |       test(`should update ${category.name} item`, async ({ page }) => {
      54 |         // Click on first item
    > 55 |         await page.click('[data-testid="item-card"]').first();
         |                                                       ^
      56 |         
      57 |         // Click edit button
      58 |         await page.click('button:has-text("Edit")');
        at /Users/ghogue/Library/CloudStorage/OneDrive-InsightfulOutcomes,LLC/IS-LTD/APPS/CaliberVaultII/src/test/e2e/comprehensive-crud-all-categories.spec.ts:55:55

    Error: page.click: Test ended.
    Call log:
      - waiting for locator('[data-testid="item-card"]')


      53 |       test(`should update ${category.name} item`, async ({ page }) => {
      54 |         // Click on first item
    > 55 |         await page.click('[data-testid="item-card"]').first();
         |                    ^
      56 |         
      57 |         // Click edit button
      58 |         await page.click('button:has-text("Edit")');
        at /Users/ghogue/Library/CloudStorage/OneDrive-InsightfulOutcomes,LLC/IS-LTD/APPS/CaliberVaultII/src/test/e2e/comprehensive-crud-all-categories.spec.ts:55:20

    attachment #1: screenshot (image/png) ──────────────────────────────────────────────────────────
    ../../test-results/e2e-comprehensive-crud-all-4bd34-es-should-update-Cases-item-webkit/test-failed-1.png
    ────────────────────────────────────────────────────────────────────────────────────────────────

    attachment #2: video (video/webm) ──────────────────────────────────────────────────────────────
    ../../test-results/e2e-comprehensive-crud-all-4bd34-es-should-update-Cases-item-webkit/video.webm
    ────────────────────────────────────────────────────────────────────────────────────────────────
]]>
</failure>
<system-out>
<![CDATA[
[[ATTACHMENT|e2e-comprehensive-crud-all-4bd34-es-should-update-Cases-item-webkit/test-failed-1.png]]

[[ATTACHMENT|e2e-comprehensive-crud-all-4bd34-es-should-update-Cases-item-webkit/video.webm]]
]]>
</system-out>
</testcase>
<testcase name="Comprehensive CRUD Tests - All Categories › Cases › should delete Cases item" classname="e2e/comprehensive-crud-all-categories.spec.ts" time="0.574">
<failure message="comprehensive-crud-all-categories.spec.ts:72:7 should delete Cases item" type="FAILURE">
<![CDATA[  [webkit] › e2e/comprehensive-crud-all-categories.spec.ts:72:7 › Comprehensive CRUD Tests - All Categories › Cases › should delete Cases item 

    TypeError: page.click(...).first is not a function

      72 |       test(`should delete ${category.name} item`, async ({ page }) => {
      73 |         // Click on first item
    > 74 |         await page.click('[data-testid="item-card"]').first();
         |                                                       ^
      75 |         
      76 |         // Click delete button
      77 |         await page.click('button:has-text("Delete")');
        at /Users/ghogue/Library/CloudStorage/OneDrive-InsightfulOutcomes,LLC/IS-LTD/APPS/CaliberVaultII/src/test/e2e/comprehensive-crud-all-categories.spec.ts:74:55

    Error: page.click: Test ended.
    Call log:
      - waiting for locator('[data-testid="item-card"]')


      72 |       test(`should delete ${category.name} item`, async ({ page }) => {
      73 |         // Click on first item
    > 74 |         await page.click('[data-testid="item-card"]').first();
         |                    ^
      75 |         
      76 |         // Click delete button
      77 |         await page.click('button:has-text("Delete")');
        at /Users/ghogue/Library/CloudStorage/OneDrive-InsightfulOutcomes,LLC/IS-LTD/APPS/CaliberVaultII/src/test/e2e/comprehensive-crud-all-categories.spec.ts:74:20

    attachment #1: screenshot (image/png) ──────────────────────────────────────────────────────────
    ../../test-results/e2e-comprehensive-crud-all-46899-es-should-delete-Cases-item-webkit/test-failed-1.png
    ────────────────────────────────────────────────────────────────────────────────────────────────

    attachment #2: video (video/webm) ──────────────────────────────────────────────────────────────
    ../../test-results/e2e-comprehensive-crud-all-46899-es-should-delete-Cases-item-webkit/video.webm
    ────────────────────────────────────────────────────────────────────────────────────────────────
]]>
</failure>
<system-out>
<![CDATA[
[[ATTACHMENT|e2e-comprehensive-crud-all-46899-es-should-delete-Cases-item-webkit/test-failed-1.png]]

[[ATTACHMENT|e2e-comprehensive-crud-all-46899-es-should-delete-Cases-item-webkit/video.webm]]
]]>
</system-out>
</testcase>
<testcase name="Comprehensive CRUD Tests - All Categories › Primers › should create Primers item" classname="e2e/comprehensive-crud-all-categories.spec.ts" time="30.234">
<failure message="comprehensive-crud-all-categories.spec.ts:24:7 should create Primers item" type="FAILURE">
<![CDATA[  [webkit] › e2e/comprehensive-crud-all-categories.spec.ts:24:7 › Comprehensive CRUD Tests - All Categories › Primers › should create Primers item 

    Test timeout of 30000ms exceeded.

    Error: page.click: Test timeout of 30000ms exceeded.
    Call log:
      - waiting for locator('button:has-text("Add Item")')


      24 |       test(`should create ${category.name} item`, async ({ page }) => {
      25 |         // Click Add Item button
    > 26 |         await page.click('button:has-text("Add Item")');
         |                    ^
      27 |         
      28 |         // Select category
      29 |         await page.click(`text=${category.name}`);
        at /Users/ghogue/Library/CloudStorage/OneDrive-InsightfulOutcomes,LLC/IS-LTD/APPS/CaliberVaultII/src/test/e2e/comprehensive-crud-all-categories.spec.ts:26:20

    attachment #1: screenshot (image/png) ──────────────────────────────────────────────────────────
    ../../test-results/e2e-comprehensive-crud-all-fadab--should-create-Primers-item-webkit/test-failed-1.png
    ────────────────────────────────────────────────────────────────────────────────────────────────

    attachment #2: video (video/webm) ──────────────────────────────────────────────────────────────
    ../../test-results/e2e-comprehensive-crud-all-fadab--should-create-Primers-item-webkit/video.webm
    ────────────────────────────────────────────────────────────────────────────────────────────────
]]>
</failure>
<system-out>
<![CDATA[
[[ATTACHMENT|e2e-comprehensive-crud-all-fadab--should-create-Primers-item-webkit/test-failed-1.png]]

[[ATTACHMENT|e2e-comprehensive-crud-all-fadab--should-create-Primers-item-webkit/video.webm]]
]]>
</system-out>
</testcase>
<testcase name="Comprehensive CRUD Tests - All Categories › Primers › should read Primers item" classname="e2e/comprehensive-crud-all-categories.spec.ts" time="30.252">
<failure message="comprehensive-crud-all-categories.spec.ts:44:7 should read Primers item" type="FAILURE">
<![CDATA[  [webkit] › e2e/comprehensive-crud-all-categories.spec.ts:44:7 › Comprehensive CRUD Tests - All Categories › Primers › should read Primers item 

    Test timeout of 30000ms exceeded.

    Error: page.click: Test timeout of 30000ms exceeded.
    Call log:
      - waiting for locator('button:has-text("Filter")')


      44 |       test(`should read ${category.name} item`, async ({ page }) => {
      45 |         // Filter by category
    > 46 |         await page.click('button:has-text("Filter")');
         |                    ^
      47 |         await page.click(`text=${category.name}`);
      48 |         
      49 |         // Verify items are displayed
        at /Users/ghogue/Library/CloudStorage/OneDrive-InsightfulOutcomes,LLC/IS-LTD/APPS/CaliberVaultII/src/test/e2e/comprehensive-crud-all-categories.spec.ts:46:20

    attachment #1: screenshot (image/png) ──────────────────────────────────────────────────────────
    ../../test-results/e2e-comprehensive-crud-all-e4044-rs-should-read-Primers-item-webkit/test-failed-1.png
    ────────────────────────────────────────────────────────────────────────────────────────────────

    attachment #2: video (video/webm) ──────────────────────────────────────────────────────────────
    ../../test-results/e2e-comprehensive-crud-all-e4044-rs-should-read-Primers-item-webkit/video.webm
    ────────────────────────────────────────────────────────────────────────────────────────────────
]]>
</failure>
<system-out>
<![CDATA[
[[ATTACHMENT|e2e-comprehensive-crud-all-e4044-rs-should-read-Primers-item-webkit/test-failed-1.png]]

[[ATTACHMENT|e2e-comprehensive-crud-all-e4044-rs-should-read-Primers-item-webkit/video.webm]]
]]>
</system-out>
</testcase>
<testcase name="Comprehensive CRUD Tests - All Categories › Primers › should update Primers item" classname="e2e/comprehensive-crud-all-categories.spec.ts" time="0.556">
<failure message="comprehensive-crud-all-categories.spec.ts:53:7 should update Primers item" type="FAILURE">
<![CDATA[  [webkit] › e2e/comprehensive-crud-all-categories.spec.ts:53:7 › Comprehensive CRUD Tests - All Categories › Primers › should update Primers item 

    TypeError: page.click(...).first is not a function

      53 |       test(`should update ${category.name} item`, async ({ page }) => {
      54 |         // Click on first item
    > 55 |         await page.click('[data-testid="item-card"]').first();
         |                                                       ^
      56 |         
      57 |         // Click edit button
      58 |         await page.click('button:has-text("Edit")');
        at /Users/ghogue/Library/CloudStorage/OneDrive-InsightfulOutcomes,LLC/IS-LTD/APPS/CaliberVaultII/src/test/e2e/comprehensive-crud-all-categories.spec.ts:55:55

    Error: page.click: Test ended.
    Call log:
      - waiting for locator('[data-testid="item-card"]')


      53 |       test(`should update ${category.name} item`, async ({ page }) => {
      54 |         // Click on first item
    > 55 |         await page.click('[data-testid="item-card"]').first();
         |                    ^
      56 |         
      57 |         // Click edit button
      58 |         await page.click('button:has-text("Edit")');
        at /Users/ghogue/Library/CloudStorage/OneDrive-InsightfulOutcomes,LLC/IS-LTD/APPS/CaliberVaultII/src/test/e2e/comprehensive-crud-all-categories.spec.ts:55:20

    attachment #1: screenshot (image/png) ──────────────────────────────────────────────────────────
    ../../test-results/e2e-comprehensive-crud-all-1e5ef--should-update-Primers-item-webkit/test-failed-1.png
    ────────────────────────────────────────────────────────────────────────────────────────────────
]]>
</failure>
<system-out>
<![CDATA[
[[ATTACHMENT|e2e-comprehensive-crud-all-1e5ef--should-update-Primers-item-webkit/test-failed-1.png]]
]]>
</system-out>
</testcase>
<testcase name="Comprehensive CRUD Tests - All Categories › Primers › should delete Primers item" classname="e2e/comprehensive-crud-all-categories.spec.ts" time="0.592">
<failure message="comprehensive-crud-all-categories.spec.ts:72:7 should delete Primers item" type="FAILURE">
<![CDATA[  [webkit] › e2e/comprehensive-crud-all-categories.spec.ts:72:7 › Comprehensive CRUD Tests - All Categories › Primers › should delete Primers item 

    TypeError: page.click(...).first is not a function

      72 |       test(`should delete ${category.name} item`, async ({ page }) => {
      73 |         // Click on first item
    > 74 |         await page.click('[data-testid="item-card"]').first();
         |                                                       ^
      75 |         
      76 |         // Click delete button
      77 |         await page.click('button:has-text("Delete")');
        at /Users/ghogue/Library/CloudStorage/OneDrive-InsightfulOutcomes,LLC/IS-LTD/APPS/CaliberVaultII/src/test/e2e/comprehensive-crud-all-categories.spec.ts:74:55

    Error: page.click: Test ended.
    Call log:
      - waiting for locator('[data-testid="item-card"]')


      72 |       test(`should delete ${category.name} item`, async ({ page }) => {
      73 |         // Click on first item
    > 74 |         await page.click('[data-testid="item-card"]').first();
         |                    ^
      75 |         
      76 |         // Click delete button
      77 |         await page.click('button:has-text("Delete")');
        at /Users/ghogue/Library/CloudStorage/OneDrive-InsightfulOutcomes,LLC/IS-LTD/APPS/CaliberVaultII/src/test/e2e/comprehensive-crud-all-categories.spec.ts:74:20

    attachment #1: screenshot (image/png) ──────────────────────────────────────────────────────────
    ../../test-results/e2e-comprehensive-crud-all-3b0de--should-delete-Primers-item-webkit/test-failed-1.png
    ────────────────────────────────────────────────────────────────────────────────────────────────
]]>
</failure>
<system-out>
<![CDATA[
[[ATTACHMENT|e2e-comprehensive-crud-all-3b0de--should-delete-Primers-item-webkit/test-failed-1.png]]
]]>
</system-out>
</testcase>
<testcase name="Comprehensive CRUD Tests - All Categories › Powder › should create Powder item" classname="e2e/comprehensive-crud-all-categories.spec.ts" time="30.066">
<failure message="comprehensive-crud-all-categories.spec.ts:24:7 should create Powder item" type="FAILURE">
<![CDATA[  [webkit] › e2e/comprehensive-crud-all-categories.spec.ts:24:7 › Comprehensive CRUD Tests - All Categories › Powder › should create Powder item 

    Test timeout of 30000ms exceeded.

    Error: page.click: Test timeout of 30000ms exceeded.
    Call log:
      - waiting for locator('button:has-text("Add Item")')


      24 |       test(`should create ${category.name} item`, async ({ page }) => {
      25 |         // Click Add Item button
    > 26 |         await page.click('button:has-text("Add Item")');
         |                    ^
      27 |         
      28 |         // Select category
      29 |         await page.click(`text=${category.name}`);
        at /Users/ghogue/Library/CloudStorage/OneDrive-InsightfulOutcomes,LLC/IS-LTD/APPS/CaliberVaultII/src/test/e2e/comprehensive-crud-all-categories.spec.ts:26:20

    attachment #1: screenshot (image/png) ──────────────────────────────────────────────────────────
    ../../test-results/e2e-comprehensive-crud-all-00d89-r-should-create-Powder-item-webkit/test-failed-1.png
    ────────────────────────────────────────────────────────────────────────────────────────────────

    attachment #2: video (video/webm) ──────────────────────────────────────────────────────────────
    ../../test-results/e2e-comprehensive-crud-all-00d89-r-should-create-Powder-item-webkit/video.webm
    ────────────────────────────────────────────────────────────────────────────────────────────────
]]>
</failure>
<system-out>
<![CDATA[
[[ATTACHMENT|e2e-comprehensive-crud-all-00d89-r-should-create-Powder-item-webkit/test-failed-1.png]]

[[ATTACHMENT|e2e-comprehensive-crud-all-00d89-r-should-create-Powder-item-webkit/video.webm]]
]]>
</system-out>
</testcase>
<testcase name="Comprehensive CRUD Tests - All Categories › Powder › should read Powder item" classname="e2e/comprehensive-crud-all-categories.spec.ts" time="30.066">
<failure message="comprehensive-crud-all-categories.spec.ts:44:7 should read Powder item" type="FAILURE">
<![CDATA[  [webkit] › e2e/comprehensive-crud-all-categories.spec.ts:44:7 › Comprehensive CRUD Tests - All Categories › Powder › should read Powder item 

    Test timeout of 30000ms exceeded.

    Error: page.click: Test timeout of 30000ms exceeded.
    Call log:
      - waiting for locator('button:has-text("Filter")')


      44 |       test(`should read ${category.name} item`, async ({ page }) => {
      45 |         // Filter by category
    > 46 |         await page.click('button:has-text("Filter")');
         |                    ^
      47 |         await page.click(`text=${category.name}`);
      48 |         
      49 |         // Verify items are displayed
        at /Users/ghogue/Library/CloudStorage/OneDrive-InsightfulOutcomes,LLC/IS-LTD/APPS/CaliberVaultII/src/test/e2e/comprehensive-crud-all-categories.spec.ts:46:20

    attachment #1: screenshot (image/png) ──────────────────────────────────────────────────────────
    ../../test-results/e2e-comprehensive-crud-all-e446e-der-should-read-Powder-item-webkit/test-failed-1.png
    ────────────────────────────────────────────────────────────────────────────────────────────────

    attachment #2: video (video/webm) ──────────────────────────────────────────────────────────────
    ../../test-results/e2e-comprehensive-crud-all-e446e-der-should-read-Powder-item-webkit/video.webm
    ────────────────────────────────────────────────────────────────────────────────────────────────
]]>
</failure>
<system-out>
<![CDATA[
[[ATTACHMENT|e2e-comprehensive-crud-all-e446e-der-should-read-Powder-item-webkit/test-failed-1.png]]

[[ATTACHMENT|e2e-comprehensive-crud-all-e446e-der-should-read-Powder-item-webkit/video.webm]]
]]>
</system-out>
</testcase>
<testcase name="Comprehensive CRUD Tests - All Categories › Powder › should update Powder item" classname="e2e/comprehensive-crud-all-categories.spec.ts" time="0.622">
<failure message="comprehensive-crud-all-categories.spec.ts:53:7 should update Powder item" type="FAILURE">
<![CDATA[  [webkit] › e2e/comprehensive-crud-all-categories.spec.ts:53:7 › Comprehensive CRUD Tests - All Categories › Powder › should update Powder item 

    TypeError: page.click(...).first is not a function

      53 |       test(`should update ${category.name} item`, async ({ page }) => {
      54 |         // Click on first item
    > 55 |         await page.click('[data-testid="item-card"]').first();
         |                                                       ^
      56 |         
      57 |         // Click edit button
      58 |         await page.click('button:has-text("Edit")');
        at /Users/ghogue/Library/CloudStorage/OneDrive-InsightfulOutcomes,LLC/IS-LTD/APPS/CaliberVaultII/src/test/e2e/comprehensive-crud-all-categories.spec.ts:55:55

    Error: page.click: Test ended.
    Call log:
      - waiting for locator('[data-testid="item-card"]')


      53 |       test(`should update ${category.name} item`, async ({ page }) => {
      54 |         // Click on first item
    > 55 |         await page.click('[data-testid="item-card"]').first();
         |                    ^
      56 |         
      57 |         // Click edit button
      58 |         await page.click('button:has-text("Edit")');
        at /Users/ghogue/Library/CloudStorage/OneDrive-InsightfulOutcomes,LLC/IS-LTD/APPS/CaliberVaultII/src/test/e2e/comprehensive-crud-all-categories.spec.ts:55:20

    attachment #1: screenshot (image/png) ──────────────────────────────────────────────────────────
    ../../test-results/e2e-comprehensive-crud-all-d8344-r-should-update-Powder-item-webkit/test-failed-1.png
    ────────────────────────────────────────────────────────────────────────────────────────────────

    attachment #2: video (video/webm) ──────────────────────────────────────────────────────────────
    ../../test-results/e2e-comprehensive-crud-all-d8344-r-should-update-Powder-item-webkit/video.webm
    ────────────────────────────────────────────────────────────────────────────────────────────────
]]>
</failure>
<system-out>
<![CDATA[
[[ATTACHMENT|e2e-comprehensive-crud-all-d8344-r-should-update-Powder-item-webkit/test-failed-1.png]]

[[ATTACHMENT|e2e-comprehensive-crud-all-d8344-r-should-update-Powder-item-webkit/video.webm]]
]]>
</system-out>
</testcase>
<testcase name="Comprehensive CRUD Tests - All Categories › Powder › should delete Powder item" classname="e2e/comprehensive-crud-all-categories.spec.ts" time="0.539">
<failure message="comprehensive-crud-all-categories.spec.ts:72:7 should delete Powder item" type="FAILURE">
<![CDATA[  [webkit] › e2e/comprehensive-crud-all-categories.spec.ts:72:7 › Comprehensive CRUD Tests - All Categories › Powder › should delete Powder item 

    TypeError: page.click(...).first is not a function

      72 |       test(`should delete ${category.name} item`, async ({ page }) => {
      73 |         // Click on first item
    > 74 |         await page.click('[data-testid="item-card"]').first();
         |                                                       ^
      75 |         
      76 |         // Click delete button
      77 |         await page.click('button:has-text("Delete")');
        at /Users/ghogue/Library/CloudStorage/OneDrive-InsightfulOutcomes,LLC/IS-LTD/APPS/CaliberVaultII/src/test/e2e/comprehensive-crud-all-categories.spec.ts:74:55

    Error: page.click: Test ended.
    Call log:
      - waiting for locator('[data-testid="item-card"]')


      72 |       test(`should delete ${category.name} item`, async ({ page }) => {
      73 |         // Click on first item
    > 74 |         await page.click('[data-testid="item-card"]').first();
         |                    ^
      75 |         
      76 |         // Click delete button
      77 |         await page.click('button:has-text("Delete")');
        at /Users/ghogue/Library/CloudStorage/OneDrive-InsightfulOutcomes,LLC/IS-LTD/APPS/CaliberVaultII/src/test/e2e/comprehensive-crud-all-categories.spec.ts:74:20

    attachment #1: screenshot (image/png) ──────────────────────────────────────────────────────────
    ../../test-results/e2e-comprehensive-crud-all-d92dd-r-should-delete-Powder-item-webkit/test-failed-1.png
    ────────────────────────────────────────────────────────────────────────────────────────────────
]]>
</failure>
<system-out>
<![CDATA[
[[ATTACHMENT|e2e-comprehensive-crud-all-d92dd-r-should-delete-Powder-item-webkit/test-failed-1.png]]
]]>
</system-out>
</testcase>
<testcase name="Comprehensive CRUD Tests - All Categories › should handle bulk operations across categories" classname="e2e/comprehensive-crud-all-categories.spec.ts" time="30.079">
<failure message="comprehensive-crud-all-categories.spec.ts:88:3 should handle bulk operations across categories" type="FAILURE">
<![CDATA[  [webkit] › e2e/comprehensive-crud-all-categories.spec.ts:88:3 › Comprehensive CRUD Tests - All Categories › should handle bulk operations across categories 

    Test timeout of 30000ms exceeded.

    Error: page.click: Test timeout of 30000ms exceeded.
    Call log:
      - waiting for locator('[data-testid="select-all"]')


      88 |   test('should handle bulk operations across categories', async ({ page }) => {
      89 |     // Select multiple items
    > 90 |     await page.click('[data-testid="select-all"]');
         |                ^
      91 |     
      92 |     // Verify bulk actions are available
      93 |     await expect(page.locator('button:has-text("Bulk Actions")')).toBeVisible();
        at /Users/ghogue/Library/CloudStorage/OneDrive-InsightfulOutcomes,LLC/IS-LTD/APPS/CaliberVaultII/src/test/e2e/comprehensive-crud-all-categories.spec.ts:90:16

    attachment #1: screenshot (image/png) ──────────────────────────────────────────────────────────
    ../../test-results/e2e-comprehensive-crud-all-b1907-perations-across-categories-webkit/test-failed-1.png
    ────────────────────────────────────────────────────────────────────────────────────────────────

    attachment #2: video (video/webm) ──────────────────────────────────────────────────────────────
    ../../test-results/e2e-comprehensive-crud-all-b1907-perations-across-categories-webkit/video.webm
    ────────────────────────────────────────────────────────────────────────────────────────────────
]]>
</failure>
<system-out>
<![CDATA[
[[ATTACHMENT|e2e-comprehensive-crud-all-b1907-perations-across-categories-webkit/test-failed-1.png]]

[[ATTACHMENT|e2e-comprehensive-crud-all-b1907-perations-across-categories-webkit/video.webm]]
]]>
</system-out>
</testcase>
<testcase name="Comprehensive CRUD Tests - All Categories › should export data from all categories" classname="e2e/comprehensive-crud-all-categories.spec.ts" time="30.104">
<failure message="comprehensive-crud-all-categories.spec.ts:96:3 should export data from all categories" type="FAILURE">
<![CDATA[  [webkit] › e2e/comprehensive-crud-all-categories.spec.ts:96:3 › Comprehensive CRUD Tests - All Categories › should export data from all categories 

    Test timeout of 30000ms exceeded.

    Error: page.click: Test timeout of 30000ms exceeded.
    Call log:
      - waiting for locator('button:has-text("Export")')


       96 |   test('should export data from all categories', async ({ page }) => {
       97 |     // Click export button
    >  98 |     await page.click('button:has-text("Export")');
          |                ^
       99 |     
      100 |     // Select all categories
      101 |     await page.click('text=Select All');
        at /Users/ghogue/Library/CloudStorage/OneDrive-InsightfulOutcomes,LLC/IS-LTD/APPS/CaliberVaultII/src/test/e2e/comprehensive-crud-all-categories.spec.ts:98:16

    attachment #1: screenshot (image/png) ──────────────────────────────────────────────────────────
    ../../test-results/e2e-comprehensive-crud-all-69f7b-rt-data-from-all-categories-webkit/test-failed-1.png
    ────────────────────────────────────────────────────────────────────────────────────────────────

    attachment #2: video (video/webm) ──────────────────────────────────────────────────────────────
    ../../test-results/e2e-comprehensive-crud-all-69f7b-rt-data-from-all-categories-webkit/video.webm
    ────────────────────────────────────────────────────────────────────────────────────────────────
]]>
</failure>
<system-out>
<![CDATA[
[[ATTACHMENT|e2e-comprehensive-crud-all-69f7b-rt-data-from-all-categories-webkit/test-failed-1.png]]

[[ATTACHMENT|e2e-comprehensive-crud-all-69f7b-rt-data-from-all-categories-webkit/video.webm]]
]]>
</system-out>
</testcase>
</testsuite>
<testsuite name="e2e/comprehensive-inventory-crud.spec.ts" timestamp="2025-11-07T02:55:58.284Z" hostname="webkit" tests="5" failures="5" skipped="0" time="52.625" errors="0">
<testcase name="Comprehensive Inventory CRUD Operations › should add items for all 11 categories" classname="e2e/comprehensive-inventory-crud.spec.ts" time="10.486">
<failure message="comprehensive-inventory-crud.spec.ts:11:3 should add items for all 11 categories" type="FAILURE">
<![CDATA[  [webkit] › e2e/comprehensive-inventory-crud.spec.ts:11:3 › Comprehensive Inventory CRUD Operations › should add items for all 11 categories 

    TimeoutError: page.waitForSelector: Timeout 10000ms exceeded.
    Call log:
      - waiting for locator('[data-testid="inventory-dashboard"]') to be visible


       6 |     await page.goto('/');
       7 |     // Wait for app to load
    >  8 |     await page.waitForSelector('[data-testid="inventory-dashboard"]', { timeout: 10000 });
         |                ^
       9 |   });
      10 |
      11 |   test('should add items for all 11 categories', async ({ page }) => {
        at /Users/ghogue/Library/CloudStorage/OneDrive-InsightfulOutcomes,LLC/IS-LTD/APPS/CaliberVaultII/src/test/e2e/comprehensive-inventory-crud.spec.ts:8:16

    attachment #1: screenshot (image/png) ──────────────────────────────────────────────────────────
    ../../test-results/e2e-comprehensive-inventor-21d71-items-for-all-11-categories-webkit/test-failed-1.png
    ────────────────────────────────────────────────────────────────────────────────────────────────

    attachment #2: video (video/webm) ──────────────────────────────────────────────────────────────
    ../../test-results/e2e-comprehensive-inventor-21d71-items-for-all-11-categories-webkit/video.webm
    ────────────────────────────────────────────────────────────────────────────────────────────────
]]>
</failure>
<system-out>
<![CDATA[
[[ATTACHMENT|e2e-comprehensive-inventor-21d71-items-for-all-11-categories-webkit/test-failed-1.png]]

[[ATTACHMENT|e2e-comprehensive-inventor-21d71-items-for-all-11-categories-webkit/video.webm]]
]]>
</system-out>
</testcase>
<testcase name="Comprehensive Inventory CRUD Operations › should filter items by category" classname="e2e/comprehensive-inventory-crud.spec.ts" time="10.527">
<failure message="comprehensive-inventory-crud.spec.ts:43:3 should filter items by category" type="FAILURE">
<![CDATA[  [webkit] › e2e/comprehensive-inventory-crud.spec.ts:43:3 › Comprehensive Inventory CRUD Operations › should filter items by category 

    TimeoutError: page.waitForSelector: Timeout 10000ms exceeded.
    Call log:
      - waiting for locator('[data-testid="inventory-dashboard"]') to be visible


       6 |     await page.goto('/');
       7 |     // Wait for app to load
    >  8 |     await page.waitForSelector('[data-testid="inventory-dashboard"]', { timeout: 10000 });
         |                ^
       9 |   });
      10 |
      11 |   test('should add items for all 11 categories', async ({ page }) => {
        at /Users/ghogue/Library/CloudStorage/OneDrive-InsightfulOutcomes,LLC/IS-LTD/APPS/CaliberVaultII/src/test/e2e/comprehensive-inventory-crud.spec.ts:8:16

    attachment #1: screenshot (image/png) ──────────────────────────────────────────────────────────
    ../../test-results/e2e-comprehensive-inventor-0d4c3-ld-filter-items-by-category-webkit/test-failed-1.png
    ────────────────────────────────────────────────────────────────────────────────────────────────

    attachment #2: video (video/webm) ──────────────────────────────────────────────────────────────
    ../../test-results/e2e-comprehensive-inventor-0d4c3-ld-filter-items-by-category-webkit/video.webm
    ────────────────────────────────────────────────────────────────────────────────────────────────
]]>
</failure>
<system-out>
<![CDATA[
[[ATTACHMENT|e2e-comprehensive-inventor-0d4c3-ld-filter-items-by-category-webkit/test-failed-1.png]]

[[ATTACHMENT|e2e-comprehensive-inventor-0d4c3-ld-filter-items-by-category-webkit/video.webm]]
]]>
</system-out>
</testcase>
<testcase name="Comprehensive Inventory CRUD Operations › should search items by name" classname="e2e/comprehensive-inventory-crud.spec.ts" time="10.535">
<failure message="comprehensive-inventory-crud.spec.ts:59:3 should search items by name" type="FAILURE">
<![CDATA[  [webkit] › e2e/comprehensive-inventory-crud.spec.ts:59:3 › Comprehensive Inventory CRUD Operations › should search items by name 

    TimeoutError: page.waitForSelector: Timeout 10000ms exceeded.
    Call log:
      - waiting for locator('[data-testid="inventory-dashboard"]') to be visible


       6 |     await page.goto('/');
       7 |     // Wait for app to load
    >  8 |     await page.waitForSelector('[data-testid="inventory-dashboard"]', { timeout: 10000 });
         |                ^
       9 |   });
      10 |
      11 |   test('should add items for all 11 categories', async ({ page }) => {
        at /Users/ghogue/Library/CloudStorage/OneDrive-InsightfulOutcomes,LLC/IS-LTD/APPS/CaliberVaultII/src/test/e2e/comprehensive-inventory-crud.spec.ts:8:16

    attachment #1: screenshot (image/png) ──────────────────────────────────────────────────────────
    ../../test-results/e2e-comprehensive-inventor-0bc85-should-search-items-by-name-webkit/test-failed-1.png
    ────────────────────────────────────────────────────────────────────────────────────────────────

    attachment #2: video (video/webm) ──────────────────────────────────────────────────────────────
    ../../test-results/e2e-comprehensive-inventor-0bc85-should-search-items-by-name-webkit/video.webm
    ────────────────────────────────────────────────────────────────────────────────────────────────
]]>
</failure>
<system-out>
<![CDATA[
[[ATTACHMENT|e2e-comprehensive-inventor-0bc85-should-search-items-by-name-webkit/test-failed-1.png]]

[[ATTACHMENT|e2e-comprehensive-inventor-0bc85-should-search-items-by-name-webkit/video.webm]]
]]>
</system-out>
</testcase>
<testcase name="Comprehensive Inventory CRUD Operations › should edit an item" classname="e2e/comprehensive-inventory-crud.spec.ts" time="10.545">
<failure message="comprehensive-inventory-crud.spec.ts:72:3 should edit an item" type="FAILURE">
<![CDATA[  [webkit] › e2e/comprehensive-inventory-crud.spec.ts:72:3 › Comprehensive Inventory CRUD Operations › should edit an item 

    TimeoutError: page.waitForSelector: Timeout 10000ms exceeded.
    Call log:
      - waiting for locator('[data-testid="inventory-dashboard"]') to be visible


       6 |     await page.goto('/');
       7 |     // Wait for app to load
    >  8 |     await page.waitForSelector('[data-testid="inventory-dashboard"]', { timeout: 10000 });
         |                ^
       9 |   });
      10 |
      11 |   test('should add items for all 11 categories', async ({ page }) => {
        at /Users/ghogue/Library/CloudStorage/OneDrive-InsightfulOutcomes,LLC/IS-LTD/APPS/CaliberVaultII/src/test/e2e/comprehensive-inventory-crud.spec.ts:8:16

    attachment #1: screenshot (image/png) ──────────────────────────────────────────────────────────
    ../../test-results/e2e-comprehensive-inventor-9cd63-rations-should-edit-an-item-webkit/test-failed-1.png
    ────────────────────────────────────────────────────────────────────────────────────────────────

    attachment #2: video (video/webm) ──────────────────────────────────────────────────────────────
    ../../test-results/e2e-comprehensive-inventor-9cd63-rations-should-edit-an-item-webkit/video.webm
    ────────────────────────────────────────────────────────────────────────────────────────────────
]]>
</failure>
<system-out>
<![CDATA[
[[ATTACHMENT|e2e-comprehensive-inventor-9cd63-rations-should-edit-an-item-webkit/test-failed-1.png]]

[[ATTACHMENT|e2e-comprehensive-inventor-9cd63-rations-should-edit-an-item-webkit/video.webm]]
]]>
</system-out>
</testcase>
<testcase name="Comprehensive Inventory CRUD Operations › should delete an item" classname="e2e/comprehensive-inventory-crud.spec.ts" time="10.532">
<failure message="comprehensive-inventory-crud.spec.ts:90:3 should delete an item" type="FAILURE">
<![CDATA[  [webkit] › e2e/comprehensive-inventory-crud.spec.ts:90:3 › Comprehensive Inventory CRUD Operations › should delete an item 

    TimeoutError: page.waitForSelector: Timeout 10000ms exceeded.
    Call log:
      - waiting for locator('[data-testid="inventory-dashboard"]') to be visible


       6 |     await page.goto('/');
       7 |     // Wait for app to load
    >  8 |     await page.waitForSelector('[data-testid="inventory-dashboard"]', { timeout: 10000 });
         |                ^
       9 |   });
      10 |
      11 |   test('should add items for all 11 categories', async ({ page }) => {
        at /Users/ghogue/Library/CloudStorage/OneDrive-InsightfulOutcomes,LLC/IS-LTD/APPS/CaliberVaultII/src/test/e2e/comprehensive-inventory-crud.spec.ts:8:16

    attachment #1: screenshot (image/png) ──────────────────────────────────────────────────────────
    ../../test-results/e2e-comprehensive-inventor-519a0-tions-should-delete-an-item-webkit/test-failed-1.png
    ────────────────────────────────────────────────────────────────────────────────────────────────

    attachment #2: video (video/webm) ──────────────────────────────────────────────────────────────
    ../../test-results/e2e-comprehensive-inventor-519a0-tions-should-delete-an-item-webkit/video.webm
    ────────────────────────────────────────────────────────────────────────────────────────────────
]]>
</failure>
<system-out>
<![CDATA[
[[ATTACHMENT|e2e-comprehensive-inventor-519a0-tions-should-delete-an-item-webkit/test-failed-1.png]]

[[ATTACHMENT|e2e-comprehensive-inventor-519a0-tions-should-delete-an-item-webkit/video.webm]]
]]>
</system-out>
</testcase>
</testsuite>
<testsuite name="e2e/comprehensive-user-flows.spec.ts" timestamp="2025-11-07T02:55:58.284Z" hostname="webkit" tests="3" failures="3" skipped="0" time="90.38" errors="0">
<testcase name="Comprehensive User Flows › complete inventory workflow" classname="e2e/comprehensive-user-flows.spec.ts" time="30.14">
<failure message="comprehensive-user-flows.spec.ts:8:3 complete inventory workflow" type="FAILURE">
<![CDATA[  [webkit] › e2e/comprehensive-user-flows.spec.ts:8:3 › Comprehensive User Flows › complete inventory workflow 

    Test timeout of 30000ms exceeded.

    Error: page.click: Test timeout of 30000ms exceeded.
    Call log:
      - waiting for locator('text=Login')


       8 |   test('complete inventory workflow', async ({ page }) => {
       9 |     // Login
    > 10 |     await page.click('text=Login');
         |                ^
      11 |     await page.fill('input[type="email"]', 'test@example.com');
      12 |     await page.fill('input[type="password"]', 'password123');
      13 |     await page.click('button[type="submit"]');
        at /Users/ghogue/Library/CloudStorage/OneDrive-InsightfulOutcomes,LLC/IS-LTD/APPS/CaliberVaultII/src/test/e2e/comprehensive-user-flows.spec.ts:10:16

    attachment #1: screenshot (image/png) ──────────────────────────────────────────────────────────
    ../../test-results/e2e-comprehensive-user-flo-a8cdc-complete-inventory-workflow-webkit/test-failed-1.png
    ────────────────────────────────────────────────────────────────────────────────────────────────

    attachment #2: video (video/webm) ──────────────────────────────────────────────────────────────
    ../../test-results/e2e-comprehensive-user-flo-a8cdc-complete-inventory-workflow-webkit/video.webm
    ────────────────────────────────────────────────────────────────────────────────────────────────
]]>
</failure>
<system-out>
<![CDATA[
[[ATTACHMENT|e2e-comprehensive-user-flo-a8cdc-complete-inventory-workflow-webkit/test-failed-1.png]]

[[ATTACHMENT|e2e-comprehensive-user-flo-a8cdc-complete-inventory-workflow-webkit/video.webm]]
]]>
</system-out>
</testcase>
<testcase name="Comprehensive User Flows › barcode scanning workflow" classname="e2e/comprehensive-user-flows.spec.ts" time="30.073">
<failure message="comprehensive-user-flows.spec.ts:44:3 barcode scanning workflow" type="FAILURE">
<![CDATA[  [webkit] › e2e/comprehensive-user-flows.spec.ts:44:3 › Comprehensive User Flows › barcode scanning workflow 

    Test timeout of 30000ms exceeded.

    Error: page.click: Test timeout of 30000ms exceeded.
    Call log:
      - waiting for locator('text=Scan Barcode')


      43 |
      44 |   test('barcode scanning workflow', async ({ page }) => {
    > 45 |     await page.click('text=Scan Barcode');
         |                ^
      46 |     await expect(page.locator('video')).toBeVisible();
      47 |     // Simulate barcode detection would happen here
      48 |   });
        at /Users/ghogue/Library/CloudStorage/OneDrive-InsightfulOutcomes,LLC/IS-LTD/APPS/CaliberVaultII/src/test/e2e/comprehensive-user-flows.spec.ts:45:16

    attachment #1: screenshot (image/png) ──────────────────────────────────────────────────────────
    ../../test-results/e2e-comprehensive-user-flo-b97ca-s-barcode-scanning-workflow-webkit/test-failed-1.png
    ────────────────────────────────────────────────────────────────────────────────────────────────

    attachment #2: video (video/webm) ──────────────────────────────────────────────────────────────
    ../../test-results/e2e-comprehensive-user-flo-b97ca-s-barcode-scanning-workflow-webkit/video.webm
    ────────────────────────────────────────────────────────────────────────────────────────────────
]]>
</failure>
<system-out>
<![CDATA[
[[ATTACHMENT|e2e-comprehensive-user-flo-b97ca-s-barcode-scanning-workflow-webkit/test-failed-1.png]]

[[ATTACHMENT|e2e-comprehensive-user-flo-b97ca-s-barcode-scanning-workflow-webkit/video.webm]]
]]>
</system-out>
</testcase>
<testcase name="Comprehensive User Flows › export and reporting workflow" classname="e2e/comprehensive-user-flows.spec.ts" time="30.167">
<failure message="comprehensive-user-flows.spec.ts:50:3 export and reporting workflow" type="FAILURE">
<![CDATA[  [webkit] › e2e/comprehensive-user-flows.spec.ts:50:3 › Comprehensive User Flows › export and reporting workflow 

    Test timeout of 30000ms exceeded.

    Error: page.click: Test timeout of 30000ms exceeded.
    Call log:
      - waiting for locator('text=Reports')


      49 |
      50 |   test('export and reporting workflow', async ({ page }) => {
    > 51 |     await page.click('text=Reports');
         |                ^
      52 |     await page.click('text=Export PDF');
      53 |     // Verify download initiated
      54 |   });
        at /Users/ghogue/Library/CloudStorage/OneDrive-InsightfulOutcomes,LLC/IS-LTD/APPS/CaliberVaultII/src/test/e2e/comprehensive-user-flows.spec.ts:51:16

    attachment #1: screenshot (image/png) ──────────────────────────────────────────────────────────
    ../../test-results/e2e-comprehensive-user-flo-74dd6-port-and-reporting-workflow-webkit/test-failed-1.png
    ────────────────────────────────────────────────────────────────────────────────────────────────

    attachment #2: video (video/webm) ──────────────────────────────────────────────────────────────
    ../../test-results/e2e-comprehensive-user-flo-74dd6-port-and-reporting-workflow-webkit/video.webm
    ────────────────────────────────────────────────────────────────────────────────────────────────
]]>
</failure>
<system-out>
<![CDATA[
[[ATTACHMENT|e2e-comprehensive-user-flo-74dd6-port-and-reporting-workflow-webkit/test-failed-1.png]]

[[ATTACHMENT|e2e-comprehensive-user-flo-74dd6-port-and-reporting-workflow-webkit/video.webm]]
]]>
</system-out>
</testcase>
</testsuite>
<testsuite name="e2e/comprehensive.spec.ts" timestamp="2025-11-07T02:55:58.284Z" hostname="webkit" tests="1" failures="1" skipped="0" time="30.078" errors="0">
<testcase name="Comprehensive User Journey › complete user workflow" classname="e2e/comprehensive.spec.ts" time="30.078">
<failure message="comprehensive.spec.ts:4:3 complete user workflow" type="FAILURE">
<![CDATA[  [webkit] › e2e/comprehensive.spec.ts:4:3 › Comprehensive User Journey › complete user workflow ───

    Test timeout of 30000ms exceeded.

    Error: page.click: Test timeout of 30000ms exceeded.
    Call log:
      - waiting for locator('button:has-text("Add Item")')


      22 |
      23 |     // 3. Add new item
    > 24 |     await page.click('button:has-text("Add Item")');
         |                ^
      25 |     await page.fill('input[name="name"]', 'Test Firearm E2E');
      26 |     await page.fill('input[name="manufacturer"]', 'Test Manufacturer');
      27 |     await page.fill('input[name="model"]', 'Test Model');
        at /Users/ghogue/Library/CloudStorage/OneDrive-InsightfulOutcomes,LLC/IS-LTD/APPS/CaliberVaultII/src/test/e2e/comprehensive.spec.ts:24:16

    attachment #1: screenshot (image/png) ──────────────────────────────────────────────────────────
    ../../test-results/e2e-comprehensive-Comprehe-c0adc-rney-complete-user-workflow-webkit/test-failed-1.png
    ────────────────────────────────────────────────────────────────────────────────────────────────

    attachment #2: video (video/webm) ──────────────────────────────────────────────────────────────
    ../../test-results/e2e-comprehensive-Comprehe-c0adc-rney-complete-user-workflow-webkit/video.webm
    ────────────────────────────────────────────────────────────────────────────────────────────────
]]>
</failure>
<system-out>
<![CDATA[
[[ATTACHMENT|e2e-comprehensive-Comprehe-c0adc-rney-complete-user-workflow-webkit/test-failed-1.png]]

[[ATTACHMENT|e2e-comprehensive-Comprehe-c0adc-rney-complete-user-workflow-webkit/video.webm]]
]]>
</system-out>
</testcase>
</testsuite>
<testsuite name="e2e/editItem.spec.ts" timestamp="2025-11-07T02:55:58.284Z" hostname="webkit" tests="2" failures="2" skipped="0" time="60.16" errors="0">
<testcase name="Edit Item Flow › should edit an existing item" classname="e2e/editItem.spec.ts" time="30.07">
<failure message="editItem.spec.ts:9:3 should edit an existing item" type="FAILURE">
<![CDATA[  [webkit] › e2e/editItem.spec.ts:9:3 › Edit Item Flow › should edit an existing item ──────────────

    Test timeout of 30000ms exceeded.

    Error: page.click: Test timeout of 30000ms exceeded.
    Call log:
      - waiting for locator('.item-card:first-child')


       9 |   test('should edit an existing item', async ({ page }) => {
      10 |     // Click on first item card
    > 11 |     await page.click('.item-card:first-child');
         |                ^
      12 |     
      13 |     // Click edit button
      14 |     await page.click('button:has-text("Edit")');
        at /Users/ghogue/Library/CloudStorage/OneDrive-InsightfulOutcomes,LLC/IS-LTD/APPS/CaliberVaultII/src/test/e2e/editItem.spec.ts:11:16

    attachment #1: screenshot (image/png) ──────────────────────────────────────────────────────────
    ../../test-results/e2e-editItem-Edit-Item-Flow-should-edit-an-existing-item-webkit/test-failed-1.png
    ────────────────────────────────────────────────────────────────────────────────────────────────

    attachment #2: video (video/webm) ──────────────────────────────────────────────────────────────
    ../../test-results/e2e-editItem-Edit-Item-Flow-should-edit-an-existing-item-webkit/video.webm
    ────────────────────────────────────────────────────────────────────────────────────────────────
]]>
</failure>
<system-out>
<![CDATA[
[[ATTACHMENT|e2e-editItem-Edit-Item-Flow-should-edit-an-existing-item-webkit/test-failed-1.png]]

[[ATTACHMENT|e2e-editItem-Edit-Item-Flow-should-edit-an-existing-item-webkit/video.webm]]
]]>
</system-out>
</testcase>
<testcase name="Edit Item Flow › should cancel edit without saving" classname="e2e/editItem.spec.ts" time="30.09">
<failure message="editItem.spec.ts:28:3 should cancel edit without saving" type="FAILURE">
<![CDATA[  [webkit] › e2e/editItem.spec.ts:28:3 › Edit Item Flow › should cancel edit without saving ────────

    Test timeout of 30000ms exceeded.

    Error: page.click: Test timeout of 30000ms exceeded.
    Call log:
      - waiting for locator('.item-card:first-child')


      27 |
      28 |   test('should cancel edit without saving', async ({ page }) => {
    > 29 |     await page.click('.item-card:first-child');
         |                ^
      30 |     await page.click('button:has-text("Edit")');
      31 |     
      32 |     await page.fill('input[name="name"]', 'Should Not Save');
        at /Users/ghogue/Library/CloudStorage/OneDrive-InsightfulOutcomes,LLC/IS-LTD/APPS/CaliberVaultII/src/test/e2e/editItem.spec.ts:29:16

    attachment #1: screenshot (image/png) ──────────────────────────────────────────────────────────
    ../../test-results/e2e-editItem-Edit-Item-Flo-d3676--cancel-edit-without-saving-webkit/test-failed-1.png
    ────────────────────────────────────────────────────────────────────────────────────────────────

    attachment #2: video (video/webm) ──────────────────────────────────────────────────────────────
    ../../test-results/e2e-editItem-Edit-Item-Flo-d3676--cancel-edit-without-saving-webkit/video.webm
    ────────────────────────────────────────────────────────────────────────────────────────────────
]]>
</failure>
<system-out>
<![CDATA[
[[ATTACHMENT|e2e-editItem-Edit-Item-Flo-d3676--cancel-edit-without-saving-webkit/test-failed-1.png]]

[[ATTACHMENT|e2e-editItem-Edit-Item-Flo-d3676--cancel-edit-without-saving-webkit/video.webm]]
]]>
</system-out>
</testcase>
</testsuite>
<testsuite name="e2e/export.spec.ts" timestamp="2025-11-07T02:55:58.284Z" hostname="webkit" tests="3" failures="3" skipped="0" time="90.146" errors="0">
<testcase name="Export Functionality › should export inventory to CSV" classname="e2e/export.spec.ts" time="30.045">
<failure message="export.spec.ts:10:3 should export inventory to CSV" type="FAILURE">
<![CDATA[  [webkit] › e2e/export.spec.ts:10:3 › Export Functionality › should export inventory to CSV ───────

    Test timeout of 30000ms exceeded.

    Error: page.waitForEvent: Test timeout of 30000ms exceeded.
    =========================== logs ===========================
    waiting for event "download"
    ============================================================

       9 |
      10 |   test('should export inventory to CSV', async ({ page }) => {
    > 11 |     const downloadPromise = page.waitForEvent('download');
         |                                  ^
      12 |     
      13 |     await page.click('button:has-text("Export")');
      14 |     await page.click('text="Export to CSV"');
        at /Users/ghogue/Library/CloudStorage/OneDrive-InsightfulOutcomes,LLC/IS-LTD/APPS/CaliberVaultII/src/test/e2e/export.spec.ts:11:34

    Error: page.click: Test timeout of 30000ms exceeded.
    Call log:
      - waiting for locator('button:has-text("Export")')


      11 |     const downloadPromise = page.waitForEvent('download');
      12 |     
    > 13 |     await page.click('button:has-text("Export")');
         |                ^
      14 |     await page.click('text="Export to CSV"');
      15 |     
      16 |     const download = await downloadPromise;
        at /Users/ghogue/Library/CloudStorage/OneDrive-InsightfulOutcomes,LLC/IS-LTD/APPS/CaliberVaultII/src/test/e2e/export.spec.ts:13:16

    attachment #1: screenshot (image/png) ──────────────────────────────────────────────────────────
    ../../test-results/e2e-export-Export-Function-fb66d-uld-export-inventory-to-CSV-webkit/test-failed-1.png
    ────────────────────────────────────────────────────────────────────────────────────────────────

    attachment #2: video (video/webm) ──────────────────────────────────────────────────────────────
    ../../test-results/e2e-export-Export-Function-fb66d-uld-export-inventory-to-CSV-webkit/video.webm
    ────────────────────────────────────────────────────────────────────────────────────────────────
]]>
</failure>
<system-out>
<![CDATA[
[[ATTACHMENT|e2e-export-Export-Function-fb66d-uld-export-inventory-to-CSV-webkit/test-failed-1.png]]

[[ATTACHMENT|e2e-export-Export-Function-fb66d-uld-export-inventory-to-CSV-webkit/video.webm]]
]]>
</system-out>
</testcase>
<testcase name="Export Functionality › should export inventory to PDF" classname="e2e/export.spec.ts" time="30.045">
<failure message="export.spec.ts:20:3 should export inventory to PDF" type="FAILURE">
<![CDATA[  [webkit] › e2e/export.spec.ts:20:3 › Export Functionality › should export inventory to PDF ───────

    Test timeout of 30000ms exceeded.

    Error: page.waitForEvent: Test timeout of 30000ms exceeded.
    =========================== logs ===========================
    waiting for event "download"
    ============================================================

      19 |
      20 |   test('should export inventory to PDF', async ({ page }) => {
    > 21 |     const downloadPromise = page.waitForEvent('download');
         |                                  ^
      22 |     
      23 |     await page.click('button:has-text("Export")');
      24 |     await page.click('text="Export to PDF"');
        at /Users/ghogue/Library/CloudStorage/OneDrive-InsightfulOutcomes,LLC/IS-LTD/APPS/CaliberVaultII/src/test/e2e/export.spec.ts:21:34

    Error: page.click: Test timeout of 30000ms exceeded.
    Call log:
      - waiting for locator('button:has-text("Export")')


      21 |     const downloadPromise = page.waitForEvent('download');
      22 |     
    > 23 |     await page.click('button:has-text("Export")');
         |                ^
      24 |     await page.click('text="Export to PDF"');
      25 |     
      26 |     const download = await downloadPromise;
        at /Users/ghogue/Library/CloudStorage/OneDrive-InsightfulOutcomes,LLC/IS-LTD/APPS/CaliberVaultII/src/test/e2e/export.spec.ts:23:16

    attachment #1: screenshot (image/png) ──────────────────────────────────────────────────────────
    ../../test-results/e2e-export-Export-Function-db966-uld-export-inventory-to-PDF-webkit/test-failed-1.png
    ────────────────────────────────────────────────────────────────────────────────────────────────

    attachment #2: video (video/webm) ──────────────────────────────────────────────────────────────
    ../../test-results/e2e-export-Export-Function-db966-uld-export-inventory-to-PDF-webkit/video.webm
    ────────────────────────────────────────────────────────────────────────────────────────────────
]]>
</failure>
<system-out>
<![CDATA[
[[ATTACHMENT|e2e-export-Export-Function-db966-uld-export-inventory-to-PDF-webkit/test-failed-1.png]]

[[ATTACHMENT|e2e-export-Export-Function-db966-uld-export-inventory-to-PDF-webkit/video.webm]]
]]>
</system-out>
</testcase>
<testcase name="Export Functionality › should export with filters applied" classname="e2e/export.spec.ts" time="30.056">
<failure message="export.spec.ts:30:3 should export with filters applied" type="FAILURE">
<![CDATA[  [webkit] › e2e/export.spec.ts:30:3 › Export Functionality › should export with filters applied ───

    Test timeout of 30000ms exceeded.

    Error: page.fill: Test timeout of 30000ms exceeded.
    Call log:
      - waiting for locator('input[placeholder*="Search"]')


      29 |
      30 |   test('should export with filters applied', async ({ page }) => {
    > 31 |     await page.fill('input[placeholder*="Search"]', 'Glock');
         |                ^
      32 |     
      33 |     const downloadPromise = page.waitForEvent('download');
      34 |     await page.click('button:has-text("Export")');
        at /Users/ghogue/Library/CloudStorage/OneDrive-InsightfulOutcomes,LLC/IS-LTD/APPS/CaliberVaultII/src/test/e2e/export.spec.ts:31:16

    attachment #1: screenshot (image/png) ──────────────────────────────────────────────────────────
    ../../test-results/e2e-export-Export-Function-bd061-export-with-filters-applied-webkit/test-failed-1.png
    ────────────────────────────────────────────────────────────────────────────────────────────────

    attachment #2: video (video/webm) ──────────────────────────────────────────────────────────────
    ../../test-results/e2e-export-Export-Function-bd061-export-with-filters-applied-webkit/video.webm
    ────────────────────────────────────────────────────────────────────────────────────────────────
]]>
</failure>
<system-out>
<![CDATA[
[[ATTACHMENT|e2e-export-Export-Function-bd061-export-with-filters-applied-webkit/test-failed-1.png]]

[[ATTACHMENT|e2e-export-Export-Function-bd061-export-with-filters-applied-webkit/video.webm]]
]]>
</system-out>
</testcase>
</testsuite>
<testsuite name="e2e/filtering-and-search.spec.ts" timestamp="2025-11-07T02:55:58.284Z" hostname="webkit" tests="5" failures="5" skipped="0" time="150.418" errors="0">
<testcase name="Filtering and Search › should filter by multiple categories" classname="e2e/filtering-and-search.spec.ts" time="30.073">
<failure message="filtering-and-search.spec.ts:9:3 should filter by multiple categories" type="FAILURE">
<![CDATA[  [webkit] › e2e/filtering-and-search.spec.ts:9:3 › Filtering and Search › should filter by multiple categories 

    Test timeout of 30000ms exceeded while running "beforeEach" hook.

      2 |
      3 | test.describe('Filtering and Search', () => {
    > 4 |   test.beforeEach(async ({ page }) => {
        |        ^
      5 |     await page.goto('/');
      6 |     await page.waitForSelector('[data-testid="inventory-dashboard"]');
      7 |   });
        at /Users/ghogue/Library/CloudStorage/OneDrive-InsightfulOutcomes,LLC/IS-LTD/APPS/CaliberVaultII/src/test/e2e/filtering-and-search.spec.ts:4:8

    Error: page.waitForSelector: Test timeout of 30000ms exceeded.
    Call log:
      - waiting for locator('[data-testid="inventory-dashboard"]') to be visible


      4 |   test.beforeEach(async ({ page }) => {
      5 |     await page.goto('/');
    > 6 |     await page.waitForSelector('[data-testid="inventory-dashboard"]');
        |                ^
      7 |   });
      8 |
      9 |   test('should filter by multiple categories', async ({ page }) => {
        at /Users/ghogue/Library/CloudStorage/OneDrive-InsightfulOutcomes,LLC/IS-LTD/APPS/CaliberVaultII/src/test/e2e/filtering-and-search.spec.ts:6:16

    attachment #1: screenshot (image/png) ──────────────────────────────────────────────────────────
    ../../test-results/e2e-filtering-and-search-F-7299d-lter-by-multiple-categories-webkit/test-failed-1.png
    ────────────────────────────────────────────────────────────────────────────────────────────────

    attachment #2: video (video/webm) ──────────────────────────────────────────────────────────────
    ../../test-results/e2e-filtering-and-search-F-7299d-lter-by-multiple-categories-webkit/video.webm
    ────────────────────────────────────────────────────────────────────────────────────────────────
]]>
</failure>
<system-out>
<![CDATA[
[[ATTACHMENT|e2e-filtering-and-search-F-7299d-lter-by-multiple-categories-webkit/test-failed-1.png]]

[[ATTACHMENT|e2e-filtering-and-search-F-7299d-lter-by-multiple-categories-webkit/video.webm]]
]]>
</system-out>
</testcase>
<testcase name="Filtering and Search › should search with filters applied" classname="e2e/filtering-and-search.spec.ts" time="30.096">
<failure message="filtering-and-search.spec.ts:27:3 should search with filters applied" type="FAILURE">
<![CDATA[  [webkit] › e2e/filtering-and-search.spec.ts:27:3 › Filtering and Search › should search with filters applied 

    Test timeout of 30000ms exceeded while running "beforeEach" hook.

      2 |
      3 | test.describe('Filtering and Search', () => {
    > 4 |   test.beforeEach(async ({ page }) => {
        |        ^
      5 |     await page.goto('/');
      6 |     await page.waitForSelector('[data-testid="inventory-dashboard"]');
      7 |   });
        at /Users/ghogue/Library/CloudStorage/OneDrive-InsightfulOutcomes,LLC/IS-LTD/APPS/CaliberVaultII/src/test/e2e/filtering-and-search.spec.ts:4:8

    Error: page.waitForSelector: Test timeout of 30000ms exceeded.
    Call log:
      - waiting for locator('[data-testid="inventory-dashboard"]') to be visible


      4 |   test.beforeEach(async ({ page }) => {
      5 |     await page.goto('/');
    > 6 |     await page.waitForSelector('[data-testid="inventory-dashboard"]');
        |                ^
      7 |   });
      8 |
      9 |   test('should filter by multiple categories', async ({ page }) => {
        at /Users/ghogue/Library/CloudStorage/OneDrive-InsightfulOutcomes,LLC/IS-LTD/APPS/CaliberVaultII/src/test/e2e/filtering-and-search.spec.ts:6:16

    attachment #1: screenshot (image/png) ──────────────────────────────────────────────────────────
    ../../test-results/e2e-filtering-and-search-F-bb6b6-search-with-filters-applied-webkit/test-failed-1.png
    ────────────────────────────────────────────────────────────────────────────────────────────────

    attachment #2: video (video/webm) ──────────────────────────────────────────────────────────────
    ../../test-results/e2e-filtering-and-search-F-bb6b6-search-with-filters-applied-webkit/video.webm
    ────────────────────────────────────────────────────────────────────────────────────────────────
]]>
</failure>
<system-out>
<![CDATA[
[[ATTACHMENT|e2e-filtering-and-search-F-bb6b6-search-with-filters-applied-webkit/test-failed-1.png]]

[[ATTACHMENT|e2e-filtering-and-search-F-bb6b6-search-with-filters-applied-webkit/video.webm]]
]]>
</system-out>
</testcase>
<testcase name="Filtering and Search › should clear all filters" classname="e2e/filtering-and-search.spec.ts" time="30.091">
<failure message="filtering-and-search.spec.ts:46:3 should clear all filters" type="FAILURE">
<![CDATA[  [webkit] › e2e/filtering-and-search.spec.ts:46:3 › Filtering and Search › should clear all filters 

    Test timeout of 30000ms exceeded while running "beforeEach" hook.

      2 |
      3 | test.describe('Filtering and Search', () => {
    > 4 |   test.beforeEach(async ({ page }) => {
        |        ^
      5 |     await page.goto('/');
      6 |     await page.waitForSelector('[data-testid="inventory-dashboard"]');
      7 |   });
        at /Users/ghogue/Library/CloudStorage/OneDrive-InsightfulOutcomes,LLC/IS-LTD/APPS/CaliberVaultII/src/test/e2e/filtering-and-search.spec.ts:4:8

    Error: page.waitForSelector: Test timeout of 30000ms exceeded.
    Call log:
      - waiting for locator('[data-testid="inventory-dashboard"]') to be visible


      4 |   test.beforeEach(async ({ page }) => {
      5 |     await page.goto('/');
    > 6 |     await page.waitForSelector('[data-testid="inventory-dashboard"]');
        |                ^
      7 |   });
      8 |
      9 |   test('should filter by multiple categories', async ({ page }) => {
        at /Users/ghogue/Library/CloudStorage/OneDrive-InsightfulOutcomes,LLC/IS-LTD/APPS/CaliberVaultII/src/test/e2e/filtering-and-search.spec.ts:6:16

    attachment #1: screenshot (image/png) ──────────────────────────────────────────────────────────
    ../../test-results/e2e-filtering-and-search-F-340ac-ch-should-clear-all-filters-webkit/test-failed-1.png
    ────────────────────────────────────────────────────────────────────────────────────────────────

    attachment #2: video (video/webm) ──────────────────────────────────────────────────────────────
    ../../test-results/e2e-filtering-and-search-F-340ac-ch-should-clear-all-filters-webkit/video.webm
    ────────────────────────────────────────────────────────────────────────────────────────────────
]]>
</failure>
<system-out>
<![CDATA[
[[ATTACHMENT|e2e-filtering-and-search-F-340ac-ch-should-clear-all-filters-webkit/test-failed-1.png]]

[[ATTACHMENT|e2e-filtering-and-search-F-340ac-ch-should-clear-all-filters-webkit/video.webm]]
]]>
</system-out>
</testcase>
<testcase name="Filtering and Search › should sort items by price" classname="e2e/filtering-and-search.spec.ts" time="30.076">
<failure message="filtering-and-search.spec.ts:62:3 should sort items by price" type="FAILURE">
<![CDATA[  [webkit] › e2e/filtering-and-search.spec.ts:62:3 › Filtering and Search › should sort items by price 

    Test timeout of 30000ms exceeded while running "beforeEach" hook.

      2 |
      3 | test.describe('Filtering and Search', () => {
    > 4 |   test.beforeEach(async ({ page }) => {
        |        ^
      5 |     await page.goto('/');
      6 |     await page.waitForSelector('[data-testid="inventory-dashboard"]');
      7 |   });
        at /Users/ghogue/Library/CloudStorage/OneDrive-InsightfulOutcomes,LLC/IS-LTD/APPS/CaliberVaultII/src/test/e2e/filtering-and-search.spec.ts:4:8

    Error: page.waitForSelector: Test timeout of 30000ms exceeded.
    Call log:
      - waiting for locator('[data-testid="inventory-dashboard"]') to be visible


      4 |   test.beforeEach(async ({ page }) => {
      5 |     await page.goto('/');
    > 6 |     await page.waitForSelector('[data-testid="inventory-dashboard"]');
        |                ^
      7 |   });
      8 |
      9 |   test('should filter by multiple categories', async ({ page }) => {
        at /Users/ghogue/Library/CloudStorage/OneDrive-InsightfulOutcomes,LLC/IS-LTD/APPS/CaliberVaultII/src/test/e2e/filtering-and-search.spec.ts:6:16

    attachment #1: screenshot (image/png) ──────────────────────────────────────────────────────────
    ../../test-results/e2e-filtering-and-search-F-d6320--should-sort-items-by-price-webkit/test-failed-1.png
    ────────────────────────────────────────────────────────────────────────────────────────────────

    attachment #2: video (video/webm) ──────────────────────────────────────────────────────────────
    ../../test-results/e2e-filtering-and-search-F-d6320--should-sort-items-by-price-webkit/video.webm
    ────────────────────────────────────────────────────────────────────────────────────────────────
]]>
</failure>
<system-out>
<![CDATA[
[[ATTACHMENT|e2e-filtering-and-search-F-d6320--should-sort-items-by-price-webkit/test-failed-1.png]]

[[ATTACHMENT|e2e-filtering-and-search-F-d6320--should-sort-items-by-price-webkit/video.webm]]
]]>
</system-out>
</testcase>
<testcase name="Filtering and Search › should filter by condition" classname="e2e/filtering-and-search.spec.ts" time="30.082">
<failure message="filtering-and-search.spec.ts:76:3 should filter by condition" type="FAILURE">
<![CDATA[  [webkit] › e2e/filtering-and-search.spec.ts:76:3 › Filtering and Search › should filter by condition 

    Test timeout of 30000ms exceeded while running "beforeEach" hook.

      2 |
      3 | test.describe('Filtering and Search', () => {
    > 4 |   test.beforeEach(async ({ page }) => {
        |        ^
      5 |     await page.goto('/');
      6 |     await page.waitForSelector('[data-testid="inventory-dashboard"]');
      7 |   });
        at /Users/ghogue/Library/CloudStorage/OneDrive-InsightfulOutcomes,LLC/IS-LTD/APPS/CaliberVaultII/src/test/e2e/filtering-and-search.spec.ts:4:8

    Error: page.waitForSelector: Test timeout of 30000ms exceeded.
    Call log:
      - waiting for locator('[data-testid="inventory-dashboard"]') to be visible


      4 |   test.beforeEach(async ({ page }) => {
      5 |     await page.goto('/');
    > 6 |     await page.waitForSelector('[data-testid="inventory-dashboard"]');
        |                ^
      7 |   });
      8 |
      9 |   test('should filter by multiple categories', async ({ page }) => {
        at /Users/ghogue/Library/CloudStorage/OneDrive-InsightfulOutcomes,LLC/IS-LTD/APPS/CaliberVaultII/src/test/e2e/filtering-and-search.spec.ts:6:16

    attachment #1: screenshot (image/png) ──────────────────────────────────────────────────────────
    ../../test-results/e2e-filtering-and-search-F-a47ee--should-filter-by-condition-webkit/test-failed-1.png
    ────────────────────────────────────────────────────────────────────────────────────────────────

    attachment #2: video (video/webm) ──────────────────────────────────────────────────────────────
    ../../test-results/e2e-filtering-and-search-F-a47ee--should-filter-by-condition-webkit/video.webm
    ────────────────────────────────────────────────────────────────────────────────────────────────
]]>
</failure>
<system-out>
<![CDATA[
[[ATTACHMENT|e2e-filtering-and-search-F-a47ee--should-filter-by-condition-webkit/test-failed-1.png]]

[[ATTACHMENT|e2e-filtering-and-search-F-a47ee--should-filter-by-condition-webkit/video.webm]]
]]>
</system-out>
</testcase>
</testsuite>
<testsuite name="e2e/inventory-crud.spec.ts" timestamp="2025-11-07T02:55:58.284Z" hostname="webkit" tests="4" failures="4" skipped="0" time="95.855" errors="0">
<testcase name="Inventory CRUD Operations › should open add item modal" classname="e2e/inventory-crud.spec.ts" time="30.128">
<failure message="inventory-crud.spec.ts:9:3 should open add item modal" type="FAILURE">
<![CDATA[  [webkit] › e2e/inventory-crud.spec.ts:9:3 › Inventory CRUD Operations › should open add item modal 

    Test timeout of 30000ms exceeded.

    Error: locator.click: Test timeout of 30000ms exceeded.
    Call log:
      - waiting for getByRole('button', { name: /add item/i })


       9 |   test('should open add item modal', async ({ page }) => {
      10 |     const addButton = page.getByRole('button', { name: /add item/i });
    > 11 |     await addButton.click();
         |                     ^
      12 |     
      13 |     const modal = page.locator('[role="dialog"]');
      14 |     await expect(modal).toBeVisible();
        at /Users/ghogue/Library/CloudStorage/OneDrive-InsightfulOutcomes,LLC/IS-LTD/APPS/CaliberVaultII/src/test/e2e/inventory-crud.spec.ts:11:21

    attachment #1: screenshot (image/png) ──────────────────────────────────────────────────────────
    ../../test-results/e2e-inventory-crud-Invento-edcc7--should-open-add-item-modal-webkit/test-failed-1.png
    ────────────────────────────────────────────────────────────────────────────────────────────────

    attachment #2: video (video/webm) ──────────────────────────────────────────────────────────────
    ../../test-results/e2e-inventory-crud-Invento-edcc7--should-open-add-item-modal-webkit/video.webm
    ────────────────────────────────────────────────────────────────────────────────────────────────
]]>
</failure>
<system-out>
<![CDATA[
[[ATTACHMENT|e2e-inventory-crud-Invento-edcc7--should-open-add-item-modal-webkit/test-failed-1.png]]

[[ATTACHMENT|e2e-inventory-crud-Invento-edcc7--should-open-add-item-modal-webkit/video.webm]]
]]>
</system-out>
</testcase>
<testcase name="Inventory CRUD Operations › should add new firearm" classname="e2e/inventory-crud.spec.ts" time="30.13">
<failure message="inventory-crud.spec.ts:17:3 should add new firearm" type="FAILURE">
<![CDATA[  [webkit] › e2e/inventory-crud.spec.ts:17:3 › Inventory CRUD Operations › should add new firearm ──

    Test timeout of 30000ms exceeded.

    Error: page.click: Test timeout of 30000ms exceeded.
    Call log:
      - waiting for locator('button:has-text("Add Item")')


      16 |
      17 |   test('should add new firearm', async ({ page }) => {
    > 18 |     await page.click('button:has-text("Add Item")');
         |                ^
      19 |     
      20 |     await page.fill('input[name="name"]', 'Test Firearm');
      21 |     await page.fill('input[name="manufacturer"]', 'Test Manufacturer');
        at /Users/ghogue/Library/CloudStorage/OneDrive-InsightfulOutcomes,LLC/IS-LTD/APPS/CaliberVaultII/src/test/e2e/inventory-crud.spec.ts:18:16

    attachment #1: screenshot (image/png) ──────────────────────────────────────────────────────────
    ../../test-results/e2e-inventory-crud-Invento-567e0-ions-should-add-new-firearm-webkit/test-failed-1.png
    ────────────────────────────────────────────────────────────────────────────────────────────────

    attachment #2: video (video/webm) ──────────────────────────────────────────────────────────────
    ../../test-results/e2e-inventory-crud-Invento-567e0-ions-should-add-new-firearm-webkit/video.webm
    ────────────────────────────────────────────────────────────────────────────────────────────────
]]>
</failure>
<system-out>
<![CDATA[
[[ATTACHMENT|e2e-inventory-crud-Invento-567e0-ions-should-add-new-firearm-webkit/test-failed-1.png]]

[[ATTACHMENT|e2e-inventory-crud-Invento-567e0-ions-should-add-new-firearm-webkit/video.webm]]
]]>
</system-out>
</testcase>
<testcase name="Inventory CRUD Operations › should display inventory items" classname="e2e/inventory-crud.spec.ts" time="5.531">
<failure message="inventory-crud.spec.ts:31:3 should display inventory items" type="FAILURE">
<![CDATA[  [webkit] › e2e/inventory-crud.spec.ts:31:3 › Inventory CRUD Operations › should display inventory items 

    Error: expect(locator).toBeVisible() failed

    Locator: locator('[data-testid="item-card"]').first()
    Expected: visible
    Timeout: 5000ms
    Error: element(s) not found

    Call log:
      - Expect "toBeVisible" with timeout 5000ms
      - waiting for locator('[data-testid="item-card"]').first()


      31 |   test('should display inventory items', async ({ page }) => {
      32 |     const itemCards = page.locator('[data-testid="item-card"]');
    > 33 |     await expect(itemCards.first()).toBeVisible({ timeout: 5000 });
         |                                     ^
      34 |   });
      35 |
      36 |   test('should filter by category', async ({ page }) => {
        at /Users/ghogue/Library/CloudStorage/OneDrive-InsightfulOutcomes,LLC/IS-LTD/APPS/CaliberVaultII/src/test/e2e/inventory-crud.spec.ts:33:37

    attachment #1: screenshot (image/png) ──────────────────────────────────────────────────────────
    ../../test-results/e2e-inventory-crud-Invento-65f16-uld-display-inventory-items-webkit/test-failed-1.png
    ────────────────────────────────────────────────────────────────────────────────────────────────

    attachment #2: video (video/webm) ──────────────────────────────────────────────────────────────
    ../../test-results/e2e-inventory-crud-Invento-65f16-uld-display-inventory-items-webkit/video.webm
    ────────────────────────────────────────────────────────────────────────────────────────────────
]]>
</failure>
<system-out>
<![CDATA[
[[ATTACHMENT|e2e-inventory-crud-Invento-65f16-uld-display-inventory-items-webkit/test-failed-1.png]]

[[ATTACHMENT|e2e-inventory-crud-Invento-65f16-uld-display-inventory-items-webkit/video.webm]]
]]>
</system-out>
</testcase>
<testcase name="Inventory CRUD Operations › should filter by category" classname="e2e/inventory-crud.spec.ts" time="30.066">
<failure message="inventory-crud.spec.ts:36:3 should filter by category" type="FAILURE">
<![CDATA[  [webkit] › e2e/inventory-crud.spec.ts:36:3 › Inventory CRUD Operations › should filter by category 

    Test timeout of 30000ms exceeded.

    Error: page.click: Test timeout of 30000ms exceeded.
    Call log:
      - waiting for locator('button:has-text("Firearms")')


      35 |
      36 |   test('should filter by category', async ({ page }) => {
    > 37 |     await page.click('button:has-text("Firearms")');
         |                ^
      38 |     
      39 |     const firearmsItems = page.locator('[data-category="firearms"]');
      40 |     await expect(firearmsItems.first()).toBeVisible({ timeout: 3000 });
        at /Users/ghogue/Library/CloudStorage/OneDrive-InsightfulOutcomes,LLC/IS-LTD/APPS/CaliberVaultII/src/test/e2e/inventory-crud.spec.ts:37:16

    attachment #1: screenshot (image/png) ──────────────────────────────────────────────────────────
    ../../test-results/e2e-inventory-crud-Invento-43eaa-s-should-filter-by-category-webkit/test-failed-1.png
    ────────────────────────────────────────────────────────────────────────────────────────────────

    attachment #2: video (video/webm) ──────────────────────────────────────────────────────────────
    ../../test-results/e2e-inventory-crud-Invento-43eaa-s-should-filter-by-category-webkit/video.webm
    ────────────────────────────────────────────────────────────────────────────────────────────────
]]>
</failure>
<system-out>
<![CDATA[
[[ATTACHMENT|e2e-inventory-crud-Invento-43eaa-s-should-filter-by-category-webkit/test-failed-1.png]]

[[ATTACHMENT|e2e-inventory-crud-Invento-43eaa-s-should-filter-by-category-webkit/video.webm]]
]]>
</system-out>
</testcase>
</testsuite>
<testsuite name="e2e/mobile-features.spec.ts" timestamp="2025-11-07T02:55:58.284Z" hostname="webkit" tests="4" failures="4" skipped="0" time="36.912" errors="0">
<testcase name="Mobile Features › should support pull-to-refresh" classname="e2e/mobile-features.spec.ts" time="5.698">
<failure message="mobile-features.spec.ts:10:3 should support pull-to-refresh" type="FAILURE">
<![CDATA[  [webkit] › e2e/mobile-features.spec.ts:10:3 › Mobile Features › should support pull-to-refresh ───

    Error: expect(locator).toBeVisible() failed

    Locator: locator('[data-testid="refresh-indicator"]')
    Expected: visible
    Timeout: 5000ms
    Error: element(s) not found

    Call log:
      - Expect "toBeVisible" with timeout 5000ms
      - waiting for locator('[data-testid="refresh-indicator"]')


      15 |     await page.mouse.move(200, startY + 300, { steps: 10 });
      16 |     await page.mouse.up();
    > 17 |     await expect(page.locator('[data-testid="refresh-indicator"]')).toBeVisible();
         |                                                                     ^
      18 |   });
      19 |
      20 |   test('should open camera for barcode scanning', async ({ page, context }) => {
        at /Users/ghogue/Library/CloudStorage/OneDrive-InsightfulOutcomes,LLC/IS-LTD/APPS/CaliberVaultII/src/test/e2e/mobile-features.spec.ts:17:69

    attachment #1: screenshot (image/png) ──────────────────────────────────────────────────────────
    ../../test-results/e2e-mobile-features-Mobile-2f528-uld-support-pull-to-refresh-webkit/test-failed-1.png
    ────────────────────────────────────────────────────────────────────────────────────────────────

    attachment #2: video (video/webm) ──────────────────────────────────────────────────────────────
    ../../test-results/e2e-mobile-features-Mobile-2f528-uld-support-pull-to-refresh-webkit/video.webm
    ────────────────────────────────────────────────────────────────────────────────────────────────
]]>
</failure>
<system-out>
<![CDATA[
[[ATTACHMENT|e2e-mobile-features-Mobile-2f528-uld-support-pull-to-refresh-webkit/test-failed-1.png]]

[[ATTACHMENT|e2e-mobile-features-Mobile-2f528-uld-support-pull-to-refresh-webkit/video.webm]]
]]>
</system-out>
</testcase>
<testcase name="Mobile Features › should open camera for barcode scanning" classname="e2e/mobile-features.spec.ts" time="0.568">
<failure message="mobile-features.spec.ts:20:3 should open camera for barcode scanning" type="FAILURE">
<![CDATA[  [webkit] › e2e/mobile-features.spec.ts:20:3 › Mobile Features › should open camera for barcode scanning 

    Error: browserContext.grantPermissions: Unknown permission: camera

      19 |
      20 |   test('should open camera for barcode scanning', async ({ page, context }) => {
    > 21 |     await context.grantPermissions(['camera']);
         |                   ^
      22 |     await page.goto('/inventory');
      23 |     await page.getByRole('button', { name: /scan/i }).click();
      24 |     await expect(page.locator('video')).toBeVisible();
        at /Users/ghogue/Library/CloudStorage/OneDrive-InsightfulOutcomes,LLC/IS-LTD/APPS/CaliberVaultII/src/test/e2e/mobile-features.spec.ts:21:19

    attachment #1: screenshot (image/png) ──────────────────────────────────────────────────────────
    ../../test-results/e2e-mobile-features-Mobile-da77e-camera-for-barcode-scanning-webkit/test-failed-1.png
    ────────────────────────────────────────────────────────────────────────────────────────────────

    attachment #2: video (video/webm) ──────────────────────────────────────────────────────────────
    ../../test-results/e2e-mobile-features-Mobile-da77e-camera-for-barcode-scanning-webkit/video.webm
    ────────────────────────────────────────────────────────────────────────────────────────────────
]]>
</failure>
<system-out>
<![CDATA[
[[ATTACHMENT|e2e-mobile-features-Mobile-da77e-camera-for-barcode-scanning-webkit/test-failed-1.png]]

[[ATTACHMENT|e2e-mobile-features-Mobile-da77e-camera-for-barcode-scanning-webkit/video.webm]]
]]>
</system-out>
</testcase>
<testcase name="Mobile Features › should work offline" classname="e2e/mobile-features.spec.ts" time="0.556">
<failure message="mobile-features.spec.ts:27:3 should work offline" type="FAILURE">
<![CDATA[  [webkit] › e2e/mobile-features.spec.ts:27:3 › Mobile Features › should work offline ──────────────

    Error: page.reload: WebKit encountered an internal error
    Call log:
      - waiting for navigation until "load"


      28 |     await page.goto('/inventory');
      29 |     await context.setOffline(true);
    > 30 |     await page.reload();
         |                ^
      31 |     await expect(page.getByText(/offline mode/i)).toBeVisible();
      32 |     await expect(page.locator('.item-card').first()).toBeVisible();
      33 |   });
        at /Users/ghogue/Library/CloudStorage/OneDrive-InsightfulOutcomes,LLC/IS-LTD/APPS/CaliberVaultII/src/test/e2e/mobile-features.spec.ts:30:16

    attachment #1: screenshot (image/png) ──────────────────────────────────────────────────────────
    ../../test-results/e2e-mobile-features-Mobile-Features-should-work-offline-webkit/test-failed-1.png
    ────────────────────────────────────────────────────────────────────────────────────────────────

    attachment #2: video (video/webm) ──────────────────────────────────────────────────────────────
    ../../test-results/e2e-mobile-features-Mobile-Features-should-work-offline-webkit/video.webm
    ────────────────────────────────────────────────────────────────────────────────────────────────
]]>
</failure>
<system-out>
<![CDATA[
[[ATTACHMENT|e2e-mobile-features-Mobile-Features-should-work-offline-webkit/test-failed-1.png]]

[[ATTACHMENT|e2e-mobile-features-Mobile-Features-should-work-offline-webkit/video.webm]]
]]>
</system-out>
</testcase>
<testcase name="Mobile Features › should support swipe gestures" classname="e2e/mobile-features.spec.ts" time="30.09">
<failure message="mobile-features.spec.ts:35:3 should support swipe gestures" type="FAILURE">
<![CDATA[  [webkit] › e2e/mobile-features.spec.ts:35:3 › Mobile Features › should support swipe gestures ────

    Test timeout of 30000ms exceeded.

    Error: locator.boundingBox: Test timeout of 30000ms exceeded.
    Call log:
      - waiting for locator('.item-card').first()


      36 |     await page.goto('/inventory');
      37 |     const card = page.locator('.item-card').first();
    > 38 |     const box = await card.boundingBox();
         |                            ^
      39 |     if (box) {
      40 |       await page.mouse.move(box.x + 10, box.y + box.height / 2);
      41 |       await page.mouse.down();
        at /Users/ghogue/Library/CloudStorage/OneDrive-InsightfulOutcomes,LLC/IS-LTD/APPS/CaliberVaultII/src/test/e2e/mobile-features.spec.ts:38:28

    attachment #1: screenshot (image/png) ──────────────────────────────────────────────────────────
    ../../test-results/e2e-mobile-features-Mobile-e3146-ould-support-swipe-gestures-webkit/test-failed-1.png
    ────────────────────────────────────────────────────────────────────────────────────────────────

    attachment #2: video (video/webm) ──────────────────────────────────────────────────────────────
    ../../test-results/e2e-mobile-features-Mobile-e3146-ould-support-swipe-gestures-webkit/video.webm
    ────────────────────────────────────────────────────────────────────────────────────────────────
]]>
</failure>
<system-out>
<![CDATA[
[[ATTACHMENT|e2e-mobile-features-Mobile-e3146-ould-support-swipe-gestures-webkit/test-failed-1.png]]

[[ATTACHMENT|e2e-mobile-features-Mobile-e3146-ould-support-swipe-gestures-webkit/video.webm]]
]]>
</system-out>
</testcase>
</testsuite>
<testsuite name="e2e/search-filter.spec.ts" timestamp="2025-11-07T02:55:58.284Z" hostname="webkit" tests="4" failures="4" skipped="0" time="120.315" errors="0">
<testcase name="Search and Filter › should search inventory items" classname="e2e/search-filter.spec.ts" time="30.098">
<failure message="search-filter.spec.ts:8:3 should search inventory items" type="FAILURE">
<![CDATA[  [webkit] › e2e/search-filter.spec.ts:8:3 › Search and Filter › should search inventory items ─────

    Test timeout of 30000ms exceeded.

    Error: locator.fill: Test timeout of 30000ms exceeded.
    Call log:
      - waiting for locator('input[placeholder*="Search"]')


       8 |   test('should search inventory items', async ({ page }) => {
       9 |     const searchInput = page.locator('input[placeholder*="Search"]');
    > 10 |     await searchInput.fill('Glock');
         |                       ^
      11 |     
      12 |     await page.waitForTimeout(500); // Debounce
      13 |     
        at /Users/ghogue/Library/CloudStorage/OneDrive-InsightfulOutcomes,LLC/IS-LTD/APPS/CaliberVaultII/src/test/e2e/search-filter.spec.ts:10:23

    attachment #1: screenshot (image/png) ──────────────────────────────────────────────────────────
    ../../test-results/e2e-search-filter-Search-a-d1228-ould-search-inventory-items-webkit/test-failed-1.png
    ────────────────────────────────────────────────────────────────────────────────────────────────

    attachment #2: video (video/webm) ──────────────────────────────────────────────────────────────
    ../../test-results/e2e-search-filter-Search-a-d1228-ould-search-inventory-items-webkit/video.webm
    ────────────────────────────────────────────────────────────────────────────────────────────────
]]>
</failure>
<system-out>
<![CDATA[
[[ATTACHMENT|e2e-search-filter-Search-a-d1228-ould-search-inventory-items-webkit/test-failed-1.png]]

[[ATTACHMENT|e2e-search-filter-Search-a-d1228-ould-search-inventory-items-webkit/video.webm]]
]]>
</system-out>
</testcase>
<testcase name="Search and Filter › should filter by manufacturer" classname="e2e/search-filter.spec.ts" time="30.085">
<failure message="search-filter.spec.ts:18:3 should filter by manufacturer" type="FAILURE">
<![CDATA[  [webkit] › e2e/search-filter.spec.ts:18:3 › Search and Filter › should filter by manufacturer ────

    Test timeout of 30000ms exceeded.

    Error: page.click: Test timeout of 30000ms exceeded.
    Call log:
      - waiting for locator('button:has-text("Manufacturer")')


      17 |
      18 |   test('should filter by manufacturer', async ({ page }) => {
    > 19 |     await page.click('button:has-text("Manufacturer")');
         |                ^
      20 |     await page.click('text="Glock"');
      21 |     
      22 |     const filteredItems = page.locator('[data-manufacturer="Glock"]');
        at /Users/ghogue/Library/CloudStorage/OneDrive-InsightfulOutcomes,LLC/IS-LTD/APPS/CaliberVaultII/src/test/e2e/search-filter.spec.ts:19:16

    attachment #1: screenshot (image/png) ──────────────────────────────────────────────────────────
    ../../test-results/e2e-search-filter-Search-a-19f97-ould-filter-by-manufacturer-webkit/test-failed-1.png
    ────────────────────────────────────────────────────────────────────────────────────────────────

    attachment #2: video (video/webm) ──────────────────────────────────────────────────────────────
    ../../test-results/e2e-search-filter-Search-a-19f97-ould-filter-by-manufacturer-webkit/video.webm
    ────────────────────────────────────────────────────────────────────────────────────────────────
]]>
</failure>
<system-out>
<![CDATA[
[[ATTACHMENT|e2e-search-filter-Search-a-19f97-ould-filter-by-manufacturer-webkit/test-failed-1.png]]

[[ATTACHMENT|e2e-search-filter-Search-a-19f97-ould-filter-by-manufacturer-webkit/video.webm]]
]]>
</system-out>
</testcase>
<testcase name="Search and Filter › should clear all filters" classname="e2e/search-filter.spec.ts" time="30.066">
<failure message="search-filter.spec.ts:26:3 should clear all filters" type="FAILURE">
<![CDATA[  [webkit] › e2e/search-filter.spec.ts:26:3 › Search and Filter › should clear all filters ─────────

    Test timeout of 30000ms exceeded.

    Error: page.fill: Test timeout of 30000ms exceeded.
    Call log:
      - waiting for locator('input[placeholder*="Search"]')


      25 |
      26 |   test('should clear all filters', async ({ page }) => {
    > 27 |     await page.fill('input[placeholder*="Search"]', 'test');
         |                ^
      28 |     await page.click('button:has-text("Clear Filters")');
      29 |     
      30 |     const searchInput = page.locator('input[placeholder*="Search"]');
        at /Users/ghogue/Library/CloudStorage/OneDrive-InsightfulOutcomes,LLC/IS-LTD/APPS/CaliberVaultII/src/test/e2e/search-filter.spec.ts:27:16

    attachment #1: screenshot (image/png) ──────────────────────────────────────────────────────────
    ../../test-results/e2e-search-filter-Search-and-Filter-should-clear-all-filters-webkit/test-failed-1.png
    ────────────────────────────────────────────────────────────────────────────────────────────────

    attachment #2: video (video/webm) ──────────────────────────────────────────────────────────────
    ../../test-results/e2e-search-filter-Search-and-Filter-should-clear-all-filters-webkit/video.webm
    ────────────────────────────────────────────────────────────────────────────────────────────────
]]>
</failure>
<system-out>
<![CDATA[
[[ATTACHMENT|e2e-search-filter-Search-and-Filter-should-clear-all-filters-webkit/test-failed-1.png]]

[[ATTACHMENT|e2e-search-filter-Search-and-Filter-should-clear-all-filters-webkit/video.webm]]
]]>
</system-out>
</testcase>
<testcase name="Search and Filter › should combine multiple filters" classname="e2e/search-filter.spec.ts" time="30.066">
<failure message="search-filter.spec.ts:34:3 should combine multiple filters" type="FAILURE">
<![CDATA[  [webkit] › e2e/search-filter.spec.ts:34:3 › Search and Filter › should combine multiple filters ──

    Test timeout of 30000ms exceeded.

    Error: page.fill: Test timeout of 30000ms exceeded.
    Call log:
      - waiting for locator('input[placeholder*="Search"]')


      33 |
      34 |   test('should combine multiple filters', async ({ page }) => {
    > 35 |     await page.fill('input[placeholder*="Search"]', 'rifle');
         |                ^
      36 |     await page.click('button:has-text("Category")');
      37 |     await page.click('text="Firearms"');
      38 |     
        at /Users/ghogue/Library/CloudStorage/OneDrive-InsightfulOutcomes,LLC/IS-LTD/APPS/CaliberVaultII/src/test/e2e/search-filter.spec.ts:35:16

    attachment #1: screenshot (image/png) ──────────────────────────────────────────────────────────
    ../../test-results/e2e-search-filter-Search-a-a21e3-ld-combine-multiple-filters-webkit/test-failed-1.png
    ────────────────────────────────────────────────────────────────────────────────────────────────

    attachment #2: video (video/webm) ──────────────────────────────────────────────────────────────
    ../../test-results/e2e-search-filter-Search-a-a21e3-ld-combine-multiple-filters-webkit/video.webm
    ────────────────────────────────────────────────────────────────────────────────────────────────
]]>
</failure>
<system-out>
<![CDATA[
[[ATTACHMENT|e2e-search-filter-Search-a-a21e3-ld-combine-multiple-filters-webkit/test-failed-1.png]]

[[ATTACHMENT|e2e-search-filter-Search-a-a21e3-ld-combine-multiple-filters-webkit/video.webm]]
]]>
</system-out>
</testcase>
</testsuite>
<testsuite name="e2e/subscription-tiers.spec.ts" timestamp="2025-11-07T02:55:58.284Z" hostname="webkit" tests="3" failures="3" skipped="0" time="90.278" errors="0">
<testcase name="Subscription Tiers › free tier should enforce 50 item limit" classname="e2e/subscription-tiers.spec.ts" time="30.071">
<failure message="subscription-tiers.spec.ts:4:3 free tier should enforce 50 item limit" type="FAILURE">
<![CDATA[  [webkit] › e2e/subscription-tiers.spec.ts:4:3 › Subscription Tiers › free tier should enforce 50 item limit 

    Test timeout of 30000ms exceeded.

    Error: locator.click: Test timeout of 30000ms exceeded.
    Call log:
      - waiting for getByRole('button', { name: /add item/i })


      17 |     
      18 |     await page.reload();
    > 19 |     await page.getByRole('button', { name: /add item/i }).click();
         |                                                           ^
      20 |     await expect(page.getByText(/upgrade.*premium/i)).toBeVisible();
      21 |   });
      22 |
        at /Users/ghogue/Library/CloudStorage/OneDrive-InsightfulOutcomes,LLC/IS-LTD/APPS/CaliberVaultII/src/test/e2e/subscription-tiers.spec.ts:19:59

    attachment #1: screenshot (image/png) ──────────────────────────────────────────────────────────
    ../../test-results/e2e-subscription-tiers-Sub-14679-hould-enforce-50-item-limit-webkit/test-failed-1.png
    ────────────────────────────────────────────────────────────────────────────────────────────────

    attachment #2: video (video/webm) ──────────────────────────────────────────────────────────────
    ../../test-results/e2e-subscription-tiers-Sub-14679-hould-enforce-50-item-limit-webkit/video.webm
    ────────────────────────────────────────────────────────────────────────────────────────────────
]]>
</failure>
<system-out>
<![CDATA[
[[ATTACHMENT|e2e-subscription-tiers-Sub-14679-hould-enforce-50-item-limit-webkit/test-failed-1.png]]

[[ATTACHMENT|e2e-subscription-tiers-Sub-14679-hould-enforce-50-item-limit-webkit/video.webm]]
]]>
</system-out>
</testcase>
<testcase name="Subscription Tiers › premium tier should allow unlimited items" classname="e2e/subscription-tiers.spec.ts" time="30.135">
<failure message="subscription-tiers.spec.ts:23:3 premium tier should allow unlimited items" type="FAILURE">
<![CDATA[  [webkit] › e2e/subscription-tiers.spec.ts:23:3 › Subscription Tiers › premium tier should allow unlimited items 

    Test timeout of 30000ms exceeded.

    Error: locator.click: Test timeout of 30000ms exceeded.
    Call log:
      - waiting for getByRole('button', { name: /add item/i })


      25 |     await page.evaluate(() => localStorage.setItem('tier', 'premium'));
      26 |     await page.goto('/inventory');
    > 27 |     await page.getByRole('button', { name: /add item/i }).click();
         |                                                           ^
      28 |     await expect(page.getByRole('dialog')).toBeVisible();
      29 |   });
      30 |
        at /Users/ghogue/Library/CloudStorage/OneDrive-InsightfulOutcomes,LLC/IS-LTD/APPS/CaliberVaultII/src/test/e2e/subscription-tiers.spec.ts:27:59

    attachment #1: screenshot (image/png) ──────────────────────────────────────────────────────────
    ../../test-results/e2e-subscription-tiers-Sub-3c3c5-hould-allow-unlimited-items-webkit/test-failed-1.png
    ────────────────────────────────────────────────────────────────────────────────────────────────

    attachment #2: video (video/webm) ──────────────────────────────────────────────────────────────
    ../../test-results/e2e-subscription-tiers-Sub-3c3c5-hould-allow-unlimited-items-webkit/video.webm
    ────────────────────────────────────────────────────────────────────────────────────────────────
]]>
</failure>
<system-out>
<![CDATA[
[[ATTACHMENT|e2e-subscription-tiers-Sub-3c3c5-hould-allow-unlimited-items-webkit/test-failed-1.png]]

[[ATTACHMENT|e2e-subscription-tiers-Sub-3c3c5-hould-allow-unlimited-items-webkit/video.webm]]
]]>
</system-out>
</testcase>
<testcase name="Subscription Tiers › should show upgrade prompt for team features" classname="e2e/subscription-tiers.spec.ts" time="30.072">
<failure message="subscription-tiers.spec.ts:31:3 should show upgrade prompt for team features" type="FAILURE">
<![CDATA[  [webkit] › e2e/subscription-tiers.spec.ts:31:3 › Subscription Tiers › should show upgrade prompt for team features 

    Test timeout of 30000ms exceeded.

    Error: locator.click: Test timeout of 30000ms exceeded.
    Call log:
      - waiting for getByRole('button', { name: /team/i })


      32 |     await page.goto('/');
      33 |     await page.evaluate(() => localStorage.setItem('tier', 'free'));
    > 34 |     await page.getByRole('button', { name: /team/i }).click();
         |                                                       ^
      35 |     await expect(page.getByText(/upgrade.*team/i)).toBeVisible();
      36 |   });
      37 | });
        at /Users/ghogue/Library/CloudStorage/OneDrive-InsightfulOutcomes,LLC/IS-LTD/APPS/CaliberVaultII/src/test/e2e/subscription-tiers.spec.ts:34:55

    attachment #1: screenshot (image/png) ──────────────────────────────────────────────────────────
    ../../test-results/e2e-subscription-tiers-Sub-5e319-de-prompt-for-team-features-webkit/test-failed-1.png
    ────────────────────────────────────────────────────────────────────────────────────────────────

    attachment #2: video (video/webm) ──────────────────────────────────────────────────────────────
    ../../test-results/e2e-subscription-tiers-Sub-5e319-de-prompt-for-team-features-webkit/video.webm
    ────────────────────────────────────────────────────────────────────────────────────────────────
]]>
</failure>
<system-out>
<![CDATA[
[[ATTACHMENT|e2e-subscription-tiers-Sub-5e319-de-prompt-for-team-features-webkit/test-failed-1.png]]

[[ATTACHMENT|e2e-subscription-tiers-Sub-5e319-de-prompt-for-team-features-webkit/video.webm]]
]]>
</system-out>
</testcase>
</testsuite>
<testsuite name="e2e/team-collaboration.spec.ts" timestamp="2025-11-07T02:55:58.284Z" hostname="webkit" tests="3" failures="3" skipped="0" time="90.225" errors="0">
<testcase name="Team Collaboration › should invite team member" classname="e2e/team-collaboration.spec.ts" time="30.067">
<failure message="team-collaboration.spec.ts:13:3 should invite team member" type="FAILURE">
<![CDATA[  [webkit] › e2e/team-collaboration.spec.ts:13:3 › Team Collaboration › should invite team member ──

    Test timeout of 30000ms exceeded while running "beforeEach" hook.

      2 |
      3 | test.describe('Team Collaboration', () => {
    > 4 |   test.beforeEach(async ({ page }) => {
        |        ^
      5 |     await page.goto('/');
      6 |     await page.getByRole('button', { name: /login/i }).click();
      7 |     await page.fill('input[type="email"]', 'test@example.com');
        at /Users/ghogue/Library/CloudStorage/OneDrive-InsightfulOutcomes,LLC/IS-LTD/APPS/CaliberVaultII/src/test/e2e/team-collaboration.spec.ts:4:8

    Error: locator.click: Test timeout of 30000ms exceeded.
    Call log:
      - waiting for getByRole('button', { name: /login/i })


      4 |   test.beforeEach(async ({ page }) => {
      5 |     await page.goto('/');
    > 6 |     await page.getByRole('button', { name: /login/i }).click();
        |                                                        ^
      7 |     await page.fill('input[type="email"]', 'test@example.com');
      8 |     await page.fill('input[type="password"]', 'password123');
      9 |     await page.getByRole('button', { name: /sign in/i }).click();
        at /Users/ghogue/Library/CloudStorage/OneDrive-InsightfulOutcomes,LLC/IS-LTD/APPS/CaliberVaultII/src/test/e2e/team-collaboration.spec.ts:6:56

    attachment #1: screenshot (image/png) ──────────────────────────────────────────────────────────
    ../../test-results/e2e-team-collaboration-Tea-48ee3-n-should-invite-team-member-webkit/test-failed-1.png
    ────────────────────────────────────────────────────────────────────────────────────────────────

    attachment #2: video (video/webm) ──────────────────────────────────────────────────────────────
    ../../test-results/e2e-team-collaboration-Tea-48ee3-n-should-invite-team-member-webkit/video.webm
    ────────────────────────────────────────────────────────────────────────────────────────────────
]]>
</failure>
<system-out>
<![CDATA[
[[ATTACHMENT|e2e-team-collaboration-Tea-48ee3-n-should-invite-team-member-webkit/test-failed-1.png]]

[[ATTACHMENT|e2e-team-collaboration-Tea-48ee3-n-should-invite-team-member-webkit/video.webm]]
]]>
</system-out>
</testcase>
<testcase name="Team Collaboration › should share inventory item" classname="e2e/team-collaboration.spec.ts" time="30.096">
<failure message="team-collaboration.spec.ts:22:3 should share inventory item" type="FAILURE">
<![CDATA[  [webkit] › e2e/team-collaboration.spec.ts:22:3 › Team Collaboration › should share inventory item 

    Test timeout of 30000ms exceeded while running "beforeEach" hook.

      2 |
      3 | test.describe('Team Collaboration', () => {
    > 4 |   test.beforeEach(async ({ page }) => {
        |        ^
      5 |     await page.goto('/');
      6 |     await page.getByRole('button', { name: /login/i }).click();
      7 |     await page.fill('input[type="email"]', 'test@example.com');
        at /Users/ghogue/Library/CloudStorage/OneDrive-InsightfulOutcomes,LLC/IS-LTD/APPS/CaliberVaultII/src/test/e2e/team-collaboration.spec.ts:4:8

    Error: locator.click: Test timeout of 30000ms exceeded.
    Call log:
      - waiting for getByRole('button', { name: /login/i })


      4 |   test.beforeEach(async ({ page }) => {
      5 |     await page.goto('/');
    > 6 |     await page.getByRole('button', { name: /login/i }).click();
        |                                                        ^
      7 |     await page.fill('input[type="email"]', 'test@example.com');
      8 |     await page.fill('input[type="password"]', 'password123');
      9 |     await page.getByRole('button', { name: /sign in/i }).click();
        at /Users/ghogue/Library/CloudStorage/OneDrive-InsightfulOutcomes,LLC/IS-LTD/APPS/CaliberVaultII/src/test/e2e/team-collaboration.spec.ts:6:56

    attachment #1: screenshot (image/png) ──────────────────────────────────────────────────────────
    ../../test-results/e2e-team-collaboration-Tea-1ddf0-should-share-inventory-item-webkit/test-failed-1.png
    ────────────────────────────────────────────────────────────────────────────────────────────────

    attachment #2: video (video/webm) ──────────────────────────────────────────────────────────────
    ../../test-results/e2e-team-collaboration-Tea-1ddf0-should-share-inventory-item-webkit/video.webm
    ────────────────────────────────────────────────────────────────────────────────────────────────
]]>
</failure>
<system-out>
<![CDATA[
[[ATTACHMENT|e2e-team-collaboration-Tea-1ddf0-should-share-inventory-item-webkit/test-failed-1.png]]

[[ATTACHMENT|e2e-team-collaboration-Tea-1ddf0-should-share-inventory-item-webkit/video.webm]]
]]>
</system-out>
</testcase>
<testcase name="Team Collaboration › should add comment to item" classname="e2e/team-collaboration.spec.ts" time="30.062">
<failure message="team-collaboration.spec.ts:31:3 should add comment to item" type="FAILURE">
<![CDATA[  [webkit] › e2e/team-collaboration.spec.ts:31:3 › Team Collaboration › should add comment to item ─

    Test timeout of 30000ms exceeded while running "beforeEach" hook.

      2 |
      3 | test.describe('Team Collaboration', () => {
    > 4 |   test.beforeEach(async ({ page }) => {
        |        ^
      5 |     await page.goto('/');
      6 |     await page.getByRole('button', { name: /login/i }).click();
      7 |     await page.fill('input[type="email"]', 'test@example.com');
        at /Users/ghogue/Library/CloudStorage/OneDrive-InsightfulOutcomes,LLC/IS-LTD/APPS/CaliberVaultII/src/test/e2e/team-collaboration.spec.ts:4:8

    Error: locator.click: Test timeout of 30000ms exceeded.
    Call log:
      - waiting for getByRole('button', { name: /login/i })


      4 |   test.beforeEach(async ({ page }) => {
      5 |     await page.goto('/');
    > 6 |     await page.getByRole('button', { name: /login/i }).click();
        |                                                        ^
      7 |     await page.fill('input[type="email"]', 'test@example.com');
      8 |     await page.fill('input[type="password"]', 'password123');
      9 |     await page.getByRole('button', { name: /sign in/i }).click();
        at /Users/ghogue/Library/CloudStorage/OneDrive-InsightfulOutcomes,LLC/IS-LTD/APPS/CaliberVaultII/src/test/e2e/team-collaboration.spec.ts:6:56

    attachment #1: screenshot (image/png) ──────────────────────────────────────────────────────────
    ../../test-results/e2e-team-collaboration-Tea-4b748--should-add-comment-to-item-webkit/test-failed-1.png
    ────────────────────────────────────────────────────────────────────────────────────────────────

    attachment #2: video (video/webm) ──────────────────────────────────────────────────────────────
    ../../test-results/e2e-team-collaboration-Tea-4b748--should-add-comment-to-item-webkit/video.webm
    ────────────────────────────────────────────────────────────────────────────────────────────────
]]>
</failure>
<system-out>
<![CDATA[
[[ATTACHMENT|e2e-team-collaboration-Tea-4b748--should-add-comment-to-item-webkit/test-failed-1.png]]

[[ATTACHMENT|e2e-team-collaboration-Tea-4b748--should-add-comment-to-item-webkit/video.webm]]
]]>
</system-out>
</testcase>
</testsuite>
<testsuite name="performance/load-testing.spec.ts" timestamp="2025-11-07T02:55:58.284Z" hostname="webkit" tests="3" failures="3" skipped="0" time="60.758" errors="0">
<testcase name="Load Testing › should handle 1000 inventory items" classname="performance/load-testing.spec.ts" time="0.662">
<failure message="load-testing.spec.ts:4:3 should handle 1000 inventory items" type="FAILURE">
<![CDATA[  [webkit] › performance/load-testing.spec.ts:4:3 › Load Testing › should handle 1000 inventory items 

    Error: expect(received).toBeGreaterThan(expected)

    Expected: > 0
    Received:   0

      24 |     
      25 |     const itemCount = await page.locator('.item-card').count();
    > 26 |     expect(itemCount).toBeGreaterThan(0);
         |                       ^
      27 |   });
      28 |
      29 |   test('should handle rapid filtering', async ({ page }) => {
        at /Users/ghogue/Library/CloudStorage/OneDrive-InsightfulOutcomes,LLC/IS-LTD/APPS/CaliberVaultII/src/test/performance/load-testing.spec.ts:26:23

    attachment #1: screenshot (image/png) ──────────────────────────────────────────────────────────
    ../../test-results/performance-load-testing-L-21deb-handle-1000-inventory-items-webkit/test-failed-1.png
    ────────────────────────────────────────────────────────────────────────────────────────────────

    attachment #2: video (video/webm) ──────────────────────────────────────────────────────────────
    ../../test-results/performance-load-testing-L-21deb-handle-1000-inventory-items-webkit/video.webm
    ────────────────────────────────────────────────────────────────────────────────────────────────
]]>
</failure>
<system-out>
<![CDATA[
[[ATTACHMENT|performance-load-testing-L-21deb-handle-1000-inventory-items-webkit/test-failed-1.png]]

[[ATTACHMENT|performance-load-testing-L-21deb-handle-1000-inventory-items-webkit/video.webm]]
]]>
</system-out>
</testcase>
<testcase name="Load Testing › should handle rapid filtering" classname="performance/load-testing.spec.ts" time="30.048">
<failure message="load-testing.spec.ts:29:3 should handle rapid filtering" type="FAILURE">
<![CDATA[  [webkit] › performance/load-testing.spec.ts:29:3 › Load Testing › should handle rapid filtering ──

    Test timeout of 30000ms exceeded.

    Error: page.selectOption: Test timeout of 30000ms exceeded.
    Call log:
      - waiting for locator('select[name="category"]')


      34 |     
      35 |     for (const category of categories) {
    > 36 |       await page.selectOption('select[name="category"]', category);
         |                  ^
      37 |       await page.waitForLoadState('networkidle');
      38 |     }
      39 |     
        at /Users/ghogue/Library/CloudStorage/OneDrive-InsightfulOutcomes,LLC/IS-LTD/APPS/CaliberVaultII/src/test/performance/load-testing.spec.ts:36:18

    attachment #1: screenshot (image/png) ──────────────────────────────────────────────────────────
    ../../test-results/performance-load-testing-L-9566d-ould-handle-rapid-filtering-webkit/test-failed-1.png
    ────────────────────────────────────────────────────────────────────────────────────────────────

    attachment #2: video (video/webm) ──────────────────────────────────────────────────────────────
    ../../test-results/performance-load-testing-L-9566d-ould-handle-rapid-filtering-webkit/video.webm
    ────────────────────────────────────────────────────────────────────────────────────────────────
]]>
</failure>
<system-out>
<![CDATA[
[[ATTACHMENT|performance-load-testing-L-9566d-ould-handle-rapid-filtering-webkit/test-failed-1.png]]

[[ATTACHMENT|performance-load-testing-L-9566d-ould-handle-rapid-filtering-webkit/video.webm]]
]]>
</system-out>
</testcase>
<testcase name="Load Testing › should handle concurrent operations" classname="performance/load-testing.spec.ts" time="30.048">
<failure message="load-testing.spec.ts:44:3 should handle concurrent operations" type="FAILURE">
<![CDATA[  [webkit] › performance/load-testing.spec.ts:44:3 › Load Testing › should handle concurrent operations 

    Test timeout of 30000ms exceeded.

    Error: page.fill: Test timeout of 30000ms exceeded.
    Call log:
      - waiting for locator('input[type="search"]')


      48 |       page.getByRole('button', { name: /filter/i }).click(),
      49 |       page.getByRole('button', { name: /sort/i }).click(),
    > 50 |       page.fill('input[type="search"]', 'test'),
         |            ^
      51 |     ];
      52 |     
      53 |     await Promise.all(operations);
        at /Users/ghogue/Library/CloudStorage/OneDrive-InsightfulOutcomes,LLC/IS-LTD/APPS/CaliberVaultII/src/test/performance/load-testing.spec.ts:50:12

    attachment #1: screenshot (image/png) ──────────────────────────────────────────────────────────
    ../../test-results/performance-load-testing-L-7d39d-andle-concurrent-operations-webkit/test-failed-1.png
    ────────────────────────────────────────────────────────────────────────────────────────────────

    attachment #2: video (video/webm) ──────────────────────────────────────────────────────────────
    ../../test-results/performance-load-testing-L-7d39d-andle-concurrent-operations-webkit/video.webm
    ────────────────────────────────────────────────────────────────────────────────────────────────
]]>
</failure>
<system-out>
<![CDATA[
[[ATTACHMENT|performance-load-testing-L-7d39d-andle-concurrent-operations-webkit/test-failed-1.png]]

[[ATTACHMENT|performance-load-testing-L-7d39d-andle-concurrent-operations-webkit/video.webm]]
]]>
</system-out>
</testcase>
</testsuite>
<testsuite name="performance/performance.spec.ts" timestamp="2025-11-07T02:55:58.284Z" hostname="webkit" tests="6" failures="4" skipped="0" time="126.467" errors="0">
<testcase name="Performance Tests › homepage loads within acceptable time" classname="performance/performance.spec.ts" time="30.091">
<failure message="performance.spec.ts:9:3 homepage loads within acceptable time" type="FAILURE">
<![CDATA[  [webkit] › performance/performance.spec.ts:9:3 › Performance Tests › homepage loads within acceptable time 

    Test timeout of 30000ms exceeded.

    Error: page.waitForSelector: Test timeout of 30000ms exceeded.
    Call log:
      - waiting for locator('[data-testid="app-layout"]') to be visible


      10 |     const startTime = Date.now();
      11 |     await page.goto('/');
    > 12 |     await page.waitForSelector('[data-testid="app-layout"]');
         |                ^
      13 |     const loadTime = Date.now() - startTime;
      14 |     
      15 |     expect(loadTime).toBeLessThan(3000); // Should load in under 3 seconds
        at /Users/ghogue/Library/CloudStorage/OneDrive-InsightfulOutcomes,LLC/IS-LTD/APPS/CaliberVaultII/src/test/performance/performance.spec.ts:12:16

    attachment #1: screenshot (image/png) ──────────────────────────────────────────────────────────
    ../../test-results/performance-performance-Pe-2daac-oads-within-acceptable-time-webkit/test-failed-1.png
    ────────────────────────────────────────────────────────────────────────────────────────────────

    attachment #2: video (video/webm) ──────────────────────────────────────────────────────────────
    ../../test-results/performance-performance-Pe-2daac-oads-within-acceptable-time-webkit/video.webm
    ────────────────────────────────────────────────────────────────────────────────────────────────
]]>
</failure>
<system-out>
<![CDATA[
[[ATTACHMENT|performance-performance-Pe-2daac-oads-within-acceptable-time-webkit/test-failed-1.png]]

[[ATTACHMENT|performance-performance-Pe-2daac-oads-within-acceptable-time-webkit/video.webm]]
]]>
</system-out>
</testcase>
<testcase name="Performance Tests › measures Core Web Vitals" classname="performance/performance.spec.ts" time="5.654">
<system-out>
<![CDATA[Core Web Vitals: {}
]]>
</system-out>
</testcase>
<testcase name="Performance Tests › inventory list renders efficiently with many items" classname="performance/performance.spec.ts" time="30.08">
<failure message="performance.spec.ts:46:3 inventory list renders efficiently with many items" type="FAILURE">
<![CDATA[  [webkit] › performance/performance.spec.ts:46:3 › Performance Tests › inventory list renders efficiently with many items 

    Test timeout of 30000ms exceeded.

    Error: page.waitForSelector: Test timeout of 30000ms exceeded.
    Call log:
      - waiting for locator('[data-testid="item-card"]') to be visible


      48 |     
      49 |     const startTime = Date.now();
    > 50 |     await page.waitForSelector('[data-testid="item-card"]');
         |                ^
      51 |     const renderTime = Date.now() - startTime;
      52 |     
      53 |     expect(renderTime).toBeLessThan(2000);
        at /Users/ghogue/Library/CloudStorage/OneDrive-InsightfulOutcomes,LLC/IS-LTD/APPS/CaliberVaultII/src/test/performance/performance.spec.ts:50:16

    attachment #1: screenshot (image/png) ──────────────────────────────────────────────────────────
    ../../test-results/performance-performance-Pe-7405e-efficiently-with-many-items-webkit/test-failed-1.png
    ────────────────────────────────────────────────────────────────────────────────────────────────

    attachment #2: video (video/webm) ──────────────────────────────────────────────────────────────
    ../../test-results/performance-performance-Pe-7405e-efficiently-with-many-items-webkit/video.webm
    ────────────────────────────────────────────────────────────────────────────────────────────────
]]>
</failure>
<system-out>
<![CDATA[
[[ATTACHMENT|performance-performance-Pe-7405e-efficiently-with-many-items-webkit/test-failed-1.png]]

[[ATTACHMENT|performance-performance-Pe-7405e-efficiently-with-many-items-webkit/video.webm]]
]]>
</system-out>
</testcase>
<testcase name="Performance Tests › search performs efficiently" classname="performance/performance.spec.ts" time="30.057">
<failure message="performance.spec.ts:56:3 search performs efficiently" type="FAILURE">
<![CDATA[  [webkit] › performance/performance.spec.ts:56:3 › Performance Tests › search performs efficiently 

    Test timeout of 30000ms exceeded.

    Error: page.fill: Test timeout of 30000ms exceeded.
    Call log:
      - waiting for locator('input[placeholder*="Search"]')


      56 |   test('search performs efficiently', async ({ page }) => {
      57 |     await page.goto('/');
    > 58 |     await page.fill('input[placeholder*="Search"]', 'test');
         |                ^
      59 |     
      60 |     const startTime = Date.now();
      61 |     await page.waitForTimeout(300); // Debounce time
        at /Users/ghogue/Library/CloudStorage/OneDrive-InsightfulOutcomes,LLC/IS-LTD/APPS/CaliberVaultII/src/test/performance/performance.spec.ts:58:16

    attachment #1: screenshot (image/png) ──────────────────────────────────────────────────────────
    ../../test-results/performance-performance-Pe-2f0b2-search-performs-efficiently-webkit/test-failed-1.png
    ────────────────────────────────────────────────────────────────────────────────────────────────

    attachment #2: video (video/webm) ──────────────────────────────────────────────────────────────
    ../../test-results/performance-performance-Pe-2f0b2-search-performs-efficiently-webkit/video.webm
    ────────────────────────────────────────────────────────────────────────────────────────────────
]]>
</failure>
<system-out>
<![CDATA[
[[ATTACHMENT|performance-performance-Pe-2f0b2-search-performs-efficiently-webkit/test-failed-1.png]]

[[ATTACHMENT|performance-performance-Pe-2f0b2-search-performs-efficiently-webkit/video.webm]]
]]>
</system-out>
</testcase>
<testcase name="Performance Tests › filter application is performant" classname="performance/performance.spec.ts" time="30.07">
<failure message="performance.spec.ts:67:3 filter application is performant" type="FAILURE">
<![CDATA[  [webkit] › performance/performance.spec.ts:67:3 › Performance Tests › filter application is performant 

    Test timeout of 30000ms exceeded.

    Error: page.click: Test timeout of 30000ms exceeded.
    Call log:
      - waiting for locator('button:has-text("Firearms")')


      69 |     
      70 |     const startTime = Date.now();
    > 71 |     await page.click('button:has-text("Firearms")');
         |                ^
      72 |     await page.waitForTimeout(100);
      73 |     const filterTime = Date.now() - startTime;
      74 |     
        at /Users/ghogue/Library/CloudStorage/OneDrive-InsightfulOutcomes,LLC/IS-LTD/APPS/CaliberVaultII/src/test/performance/performance.spec.ts:71:16

    attachment #1: screenshot (image/png) ──────────────────────────────────────────────────────────
    ../../test-results/performance-performance-Pe-8f890-r-application-is-performant-webkit/test-failed-1.png
    ────────────────────────────────────────────────────────────────────────────────────────────────

    attachment #2: video (video/webm) ──────────────────────────────────────────────────────────────
    ../../test-results/performance-performance-Pe-8f890-r-application-is-performant-webkit/video.webm
    ────────────────────────────────────────────────────────────────────────────────────────────────
]]>
</failure>
<system-out>
<![CDATA[
[[ATTACHMENT|performance-performance-Pe-8f890-r-application-is-performant-webkit/test-failed-1.png]]

[[ATTACHMENT|performance-performance-Pe-8f890-r-application-is-performant-webkit/video.webm]]
]]>
</system-out>
</testcase>
<testcase name="Performance Tests › image loading is optimized" classname="performance/performance.spec.ts" time="0.515">
</testcase>
</testsuite>
<testsuite name="security/security.spec.ts" timestamp="2025-11-07T02:55:58.284Z" hostname="webkit" tests="16" failures="6" skipped="0" time="100.446" errors="0">
<testcase name="Security Testing Suite › Authentication Security › should prevent access to protected routes without authentication" classname="security/security.spec.ts" time="5.635">
<failure message="security.spec.ts:6:5 should prevent access to protected routes without authentication" type="FAILURE">
<![CDATA[  [webkit] › security/security.spec.ts:6:5 › Security Testing Suite › Authentication Security › should prevent access to protected routes without authentication 

    Error: expect(locator).toBeVisible() failed

    Locator: locator('text=Sign In').or(locator('text=Login'))
    Expected: visible
    Timeout: 5000ms
    Error: element(s) not found

    Call log:
      - Expect "toBeVisible" with timeout 5000ms
      - waiting for locator('text=Sign In').or(locator('text=Login'))


      11 |       
      12 |       // Should redirect to login or show login modal
    > 13 |       await expect(page.locator('text=Sign In').or(page.locator('text=Login'))).toBeVisible({ timeout: 5000 });
         |                                                                                 ^
      14 |     });
      15 |
      16 |     test('should enforce password complexity requirements', async ({ page }) => {
        at /Users/ghogue/Library/CloudStorage/OneDrive-InsightfulOutcomes,LLC/IS-LTD/APPS/CaliberVaultII/src/test/security/security.spec.ts:13:81

    attachment #1: screenshot (image/png) ──────────────────────────────────────────────────────────
    ../../test-results/security-security-Security-ee871-utes-without-authentication-webkit/test-failed-1.png
    ────────────────────────────────────────────────────────────────────────────────────────────────

    attachment #2: video (video/webm) ──────────────────────────────────────────────────────────────
    ../../test-results/security-security-Security-ee871-utes-without-authentication-webkit/video.webm
    ────────────────────────────────────────────────────────────────────────────────────────────────
]]>
</failure>
<system-out>
<![CDATA[
[[ATTACHMENT|security-security-Security-ee871-utes-without-authentication-webkit/test-failed-1.png]]

[[ATTACHMENT|security-security-Security-ee871-utes-without-authentication-webkit/video.webm]]
]]>
</system-out>
</testcase>
<testcase name="Security Testing Suite › Authentication Security › should enforce password complexity requirements" classname="security/security.spec.ts" time="30.06">
<failure message="security.spec.ts:16:5 should enforce password complexity requirements" type="FAILURE">
<![CDATA[  [webkit] › security/security.spec.ts:16:5 › Security Testing Suite › Authentication Security › should enforce password complexity requirements 

    Test timeout of 30000ms exceeded.

    Error: locator.click: Test timeout of 30000ms exceeded.
    Call log:
      - waiting for locator('button:has-text("Sign Up"), button:has-text("Get Started")').first()


      19 |       // Open signup modal
      20 |       const signupButton = page.locator('button:has-text("Sign Up"), button:has-text("Get Started")').first();
    > 21 |       await signupButton.click();
         |                          ^
      22 |       
      23 |       // Try weak password
      24 |       await page.fill('input[type="email"]', 'test@example.com');
        at /Users/ghogue/Library/CloudStorage/OneDrive-InsightfulOutcomes,LLC/IS-LTD/APPS/CaliberVaultII/src/test/security/security.spec.ts:21:26

    attachment #1: screenshot (image/png) ──────────────────────────────────────────────────────────
    ../../test-results/security-security-Security-fc5fe-ord-complexity-requirements-webkit/test-failed-1.png
    ────────────────────────────────────────────────────────────────────────────────────────────────

    attachment #2: video (video/webm) ──────────────────────────────────────────────────────────────
    ../../test-results/security-security-Security-fc5fe-ord-complexity-requirements-webkit/video.webm
    ────────────────────────────────────────────────────────────────────────────────────────────────
]]>
</failure>
<system-out>
<![CDATA[
[[ATTACHMENT|security-security-Security-fc5fe-ord-complexity-requirements-webkit/test-failed-1.png]]

[[ATTACHMENT|security-security-Security-fc5fe-ord-complexity-requirements-webkit/video.webm]]
]]>
</system-out>
</testcase>
<testcase name="Security Testing Suite › Authentication Security › should implement rate limiting on login attempts" classname="security/security.spec.ts" time="30.067">
<failure message="security.spec.ts:34:5 should implement rate limiting on login attempts" type="FAILURE">
<![CDATA[  [webkit] › security/security.spec.ts:34:5 › Security Testing Suite › Authentication Security › should implement rate limiting on login attempts 

    Test timeout of 30000ms exceeded.

    Error: page.fill: Test timeout of 30000ms exceeded.
    Call log:
      - waiting for locator('input[type="email"]')


      37 |       // Attempt multiple failed logins
      38 |       for (let i = 0; i < 6; i++) {
    > 39 |         await page.fill('input[type="email"]', 'test@example.com');
         |                    ^
      40 |         await page.fill('input[type="password"]', 'wrongpassword');
      41 |         await page.locator('button[type="submit"]').click();
      42 |         await page.waitForTimeout(500);
        at /Users/ghogue/Library/CloudStorage/OneDrive-InsightfulOutcomes,LLC/IS-LTD/APPS/CaliberVaultII/src/test/security/security.spec.ts:39:20

    attachment #1: screenshot (image/png) ──────────────────────────────────────────────────────────
    ../../test-results/security-security-Security-06d6e--limiting-on-login-attempts-webkit/test-failed-1.png
    ────────────────────────────────────────────────────────────────────────────────────────────────

    attachment #2: video (video/webm) ──────────────────────────────────────────────────────────────
    ../../test-results/security-security-Security-06d6e--limiting-on-login-attempts-webkit/video.webm
    ────────────────────────────────────────────────────────────────────────────────────────────────
]]>
</failure>
<system-out>
<![CDATA[
[[ATTACHMENT|security-security-Security-06d6e--limiting-on-login-attempts-webkit/test-failed-1.png]]

[[ATTACHMENT|security-security-Security-06d6e--limiting-on-login-attempts-webkit/video.webm]]
]]>
</system-out>
</testcase>
<testcase name="Security Testing Suite › Authorization Security › should prevent unauthorized access to other users data" classname="security/security.spec.ts" time="0.524">
</testcase>
<testcase name="Security Testing Suite › Authorization Security › should enforce role-based access control" classname="security/security.spec.ts" time="0.434">
</testcase>
<testcase name="Security Testing Suite › SQL Injection Prevention › should sanitize search input to prevent SQL injection" classname="security/security.spec.ts" time="30.066">
<failure message="security.spec.ts:76:5 should sanitize search input to prevent SQL injection" type="FAILURE">
<![CDATA[  [webkit] › security/security.spec.ts:76:5 › Security Testing Suite › SQL Injection Prevention › should sanitize search input to prevent SQL injection 

    Test timeout of 30000ms exceeded.

    Error: locator.fill: Test timeout of 30000ms exceeded.
    Call log:
      - waiting for locator('input[placeholder*="Search"], input[type="search"]').first()


      86 |       for (const payload of sqlInjectionPayloads) {
      87 |         const searchInput = page.locator('input[placeholder*="Search"], input[type="search"]').first();
    > 88 |         await searchInput.fill(payload);
         |                           ^
      89 |         await page.keyboard.press('Enter');
      90 |         
      91 |         // Should not cause errors or expose data
        at /Users/ghogue/Library/CloudStorage/OneDrive-InsightfulOutcomes,LLC/IS-LTD/APPS/CaliberVaultII/src/test/security/security.spec.ts:88:27

    attachment #1: screenshot (image/png) ──────────────────────────────────────────────────────────
    ../../test-results/security-security-Security-a108f-ut-to-prevent-SQL-injection-webkit/test-failed-1.png
    ────────────────────────────────────────────────────────────────────────────────────────────────

    attachment #2: video (video/webm) ──────────────────────────────────────────────────────────────
    ../../test-results/security-security-Security-a108f-ut-to-prevent-SQL-injection-webkit/video.webm
    ────────────────────────────────────────────────────────────────────────────────────────────────
]]>
</failure>
<system-out>
<![CDATA[
[[ATTACHMENT|security-security-Security-a108f-ut-to-prevent-SQL-injection-webkit/test-failed-1.png]]

[[ATTACHMENT|security-security-Security-a108f-ut-to-prevent-SQL-injection-webkit/video.webm]]
]]>
</system-out>
</testcase>
<testcase name="Security Testing Suite › XSS Prevention › should sanitize user input to prevent XSS attacks" classname="security/security.spec.ts" time="0.294">
</testcase>
<testcase name="Security Testing Suite › CSRF Protection › should include CSRF tokens in forms" classname="security/security.spec.ts" time="0.284">
</testcase>
<testcase name="Security Testing Suite › Sensitive Data Protection › should not expose sensitive data in client-side code" classname="security/security.spec.ts" time="0.31">
</testcase>
<testcase name="Security Testing Suite › Sensitive Data Protection › should use HTTPS for all API calls" classname="security/security.spec.ts" time="0.371">
</testcase>
<testcase name="Security Testing Suite › Session Security › should implement secure session management" classname="security/security.spec.ts" time="0.556">
</testcase>
<testcase name="Security Testing Suite › Session Security › should expire sessions after inactivity" classname="security/security.spec.ts" time="0.274">
</testcase>
<testcase name="Security Testing Suite › Input Validation › should validate file uploads" classname="security/security.spec.ts" time="0.261">
</testcase>
<testcase name="Security Testing Suite › Input Validation › should validate numeric inputs" classname="security/security.spec.ts" time="0.295">
</testcase>
<testcase name="Security Testing Suite › Content Security Policy › should have proper CSP headers" classname="security/security.spec.ts" time="0.405">
<failure message="security.spec.ts:229:5 should have proper CSP headers" type="FAILURE">
<![CDATA[  [webkit] › security/security.spec.ts:229:5 › Security Testing Suite › Content Security Policy › should have proper CSP headers 

    Error: expect(received).toBeTruthy()

    Received: undefined

      235 |         headers?.['content-security-policy'] ||
      236 |         headers?.['x-content-security-policy']
    > 237 |       ).toBeTruthy();
          |         ^
      238 |     });
      239 |
      240 |     test('should have X-Frame-Options header', async ({ page }) => {
        at /Users/ghogue/Library/CloudStorage/OneDrive-InsightfulOutcomes,LLC/IS-LTD/APPS/CaliberVaultII/src/test/security/security.spec.ts:237:9

    attachment #1: screenshot (image/png) ──────────────────────────────────────────────────────────
    ../../test-results/security-security-Security-8b499-uld-have-proper-CSP-headers-webkit/test-failed-1.png
    ────────────────────────────────────────────────────────────────────────────────────────────────

    attachment #2: video (video/webm) ──────────────────────────────────────────────────────────────
    ../../test-results/security-security-Security-8b499-uld-have-proper-CSP-headers-webkit/video.webm
    ────────────────────────────────────────────────────────────────────────────────────────────────
]]>
</failure>
<system-out>
<![CDATA[
[[ATTACHMENT|security-security-Security-8b499-uld-have-proper-CSP-headers-webkit/test-failed-1.png]]

[[ATTACHMENT|security-security-Security-8b499-uld-have-proper-CSP-headers-webkit/video.webm]]
]]>
</system-out>
</testcase>
<testcase name="Security Testing Suite › Content Security Policy › should have X-Frame-Options header" classname="security/security.spec.ts" time="0.61">
<failure message="security.spec.ts:240:5 should have X-Frame-Options header" type="FAILURE">
<![CDATA[  [webkit] › security/security.spec.ts:240:5 › Security Testing Suite › Content Security Policy › should have X-Frame-Options header 

    Error: expect(received).toMatch(expected)

    Matcher error: received value must be a string

    Received has value: undefined

      242 |       const headers = response?.headers();
      243 |       
    > 244 |       expect(headers?.['x-frame-options']).toMatch(/DENY|SAMEORIGIN/i);
          |                                            ^
      245 |     });
      246 |   });
      247 | });
        at /Users/ghogue/Library/CloudStorage/OneDrive-InsightfulOutcomes,LLC/IS-LTD/APPS/CaliberVaultII/src/test/security/security.spec.ts:244:44

    attachment #1: screenshot (image/png) ──────────────────────────────────────────────────────────
    ../../test-results/security-security-Security-ae6db-have-X-Frame-Options-header-webkit/test-failed-1.png
    ────────────────────────────────────────────────────────────────────────────────────────────────

    attachment #2: video (video/webm) ──────────────────────────────────────────────────────────────
    ../../test-results/security-security-Security-ae6db-have-X-Frame-Options-header-webkit/video.webm
    ────────────────────────────────────────────────────────────────────────────────────────────────
]]>
</failure>
<system-out>
<![CDATA[
[[ATTACHMENT|security-security-Security-ae6db-have-X-Frame-Options-header-webkit/test-failed-1.png]]

[[ATTACHMENT|security-security-Security-ae6db-have-X-Frame-Options-header-webkit/video.webm]]
]]>
</system-out>
</testcase>
</testsuite>
<testsuite name="visual/visual-regression.spec.ts" timestamp="2025-11-07T02:55:58.284Z" hostname="webkit" tests="9" failures="9" skipped="0" time="95.324" errors="0">
<testcase name="Visual Regression Tests › homepage renders correctly" classname="visual/visual-regression.spec.ts" time="10.57">
<failure message="visual-regression.spec.ts:15:3 homepage renders correctly" type="FAILURE">
<![CDATA[  [webkit] › visual/visual-regression.spec.ts:15:3 › Visual Regression Tests › homepage renders correctly 

    TimeoutError: page.waitForSelector: Timeout 10000ms exceeded.
    Call log:
      - waiting for locator('[data-testid="app-layout"]') to be visible


      10 |     await page.goto('/');
      11 |     // Wait for app to be fully loaded
    > 12 |     await page.waitForSelector('[data-testid="app-layout"]', { timeout: 10000 });
         |                ^
      13 |   });
      14 |
      15 |   test('homepage renders correctly', async ({ page }) => {
        at /Users/ghogue/Library/CloudStorage/OneDrive-InsightfulOutcomes,LLC/IS-LTD/APPS/CaliberVaultII/src/test/visual/visual-regression.spec.ts:12:16

    attachment #1: screenshot (image/png) ──────────────────────────────────────────────────────────
    ../../test-results/visual-visual-regression-V-9b275--homepage-renders-correctly-webkit/test-failed-1.png
    ────────────────────────────────────────────────────────────────────────────────────────────────

    attachment #2: video (video/webm) ──────────────────────────────────────────────────────────────
    ../../test-results/visual-visual-regression-V-9b275--homepage-renders-correctly-webkit/video.webm
    ────────────────────────────────────────────────────────────────────────────────────────────────
]]>
</failure>
<system-out>
<![CDATA[
[[ATTACHMENT|visual-visual-regression-V-9b275--homepage-renders-correctly-webkit/test-failed-1.png]]

[[ATTACHMENT|visual-visual-regression-V-9b275--homepage-renders-correctly-webkit/video.webm]]
]]>
</system-out>
</testcase>
<testcase name="Visual Regression Tests › inventory dashboard renders correctly" classname="visual/visual-regression.spec.ts" time="10.57">
<failure message="visual-regression.spec.ts:22:3 inventory dashboard renders correctly" type="FAILURE">
<![CDATA[  [webkit] › visual/visual-regression.spec.ts:22:3 › Visual Regression Tests › inventory dashboard renders correctly 

    TimeoutError: page.waitForSelector: Timeout 10000ms exceeded.
    Call log:
      - waiting for locator('[data-testid="app-layout"]') to be visible


      10 |     await page.goto('/');
      11 |     // Wait for app to be fully loaded
    > 12 |     await page.waitForSelector('[data-testid="app-layout"]', { timeout: 10000 });
         |                ^
      13 |   });
      14 |
      15 |   test('homepage renders correctly', async ({ page }) => {
        at /Users/ghogue/Library/CloudStorage/OneDrive-InsightfulOutcomes,LLC/IS-LTD/APPS/CaliberVaultII/src/test/visual/visual-regression.spec.ts:12:16

    attachment #1: screenshot (image/png) ──────────────────────────────────────────────────────────
    ../../test-results/visual-visual-regression-V-5fa01-dashboard-renders-correctly-webkit/test-failed-1.png
    ────────────────────────────────────────────────────────────────────────────────────────────────

    attachment #2: video (video/webm) ──────────────────────────────────────────────────────────────
    ../../test-results/visual-visual-regression-V-5fa01-dashboard-renders-correctly-webkit/video.webm
    ────────────────────────────────────────────────────────────────────────────────────────────────
]]>
</failure>
<system-out>
<![CDATA[
[[ATTACHMENT|visual-visual-regression-V-5fa01-dashboard-renders-correctly-webkit/test-failed-1.png]]

[[ATTACHMENT|visual-visual-regression-V-5fa01-dashboard-renders-correctly-webkit/video.webm]]
]]>
</system-out>
</testcase>
<testcase name="Visual Regression Tests › add item modal renders correctly" classname="visual/visual-regression.spec.ts" time="10.501">
<failure message="visual-regression.spec.ts:31:3 add item modal renders correctly" type="FAILURE">
<![CDATA[  [webkit] › visual/visual-regression.spec.ts:31:3 › Visual Regression Tests › add item modal renders correctly 

    TimeoutError: page.waitForSelector: Timeout 10000ms exceeded.
    Call log:
      - waiting for locator('[data-testid="app-layout"]') to be visible


      10 |     await page.goto('/');
      11 |     // Wait for app to be fully loaded
    > 12 |     await page.waitForSelector('[data-testid="app-layout"]', { timeout: 10000 });
         |                ^
      13 |   });
      14 |
      15 |   test('homepage renders correctly', async ({ page }) => {
        at /Users/ghogue/Library/CloudStorage/OneDrive-InsightfulOutcomes,LLC/IS-LTD/APPS/CaliberVaultII/src/test/visual/visual-regression.spec.ts:12:16

    attachment #1: screenshot (image/png) ──────────────────────────────────────────────────────────
    ../../test-results/visual-visual-regression-V-d08d4-tem-modal-renders-correctly-webkit/test-failed-1.png
    ────────────────────────────────────────────────────────────────────────────────────────────────

    attachment #2: video (video/webm) ──────────────────────────────────────────────────────────────
    ../../test-results/visual-visual-regression-V-d08d4-tem-modal-renders-correctly-webkit/video.webm
    ────────────────────────────────────────────────────────────────────────────────────────────────
]]>
</failure>
<system-out>
<![CDATA[
[[ATTACHMENT|visual-visual-regression-V-d08d4-tem-modal-renders-correctly-webkit/test-failed-1.png]]

[[ATTACHMENT|visual-visual-regression-V-d08d4-tem-modal-renders-correctly-webkit/video.webm]]
]]>
</system-out>
</testcase>
<testcase name="Visual Regression Tests › filter panel renders correctly" classname="visual/visual-regression.spec.ts" time="10.53">
<failure message="visual-regression.spec.ts:39:3 filter panel renders correctly" type="FAILURE">
<![CDATA[  [webkit] › visual/visual-regression.spec.ts:39:3 › Visual Regression Tests › filter panel renders correctly 

    TimeoutError: page.waitForSelector: Timeout 10000ms exceeded.
    Call log:
      - waiting for locator('[data-testid="app-layout"]') to be visible


      10 |     await page.goto('/');
      11 |     // Wait for app to be fully loaded
    > 12 |     await page.waitForSelector('[data-testid="app-layout"]', { timeout: 10000 });
         |                ^
      13 |   });
      14 |
      15 |   test('homepage renders correctly', async ({ page }) => {
        at /Users/ghogue/Library/CloudStorage/OneDrive-InsightfulOutcomes,LLC/IS-LTD/APPS/CaliberVaultII/src/test/visual/visual-regression.spec.ts:12:16

    attachment #1: screenshot (image/png) ──────────────────────────────────────────────────────────
    ../../test-results/visual-visual-regression-V-b8dba-ter-panel-renders-correctly-webkit/test-failed-1.png
    ────────────────────────────────────────────────────────────────────────────────────────────────

    attachment #2: video (video/webm) ──────────────────────────────────────────────────────────────
    ../../test-results/visual-visual-regression-V-b8dba-ter-panel-renders-correctly-webkit/video.webm
    ────────────────────────────────────────────────────────────────────────────────────────────────
]]>
</failure>
<system-out>
<![CDATA[
[[ATTACHMENT|visual-visual-regression-V-b8dba-ter-panel-renders-correctly-webkit/test-failed-1.png]]

[[ATTACHMENT|visual-visual-regression-V-b8dba-ter-panel-renders-correctly-webkit/video.webm]]
]]>
</system-out>
</testcase>
<testcase name="Visual Regression Tests › item card renders correctly" classname="visual/visual-regression.spec.ts" time="10.543">
<failure message="visual-regression.spec.ts:47:3 item card renders correctly" type="FAILURE">
<![CDATA[  [webkit] › visual/visual-regression.spec.ts:47:3 › Visual Regression Tests › item card renders correctly 

    TimeoutError: page.waitForSelector: Timeout 10000ms exceeded.
    Call log:
      - waiting for locator('[data-testid="app-layout"]') to be visible


      10 |     await page.goto('/');
      11 |     // Wait for app to be fully loaded
    > 12 |     await page.waitForSelector('[data-testid="app-layout"]', { timeout: 10000 });
         |                ^
      13 |   });
      14 |
      15 |   test('homepage renders correctly', async ({ page }) => {
        at /Users/ghogue/Library/CloudStorage/OneDrive-InsightfulOutcomes,LLC/IS-LTD/APPS/CaliberVaultII/src/test/visual/visual-regression.spec.ts:12:16

    attachment #1: screenshot (image/png) ──────────────────────────────────────────────────────────
    ../../test-results/visual-visual-regression-V-f7414-item-card-renders-correctly-webkit/test-failed-1.png
    ────────────────────────────────────────────────────────────────────────────────────────────────

    attachment #2: video (video/webm) ──────────────────────────────────────────────────────────────
    ../../test-results/visual-visual-regression-V-f7414-item-card-renders-correctly-webkit/video.webm
    ────────────────────────────────────────────────────────────────────────────────────────────────
]]>
</failure>
<system-out>
<![CDATA[
[[ATTACHMENT|visual-visual-regression-V-f7414-item-card-renders-correctly-webkit/test-failed-1.png]]

[[ATTACHMENT|visual-visual-regression-V-f7414-item-card-renders-correctly-webkit/video.webm]]
]]>
</system-out>
</testcase>
<testcase name="Visual Regression Tests › category icons display correctly" classname="visual/visual-regression.spec.ts" time="10.56">
<failure message="visual-regression.spec.ts:55:3 category icons display correctly" type="FAILURE">
<![CDATA[  [webkit] › visual/visual-regression.spec.ts:55:3 › Visual Regression Tests › category icons display correctly 

    TimeoutError: page.waitForSelector: Timeout 10000ms exceeded.
    Call log:
      - waiting for locator('[data-testid="app-layout"]') to be visible


      10 |     await page.goto('/');
      11 |     // Wait for app to be fully loaded
    > 12 |     await page.waitForSelector('[data-testid="app-layout"]', { timeout: 10000 });
         |                ^
      13 |   });
      14 |
      15 |   test('homepage renders correctly', async ({ page }) => {
        at /Users/ghogue/Library/CloudStorage/OneDrive-InsightfulOutcomes,LLC/IS-LTD/APPS/CaliberVaultII/src/test/visual/visual-regression.spec.ts:12:16

    attachment #1: screenshot (image/png) ──────────────────────────────────────────────────────────
    ../../test-results/visual-visual-regression-V-60946-ory-icons-display-correctly-webkit/test-failed-1.png
    ────────────────────────────────────────────────────────────────────────────────────────────────

    attachment #2: video (video/webm) ──────────────────────────────────────────────────────────────
    ../../test-results/visual-visual-regression-V-60946-ory-icons-display-correctly-webkit/video.webm
    ────────────────────────────────────────────────────────────────────────────────────────────────
]]>
</failure>
<system-out>
<![CDATA[
[[ATTACHMENT|visual-visual-regression-V-60946-ory-icons-display-correctly-webkit/test-failed-1.png]]

[[ATTACHMENT|visual-visual-regression-V-60946-ory-icons-display-correctly-webkit/video.webm]]
]]>
</system-out>
</testcase>
<testcase name="Visual Regression Tests › mobile view renders correctly" classname="visual/visual-regression.spec.ts" time="10.585">
<failure message="visual-regression.spec.ts:67:3 mobile view renders correctly" type="FAILURE">
<![CDATA[  [webkit] › visual/visual-regression.spec.ts:67:3 › Visual Regression Tests › mobile view renders correctly 

    TimeoutError: page.waitForSelector: Timeout 10000ms exceeded.
    Call log:
      - waiting for locator('[data-testid="app-layout"]') to be visible


      10 |     await page.goto('/');
      11 |     // Wait for app to be fully loaded
    > 12 |     await page.waitForSelector('[data-testid="app-layout"]', { timeout: 10000 });
         |                ^
      13 |   });
      14 |
      15 |   test('homepage renders correctly', async ({ page }) => {
        at /Users/ghogue/Library/CloudStorage/OneDrive-InsightfulOutcomes,LLC/IS-LTD/APPS/CaliberVaultII/src/test/visual/visual-regression.spec.ts:12:16

    attachment #1: screenshot (image/png) ──────────────────────────────────────────────────────────
    ../../test-results/visual-visual-regression-V-d0a6c-bile-view-renders-correctly-webkit/test-failed-1.png
    ────────────────────────────────────────────────────────────────────────────────────────────────

    attachment #2: video (video/webm) ──────────────────────────────────────────────────────────────
    ../../test-results/visual-visual-regression-V-d0a6c-bile-view-renders-correctly-webkit/video.webm
    ────────────────────────────────────────────────────────────────────────────────────────────────
]]>
</failure>
<system-out>
<![CDATA[
[[ATTACHMENT|visual-visual-regression-V-d0a6c-bile-view-renders-correctly-webkit/test-failed-1.png]]

[[ATTACHMENT|visual-visual-regression-V-d0a6c-bile-view-renders-correctly-webkit/video.webm]]
]]>
</system-out>
</testcase>
<testcase name="Visual Regression Tests › tablet view renders correctly" classname="visual/visual-regression.spec.ts" time="10.6">
<failure message="visual-regression.spec.ts:75:3 tablet view renders correctly" type="FAILURE">
<![CDATA[  [webkit] › visual/visual-regression.spec.ts:75:3 › Visual Regression Tests › tablet view renders correctly 

    TimeoutError: page.waitForSelector: Timeout 10000ms exceeded.
    Call log:
      - waiting for locator('[data-testid="app-layout"]') to be visible


      10 |     await page.goto('/');
      11 |     // Wait for app to be fully loaded
    > 12 |     await page.waitForSelector('[data-testid="app-layout"]', { timeout: 10000 });
         |                ^
      13 |   });
      14 |
      15 |   test('homepage renders correctly', async ({ page }) => {
        at /Users/ghogue/Library/CloudStorage/OneDrive-InsightfulOutcomes,LLC/IS-LTD/APPS/CaliberVaultII/src/test/visual/visual-regression.spec.ts:12:16

    attachment #1: screenshot (image/png) ──────────────────────────────────────────────────────────
    ../../test-results/visual-visual-regression-V-7678f-blet-view-renders-correctly-webkit/test-failed-1.png
    ────────────────────────────────────────────────────────────────────────────────────────────────

    attachment #2: video (video/webm) ──────────────────────────────────────────────────────────────
    ../../test-results/visual-visual-regression-V-7678f-blet-view-renders-correctly-webkit/video.webm
    ────────────────────────────────────────────────────────────────────────────────────────────────
]]>
</failure>
<system-out>
<![CDATA[
[[ATTACHMENT|visual-visual-regression-V-7678f-blet-view-renders-correctly-webkit/test-failed-1.png]]

[[ATTACHMENT|visual-visual-regression-V-7678f-blet-view-renders-correctly-webkit/video.webm]]
]]>
</system-out>
</testcase>
<testcase name="Visual Regression Tests › dark mode renders correctly" classname="visual/visual-regression.spec.ts" time="10.865">
<failure message="visual-regression.spec.ts:83:3 dark mode renders correctly" type="FAILURE">
<![CDATA[  [webkit] › visual/visual-regression.spec.ts:83:3 › Visual Regression Tests › dark mode renders correctly 

    TimeoutError: page.waitForSelector: Timeout 10000ms exceeded.
    Call log:
      - waiting for locator('[data-testid="app-layout"]') to be visible


      10 |     await page.goto('/');
      11 |     // Wait for app to be fully loaded
    > 12 |     await page.waitForSelector('[data-testid="app-layout"]', { timeout: 10000 });
         |                ^
      13 |   });
      14 |
      15 |   test('homepage renders correctly', async ({ page }) => {
        at /Users/ghogue/Library/CloudStorage/OneDrive-InsightfulOutcomes,LLC/IS-LTD/APPS/CaliberVaultII/src/test/visual/visual-regression.spec.ts:12:16

    attachment #1: screenshot (image/png) ──────────────────────────────────────────────────────────
    ../../test-results/visual-visual-regression-V-87d8c-dark-mode-renders-correctly-webkit/test-failed-1.png
    ────────────────────────────────────────────────────────────────────────────────────────────────

    attachment #2: video (video/webm) ──────────────────────────────────────────────────────────────
    ../../test-results/visual-visual-regression-V-87d8c-dark-mode-renders-correctly-webkit/video.webm
    ────────────────────────────────────────────────────────────────────────────────────────────────
]]>
</failure>
<system-out>
<![CDATA[
[[ATTACHMENT|visual-visual-regression-V-87d8c-dark-mode-renders-correctly-webkit/test-failed-1.png]]

[[ATTACHMENT|visual-visual-regression-V-87d8c-dark-mode-renders-correctly-webkit/video.webm]]
]]>
</system-out>
</testcase>
</testsuite>
<testsuite name="visual/visual-tests.spec.ts" timestamp="2025-11-07T02:55:58.284Z" hostname="webkit" tests="7" failures="7" skipped="0" time="122.866" errors="0">
<testcase name="Visual Regression Tests › Login page visual snapshot" classname="visual/visual-tests.spec.ts" time="0.874">
<failure message="visual-tests.spec.ts:8:3 Login page visual snapshot" type="FAILURE">
<![CDATA[  [webkit] › visual/visual-tests.spec.ts:8:3 › Visual Regression Tests › Login page visual snapshot 

    Error: A snapshot doesn't exist at /Users/ghogue/Library/CloudStorage/OneDrive-InsightfulOutcomes,LLC/IS-LTD/APPS/CaliberVaultII/src/test/visual/visual-tests.spec.ts-snapshots/login-page-webkit-darwin.png, writing actual.

       7 |
       8 |   test('Login page visual snapshot', async ({ page }) => {
    >  9 |     await expect(page).toHaveScreenshot('login-page.png', {
         |     ^
      10 |       fullPage: true,
      11 |       animations: 'disabled',
      12 |     });
        at /Users/ghogue/Library/CloudStorage/OneDrive-InsightfulOutcomes,LLC/IS-LTD/APPS/CaliberVaultII/src/test/visual/visual-tests.spec.ts:9:5

    attachment #1: login-page (image/png) ──────────────────────────────────────────────────────────
    Expected: visual/visual-tests.spec.ts-snapshots/login-page-webkit-darwin.png
    Received: ../../test-results/visual-visual-tests-Visual-c418a--Login-page-visual-snapshot-webkit/login-page-actual.png
    ────────────────────────────────────────────────────────────────────────────────────────────────

    attachment #2: screenshot (image/png) ──────────────────────────────────────────────────────────
    ../../test-results/visual-visual-tests-Visual-c418a--Login-page-visual-snapshot-webkit/test-failed-1.png
    ────────────────────────────────────────────────────────────────────────────────────────────────

    attachment #3: video (video/webm) ──────────────────────────────────────────────────────────────
    ../../test-results/visual-visual-tests-Visual-c418a--Login-page-visual-snapshot-webkit/video.webm
    ────────────────────────────────────────────────────────────────────────────────────────────────
]]>
</failure>
<system-out>
<![CDATA[
[[ATTACHMENT|../src/test/visual/visual-tests.spec.ts-snapshots/login-page-webkit-darwin.png]]

[[ATTACHMENT|visual-visual-tests-Visual-c418a--Login-page-visual-snapshot-webkit/login-page-actual.png]]

[[ATTACHMENT|visual-visual-tests-Visual-c418a--Login-page-visual-snapshot-webkit/test-failed-1.png]]

[[ATTACHMENT|visual-visual-tests-Visual-c418a--Login-page-visual-snapshot-webkit/video.webm]]
]]>
</system-out>
</testcase>
<testcase name="Visual Regression Tests › Dashboard visual snapshot" classname="visual/visual-tests.spec.ts" time="30.133">
<failure message="visual-tests.spec.ts:15:3 Dashboard visual snapshot" type="FAILURE">
<![CDATA[  [webkit] › visual/visual-tests.spec.ts:15:3 › Visual Regression Tests › Dashboard visual snapshot 

    Test timeout of 30000ms exceeded.

    Error: page.fill: Test timeout of 30000ms exceeded.
    Call log:
      - waiting for locator('input[type="email"]')


      15 |   test('Dashboard visual snapshot', async ({ page }) => {
      16 |     // Login first
    > 17 |     await page.fill('input[type="email"]', 'test@example.com');
         |                ^
      18 |     await page.fill('input[type="password"]', 'password123');
      19 |     await page.click('button[type="submit"]');
      20 |     await page.waitForURL('/dashboard');
        at /Users/ghogue/Library/CloudStorage/OneDrive-InsightfulOutcomes,LLC/IS-LTD/APPS/CaliberVaultII/src/test/visual/visual-tests.spec.ts:17:16

    attachment #1: screenshot (image/png) ──────────────────────────────────────────────────────────
    ../../test-results/visual-visual-tests-Visual-be416-s-Dashboard-visual-snapshot-webkit/test-failed-1.png
    ────────────────────────────────────────────────────────────────────────────────────────────────

    attachment #2: video (video/webm) ──────────────────────────────────────────────────────────────
    ../../test-results/visual-visual-tests-Visual-be416-s-Dashboard-visual-snapshot-webkit/video.webm
    ────────────────────────────────────────────────────────────────────────────────────────────────
]]>
</failure>
<system-out>
<![CDATA[
[[ATTACHMENT|visual-visual-tests-Visual-be416-s-Dashboard-visual-snapshot-webkit/test-failed-1.png]]

[[ATTACHMENT|visual-visual-tests-Visual-be416-s-Dashboard-visual-snapshot-webkit/video.webm]]
]]>
</system-out>
</testcase>
<testcase name="Visual Regression Tests › Add item modal visual snapshot" classname="visual/visual-tests.spec.ts" time="30.136">
<failure message="visual-tests.spec.ts:28:3 Add item modal visual snapshot" type="FAILURE">
<![CDATA[  [webkit] › visual/visual-tests.spec.ts:28:3 › Visual Regression Tests › Add item modal visual snapshot 

    Test timeout of 30000ms exceeded.

    Error: page.click: Test timeout of 30000ms exceeded.
    Call log:
      - waiting for locator('button:has-text("Add Item")')


      28 |   test('Add item modal visual snapshot', async ({ page }) => {
      29 |     await page.goto('/dashboard');
    > 30 |     await page.click('button:has-text("Add Item")');
         |                ^
      31 |     await page.waitForSelector('[role="dialog"]');
      32 |     
      33 |     await expect(page).toHaveScreenshot('add-item-modal.png', {
        at /Users/ghogue/Library/CloudStorage/OneDrive-InsightfulOutcomes,LLC/IS-LTD/APPS/CaliberVaultII/src/test/visual/visual-tests.spec.ts:30:16

    attachment #1: screenshot (image/png) ──────────────────────────────────────────────────────────
    ../../test-results/visual-visual-tests-Visual-3df36--item-modal-visual-snapshot-webkit/test-failed-1.png
    ────────────────────────────────────────────────────────────────────────────────────────────────

    attachment #2: video (video/webm) ──────────────────────────────────────────────────────────────
    ../../test-results/visual-visual-tests-Visual-3df36--item-modal-visual-snapshot-webkit/video.webm
    ────────────────────────────────────────────────────────────────────────────────────────────────
]]>
</failure>
<system-out>
<![CDATA[
[[ATTACHMENT|visual-visual-tests-Visual-3df36--item-modal-visual-snapshot-webkit/test-failed-1.png]]

[[ATTACHMENT|visual-visual-tests-Visual-3df36--item-modal-visual-snapshot-webkit/video.webm]]
]]>
</system-out>
</testcase>
<testcase name="Visual Regression Tests › Inventory grid visual snapshot" classname="visual/visual-tests.spec.ts" time="30.122">
<failure message="visual-tests.spec.ts:38:3 Inventory grid visual snapshot" type="FAILURE">
<![CDATA[  [webkit] › visual/visual-tests.spec.ts:38:3 › Visual Regression Tests › Inventory grid visual snapshot 

    Test timeout of 30000ms exceeded.

    Error: page.waitForSelector: Test timeout of 30000ms exceeded.
    Call log:
      - waiting for locator('[data-testid="inventory-grid"]') to be visible


      38 |   test('Inventory grid visual snapshot', async ({ page }) => {
      39 |     await page.goto('/dashboard');
    > 40 |     await page.waitForSelector('[data-testid="inventory-grid"]');
         |                ^
      41 |     
      42 |     await expect(page).toHaveScreenshot('inventory-grid.png', {
      43 |       fullPage: true,
        at /Users/ghogue/Library/CloudStorage/OneDrive-InsightfulOutcomes,LLC/IS-LTD/APPS/CaliberVaultII/src/test/visual/visual-tests.spec.ts:40:16

    attachment #1: screenshot (image/png) ──────────────────────────────────────────────────────────
    ../../test-results/visual-visual-tests-Visual-79048-entory-grid-visual-snapshot-webkit/test-failed-1.png
    ────────────────────────────────────────────────────────────────────────────────────────────────

    attachment #2: video (video/webm) ──────────────────────────────────────────────────────────────
    ../../test-results/visual-visual-tests-Visual-79048-entory-grid-visual-snapshot-webkit/video.webm
    ────────────────────────────────────────────────────────────────────────────────────────────────
]]>
</failure>
<system-out>
<![CDATA[
[[ATTACHMENT|visual-visual-tests-Visual-79048-entory-grid-visual-snapshot-webkit/test-failed-1.png]]

[[ATTACHMENT|visual-visual-tests-Visual-79048-entory-grid-visual-snapshot-webkit/video.webm]]
]]>
</system-out>
</testcase>
<testcase name="Visual Regression Tests › Mobile responsive - 375px" classname="visual/visual-tests.spec.ts" time="0.704">
<failure message="visual-tests.spec.ts:48:3 Mobile responsive - 375px" type="FAILURE">
<![CDATA[  [webkit] › visual/visual-tests.spec.ts:48:3 › Visual Regression Tests › Mobile responsive - 375px 

    Error: A snapshot doesn't exist at /Users/ghogue/Library/CloudStorage/OneDrive-InsightfulOutcomes,LLC/IS-LTD/APPS/CaliberVaultII/src/test/visual/visual-tests.spec.ts-snapshots/mobile-375-webkit-darwin.png, writing actual.

      50 |     await page.goto('/dashboard');
      51 |     
    > 52 |     await expect(page).toHaveScreenshot('mobile-375.png', {
         |     ^
      53 |       fullPage: true,
      54 |       animations: 'disabled',
      55 |     });
        at /Users/ghogue/Library/CloudStorage/OneDrive-InsightfulOutcomes,LLC/IS-LTD/APPS/CaliberVaultII/src/test/visual/visual-tests.spec.ts:52:5

    attachment #1: mobile-375 (image/png) ──────────────────────────────────────────────────────────
    Expected: visual/visual-tests.spec.ts-snapshots/mobile-375-webkit-darwin.png
    Received: ../../test-results/visual-visual-tests-Visual-4cb13-s-Mobile-responsive---375px-webkit/mobile-375-actual.png
    ────────────────────────────────────────────────────────────────────────────────────────────────

    attachment #2: screenshot (image/png) ──────────────────────────────────────────────────────────
    ../../test-results/visual-visual-tests-Visual-4cb13-s-Mobile-responsive---375px-webkit/test-failed-1.png
    ────────────────────────────────────────────────────────────────────────────────────────────────

    attachment #3: video (video/webm) ──────────────────────────────────────────────────────────────
    ../../test-results/visual-visual-tests-Visual-4cb13-s-Mobile-responsive---375px-webkit/video.webm
    ────────────────────────────────────────────────────────────────────────────────────────────────
]]>
</failure>
<system-out>
<![CDATA[
[[ATTACHMENT|../src/test/visual/visual-tests.spec.ts-snapshots/mobile-375-webkit-darwin.png]]

[[ATTACHMENT|visual-visual-tests-Visual-4cb13-s-Mobile-responsive---375px-webkit/mobile-375-actual.png]]

[[ATTACHMENT|visual-visual-tests-Visual-4cb13-s-Mobile-responsive---375px-webkit/test-failed-1.png]]

[[ATTACHMENT|visual-visual-tests-Visual-4cb13-s-Mobile-responsive---375px-webkit/video.webm]]
]]>
</system-out>
</testcase>
<testcase name="Visual Regression Tests › Tablet responsive - 768px" classname="visual/visual-tests.spec.ts" time="0.823">
<failure message="visual-tests.spec.ts:58:3 Tablet responsive - 768px" type="FAILURE">
<![CDATA[  [webkit] › visual/visual-tests.spec.ts:58:3 › Visual Regression Tests › Tablet responsive - 768px 

    Error: A snapshot doesn't exist at /Users/ghogue/Library/CloudStorage/OneDrive-InsightfulOutcomes,LLC/IS-LTD/APPS/CaliberVaultII/src/test/visual/visual-tests.spec.ts-snapshots/tablet-768-webkit-darwin.png, writing actual.

      60 |     await page.goto('/dashboard');
      61 |     
    > 62 |     await expect(page).toHaveScreenshot('tablet-768.png', {
         |     ^
      63 |       fullPage: true,
      64 |       animations: 'disabled',
      65 |     });
        at /Users/ghogue/Library/CloudStorage/OneDrive-InsightfulOutcomes,LLC/IS-LTD/APPS/CaliberVaultII/src/test/visual/visual-tests.spec.ts:62:5

    attachment #1: tablet-768 (image/png) ──────────────────────────────────────────────────────────
    Expected: visual/visual-tests.spec.ts-snapshots/tablet-768-webkit-darwin.png
    Received: ../../test-results/visual-visual-tests-Visual-34bcf-s-Tablet-responsive---768px-webkit/tablet-768-actual.png
    ────────────────────────────────────────────────────────────────────────────────────────────────

    attachment #2: screenshot (image/png) ──────────────────────────────────────────────────────────
    ../../test-results/visual-visual-tests-Visual-34bcf-s-Tablet-responsive---768px-webkit/test-failed-1.png
    ────────────────────────────────────────────────────────────────────────────────────────────────

    attachment #3: video (video/webm) ──────────────────────────────────────────────────────────────
    ../../test-results/visual-visual-tests-Visual-34bcf-s-Tablet-responsive---768px-webkit/video.webm
    ────────────────────────────────────────────────────────────────────────────────────────────────
]]>
</failure>
<system-out>
<![CDATA[
[[ATTACHMENT|../src/test/visual/visual-tests.spec.ts-snapshots/tablet-768-webkit-darwin.png]]

[[ATTACHMENT|visual-visual-tests-Visual-34bcf-s-Tablet-responsive---768px-webkit/tablet-768-actual.png]]

[[ATTACHMENT|visual-visual-tests-Visual-34bcf-s-Tablet-responsive---768px-webkit/test-failed-1.png]]

[[ATTACHMENT|visual-visual-tests-Visual-34bcf-s-Tablet-responsive---768px-webkit/video.webm]]
]]>
</system-out>
</testcase>
<testcase name="Visual Regression Tests › Dark mode visual snapshot" classname="visual/visual-tests.spec.ts" time="30.074">
<failure message="visual-tests.spec.ts:68:3 Dark mode visual snapshot" type="FAILURE">
<![CDATA[  [webkit] › visual/visual-tests.spec.ts:68:3 › Visual Regression Tests › Dark mode visual snapshot 

    Test timeout of 30000ms exceeded.

    Error: page.click: Test timeout of 30000ms exceeded.
    Call log:
      - waiting for locator('[data-testid="theme-toggle"]')


      68 |   test('Dark mode visual snapshot', async ({ page }) => {
      69 |     await page.goto('/dashboard');
    > 70 |     await page.click('[data-testid="theme-toggle"]');
         |                ^
      71 |     
      72 |     await expect(page).toHaveScreenshot('dark-mode.png', {
      73 |       fullPage: true,
        at /Users/ghogue/Library/CloudStorage/OneDrive-InsightfulOutcomes,LLC/IS-LTD/APPS/CaliberVaultII/src/test/visual/visual-tests.spec.ts:70:16

    attachment #1: screenshot (image/png) ──────────────────────────────────────────────────────────
    ../../test-results/visual-visual-tests-Visual-47108-s-Dark-mode-visual-snapshot-webkit/test-failed-1.png
    ────────────────────────────────────────────────────────────────────────────────────────────────

    attachment #2: video (video/webm) ──────────────────────────────────────────────────────────────
    ../../test-results/visual-visual-tests-Visual-47108-s-Dark-mode-visual-snapshot-webkit/video.webm
    ────────────────────────────────────────────────────────────────────────────────────────────────
]]>
</failure>
<system-out>
<![CDATA[
[[ATTACHMENT|visual-visual-tests-Visual-47108-s-Dark-mode-visual-snapshot-webkit/test-failed-1.png]]

[[ATTACHMENT|visual-visual-tests-Visual-47108-s-Dark-mode-visual-snapshot-webkit/video.webm]]
]]>
</system-out>
</testcase>
</testsuite>
</testsuites>